WARNING: Package name "cascadePID" does not follow the naming conventions. It should start with a lower case letter and only contain lower case letters, digits, underscores, and dashes.
[INFO] [1789300071.573203699]: drone_drawpoints_num = 4,4,2, Uav points num = 32

Found pkg_path = /home/jjm/桌面/小样本学习的去中心集群协同跟踪/marsim_ws/src/MARSIM/local_sensing/data/m25_quad0_time_consumption.txt

Found pkg_path = /home/jjm/桌面/小样本学习的去中心集群协同跟踪/marsim_ws/src/MARSIM/local_sensing/data/m25_quad0_collision_check_time_consumption.txt
[WARN] [1789300072.053249459]: Global Pointcloud received..
[WARN] [1789300072.060602352]: Normal compute finished.., mapsize = 4961
[INFO] [1789300074.214066670]: Temp compute time = 0.031760, average compute time = 0.048790
[INFO] [1789300074.360307097]: Temp compute time = 0.075644, average compute time = 0.050964
[INFO] [1789300074.422184007]: Temp compute time = 0.041230, average compute time = 0.050752
[INFO] [1789300074.546811938]: Temp compute time = 0.063612, average compute time = 0.050961
[INFO] [1789300074.610342960]: Temp compute time = 0.033387, average compute time = 0.051398
[INFO] [1789300074.764498044]: Temp compute time = 0.084024, average compute time = 0.051972
[INFO] [1789300074.810799407]: Temp compute time = 0.026198, average compute time = 0.051477
[INFO] [1789300074.960555793]: Temp compute time = 0.079612, average compute time = 0.051958
[INFO] [1789300075.009466560]: Temp compute time = 0.028783, average compute time = 0.052076
[INFO] [1789300075.158100413]: Temp compute time = 0.078420, average compute time = 0.052147
[INFO] [1789300075.221296198]: Temp compute time = 0.043078, average compute time = 0.052984
[INFO] [1789300075.311598777]: Temp compute time = 0.030144, average compute time = 0.051564
[INFO] [1789300075.442829210]: Temp compute time = 0.061099, average compute time = 0.052354
[INFO] [1789300075.512641766]: Temp compute time = 0.029651, average compute time = 0.051594
[INFO] [1789300075.653007995]: Temp compute time = 0.070167, average compute time = 0.051068
[INFO] [1789300075.711241795]: Temp compute time = 0.028093, average compute time = 0.050547
[INFO] [1789300075.844411060]: Temp compute time = 0.063012, average compute time = 0.050299
[INFO] [1789300075.914053166]: Temp compute time = 0.029523, average compute time = 0.050554
[INFO] [1789300076.055640198]: Temp compute time = 0.071454, average compute time = 0.051013
[INFO] [1789300076.117732393]: Temp compute time = 0.031874, average compute time = 0.051165
[INFO] [1789300076.243545037]: Temp compute time = 0.065600, average compute time = 0.050779
[INFO] [1789300076.313006777]: Temp compute time = 0.029319, average compute time = 0.050663
[INFO] [1789300076.466135870]: Temp compute time = 0.082952, average compute time = 0.051011
[INFO] [1789300076.507695371]: Temp compute time = 0.031286, average compute time = 0.050537
[INFO] [1789300076.645414120]: Temp compute time = 0.067573, average compute time = 0.050726
[INFO] [1789300076.723436326]: Temp compute time = 0.037898, average compute time = 0.050941
[INFO] [1789300076.851958551]: Temp compute time = 0.068255, average compute time = 0.050190
[INFO] [1789300076.913191914]: Temp compute time = 0.031082, average compute time = 0.050423
[INFO] [1789300077.064527623]: Temp compute time = 0.081188, average compute time = 0.050498
[INFO] [1789300077.117084050]: Temp compute time = 0.032441, average compute time = 0.050672
[INFO] [1789300077.243910788]: Temp compute time = 0.066591, average compute time = 0.050109
[INFO] [1789300077.317543618]: Temp compute time = 0.033523, average compute time = 0.049654
[INFO] [1789300077.433323003]: Temp compute time = 0.055649, average compute time = 0.050868
[INFO] [1789300077.520028363]: Temp compute time = 0.036586, average compute time = 0.049701
[INFO] [1789300077.634396297]: Temp compute time = 0.054252, average compute time = 0.050872
[INFO] [1789300077.738677417]: Temp compute time = 0.054092, average compute time = 0.050107
[INFO] [1789300077.810621749]: Temp compute time = 0.031824, average compute time = 0.050284
[INFO] [1789300077.950246814]: Temp compute time = 0.069498, average compute time = 0.050593
[INFO] [1789300078.012888850]: Temp compute time = 0.032515, average compute time = 0.050736
[INFO] [1789300078.148325202]: Temp compute time = 0.065242, average compute time = 0.050440
[INFO] [1789300078.215365855]: Temp compute time = 0.036918, average compute time = 0.050680
[INFO] [1789300078.376596711]: Temp compute time = 0.091111, average compute time = 0.051895
[INFO] [1789300078.418876283]: Temp compute time = 0.042216, average compute time = 0.052509
[INFO] [1789300078.539929151]: Temp compute time = 0.060930, average compute time = 0.051460
[INFterminate called after throwing an instance of 'boost::wrapexcept<boost::lock_error>'
  what():  boost: mutex lock failed in pthread_mutex_lock: Invalid argument
[INFO] [1789300072.045842388]: Published latched M2.5 map /home/jjm/??????/?????????????????????????????????????????????/marsim_ws/src/coni_mpc/test_data/depth_cbf_m25/A1_plane.pcd with 7701 points
[INFO] [1789300071.556069804]: M2.5 evaluator writes /home/jjm/??????/?????????????????????????????????????????????/marsim_ws/results/depth_cbf_m25_os128/frames/A1_plane_oblique.csv; sole algorithm cloud input=/quad0_pcl_render_node/sensor_cloud; GT mode=A1_plane is evaluation-only.
WARNING: Package name "cascadePID" does not follow the naming conventions. It should start with a lower case letter and only contain lower case letters, digits, underscores, and dashes.
WARNING: Package name "cascadePID" does not follow the naming conventions. It should start with a lower case letter and only contain lower case letters, digits, underscores, and dashes.
[31m================================================================================REQUIRED process [depth_cbf_m25_trajectory-3] has died!
process has finished cleanly
log file: /home/jjm/.ros/log/cd794b1a-ade9-11f1-aae2-25bc297d88f9/depth_cbf_m25_trajectory-3*.log
Initiating shutdown!
================================================================================[0m
... logging to /home/jjm/.ros/log/cd794b1a-ade9-11f1-aae2-25bc297d88f9/roslaunch-jjm-403924.log
Checking log directory for disk usage. This may take a while.
Press Ctrl-C to interrupt
Done checking log file disk usage. Usage is <1GB.
]2;/home/jjm/桌面/小样本学习的去中心集群协同跟踪/marsim_ws/src/coni_mpc/launch/depth_cbf_m25.launch
[1mstarted roslaunch server http://jjm:46833/[0m

SUMMARY
========

PARAMETERS
 * /depth_cbf_m25_evaluator/car_odom_topic: /coni_mpc/car_odom
 * /depth_cbf_m25_evaluator/cloud_topic: /quad0_pcl_render...
 * /depth_cbf_m25_evaluator/debug_compare_world_cloud: True
 * /depth_cbf_m25_evaluator/debug_print_every_n_clouds: 20
 * /depth_cbf_m25_evaluator/debug_random_seed: 7
 * /depth_cbf_m25_evaluator/debug_sample_count: 3
 * /depth_cbf_m25_evaluator/debug_world_cloud_topic: /quad0_pcl_render...
 * /depth_cbf_m25_evaluator/extrinsics/rotation_BL: [1.0, 0.0, 0.0, 0...
 * /depth_cbf_m25_evaluator/extrinsics/translation_BL: [0.0, 0.0, 0.0]
 * /depth_cbf_m25_evaluator/filter/enable_ground_filter: False
 * /depth_cbf_m25_evaluator/filter/enable_voxel_filter: True
 * /depth_cbf_m25_evaluator/filter/ground_min_z_W: 0.1
 * /depth_cbf_m25_evaluator/filter/local_radius: 4.0
 * /depth_cbf_m25_evaluator/filter/max_range: 15.0
 * /depth_cbf_m25_evaluator/filter/min_range: 0.1
 * /depth_cbf_m25_evaluator/filter/voxel_leaf_size: 0.1
 * /depth_cbf_m25_evaluator/m25/gt_pcd: <...>
 * /depth_cbf_m25_evaluator/m25/max_pose_time_offset_sec: 0.025
 * /depth_cbf_m25_evaluator/m25/min_raylength: 0.1
 * /depth_cbf_m25_evaluator/m25/motion: oblique
 * /depth_cbf_m25_evaluator/m25/non_conservative_tolerance: 0.001
 * /depth_cbf_m25_evaluator/m25/result_root: <...>
 * /depth_cbf_m25_evaluator/m25/root_max_distance: 4.0
 * /depth_cbf_m25_evaluator/m25/root_samples: 160
 * /depth_cbf_m25_evaluator/m25/run_id: A1_plane_oblique
 * /depth_cbf_m25_evaluator/m25/scene: A1_plane
 * /depth_cbf_m25_evaluator/m25/vertical_fov_deg: 60.0
 * /depth_cbf_m25_evaluator/m25/yaw_fov_deg: 360.0
 * /depth_cbf_m25_evaluator/max_pose_time_offset_sec: 0.025
 * /depth_cbf_m25_evaluator/noninertial_frame_id: base_link
 * /depth_cbf_m25_evaluator/quad_odom_topic: /coni_mpc/quad_odom1
 * /depth_cbf_m25_evaluator/query_mesh/half_width_steps: 2
 * /depth_cbf_m25_evaluator/query_mesh/nearest_neighbor_max_distance: 3.47
 * /depth_cbf_m25_evaluator/query_mesh/spacing: 0.15
 * /depth_cbf_m25_evaluator/regression/local_cloud_topic: /depth_cbf_cloud_...
 * /depth_cbf_m25_evaluator/regression/log_every_n_fits: 20
 * /depth_cbf_m25_evaluator/regression/max_abs_error: 0.75
 * /depth_cbf_m25_evaluator/regression/max_condition_number: 1.0e8
 * /depth_cbf_m25_evaluator/regression/max_rmse: 0.25
 * /depth_cbf_m25_evaluator/regression/query_center_topic: /depth_cbf_cloud_...
 * /depth_cbf_m25_evaluator/regression/relative_rank_tolerance: 1e-10
 * /depth_cbf_m25_evaluator/regression/subscriber_queue_size: 5
 * /depth_cbf_m25_evaluator/regression/sync_queue_size: 10
 * /depth_cbf_m25_evaluator/safety/d_safe: 0.15
 * /depth_cbf_m25_evaluator/safety/delta_surface: 0.0
 * /depth_cbf_m25_evaluator/safety/r_uav: 0.15
 * /depth_cbf_m25_evaluator/subscriber_queue_size: 20
 * /depth_cbf_m25_evaluator/sync_queue_size: 40
 * /depth_cbf_m25_evaluator/sync_slop_sec: 0.025
 * /depth_cbf_m25_evaluator/world_frame_id: map
 * /depth_cbf_m25_map_pub/map_name: <...>
 * /depth_cbf_m25_trajectory/duration_sec: 5.0
 * /depth_cbf_m25_trajectory/motion: oblique
 * /depth_cbf_m25_trajectory/scene: A1_plane
 * /depth_cbf_m25_trajectory/warmup_sec: 2.0
 * /depth_cbf_m25_trajectory/yaw_offset_deg: 0.0
 * /quad0_pcl_render_node/collision_range: 0.3
 * /quad0_pcl_render_node/collisioncheck_enable: 0
 * /quad0_pcl_render_node/curvature_limit: 100.0
 * /quad0_pcl_render_node/downsample_res: 0.1
 * /quad0_pcl_render_node/drone_id: 0
 * /quad0_pcl_render_node/dyn_mode: 0
 * /quad0_pcl_render_node/dyn_velocity: 0.0
 * /quad0_pcl_render_node/dynobj_enable: 0
 * /quad0_pcl_render_node/dynobject_num: 0
 * /quad0_pcl_render_node/dynobject_size: 0.8
 * /quad0_pcl_render_node/estimation_rate: 10.0
 * /quad0_pcl_render_node/hash_cubesize: 5.0
 * /quad0_pcl_render_node/is_360lidar: 1
 * /quad0_pcl_render_node/livox_linestep: 1.4
 * /quad0_pcl_render_node/min_raylength: 0.1
 * /quad0_pcl_render_node/output_pcd: 0
 * /quad0_pcl_render_node/polar_resolution: 0.2
 * /quad0_pcl_render_node/quadrotor_name: m25_quad0
 * /quad0_pcl_render_node/sensing_horizon: 15.0
 * /quad0_pcl_render_node/sensing_rate: 10.0
 * /quad0_pcl_render_node/uav_num: 1
 * /quad0_pcl_render_node/use_avia_pattern: 0
 * /quad0_pcl_render_node/use_minicf_pattern: 0
 * /quad0_pcl_render_node/use_os128_pattern: 1
 * /quad0_pcl_render_node/use_uav_extra_model: 0
 * /quad0_pcl_render_node/use_vlp32_pattern: 0
 * /quad0_pcl_render_node/vertical_fov: 60.0
 * /quad0_pcl_render_node/yaw_fov: 360.0
 * /rosdistro: noetic
 * /rosversion: 1.17.4

NODES
  /
    depth_cbf_m25_evaluator (coni_mpc/depth_cbf_m25_evaluation_node)
    depth_cbf_m25_map_pub (coni_mpc/depth_cbf_m25_map_publisher_node)
    depth_cbf_m25_trajectory (coni_mpc/depth_cbf_m25_trajectory_node)
    quad0_pcl_render_node (local_sensing_node/pcl_render_node)

[1mROS_MASTER_URI=http://localhost:11311[0m
]2;/home/jjm/桌面/小样本学习的去中心集群协同跟踪/marsim_ws/src/coni_mpc/launch/depth_cbf_m25.launch http://localhost:11311
[1mprocess[depth_cbf_m25_map_pub-1]: started with pid [403969][0m
[1mprocess[quad0_pcl_render_node-2]: started with pid [403970][0m
[1mprocess[depth_cbf_m25_trajectory-3]: started with pid [403971][0m
[1mprocess[depth_cbf_m25_evaluator-4]: started with pid [403972][0m
[depth_cbf_m25_evaluator-4] killing on exit
[depth_cbf_m25_trajectory-3] killing on exit
[quad0_pcl_render_node-2] killing on exit
[depth_cbf_m25_map_pub-1] killing on exit
shutting down processing monitor...
... shutting down processing monitor complete
[1mdone[0m
