WARNING: Package name "cascadePID" does not follow the naming conventions. It should start with a lower case letter and only contain lower case letters, digits, underscores, and dashes.
[INFO] [1789300080.246386180]: drone_drawpoints_num = 4,4,2, Uav points num = 32

Found pkg_path = /home/jjm/桌面/小样本学习的去中心集群协同跟踪/marsim_ws/src/MARSIM/local_sensing/data/m25_quad0_time_consumption.txt

Found pkg_path = /home/jjm/桌面/小样本学习的去中心集群协同跟踪/marsim_ws/src/MARSIM/local_sensing/data/m25_quad0_collision_check_time_consumption.txt
[WARN] [1789300080.725999854]: Global Pointcloud received..
[WARN] [1789300080.757415417]: Normal compute finished.., mapsize = 4961
[INFO] [1789300082.909198321]: Temp compute time = 0.051673, average compute time = 0.053760
[INFO] [1789300082.992319994]: Temp compute time = 0.042557, average compute time = 0.054191
[INFO] [1789300083.132047931]: Temp compute time = 0.078839, average compute time = 0.054683
[INFO] [1789300083.189591581]: Temp compute time = 0.037058, average compute time = 0.054695
[INFO] [1789300083.316070433]: Temp compute time = 0.066328, average compute time = 0.054669
[INFO] [1789300083.389848222]: Temp compute time = 0.033655, average compute time = 0.055093
[INFO] [1789300083.524262007]: Temp compute time = 0.074199, average compute time = 0.054614
[INFO] [1789300083.587322725]: Temp compute time = 0.032934, average compute time = 0.054601
[INFO] [1789300083.741716695]: Temp compute time = 0.084251, average compute time = 0.054576
[INFO] [1789300083.786651552]: Temp compute time = 0.034710, average compute time = 0.054963
[INFO] [1789300083.933147775]: Temp compute time = 0.076269, average compute time = 0.054527
[INFO] [1789300083.987118232]: Temp compute time = 0.033737, average compute time = 0.054634
[INFO] [1789300084.132034970]: Temp compute time = 0.074774, average compute time = 0.054241
[INFO] [1789300084.183771911]: Temp compute time = 0.031511, average compute time = 0.054069
[INFO] [1789300084.317093841]: Temp compute time = 0.063207, average compute time = 0.053845
[INFO] [1789300084.388594423]: Temp compute time = 0.031392, average compute time = 0.053823
[INFO] [1789300084.512990841]: Temp compute time = 0.064229, average compute time = 0.053395
[INFO] [1789300084.588483554]: Temp compute time = 0.035242, average compute time = 0.053617
[INFO] [1789300084.712002816]: Temp compute time = 0.063273, average compute time = 0.053651
[INFO] [1789300084.789994226]: Temp compute time = 0.037810, average compute time = 0.053022
[INFO] [1789300084.913266741]: Temp compute time = 0.063137, average compute time = 0.052895
[INFO] [1789300084.987857796]: Temp compute time = 0.034468, average compute time = 0.052075
[INFO] [1789300085.127666197]: Temp compute time = 0.069671, average compute time = 0.053366
[INFO] [1789300085.191434681]: Temp compute time = 0.033530, average compute time = 0.051209
[INFO] [1789300085.309084269]: Temp compute time = 0.057521, average compute time = 0.052183
[INFO] [1789300085.384581971]: Temp compute time = 0.035384, average compute time = 0.050710
[INFO] [1789300085.540650265]: Temp compute time = 0.085824, average compute time = 0.053194
[INFO] [1789300085.592339987]: Temp compute time = 0.041552, average compute time = 0.051639
[INFO] [1789300085.697657736]: Temp compute time = 0.045189, average compute time = 0.052223
[INFO] [1789300085.832160832]: Temp compute time = 0.074366, average compute time = 0.051752
[INFO] [1789300085.885299785]: Temp compute time = 0.032983, average compute time = 0.051670
[INFO] [1789300086.037686236]: Temp compute time = 0.082258, average compute time = 0.051955
[INFO] [1789300086.088027646]: Temp compute time = 0.039368, average compute time = 0.052223
[INFO] [1789300086.227469492]: Temp compute time = 0.069328, average compute time = 0.051964
[INFO] [1789300086.289067259]: Temp compute time = 0.031474, average compute time = 0.051962
[INFO] [1789300086.407999011]: Temp compute time = 0.058765, average compute time = 0.051751
[INFO] [1789300086.514343288]: Temp compute time = 0.056074, average compute time = 0.052926
[INFO] [1789300086.594944267]: Temp compute time = 0.040443, average compute time = 0.051793
[INFO] [1789300086.726677792]: Temp compute time = 0.071596, average compute time = 0.053524
[INFO] [1789300086.788376321]: Temp compute time = 0.031532, average compute time = 0.052013
[INFO] [1789300086.907961888]: Temp compute time = 0.059328, average compute time = 0.053038
[INFO] [1789300087.015757003]: Temp compute time = 0.057677, average compute time = 0.052778
[INFO] [1789300087.087042082]: Temp compute time = 0.031150, average compute time = 0.052620
[INFO] [1789300087.239339904]: Temp compute time = 0.082034, average compute time = 0.053208
[INF[INFO] [1789300080.222682078]: M2.5 evaluator writes /home/jjm/??????/?????????????????????????????????????????????/marsim_ws/results/depth_cbf_m25_os128/frames/A1_plane_switching.csv; sole algorithm cloud input=/quad0_pcl_render_node/sensor_cloud; GT mode=A1_plane is evaluation-only.
terminate called after throwing an instance of 'boost::wrapexcept<boost::lock_error>'
  what():  boost: mutex lock failed in pthread_mutex_lock: Invalid argument
[INFO] [1789300080.716025344]: Published latched M2.5 map /home/jjm/??????/?????????????????????????????????????????????/marsim_ws/src/coni_mpc/test_data/depth_cbf_m25/A1_plane.pcd with 7701 points
WARNING: Package name "cascadePID" does not follow the naming conventions. It should start with a lower case letter and only contain lower case letters, digits, underscores, and dashes.
WARNING: Package name "cascadePID" does not follow the naming conventions. It should start with a lower case letter and only contain lower case letters, digits, underscores, and dashes.
[31m================================================================================REQUIRED process [depth_cbf_m25_trajectory-3] has died!
process has finished cleanly
log file: /home/jjm/.ros/log/cd794b1a-ade9-11f1-aae2-25bc297d88f9/depth_cbf_m25_trajectory-3*.log
Initiating shutdown!
================================================================================[0m
... logging to /home/jjm/.ros/log/cd794b1a-ade9-11f1-aae2-25bc297d88f9/roslaunch-jjm-404057.log
Checking log directory for disk usage. This may take a while.
Press Ctrl-C to interrupt
Done checking log file disk usage. Usage is <1GB.
]2;/home/jjm/桌面/小样本学习的去中心集群协同跟踪/marsim_ws/src/coni_mpc/launch/depth_cbf_m25.launch
[1mstarted roslaunch server http://jjm:34205/[0m

SUMMARY
========

PARAMETERS
 * /depth_cbf_m25_evaluator/car_odom_topic: /coni_mpc/car_odom
 * /depth_cbf_m25_evaluator/cloud_topic: /quad0_pcl_render...
 * /depth_cbf_m25_evaluator/debug_compare_world_cloud: True
 * /depth_cbf_m25_evaluator/debug_print_every_n_clouds: 20
 * /depth_cbf_m25_evaluator/debug_random_seed: 7
 * /depth_cbf_m25_evaluator/debug_sample_count: 3
 * /depth_cbf_m25_evaluator/debug_world_cloud_topic: /quad0_pcl_render...
 * /depth_cbf_m25_evaluator/extrinsics/rotation_BL: [1.0, 0.0, 0.0, 0...
 * /depth_cbf_m25_evaluator/extrinsics/translation_BL: [0.0, 0.0, 0.0]
 * /depth_cbf_m25_evaluator/filter/enable_ground_filter: False
 * /depth_cbf_m25_evaluator/filter/enable_voxel_filter: True
 * /depth_cbf_m25_evaluator/filter/ground_min_z_W: 0.1
 * /depth_cbf_m25_evaluator/filter/local_radius: 4.0
 * /depth_cbf_m25_evaluator/filter/max_range: 15.0
 * /depth_cbf_m25_evaluator/filter/min_range: 0.1
 * /depth_cbf_m25_evaluator/filter/voxel_leaf_size: 0.1
 * /depth_cbf_m25_evaluator/m25/gt_pcd: <...>
 * /depth_cbf_m25_evaluator/m25/max_pose_time_offset_sec: 0.025
 * /depth_cbf_m25_evaluator/m25/min_raylength: 0.1
 * /depth_cbf_m25_evaluator/m25/motion: switching
 * /depth_cbf_m25_evaluator/m25/non_conservative_tolerance: 0.001
 * /depth_cbf_m25_evaluator/m25/result_root: <...>
 * /depth_cbf_m25_evaluator/m25/root_max_distance: 4.0
 * /depth_cbf_m25_evaluator/m25/root_samples: 160
 * /depth_cbf_m25_evaluator/m25/run_id: A1_plane_switching
 * /depth_cbf_m25_evaluator/m25/scene: A1_plane
 * /depth_cbf_m25_evaluator/m25/vertical_fov_deg: 60.0
 * /depth_cbf_m25_evaluator/m25/yaw_fov_deg: 360.0
 * /depth_cbf_m25_evaluator/max_pose_time_offset_sec: 0.025
 * /depth_cbf_m25_evaluator/noninertial_frame_id: base_link
 * /depth_cbf_m25_evaluator/quad_odom_topic: /coni_mpc/quad_odom1
 * /depth_cbf_m25_evaluator/query_mesh/half_width_steps: 2
 * /depth_cbf_m25_evaluator/query_mesh/nearest_neighbor_max_distance: 3.47
 * /depth_cbf_m25_evaluator/query_mesh/spacing: 0.15
 * /depth_cbf_m25_evaluator/regression/local_cloud_topic: /depth_cbf_cloud_...
 * /depth_cbf_m25_evaluator/regression/log_every_n_fits: 20
 * /depth_cbf_m25_evaluator/regression/max_abs_error: 0.75
 * /depth_cbf_m25_evaluator/regression/max_condition_number: 1.0e8
 * /depth_cbf_m25_evaluator/regression/max_rmse: 0.25
 * /depth_cbf_m25_evaluator/regression/query_center_topic: /depth_cbf_cloud_...
 * /depth_cbf_m25_evaluator/regression/relative_rank_tolerance: 1e-10
 * /depth_cbf_m25_evaluator/regression/subscriber_queue_size: 5
 * /depth_cbf_m25_evaluator/regression/sync_queue_size: 10
 * /depth_cbf_m25_evaluator/safety/d_safe: 0.15
 * /depth_cbf_m25_evaluator/safety/delta_surface: 0.0
 * /depth_cbf_m25_evaluator/safety/r_uav: 0.15
 * /depth_cbf_m25_evaluator/subscriber_queue_size: 20
 * /depth_cbf_m25_evaluator/sync_queue_size: 40
 * /depth_cbf_m25_evaluator/sync_slop_sec: 0.025
 * /depth_cbf_m25_evaluator/world_frame_id: map
 * /depth_cbf_m25_map_pub/map_name: <...>
 * /depth_cbf_m25_trajectory/duration_sec: 5.0
 * /depth_cbf_m25_trajectory/motion: switching
 * /depth_cbf_m25_trajectory/scene: A1_plane
 * /depth_cbf_m25_trajectory/warmup_sec: 2.0
 * /depth_cbf_m25_trajectory/yaw_offset_deg: 0.0
 * /quad0_pcl_render_node/collision_range: 0.3
 * /quad0_pcl_render_node/collisioncheck_enable: 0
 * /quad0_pcl_render_node/curvature_limit: 100.0
 * /quad0_pcl_render_node/downsample_res: 0.1
 * /quad0_pcl_render_node/drone_id: 0
 * /quad0_pcl_render_node/dyn_mode: 0
 * /quad0_pcl_render_node/dyn_velocity: 0.0
 * /quad0_pcl_render_node/dynobj_enable: 0
 * /quad0_pcl_render_node/dynobject_num: 0
 * /quad0_pcl_render_node/dynobject_size: 0.8
 * /quad0_pcl_render_node/estimation_rate: 10.0
 * /quad0_pcl_render_node/hash_cubesize: 5.0
 * /quad0_pcl_render_node/is_360lidar: 1
 * /quad0_pcl_render_node/livox_linestep: 1.4
 * /quad0_pcl_render_node/min_raylength: 0.1
 * /quad0_pcl_render_node/output_pcd: 0
 * /quad0_pcl_render_node/polar_resolution: 0.2
 * /quad0_pcl_render_node/quadrotor_name: m25_quad0
 * /quad0_pcl_render_node/sensing_horizon: 15.0
 * /quad0_pcl_render_node/sensing_rate: 10.0
 * /quad0_pcl_render_node/uav_num: 1
 * /quad0_pcl_render_node/use_avia_pattern: 0
 * /quad0_pcl_render_node/use_minicf_pattern: 0
 * /quad0_pcl_render_node/use_os128_pattern: 1
 * /quad0_pcl_render_node/use_uav_extra_model: 0
 * /quad0_pcl_render_node/use_vlp32_pattern: 0
 * /quad0_pcl_render_node/vertical_fov: 60.0
 * /quad0_pcl_render_node/yaw_fov: 360.0
 * /rosdistro: noetic
 * /rosversion: 1.17.4

NODES
  /
    depth_cbf_m25_evaluator (coni_mpc/depth_cbf_m25_evaluation_node)
    depth_cbf_m25_map_pub (coni_mpc/depth_cbf_m25_map_publisher_node)
    depth_cbf_m25_trajectory (coni_mpc/depth_cbf_m25_trajectory_node)
    quad0_pcl_render_node (local_sensing_node/pcl_render_node)

[1mROS_MASTER_URI=http://localhost:11311[0m
]2;/home/jjm/桌面/小样本学习的去中心集群协同跟踪/marsim_ws/src/coni_mpc/launch/depth_cbf_m25.launch http://localhost:11311
[1mprocess[depth_cbf_m25_map_pub-1]: started with pid [404100][0m
[1mprocess[quad0_pcl_render_node-2]: started with pid [404101][0m
[1mprocess[depth_cbf_m25_trajectory-3]: started with pid [404102][0m
[1mprocess[depth_cbf_m25_evaluator-4]: started with pid [404103][0m
[depth_cbf_m25_evaluator-4] killing on exit
[depth_cbf_m25_trajectory-3] killing on exit
[quad0_pcl_render_node-2] killing on exit
[depth_cbf_m25_map_pub-1] killing on exit
shutting down processing monitor...
... shutting down processing monitor complete
[1mdone[0m
