WARNING: Package name "cascadePID" does not follow the naming conventions. It should start with a lower case letter and only contain lower case letters, digits, underscores, and dashes.
[INFO] [1789300200.602563555]: drone_drawpoints_num = 4,4,2, Uav points num = 32

Found pkg_path = /home/jjm/桌面/小样本学习的去中心集群协同跟踪/marsim_ws/src/MARSIM/local_sensing/data/m25_quad0_time_consumption.txt

Found pkg_path = /home/jjm/桌面/小样本学习的去中心集群协同跟踪/marsim_ws/src/MARSIM/local_sensing/data/m25_quad0_collision_check_time_consumption.txt
[WARN] [1789300201.082158321]: Global Pointcloud received..
[WARN] [1789300201.104899397]: Normal compute finished.., mapsize = 4961
[INFO] [1789300203.305718411]: Temp compute time = 0.092400, average compute time = 0.054780
[INFO] [1789300203.360932614]: Temp compute time = 0.044462, average compute time = 0.054637
[INFO] [1789300203.452902952]: Temp compute time = 0.041306, average compute time = 0.054980
[INFO] [1789300203.601290645]: Temp compute time = 0.087746, average compute time = 0.055976
[INFO] [1789300203.666896677]: Temp compute time = 0.055369, average compute time = 0.057178
[INFO] [1789300203.742986858]: Temp compute time = 0.035975, average compute time = 0.054727
[INFO] [1789300203.891548890]: Temp compute time = 0.078418, average compute time = 0.056797
[INFO] [1789300203.948716612]: Temp compute time = 0.037006, average compute time = 0.055283
[INFO] [1789300204.078300091]: Temp compute time = 0.069470, average compute time = 0.056158
[INFO] [1789300204.154653651]: Temp compute time = 0.046220, average compute time = 0.056563
[INFO] [1789300204.261446649]: Temp compute time = 0.056572, average compute time = 0.056718
[INFO] [1789300204.352418613]: Temp compute time = 0.040852, average compute time = 0.055454
[INFO] [1789300204.455357696]: Temp compute time = 0.042695, average compute time = 0.055817
[INFO] [1789300204.568934823]: Temp compute time = 0.063457, average compute time = 0.056274
[INFO] [1789300204.651372493]: Temp compute time = 0.042330, average compute time = 0.056472
[INFO] [1789300204.777152637]: Temp compute time = 0.065639, average compute time = 0.055454
[INFO] [1789300204.847270599]: Temp compute time = 0.040013, average compute time = 0.055674
[INFO] [1789300204.964312089]: Temp compute time = 0.056923, average compute time = 0.054582
[INFO] [1789300205.092300423]: Temp compute time = 0.077823, average compute time = 0.056574
[INFO] [1789300205.154032531]: Temp compute time = 0.041518, average compute time = 0.055058
[INFO] [1789300205.275540249]: Temp compute time = 0.061302, average compute time = 0.056071
[INFO] [1789300205.346655183]: Temp compute time = 0.040998, average compute time = 0.053624
[INFO] [1789300205.446119771]: Temp compute time = 0.039354, average compute time = 0.053380
[INFO] [1789300205.572495815]: Temp compute time = 0.066260, average compute time = 0.054569
[INFO] [1789300205.677416783]: Temp compute time = 0.064811, average compute time = 0.053476
[INFO] [1789300205.754615977]: Temp compute time = 0.047028, average compute time = 0.053079
[INFO] [1789300205.859270654]: Temp compute time = 0.054547, average compute time = 0.053964
[INFO] [1789300205.967101638]: Temp compute time = 0.057698, average compute time = 0.052977
[INFO] [1789300206.053984141]: Temp compute time = 0.046771, average compute time = 0.053442
[INFO] [1789300206.185279292]: Temp compute time = 0.071177, average compute time = 0.053523
[INFO] [1789300206.273790560]: Temp compute time = 0.068342, average compute time = 0.054577
[INFO] [1789300206.370160132]: Temp compute time = 0.056262, average compute time = 0.054562
[INFO] [1789300206.491590521]: Temp compute time = 0.081249, average compute time = 0.056485
[INFO] [1789300206.570916470]: Temp compute time = 0.059080, average compute time = 0.057266
[INFO] [1789300206.665951907]: Temp compute time = 0.054914, average compute time = 0.056859
[INFO] [1789300206.765278768]: Temp compute time = 0.059213, average compute time = 0.057663
[INFO] [1789300206.870500010]: Temp compute time = 0.065001, average compute time = 0.057632
[INFO] [1789300206.987577583]: Temp compute time = 0.076919, average compute time = 0.059390
[INFO] [1789300207.093522887]: Temp compute time = 0.085742, average compute time = 0.060762
[INFO] [1789300207.177254229]: Temp compute time = 0.063550, average compute time = 0.060083
[INFO] [1789300207.281810004]: Temp compute time = 0.074441, average compute time = 0.061650
[INFO] [1789300207.376115628]: Temp compute time = 0.064180, average compute time = 0.061787
[INFO] [1789300207.470501928]: Temp compute time = 0.064176, average compute time = 0.062891
[INFO] [1789300207.570124104]: Temp compute time = 0.059502, average compute time = 0.063851
[INFterminate called after throwing an instance of 'boost::wrapexcept<boost::lock_error>'
  what():  boost: mutex lock failed in pthread_mutex_lock: Invalid argument
[INFO] [1789300201.075114629]: Published latched M2.5 map /home/jjm/??????/?????????????????????????????????????????????/marsim_ws/src/coni_mpc/test_data/depth_cbf_m25/A1_plane.pcd with 7701 points
[INFO] [1789300200.578922479]: M2.5 evaluator writes /home/jjm/??????/?????????????????????????????????????????????/marsim_ws/results/depth_cbf_m25_os128/frames/A1_plane_blind.csv; sole algorithm cloud input=/quad0_pcl_render_node/sensor_cloud; GT mode=A1_plane is evaluation-only.
WARNING: Package name "cascadePID" does not follow the naming conventions. It should start with a lower case letter and only contain lower case letters, digits, underscores, and dashes.
WARNING: Package name "cascadePID" does not follow the naming conventions. It should start with a lower case letter and only contain lower case letters, digits, underscores, and dashes.
[31m================================================================================REQUIRED process [depth_cbf_m25_trajectory-3] has died!
process has finished cleanly
log file: /home/jjm/.ros/log/cd794b1a-ade9-11f1-aae2-25bc297d88f9/depth_cbf_m25_trajectory-3*.log
Initiating shutdown!
================================================================================[0m
... logging to /home/jjm/.ros/log/cd794b1a-ade9-11f1-aae2-25bc297d88f9/roslaunch-jjm-406202.log
Checking log directory for disk usage. This may take a while.
Press Ctrl-C to interrupt
Done checking log file disk usage. Usage is <1GB.
]2;/home/jjm/桌面/小样本学习的去中心集群协同跟踪/marsim_ws/src/coni_mpc/launch/depth_cbf_m25.launch
[1mstarted roslaunch server http://jjm:41883/[0m

SUMMARY
========

PARAMETERS
 * /depth_cbf_m25_evaluator/car_odom_topic: /coni_mpc/car_odom
 * /depth_cbf_m25_evaluator/cloud_topic: /quad0_pcl_render...
 * /depth_cbf_m25_evaluator/debug_compare_world_cloud: True
 * /depth_cbf_m25_evaluator/debug_print_every_n_clouds: 20
 * /depth_cbf_m25_evaluator/debug_random_seed: 7
 * /depth_cbf_m25_evaluator/debug_sample_count: 3
 * /depth_cbf_m25_evaluator/debug_world_cloud_topic: /quad0_pcl_render...
 * /depth_cbf_m25_evaluator/extrinsics/rotation_BL: [1.0, 0.0, 0.0, 0...
 * /depth_cbf_m25_evaluator/extrinsics/translation_BL: [0.0, 0.0, 0.0]
 * /depth_cbf_m25_evaluator/filter/enable_ground_filter: False
 * /depth_cbf_m25_evaluator/filter/enable_voxel_filter: True
 * /depth_cbf_m25_evaluator/filter/ground_min_z_W: 0.1
 * /depth_cbf_m25_evaluator/filter/local_radius: 4.0
 * /depth_cbf_m25_evaluator/filter/max_range: 15.0
 * /depth_cbf_m25_evaluator/filter/min_range: 0.1
 * /depth_cbf_m25_evaluator/filter/voxel_leaf_size: 0.1
 * /depth_cbf_m25_evaluator/m25/gt_pcd: <...>
 * /depth_cbf_m25_evaluator/m25/max_pose_time_offset_sec: 0.025
 * /depth_cbf_m25_evaluator/m25/min_raylength: 0.1
 * /depth_cbf_m25_evaluator/m25/motion: blind
 * /depth_cbf_m25_evaluator/m25/non_conservative_tolerance: 0.001
 * /depth_cbf_m25_evaluator/m25/result_root: <...>
 * /depth_cbf_m25_evaluator/m25/root_max_distance: 4.0
 * /depth_cbf_m25_evaluator/m25/root_samples: 160
 * /depth_cbf_m25_evaluator/m25/run_id: A1_plane_blind
 * /depth_cbf_m25_evaluator/m25/scene: A1_plane
 * /depth_cbf_m25_evaluator/m25/vertical_fov_deg: 60.0
 * /depth_cbf_m25_evaluator/m25/yaw_fov_deg: 360.0
 * /depth_cbf_m25_evaluator/max_pose_time_offset_sec: 0.025
 * /depth_cbf_m25_evaluator/noninertial_frame_id: base_link
 * /depth_cbf_m25_evaluator/quad_odom_topic: /coni_mpc/quad_odom1
 * /depth_cbf_m25_evaluator/query_mesh/half_width_steps: 2
 * /depth_cbf_m25_evaluator/query_mesh/nearest_neighbor_max_distance: 3.47
 * /depth_cbf_m25_evaluator/query_mesh/spacing: 0.15
 * /depth_cbf_m25_evaluator/regression/local_cloud_topic: /depth_cbf_cloud_...
 * /depth_cbf_m25_evaluator/regression/log_every_n_fits: 20
 * /depth_cbf_m25_evaluator/regression/max_abs_error: 0.75
 * /depth_cbf_m25_evaluator/regression/max_condition_number: 1.0e8
 * /depth_cbf_m25_evaluator/regression/max_rmse: 0.25
 * /depth_cbf_m25_evaluator/regression/query_center_topic: /depth_cbf_cloud_...
 * /depth_cbf_m25_evaluator/regression/relative_rank_tolerance: 1e-10
 * /depth_cbf_m25_evaluator/regression/subscriber_queue_size: 5
 * /depth_cbf_m25_evaluator/regression/sync_queue_size: 10
 * /depth_cbf_m25_evaluator/safety/d_safe: 0.15
 * /depth_cbf_m25_evaluator/safety/delta_surface: 0.0
 * /depth_cbf_m25_evaluator/safety/r_uav: 0.15
 * /depth_cbf_m25_evaluator/subscriber_queue_size: 20
 * /depth_cbf_m25_evaluator/sync_queue_size: 40
 * /depth_cbf_m25_evaluator/sync_slop_sec: 0.025
 * /depth_cbf_m25_evaluator/world_frame_id: map
 * /depth_cbf_m25_map_pub/map_name: <...>
 * /depth_cbf_m25_trajectory/duration_sec: 5.0
 * /depth_cbf_m25_trajectory/motion: blind
 * /depth_cbf_m25_trajectory/scene: A1_plane
 * /depth_cbf_m25_trajectory/warmup_sec: 2.0
 * /depth_cbf_m25_trajectory/yaw_offset_deg: 0.0
 * /quad0_pcl_render_node/collision_range: 0.3
 * /quad0_pcl_render_node/collisioncheck_enable: 0
 * /quad0_pcl_render_node/curvature_limit: 100.0
 * /quad0_pcl_render_node/downsample_res: 0.1
 * /quad0_pcl_render_node/drone_id: 0
 * /quad0_pcl_render_node/dyn_mode: 0
 * /quad0_pcl_render_node/dyn_velocity: 0.0
 * /quad0_pcl_render_node/dynobj_enable: 0
 * /quad0_pcl_render_node/dynobject_num: 0
 * /quad0_pcl_render_node/dynobject_size: 0.8
 * /quad0_pcl_render_node/estimation_rate: 10.0
 * /quad0_pcl_render_node/hash_cubesize: 5.0
 * /quad0_pcl_render_node/is_360lidar: 1
 * /quad0_pcl_render_node/livox_linestep: 1.4
 * /quad0_pcl_render_node/min_raylength: 0.1
 * /quad0_pcl_render_node/output_pcd: 0
 * /quad0_pcl_render_node/polar_resolution: 0.2
 * /quad0_pcl_render_node/quadrotor_name: m25_quad0
 * /quad0_pcl_render_node/sensing_horizon: 15.0
 * /quad0_pcl_render_node/sensing_rate: 10.0
 * /quad0_pcl_render_node/uav_num: 1
 * /quad0_pcl_render_node/use_avia_pattern: 0
 * /quad0_pcl_render_node/use_minicf_pattern: 0
 * /quad0_pcl_render_node/use_os128_pattern: 1
 * /quad0_pcl_render_node/use_uav_extra_model: 0
 * /quad0_pcl_render_node/use_vlp32_pattern: 0
 * /quad0_pcl_render_node/vertical_fov: 60.0
 * /quad0_pcl_render_node/yaw_fov: 360.0
 * /rosdistro: noetic
 * /rosversion: 1.17.4

NODES
  /
    depth_cbf_m25_evaluator (coni_mpc/depth_cbf_m25_evaluation_node)
    depth_cbf_m25_map_pub (coni_mpc/depth_cbf_m25_map_publisher_node)
    depth_cbf_m25_trajectory (coni_mpc/depth_cbf_m25_trajectory_node)
    quad0_pcl_render_node (local_sensing_node/pcl_render_node)

[1mROS_MASTER_URI=http://localhost:11311[0m
]2;/home/jjm/桌面/小样本学习的去中心集群协同跟踪/marsim_ws/src/coni_mpc/launch/depth_cbf_m25.launch http://localhost:11311
[1mprocess[depth_cbf_m25_map_pub-1]: started with pid [406245][0m
[1mprocess[quad0_pcl_render_node-2]: started with pid [406247][0m
[1mprocess[depth_cbf_m25_trajectory-3]: started with pid [406248][0m
[1mprocess[depth_cbf_m25_evaluator-4]: started with pid [406249][0m
[depth_cbf_m25_evaluator-4] killing on exit
[depth_cbf_m25_trajectory-3] killing on exit
[quad0_pcl_render_node-2] killing on exit
[depth_cbf_m25_map_pub-1] killing on exit
shutting down processing monitor...
... shutting down processing monitor complete
[1mdone[0m
