WARNING: Package name "cascadePID" does not follow the naming conventions. It should start with a lower case letter and only contain lower case letters, digits, underscores, and dashes.
[INFO] [1789300062.975061784]: drone_drawpoints_num = 4,4,2, Uav points num = 32

Found pkg_path = /home/jjm/桌面/小样本学习的去中心集群协同跟踪/marsim_ws/src/MARSIM/local_sensing/data/m25_quad0_time_consumption.txt

Found pkg_path = /home/jjm/桌面/小样本学习的去中心集群协同跟踪/marsim_ws/src/MARSIM/local_sensing/data/m25_quad0_collision_check_time_consumption.txt
[WARN] [1789300063.454926703]: Global Pointcloud received..
[WARN] [1789300063.477091375]: Normal compute finished.., mapsize = 4961
[INFO] [1789300065.654565737]: Temp compute time = 0.070418, average compute time = 0.059162
[INFO] [1789300065.717500505]: Temp compute time = 0.032793, average compute time = 0.058772
[INFO] [1789300065.872117414]: Temp compute time = 0.094471, average compute time = 0.059231
[INFO] [1789300065.925313393]: Temp compute time = 0.042658, average compute time = 0.059652
[INFO] [1789300066.084405394]: Temp compute time = 0.098926, average compute time = 0.061193
[INFO] [1789300066.129064426]: Temp compute time = 0.044574, average compute time = 0.060884
[INFO] [1789300066.232439768]: Temp compute time = 0.053155, average compute time = 0.059555
[INFO] [1789300066.323792621]: Temp compute time = 0.041213, average compute time = 0.059591
[INFO] [1789300066.454847070]: Temp compute time = 0.070936, average compute time = 0.059048
[INFO] [1789300066.522212960]: Temp compute time = 0.037167, average compute time = 0.058778
[INFO] [1789300066.659047920]: Temp compute time = 0.076647, average compute time = 0.058673
[INFO] [1789300066.722965577]: Temp compute time = 0.043798, average compute time = 0.059135
[INFO] [1789300066.856548185]: Temp compute time = 0.073460, average compute time = 0.059007
[INFO] [1789300066.932770558]: Temp compute time = 0.046110, average compute time = 0.059649
[INFO] [1789300067.052252073]: Temp compute time = 0.069366, average compute time = 0.059055
[INFO] [1789300067.121246118]: Temp compute time = 0.038865, average compute time = 0.059273
[INFO] [1789300067.257983745]: Temp compute time = 0.076615, average compute time = 0.058656
[INFO] [1789300067.314471384]: Temp compute time = 0.036317, average compute time = 0.058270
[INFO] [1789300067.437509276]: Temp compute time = 0.052808, average compute time = 0.057506
[INFO] [1789300067.519036443]: Temp compute time = 0.041333, average compute time = 0.056625
[INFO] [1789300067.649164161]: Temp compute time = 0.069900, average compute time = 0.057692
[INFO] [1789300067.718883143]: Temp compute time = 0.039597, average compute time = 0.056224
[INFO] [1789300067.832991356]: Temp compute time = 0.053988, average compute time = 0.057234
[INFO] [1789300067.953253262]: Temp compute time = 0.070150, average compute time = 0.056075
[INFO] [1789300068.021985401]: Temp compute time = 0.038597, average compute time = 0.055882
[INFO] [1789300068.154538322]: Temp compute time = 0.072396, average compute time = 0.054619
[INFO] [1789300068.222090007]: Temp compute time = 0.037340, average compute time = 0.054274
[INFO] [1789300068.355381379]: Temp compute time = 0.073157, average compute time = 0.055227
[INFO] [1789300068.423466381]: Temp compute time = 0.037965, average compute time = 0.055072
[INFO] [1789300068.552771067]: Temp compute time = 0.069169, average compute time = 0.054988
[INFO] [1789300068.624815920]: Temp compute time = 0.041797, average compute time = 0.055208
[INFO] [1789300068.749460180]: Temp compute time = 0.064492, average compute time = 0.054629
[INFO] [1789300068.812934305]: Temp compute time = 0.033324, average compute time = 0.054131
[INFO] [1789300068.957120939]: Temp compute time = 0.074030, average compute time = 0.054158
[INFO] [1789300069.036955488]: Temp compute time = 0.049711, average compute time = 0.054329
[INFO] [1789300069.141839442]: Temp compute time = 0.054761, average compute time = 0.053634
[INFO] [1789300069.237473196]: Temp compute time = 0.055494, average compute time = 0.054426
[INFO] [1789300069.322635001]: Temp compute time = 0.045044, average compute time = 0.052922
[INFO] [1789300069.466655732]: Temp compute time = 0.083900, average compute time = 0.055188
[INFO] [1789300069.530025191]: Temp compute time = 0.043190, average compute time = 0.054730
[INFO] [1789300069.638551070]: Temp compute time = 0.058405, average compute time = 0.055543
[INFO] [1789300069.711582862]: Temp compute time = 0.032896, average compute time = 0.053781
[INFO] [1789300069.860029608]: Temp compute time = 0.078306, average compute time = 0.055624
[INFO] [1789300069.913006722]: Temp compute time = 0.032767, average compute time = 0.054614
[INFterminate called after throwing an instance of 'boost::wrapexcept<boost::lock_error>'
  what():  boost: mutex lock failed in pthread_mutex_lock: Invalid argument
[INFO] [1789300063.446745363]: Published latched M2.5 map /home/jjm/??????/?????????????????????????????????????????????/marsim_ws/src/coni_mpc/test_data/depth_cbf_m25/A1_plane.pcd with 7701 points
[INFO] [1789300062.949855683]: M2.5 evaluator writes /home/jjm/??????/?????????????????????????????????????????????/marsim_ws/results/depth_cbf_m25_os128/frames/A1_plane_parallel.csv; sole algorithm cloud input=/quad0_pcl_render_node/sensor_cloud; GT mode=A1_plane is evaluation-only.
WARNING: Package name "cascadePID" does not follow the naming conventions. It should start with a lower case letter and only contain lower case letters, digits, underscores, and dashes.
WARNING: Package name "cascadePID" does not follow the naming conventions. It should start with a lower case letter and only contain lower case letters, digits, underscores, and dashes.
[31m================================================================================REQUIRED process [depth_cbf_m25_trajectory-3] has died!
process has finished cleanly
log file: /home/jjm/.ros/log/cd794b1a-ade9-11f1-aae2-25bc297d88f9/depth_cbf_m25_trajectory-3*.log
Initiating shutdown!
================================================================================[0m
... logging to /home/jjm/.ros/log/cd794b1a-ade9-11f1-aae2-25bc297d88f9/roslaunch-jjm-403773.log
Checking log directory for disk usage. This may take a while.
Press Ctrl-C to interrupt
Done checking log file disk usage. Usage is <1GB.
]2;/home/jjm/桌面/小样本学习的去中心集群协同跟踪/marsim_ws/src/coni_mpc/launch/depth_cbf_m25.launch
[1mstarted roslaunch server http://jjm:42647/[0m

SUMMARY
========

PARAMETERS
 * /depth_cbf_m25_evaluator/car_odom_topic: /coni_mpc/car_odom
 * /depth_cbf_m25_evaluator/cloud_topic: /quad0_pcl_render...
 * /depth_cbf_m25_evaluator/debug_compare_world_cloud: True
 * /depth_cbf_m25_evaluator/debug_print_every_n_clouds: 20
 * /depth_cbf_m25_evaluator/debug_random_seed: 7
 * /depth_cbf_m25_evaluator/debug_sample_count: 3
 * /depth_cbf_m25_evaluator/debug_world_cloud_topic: /quad0_pcl_render...
 * /depth_cbf_m25_evaluator/extrinsics/rotation_BL: [1.0, 0.0, 0.0, 0...
 * /depth_cbf_m25_evaluator/extrinsics/translation_BL: [0.0, 0.0, 0.0]
 * /depth_cbf_m25_evaluator/filter/enable_ground_filter: False
 * /depth_cbf_m25_evaluator/filter/enable_voxel_filter: True
 * /depth_cbf_m25_evaluator/filter/ground_min_z_W: 0.1
 * /depth_cbf_m25_evaluator/filter/local_radius: 4.0
 * /depth_cbf_m25_evaluator/filter/max_range: 15.0
 * /depth_cbf_m25_evaluator/filter/min_range: 0.1
 * /depth_cbf_m25_evaluator/filter/voxel_leaf_size: 0.1
 * /depth_cbf_m25_evaluator/m25/gt_pcd: <...>
 * /depth_cbf_m25_evaluator/m25/max_pose_time_offset_sec: 0.025
 * /depth_cbf_m25_evaluator/m25/min_raylength: 0.1
 * /depth_cbf_m25_evaluator/m25/motion: parallel
 * /depth_cbf_m25_evaluator/m25/non_conservative_tolerance: 0.001
 * /depth_cbf_m25_evaluator/m25/result_root: <...>
 * /depth_cbf_m25_evaluator/m25/root_max_distance: 4.0
 * /depth_cbf_m25_evaluator/m25/root_samples: 160
 * /depth_cbf_m25_evaluator/m25/run_id: A1_plane_parallel
 * /depth_cbf_m25_evaluator/m25/scene: A1_plane
 * /depth_cbf_m25_evaluator/m25/vertical_fov_deg: 60.0
 * /depth_cbf_m25_evaluator/m25/yaw_fov_deg: 360.0
 * /depth_cbf_m25_evaluator/max_pose_time_offset_sec: 0.025
 * /depth_cbf_m25_evaluator/noninertial_frame_id: base_link
 * /depth_cbf_m25_evaluator/quad_odom_topic: /coni_mpc/quad_odom1
 * /depth_cbf_m25_evaluator/query_mesh/half_width_steps: 2
 * /depth_cbf_m25_evaluator/query_mesh/nearest_neighbor_max_distance: 3.47
 * /depth_cbf_m25_evaluator/query_mesh/spacing: 0.15
 * /depth_cbf_m25_evaluator/regression/local_cloud_topic: /depth_cbf_cloud_...
 * /depth_cbf_m25_evaluator/regression/log_every_n_fits: 20
 * /depth_cbf_m25_evaluator/regression/max_abs_error: 0.75
 * /depth_cbf_m25_evaluator/regression/max_condition_number: 1.0e8
 * /depth_cbf_m25_evaluator/regression/max_rmse: 0.25
 * /depth_cbf_m25_evaluator/regression/query_center_topic: /depth_cbf_cloud_...
 * /depth_cbf_m25_evaluator/regression/relative_rank_tolerance: 1e-10
 * /depth_cbf_m25_evaluator/regression/subscriber_queue_size: 5
 * /depth_cbf_m25_evaluator/regression/sync_queue_size: 10
 * /depth_cbf_m25_evaluator/safety/d_safe: 0.15
 * /depth_cbf_m25_evaluator/safety/delta_surface: 0.0
 * /depth_cbf_m25_evaluator/safety/r_uav: 0.15
 * /depth_cbf_m25_evaluator/subscriber_queue_size: 20
 * /depth_cbf_m25_evaluator/sync_queue_size: 40
 * /depth_cbf_m25_evaluator/sync_slop_sec: 0.025
 * /depth_cbf_m25_evaluator/world_frame_id: map
 * /depth_cbf_m25_map_pub/map_name: <...>
 * /depth_cbf_m25_trajectory/duration_sec: 5.0
 * /depth_cbf_m25_trajectory/motion: parallel
 * /depth_cbf_m25_trajectory/scene: A1_plane
 * /depth_cbf_m25_trajectory/warmup_sec: 2.0
 * /depth_cbf_m25_trajectory/yaw_offset_deg: 0.0
 * /quad0_pcl_render_node/collision_range: 0.3
 * /quad0_pcl_render_node/collisioncheck_enable: 0
 * /quad0_pcl_render_node/curvature_limit: 100.0
 * /quad0_pcl_render_node/downsample_res: 0.1
 * /quad0_pcl_render_node/drone_id: 0
 * /quad0_pcl_render_node/dyn_mode: 0
 * /quad0_pcl_render_node/dyn_velocity: 0.0
 * /quad0_pcl_render_node/dynobj_enable: 0
 * /quad0_pcl_render_node/dynobject_num: 0
 * /quad0_pcl_render_node/dynobject_size: 0.8
 * /quad0_pcl_render_node/estimation_rate: 10.0
 * /quad0_pcl_render_node/hash_cubesize: 5.0
 * /quad0_pcl_render_node/is_360lidar: 1
 * /quad0_pcl_render_node/livox_linestep: 1.4
 * /quad0_pcl_render_node/min_raylength: 0.1
 * /quad0_pcl_render_node/output_pcd: 0
 * /quad0_pcl_render_node/polar_resolution: 0.2
 * /quad0_pcl_render_node/quadrotor_name: m25_quad0
 * /quad0_pcl_render_node/sensing_horizon: 15.0
 * /quad0_pcl_render_node/sensing_rate: 10.0
 * /quad0_pcl_render_node/uav_num: 1
 * /quad0_pcl_render_node/use_avia_pattern: 0
 * /quad0_pcl_render_node/use_minicf_pattern: 0
 * /quad0_pcl_render_node/use_os128_pattern: 1
 * /quad0_pcl_render_node/use_uav_extra_model: 0
 * /quad0_pcl_render_node/use_vlp32_pattern: 0
 * /quad0_pcl_render_node/vertical_fov: 60.0
 * /quad0_pcl_render_node/yaw_fov: 360.0
 * /rosdistro: noetic
 * /rosversion: 1.17.4

NODES
  /
    depth_cbf_m25_evaluator (coni_mpc/depth_cbf_m25_evaluation_node)
    depth_cbf_m25_map_pub (coni_mpc/depth_cbf_m25_map_publisher_node)
    depth_cbf_m25_trajectory (coni_mpc/depth_cbf_m25_trajectory_node)
    quad0_pcl_render_node (local_sensing_node/pcl_render_node)

[1mROS_MASTER_URI=http://localhost:11311[0m
]2;/home/jjm/桌面/小样本学习的去中心集群协同跟踪/marsim_ws/src/coni_mpc/launch/depth_cbf_m25.launch http://localhost:11311
[1mprocess[depth_cbf_m25_map_pub-1]: started with pid [403817][0m
[1mprocess[quad0_pcl_render_node-2]: started with pid [403818][0m
[1mprocess[depth_cbf_m25_trajectory-3]: started with pid [403819][0m
[1mprocess[depth_cbf_m25_evaluator-4]: started with pid [403820][0m
[depth_cbf_m25_evaluator-4] killing on exit
[depth_cbf_m25_trajectory-3] killing on exit
[depth_cbf_m25_map_pub-1] killing on exit
[quad0_pcl_render_node-2] killing on exit
shutting down processing monitor...
... shutting down processing monitor complete
[1mdone[0m
