WARNING: Package name "cascadePID" does not follow the naming conventions. It should start with a lower case letter and only contain lower case letters, digits, underscores, and dashes.
[INFO] [1789300054.342449454]: drone_drawpoints_num = 4,4,2, Uav points num = 32

Found pkg_path = /home/jjm/桌面/小样本学习的去中心集群协同跟踪/marsim_ws/src/MARSIM/local_sensing/data/m25_quad0_time_consumption.txt

Found pkg_path = /home/jjm/桌面/小样本学习的去中心集群协同跟踪/marsim_ws/src/MARSIM/local_sensing/data/m25_quad0_collision_check_time_consumption.txt
[WARN] [1789300054.821719579]: Global Pointcloud received..
[WARN] [1789300054.850824710]: Normal compute finished.., mapsize = 4961
[INFO] [1789300056.998072240]: Temp compute time = 0.039688, average compute time = 0.054559
[INFO] [1789300057.121287698]: Temp compute time = 0.072618, average compute time = 0.056277
[INFO] [1789300057.192290163]: Temp compute time = 0.040257, average compute time = 0.055216
[INFO] [1789300057.327001157]: Temp compute time = 0.074553, average compute time = 0.057319
[INFO] [1789300057.383874484]: Temp compute time = 0.036734, average compute time = 0.056138
[INFO] [1789300057.559648780]: Temp compute time = 0.105564, average compute time = 0.059737
[INFO] [1789300057.604895964]: Temp compute time = 0.035115, average compute time = 0.056636
[INFO] [1789300057.677761925]: Temp compute time = 0.032751, average compute time = 0.056439
[INFO] [1789300057.841371756]: Temp compute time = 0.093466, average compute time = 0.057867
[INFO] [1789300057.889333798]: Temp compute time = 0.037845, average compute time = 0.058071
[INFO] [1789300058.036709726]: Temp compute time = 0.087249, average compute time = 0.058213
[INFO] [1789300058.086027679]: Temp compute time = 0.039203, average compute time = 0.058229
[INFO] [1789300058.209272300]: Temp compute time = 0.063111, average compute time = 0.058332
[INFO] [1789300058.281983277]: Temp compute time = 0.032594, average compute time = 0.058167
[INFO] [1789300058.440623703]: Temp compute time = 0.088522, average compute time = 0.059285
[INFO] [1789300058.487885642]: Temp compute time = 0.037143, average compute time = 0.059451
[INFO] [1789300058.624671459]: Temp compute time = 0.076676, average compute time = 0.059242
[INFO] [1789300058.693392838]: Temp compute time = 0.048602, average compute time = 0.059545
[INFO] [1789300058.847212214]: Temp compute time = 0.093685, average compute time = 0.060084
[INFO] [1789300058.905437373]: Temp compute time = 0.047989, average compute time = 0.060871
[INFO] [1789300058.984489540]: Temp compute time = 0.038933, average compute time = 0.058205
[INFO] [1789300059.143127892]: Temp compute time = 0.098453, average compute time = 0.061003
[INFO] [1789300059.199733068]: Temp compute time = 0.046464, average compute time = 0.059758
[INFO] [1789300059.308825703]: Temp compute time = 0.058973, average compute time = 0.060649
[INFO] [1789300059.393931731]: Temp compute time = 0.044843, average compute time = 0.059234
[INFO] [1789300059.539172447]: Temp compute time = 0.085118, average compute time = 0.061538
[INFO] [1789300059.590746524]: Temp compute time = 0.041336, average compute time = 0.058480
[INFO] [1789300059.736865698]: Temp compute time = 0.085989, average compute time = 0.060902
[INFO] [1789300059.788620771]: Temp compute time = 0.041641, average compute time = 0.061326
[INFO] [1789300059.933184119]: Temp compute time = 0.084439, average compute time = 0.060896
[INFO] [1789300059.992858591]: Temp compute time = 0.039503, average compute time = 0.060975
[INFO] [1789300060.124763614]: Temp compute time = 0.071771, average compute time = 0.060238
[INFO] [1789300060.183519064]: Temp compute time = 0.038629, average compute time = 0.060210
[INFO] [1789300060.348274716]: Temp compute time = 0.094626, average compute time = 0.061711
[INFO] [1789300060.415477311]: Temp compute time = 0.057119, average compute time = 0.062879
[INFO] [1789300060.486254932]: Temp compute time = 0.040667, average compute time = 0.060600
[INFO] [1789300060.648539234]: Temp compute time = 0.102141, average compute time = 0.063695
[INFO] [1789300060.701476561]: Temp compute time = 0.042811, average compute time = 0.062083
[INFO] [1789300060.831281983]: Temp compute time = 0.079585, average compute time = 0.063558
[INFO] [1789300060.894530987]: Temp compute time = 0.043114, average compute time = 0.061150
[INFO] [1789300061.004490839]: Temp compute time = 0.059808, average compute time = 0.061713
[INFO] [1789300061.096098184]: Temp compute time = 0.051461, average compute time = 0.062309
[INFO] [1789300061.221359154]: Temp compute time = 0.075131, average compute time = 0.061199
[INFO] [1789300061.287217451]: Temp compute time = 0.035747, average compute time = 0.060688
[INFterminate called after throwing an instance of 'boost::wrapexcept<boost::lock_error>'
  what():  boost: mutex lock failed in pthread_mutex_lock: Invalid argument
[INFO] [1789300054.316740188]: M2.5 evaluator writes /home/jjm/??????/?????????????????????????????????????????????/marsim_ws/results/depth_cbf_m25_os128/frames/A1_plane_front.csv; sole algorithm cloud input=/quad0_pcl_render_node/sensor_cloud; GT mode=A1_plane is evaluation-only.
[INFO] [1789300054.813179459]: Published latched M2.5 map /home/jjm/??????/?????????????????????????????????????????????/marsim_ws/src/coni_mpc/test_data/depth_cbf_m25/A1_plane.pcd with 7701 points
WARNING: Package name "cascadePID" does not follow the naming conventions. It should start with a lower case letter and only contain lower case letters, digits, underscores, and dashes.
WARNING: Package name "cascadePID" does not follow the naming conventions. It should start with a lower case letter and only contain lower case letters, digits, underscores, and dashes.
[31m================================================================================REQUIRED process [depth_cbf_m25_trajectory-3] has died!
process has finished cleanly
log file: /home/jjm/.ros/log/cd794b1a-ade9-11f1-aae2-25bc297d88f9/depth_cbf_m25_trajectory-3*.log
Initiating shutdown!
================================================================================[0m
... logging to /home/jjm/.ros/log/cd794b1a-ade9-11f1-aae2-25bc297d88f9/roslaunch-jjm-403600.log
Checking log directory for disk usage. This may take a while.
Press Ctrl-C to interrupt
Done checking log file disk usage. Usage is <1GB.
]2;/home/jjm/桌面/小样本学习的去中心集群协同跟踪/marsim_ws/src/coni_mpc/launch/depth_cbf_m25.launch
[1mstarted roslaunch server http://jjm:35223/[0m

SUMMARY
========

PARAMETERS
 * /depth_cbf_m25_evaluator/car_odom_topic: /coni_mpc/car_odom
 * /depth_cbf_m25_evaluator/cloud_topic: /quad0_pcl_render...
 * /depth_cbf_m25_evaluator/debug_compare_world_cloud: True
 * /depth_cbf_m25_evaluator/debug_print_every_n_clouds: 20
 * /depth_cbf_m25_evaluator/debug_random_seed: 7
 * /depth_cbf_m25_evaluator/debug_sample_count: 3
 * /depth_cbf_m25_evaluator/debug_world_cloud_topic: /quad0_pcl_render...
 * /depth_cbf_m25_evaluator/extrinsics/rotation_BL: [1.0, 0.0, 0.0, 0...
 * /depth_cbf_m25_evaluator/extrinsics/translation_BL: [0.0, 0.0, 0.0]
 * /depth_cbf_m25_evaluator/filter/enable_ground_filter: False
 * /depth_cbf_m25_evaluator/filter/enable_voxel_filter: True
 * /depth_cbf_m25_evaluator/filter/ground_min_z_W: 0.1
 * /depth_cbf_m25_evaluator/filter/local_radius: 4.0
 * /depth_cbf_m25_evaluator/filter/max_range: 15.0
 * /depth_cbf_m25_evaluator/filter/min_range: 0.1
 * /depth_cbf_m25_evaluator/filter/voxel_leaf_size: 0.1
 * /depth_cbf_m25_evaluator/m25/gt_pcd: <...>
 * /depth_cbf_m25_evaluator/m25/max_pose_time_offset_sec: 0.025
 * /depth_cbf_m25_evaluator/m25/min_raylength: 0.1
 * /depth_cbf_m25_evaluator/m25/motion: front
 * /depth_cbf_m25_evaluator/m25/non_conservative_tolerance: 0.001
 * /depth_cbf_m25_evaluator/m25/result_root: <...>
 * /depth_cbf_m25_evaluator/m25/root_max_distance: 4.0
 * /depth_cbf_m25_evaluator/m25/root_samples: 160
 * /depth_cbf_m25_evaluator/m25/run_id: A1_plane_front
 * /depth_cbf_m25_evaluator/m25/scene: A1_plane
 * /depth_cbf_m25_evaluator/m25/vertical_fov_deg: 60.0
 * /depth_cbf_m25_evaluator/m25/yaw_fov_deg: 360.0
 * /depth_cbf_m25_evaluator/max_pose_time_offset_sec: 0.025
 * /depth_cbf_m25_evaluator/noninertial_frame_id: base_link
 * /depth_cbf_m25_evaluator/quad_odom_topic: /coni_mpc/quad_odom1
 * /depth_cbf_m25_evaluator/query_mesh/half_width_steps: 2
 * /depth_cbf_m25_evaluator/query_mesh/nearest_neighbor_max_distance: 3.47
 * /depth_cbf_m25_evaluator/query_mesh/spacing: 0.15
 * /depth_cbf_m25_evaluator/regression/local_cloud_topic: /depth_cbf_cloud_...
 * /depth_cbf_m25_evaluator/regression/log_every_n_fits: 20
 * /depth_cbf_m25_evaluator/regression/max_abs_error: 0.75
 * /depth_cbf_m25_evaluator/regression/max_condition_number: 1.0e8
 * /depth_cbf_m25_evaluator/regression/max_rmse: 0.25
 * /depth_cbf_m25_evaluator/regression/query_center_topic: /depth_cbf_cloud_...
 * /depth_cbf_m25_evaluator/regression/relative_rank_tolerance: 1e-10
 * /depth_cbf_m25_evaluator/regression/subscriber_queue_size: 5
 * /depth_cbf_m25_evaluator/regression/sync_queue_size: 10
 * /depth_cbf_m25_evaluator/safety/d_safe: 0.15
 * /depth_cbf_m25_evaluator/safety/delta_surface: 0.0
 * /depth_cbf_m25_evaluator/safety/r_uav: 0.15
 * /depth_cbf_m25_evaluator/subscriber_queue_size: 20
 * /depth_cbf_m25_evaluator/sync_queue_size: 40
 * /depth_cbf_m25_evaluator/sync_slop_sec: 0.025
 * /depth_cbf_m25_evaluator/world_frame_id: map
 * /depth_cbf_m25_map_pub/map_name: <...>
 * /depth_cbf_m25_trajectory/duration_sec: 5.0
 * /depth_cbf_m25_trajectory/motion: front
 * /depth_cbf_m25_trajectory/scene: A1_plane
 * /depth_cbf_m25_trajectory/warmup_sec: 2.0
 * /depth_cbf_m25_trajectory/yaw_offset_deg: 0.0
 * /quad0_pcl_render_node/collision_range: 0.3
 * /quad0_pcl_render_node/collisioncheck_enable: 0
 * /quad0_pcl_render_node/curvature_limit: 100.0
 * /quad0_pcl_render_node/downsample_res: 0.1
 * /quad0_pcl_render_node/drone_id: 0
 * /quad0_pcl_render_node/dyn_mode: 0
 * /quad0_pcl_render_node/dyn_velocity: 0.0
 * /quad0_pcl_render_node/dynobj_enable: 0
 * /quad0_pcl_render_node/dynobject_num: 0
 * /quad0_pcl_render_node/dynobject_size: 0.8
 * /quad0_pcl_render_node/estimation_rate: 10.0
 * /quad0_pcl_render_node/hash_cubesize: 5.0
 * /quad0_pcl_render_node/is_360lidar: 1
 * /quad0_pcl_render_node/livox_linestep: 1.4
 * /quad0_pcl_render_node/min_raylength: 0.1
 * /quad0_pcl_render_node/output_pcd: 0
 * /quad0_pcl_render_node/polar_resolution: 0.2
 * /quad0_pcl_render_node/quadrotor_name: m25_quad0
 * /quad0_pcl_render_node/sensing_horizon: 15.0
 * /quad0_pcl_render_node/sensing_rate: 10.0
 * /quad0_pcl_render_node/uav_num: 1
 * /quad0_pcl_render_node/use_avia_pattern: 0
 * /quad0_pcl_render_node/use_minicf_pattern: 0
 * /quad0_pcl_render_node/use_os128_pattern: 1
 * /quad0_pcl_render_node/use_uav_extra_model: 0
 * /quad0_pcl_render_node/use_vlp32_pattern: 0
 * /quad0_pcl_render_node/vertical_fov: 60.0
 * /quad0_pcl_render_node/yaw_fov: 360.0
 * /rosdistro: noetic
 * /rosversion: 1.17.4

NODES
  /
    depth_cbf_m25_evaluator (coni_mpc/depth_cbf_m25_evaluation_node)
    depth_cbf_m25_map_pub (coni_mpc/depth_cbf_m25_map_publisher_node)
    depth_cbf_m25_trajectory (coni_mpc/depth_cbf_m25_trajectory_node)
    quad0_pcl_render_node (local_sensing_node/pcl_render_node)

[1mROS_MASTER_URI=http://localhost:11311[0m
]2;/home/jjm/桌面/小样本学习的去中心集群协同跟踪/marsim_ws/src/coni_mpc/launch/depth_cbf_m25.launch http://localhost:11311
[1mprocess[depth_cbf_m25_map_pub-1]: started with pid [403651][0m
[1mprocess[quad0_pcl_render_node-2]: started with pid [403652][0m
[1mprocess[depth_cbf_m25_trajectory-3]: started with pid [403653][0m
[1mprocess[depth_cbf_m25_evaluator-4]: started with pid [403654][0m
[depth_cbf_m25_evaluator-4] killing on exit
[depth_cbf_m25_trajectory-3] killing on exit
[quad0_pcl_render_node-2] killing on exit
[depth_cbf_m25_map_pub-1] killing on exit
shutting down processing monitor...
... shutting down processing monitor complete
[1mdone[0m
