WARNING: Package name "cascadePID" does not follow the naming conventions. It should start with a lower case letter and only contain lower case letters, digits, underscores, and dashes.
[INFO] [1789300114.463887655]: drone_drawpoints_num = 4,4,2, Uav points num = 32

Found pkg_path = /home/jjm/桌面/小样本学习的去中心集群协同跟踪/marsim_ws/src/MARSIM/local_sensing/data/m25_quad0_time_consumption.txt

Found pkg_path = /home/jjm/桌面/小样本学习的去中心集群协同跟踪/marsim_ws/src/MARSIM/local_sensing/data/m25_quad0_collision_check_time_consumption.txt
[WARN] [1789300114.943507725]: Global Pointcloud received..
[WARN] [1789300114.959849959]: Normal compute finished.., mapsize = 2706
[INFO] [1789300117.125065036]: Temp compute time = 0.058555, average compute time = 0.063809
[INFO] [1789300117.248434809]: Temp compute time = 0.072847, average compute time = 0.063980
[INFO] [1789300117.336601838]: Temp compute time = 0.067348, average compute time = 0.063914
[INFO] [1789300117.445293288]: Temp compute time = 0.077953, average compute time = 0.066084
[INFO] [1789300117.521393425]: Temp compute time = 0.055300, average compute time = 0.065649
[INFO] [1789300117.642457158]: Temp compute time = 0.070240, average compute time = 0.065641
[INFO] [1789300117.747423556]: Temp compute time = 0.074074, average compute time = 0.066167
[INFO] [1789300117.797691967]: Temp compute time = 0.029084, average compute time = 0.064580
[INFO] [1789300117.951068512]: Temp compute time = 0.082687, average compute time = 0.065532
[INFO] [1789300118.031773795]: Temp compute time = 0.059621, average compute time = 0.064921
[INFO] [1789300118.155847675]: Temp compute time = 0.083097, average compute time = 0.065799
[INFO] [1789300118.205868451]: Temp compute time = 0.039296, average compute time = 0.064676
[INFO] [1789300118.294890020]: Temp compute time = 0.028099, average compute time = 0.063224
[INFO] [1789300118.407509361]: Temp compute time = 0.031996, average compute time = 0.061345
[INFO] [1789300118.545531250]: Temp compute time = 0.077382, average compute time = 0.061989
[INFO] [1789300118.637952641]: Temp compute time = 0.071528, average compute time = 0.062130
[INFO] [1789300118.743281715]: Temp compute time = 0.074688, average compute time = 0.062901
[INFO] [1789300118.856251400]: Temp compute time = 0.082237, average compute time = 0.063471
[INFO] [1789300118.915074543]: Temp compute time = 0.048196, average compute time = 0.062650
[INFO] [1789300119.051862256]: Temp compute time = 0.076182, average compute time = 0.063105
[INFO] [1789300119.136883388]: Temp compute time = 0.064397, average compute time = 0.063086
[INFO] [1789300119.237484376]: Temp compute time = 0.070482, average compute time = 0.063654
[INFO] [1789300119.299322779]: Temp compute time = 0.031690, average compute time = 0.061694
[INFO] [1789300119.441247791]: Temp compute time = 0.071777, average compute time = 0.061905
[INFO] [1789300119.524627500]: Temp compute time = 0.052921, average compute time = 0.060713
[INFO] [1789300119.646583883]: Temp compute time = 0.071809, average compute time = 0.061499
[INFO] [1789300119.720664447]: Temp compute time = 0.053850, average compute time = 0.060719
[INFO] [1789300119.840717989]: Temp compute time = 0.069892, average compute time = 0.060520
[INFO] [1789300119.947060958]: Temp compute time = 0.075843, average compute time = 0.062746
[INFO] [1789300120.028785630]: Temp compute time = 0.061585, average compute time = 0.061741
[INFO] [1789300120.138075457]: Temp compute time = 0.069156, average compute time = 0.062195
[INFO] [1789300120.232667150]: Temp compute time = 0.064420, average compute time = 0.061306
[INFO] [1789300120.342704756]: Temp compute time = 0.069479, average compute time = 0.062743
[INFO] [1789300120.441157662]: Temp compute time = 0.068309, average compute time = 0.064658
[INFO] [1789300120.536089569]: Temp compute time = 0.064799, average compute time = 0.066220
[INFO] [1789300120.628345719]: Temp compute time = 0.062022, average compute time = 0.065489
[INFO] [1789300120.739463407]: Temp compute time = 0.070650, average compute time = 0.065447
[INFO] [1789300120.832146039]: Temp compute time = 0.062390, average compute time = 0.064861
[INFO] [1789300120.938212136]: Temp compute time = 0.065914, average compute time = 0.064084
[INFO] [1789300121.030907806]: Temp compute time = 0.062557, average compute time = 0.064768
[INFO] [1789300121.137351862]: Temp compute time = 0.065928, average compute time = 0.064279
[INFO] [1789300121.231240097]: Temp compute time = 0.063749, average compute time = 0.064249
[INFO] [1789300121.339152304]: Temp compute time = 0.067743, average compute time = 0.064118
[INFO] [1789300121.436339007]: Temp compute time = 0.067046, average compute time = 0.065802
[INF[INFO] [1789300114.439142422]: M2.5 evaluator writes /home/jjm/??????/?????????????????????????????????????????????/marsim_ws/results/depth_cbf_m25_os128/frames/A2_cylinder_switching.csv; sole algorithm cloud input=/quad0_pcl_render_node/sensor_cloud; GT mode=A2_cylinder is evaluation-only.
terminate called after throwing an instance of 'boost::wrapexcept<boost::lock_error>'
  what():  boost: mutex lock failed in pthread_mutex_lock: Invalid argument
[INFO] [1789300114.938295935]: Published latched M2.5 map /home/jjm/??????/?????????????????????????????????????????????/marsim_ws/src/coni_mpc/test_data/depth_cbf_m25/A2_cylinder.pcd with 9180 points
WARNING: Package name "cascadePID" does not follow the naming conventions. It should start with a lower case letter and only contain lower case letters, digits, underscores, and dashes.
WARNING: Package name "cascadePID" does not follow the naming conventions. It should start with a lower case letter and only contain lower case letters, digits, underscores, and dashes.
[31m================================================================================REQUIRED process [depth_cbf_m25_trajectory-3] has died!
process has finished cleanly
log file: /home/jjm/.ros/log/cd794b1a-ade9-11f1-aae2-25bc297d88f9/depth_cbf_m25_trajectory-3*.log
Initiating shutdown!
================================================================================[0m
... logging to /home/jjm/.ros/log/cd794b1a-ade9-11f1-aae2-25bc297d88f9/roslaunch-jjm-404645.log
Checking log directory for disk usage. This may take a while.
Press Ctrl-C to interrupt
Done checking log file disk usage. Usage is <1GB.
]2;/home/jjm/桌面/小样本学习的去中心集群协同跟踪/marsim_ws/src/coni_mpc/launch/depth_cbf_m25.launch
[1mstarted roslaunch server http://jjm:33533/[0m

SUMMARY
========

PARAMETERS
 * /depth_cbf_m25_evaluator/car_odom_topic: /coni_mpc/car_odom
 * /depth_cbf_m25_evaluator/cloud_topic: /quad0_pcl_render...
 * /depth_cbf_m25_evaluator/debug_compare_world_cloud: True
 * /depth_cbf_m25_evaluator/debug_print_every_n_clouds: 20
 * /depth_cbf_m25_evaluator/debug_random_seed: 7
 * /depth_cbf_m25_evaluator/debug_sample_count: 3
 * /depth_cbf_m25_evaluator/debug_world_cloud_topic: /quad0_pcl_render...
 * /depth_cbf_m25_evaluator/extrinsics/rotation_BL: [1.0, 0.0, 0.0, 0...
 * /depth_cbf_m25_evaluator/extrinsics/translation_BL: [0.0, 0.0, 0.0]
 * /depth_cbf_m25_evaluator/filter/enable_ground_filter: False
 * /depth_cbf_m25_evaluator/filter/enable_voxel_filter: True
 * /depth_cbf_m25_evaluator/filter/ground_min_z_W: 0.1
 * /depth_cbf_m25_evaluator/filter/local_radius: 4.0
 * /depth_cbf_m25_evaluator/filter/max_range: 15.0
 * /depth_cbf_m25_evaluator/filter/min_range: 0.1
 * /depth_cbf_m25_evaluator/filter/voxel_leaf_size: 0.1
 * /depth_cbf_m25_evaluator/m25/gt_pcd: <...>
 * /depth_cbf_m25_evaluator/m25/max_pose_time_offset_sec: 0.025
 * /depth_cbf_m25_evaluator/m25/min_raylength: 0.1
 * /depth_cbf_m25_evaluator/m25/motion: switching
 * /depth_cbf_m25_evaluator/m25/non_conservative_tolerance: 0.001
 * /depth_cbf_m25_evaluator/m25/result_root: <...>
 * /depth_cbf_m25_evaluator/m25/root_max_distance: 4.0
 * /depth_cbf_m25_evaluator/m25/root_samples: 160
 * /depth_cbf_m25_evaluator/m25/run_id: A2_cylinder_switc...
 * /depth_cbf_m25_evaluator/m25/scene: A2_cylinder
 * /depth_cbf_m25_evaluator/m25/vertical_fov_deg: 60.0
 * /depth_cbf_m25_evaluator/m25/yaw_fov_deg: 360.0
 * /depth_cbf_m25_evaluator/max_pose_time_offset_sec: 0.025
 * /depth_cbf_m25_evaluator/noninertial_frame_id: base_link
 * /depth_cbf_m25_evaluator/quad_odom_topic: /coni_mpc/quad_odom1
 * /depth_cbf_m25_evaluator/query_mesh/half_width_steps: 2
 * /depth_cbf_m25_evaluator/query_mesh/nearest_neighbor_max_distance: 3.47
 * /depth_cbf_m25_evaluator/query_mesh/spacing: 0.15
 * /depth_cbf_m25_evaluator/regression/local_cloud_topic: /depth_cbf_cloud_...
 * /depth_cbf_m25_evaluator/regression/log_every_n_fits: 20
 * /depth_cbf_m25_evaluator/regression/max_abs_error: 0.75
 * /depth_cbf_m25_evaluator/regression/max_condition_number: 1.0e8
 * /depth_cbf_m25_evaluator/regression/max_rmse: 0.25
 * /depth_cbf_m25_evaluator/regression/query_center_topic: /depth_cbf_cloud_...
 * /depth_cbf_m25_evaluator/regression/relative_rank_tolerance: 1e-10
 * /depth_cbf_m25_evaluator/regression/subscriber_queue_size: 5
 * /depth_cbf_m25_evaluator/regression/sync_queue_size: 10
 * /depth_cbf_m25_evaluator/safety/d_safe: 0.15
 * /depth_cbf_m25_evaluator/safety/delta_surface: 0.0
 * /depth_cbf_m25_evaluator/safety/r_uav: 0.15
 * /depth_cbf_m25_evaluator/subscriber_queue_size: 20
 * /depth_cbf_m25_evaluator/sync_queue_size: 40
 * /depth_cbf_m25_evaluator/sync_slop_sec: 0.025
 * /depth_cbf_m25_evaluator/world_frame_id: map
 * /depth_cbf_m25_map_pub/map_name: <...>
 * /depth_cbf_m25_trajectory/duration_sec: 5.0
 * /depth_cbf_m25_trajectory/motion: switching
 * /depth_cbf_m25_trajectory/scene: A2_cylinder
 * /depth_cbf_m25_trajectory/warmup_sec: 2.0
 * /depth_cbf_m25_trajectory/yaw_offset_deg: 0.0
 * /quad0_pcl_render_node/collision_range: 0.3
 * /quad0_pcl_render_node/collisioncheck_enable: 0
 * /quad0_pcl_render_node/curvature_limit: 100.0
 * /quad0_pcl_render_node/downsample_res: 0.1
 * /quad0_pcl_render_node/drone_id: 0
 * /quad0_pcl_render_node/dyn_mode: 0
 * /quad0_pcl_render_node/dyn_velocity: 0.0
 * /quad0_pcl_render_node/dynobj_enable: 0
 * /quad0_pcl_render_node/dynobject_num: 0
 * /quad0_pcl_render_node/dynobject_size: 0.8
 * /quad0_pcl_render_node/estimation_rate: 10.0
 * /quad0_pcl_render_node/hash_cubesize: 5.0
 * /quad0_pcl_render_node/is_360lidar: 1
 * /quad0_pcl_render_node/livox_linestep: 1.4
 * /quad0_pcl_render_node/min_raylength: 0.1
 * /quad0_pcl_render_node/output_pcd: 0
 * /quad0_pcl_render_node/polar_resolution: 0.2
 * /quad0_pcl_render_node/quadrotor_name: m25_quad0
 * /quad0_pcl_render_node/sensing_horizon: 15.0
 * /quad0_pcl_render_node/sensing_rate: 10.0
 * /quad0_pcl_render_node/uav_num: 1
 * /quad0_pcl_render_node/use_avia_pattern: 0
 * /quad0_pcl_render_node/use_minicf_pattern: 0
 * /quad0_pcl_render_node/use_os128_pattern: 1
 * /quad0_pcl_render_node/use_uav_extra_model: 0
 * /quad0_pcl_render_node/use_vlp32_pattern: 0
 * /quad0_pcl_render_node/vertical_fov: 60.0
 * /quad0_pcl_render_node/yaw_fov: 360.0
 * /rosdistro: noetic
 * /rosversion: 1.17.4

NODES
  /
    depth_cbf_m25_evaluator (coni_mpc/depth_cbf_m25_evaluation_node)
    depth_cbf_m25_map_pub (coni_mpc/depth_cbf_m25_map_publisher_node)
    depth_cbf_m25_trajectory (coni_mpc/depth_cbf_m25_trajectory_node)
    quad0_pcl_render_node (local_sensing_node/pcl_render_node)

[1mROS_MASTER_URI=http://localhost:11311[0m
]2;/home/jjm/桌面/小样本学习的去中心集群协同跟踪/marsim_ws/src/coni_mpc/launch/depth_cbf_m25.launch http://localhost:11311
[1mprocess[depth_cbf_m25_map_pub-1]: started with pid [404689][0m
[1mprocess[quad0_pcl_render_node-2]: started with pid [404690][0m
[1mprocess[depth_cbf_m25_trajectory-3]: started with pid [404691][0m
[1mprocess[depth_cbf_m25_evaluator-4]: started with pid [404692][0m
[depth_cbf_m25_evaluator-4] killing on exit
[depth_cbf_m25_trajectory-3] killing on exit
[quad0_pcl_render_node-2] killing on exit
[depth_cbf_m25_map_pub-1] killing on exit
shutting down processing monitor...
... shutting down processing monitor complete
[1mdone[0m
