WARNING: Package name "cascadePID" does not follow the naming conventions. It should start with a lower case letter and only contain lower case letters, digits, underscores, and dashes.
[INFO] [1789300097.424606888]: drone_drawpoints_num = 4,4,2, Uav points num = 32

Found pkg_path = /home/jjm/桌面/小样本学习的去中心集群协同跟踪/marsim_ws/src/MARSIM/local_sensing/data/m25_quad0_time_consumption.txt

Found pkg_path = /home/jjm/桌面/小样本学习的去中心集群协同跟踪/marsim_ws/src/MARSIM/local_sensing/data/m25_quad0_collision_check_time_consumption.txt
[WARN] [1789300097.904395281]: Global Pointcloud received..
[WARN] [1789300097.923347527]: Normal compute finished.., mapsize = 2706
[INFO] [1789300100.092994802]: Temp compute time = 0.060623, average compute time = 0.065944
[INFO] [1789300100.217818676]: Temp compute time = 0.084072, average compute time = 0.068477
[INFO] [1789300100.271650925]: Temp compute time = 0.043144, average compute time = 0.066591
[INFO] [1789300100.415470327]: Temp compute time = 0.083108, average compute time = 0.069400
[INFO] [1789300100.521861305]: Temp compute time = 0.085628, average compute time = 0.069572
[INFO] [1789300100.595913710]: Temp compute time = 0.063219, average compute time = 0.069240
[INFO] [1789300100.725328081]: Temp compute time = 0.088532, average compute time = 0.069233
[INFO] [1789300100.796166717]: Temp compute time = 0.059913, average compute time = 0.069867
[INFO] [1789300100.886608970]: Temp compute time = 0.049544, average compute time = 0.068041
[INFO] [1789300101.030297204]: Temp compute time = 0.102874, average compute time = 0.069360
[INFO] [1789300101.106829654]: Temp compute time = 0.065809, average compute time = 0.069156
[INFO] [1789300101.208608040]: Temp compute time = 0.080932, average compute time = 0.069190
[INFO] [1789300101.269056203]: Temp compute time = 0.039808, average compute time = 0.067840
[INFO] [1789300101.396275634]: Temp compute time = 0.066517, average compute time = 0.067095
[INFO] [1789300101.537556981]: Temp compute time = 0.100603, average compute time = 0.069469
[INFO] [1789300101.569530914]: Temp compute time = 0.031058, average compute time = 0.069555
[INFO] [1789300101.718362729]: Temp compute time = 0.088157, average compute time = 0.069455
[INFO] [1789300101.764132124]: Temp compute time = 0.034815, average compute time = 0.069203
[INFO] [1789300101.925381181]: Temp compute time = 0.090587, average compute time = 0.068987
[INFO] [1789300101.994460574]: Temp compute time = 0.058427, average compute time = 0.069797
[INFO] [1789300102.131543685]: Temp compute time = 0.096317, average compute time = 0.070176
[INFO] [1789300102.187034069]: Temp compute time = 0.044888, average compute time = 0.069426
[INFO] [1789300102.313119952]: Temp compute time = 0.075956, average compute time = 0.069040
[INFO] [1789300102.399293187]: Temp compute time = 0.065873, average compute time = 0.070122
[INFO] [1789300102.512578209]: Temp compute time = 0.083147, average compute time = 0.070124
[INFO] [1789300102.607110556]: Temp compute time = 0.074096, average compute time = 0.069575
[INFO] [1789300102.699806986]: Temp compute time = 0.072579, average compute time = 0.070021
[INFO] [1789300102.804444874]: Temp compute time = 0.074518, average compute time = 0.069353
[INFO] [1789300102.920671188]: Temp compute time = 0.086092, average compute time = 0.070600
[INFO] [1789300102.974278183]: Temp compute time = 0.043195, average compute time = 0.070297
[INFO] [1789300103.120938334]: Temp compute time = 0.086537, average compute time = 0.069519
[INFO] [1789300103.159097085]: Temp compute time = 0.028039, average compute time = 0.067721
[INFO] [1789300103.319348530]: Temp compute time = 0.090108, average compute time = 0.068158
[INFO] [1789300103.368677139]: Temp compute time = 0.038880, average compute time = 0.068114
[INFO] [1789300103.514584012]: Temp compute time = 0.085760, average compute time = 0.069030
[INFO] [1789300103.597447603]: Temp compute time = 0.062741, average compute time = 0.067227
[INFO] [1789300103.717405430]: Temp compute time = 0.089728, average compute time = 0.070021
[INFO] [1789300103.765541022]: Temp compute time = 0.037450, average compute time = 0.067606
[INFO] [1789300103.922328274]: Temp compute time = 0.086649, average compute time = 0.070075
[INFO] [1789300103.967629039]: Temp compute time = 0.035153, average compute time = 0.067435
[INFO] [1789300104.113114905]: Temp compute time = 0.085341, average compute time = 0.068716
[INFO] [1789300104.212697043]: Temp compute time = 0.078901, average compute time = 0.067887
[INFO] [1789300104.266947338]: Temp compute time = 0.034072, average compute time = 0.067372
[INFO] [1789300104.423342819]: Temp compute time = 0.086280, average compute time = 0.067864
[INFterminate called after throwing an instance of 'boost::wrapexcept<boost::lock_error>'
  what():  boost: mutex lock failed in pthread_mutex_lock: Invalid argument
[INFO] [1789300097.902493227]: Published latched M2.5 map /home/jjm/??????/?????????????????????????????????????????????/marsim_ws/src/coni_mpc/test_data/depth_cbf_m25/A2_cylinder.pcd with 9180 points
[INFO] [1789300097.403205071]: M2.5 evaluator writes /home/jjm/??????/?????????????????????????????????????????????/marsim_ws/results/depth_cbf_m25_os128/frames/A2_cylinder_parallel.csv; sole algorithm cloud input=/quad0_pcl_render_node/sensor_cloud; GT mode=A2_cylinder is evaluation-only.
WARNING: Package name "cascadePID" does not follow the naming conventions. It should start with a lower case letter and only contain lower case letters, digits, underscores, and dashes.
WARNING: Package name "cascadePID" does not follow the naming conventions. It should start with a lower case letter and only contain lower case letters, digits, underscores, and dashes.
[31m================================================================================REQUIRED process [depth_cbf_m25_trajectory-3] has died!
process has finished cleanly
log file: /home/jjm/.ros/log/cd794b1a-ade9-11f1-aae2-25bc297d88f9/depth_cbf_m25_trajectory-3*.log
Initiating shutdown!
================================================================================[0m
... logging to /home/jjm/.ros/log/cd794b1a-ade9-11f1-aae2-25bc297d88f9/roslaunch-jjm-404342.log
Checking log directory for disk usage. This may take a while.
Press Ctrl-C to interrupt
Done checking log file disk usage. Usage is <1GB.
]2;/home/jjm/桌面/小样本学习的去中心集群协同跟踪/marsim_ws/src/coni_mpc/launch/depth_cbf_m25.launch
[1mstarted roslaunch server http://jjm:44803/[0m

SUMMARY
========

PARAMETERS
 * /depth_cbf_m25_evaluator/car_odom_topic: /coni_mpc/car_odom
 * /depth_cbf_m25_evaluator/cloud_topic: /quad0_pcl_render...
 * /depth_cbf_m25_evaluator/debug_compare_world_cloud: True
 * /depth_cbf_m25_evaluator/debug_print_every_n_clouds: 20
 * /depth_cbf_m25_evaluator/debug_random_seed: 7
 * /depth_cbf_m25_evaluator/debug_sample_count: 3
 * /depth_cbf_m25_evaluator/debug_world_cloud_topic: /quad0_pcl_render...
 * /depth_cbf_m25_evaluator/extrinsics/rotation_BL: [1.0, 0.0, 0.0, 0...
 * /depth_cbf_m25_evaluator/extrinsics/translation_BL: [0.0, 0.0, 0.0]
 * /depth_cbf_m25_evaluator/filter/enable_ground_filter: False
 * /depth_cbf_m25_evaluator/filter/enable_voxel_filter: True
 * /depth_cbf_m25_evaluator/filter/ground_min_z_W: 0.1
 * /depth_cbf_m25_evaluator/filter/local_radius: 4.0
 * /depth_cbf_m25_evaluator/filter/max_range: 15.0
 * /depth_cbf_m25_evaluator/filter/min_range: 0.1
 * /depth_cbf_m25_evaluator/filter/voxel_leaf_size: 0.1
 * /depth_cbf_m25_evaluator/m25/gt_pcd: <...>
 * /depth_cbf_m25_evaluator/m25/max_pose_time_offset_sec: 0.025
 * /depth_cbf_m25_evaluator/m25/min_raylength: 0.1
 * /depth_cbf_m25_evaluator/m25/motion: parallel
 * /depth_cbf_m25_evaluator/m25/non_conservative_tolerance: 0.001
 * /depth_cbf_m25_evaluator/m25/result_root: <...>
 * /depth_cbf_m25_evaluator/m25/root_max_distance: 4.0
 * /depth_cbf_m25_evaluator/m25/root_samples: 160
 * /depth_cbf_m25_evaluator/m25/run_id: A2_cylinder_parallel
 * /depth_cbf_m25_evaluator/m25/scene: A2_cylinder
 * /depth_cbf_m25_evaluator/m25/vertical_fov_deg: 60.0
 * /depth_cbf_m25_evaluator/m25/yaw_fov_deg: 360.0
 * /depth_cbf_m25_evaluator/max_pose_time_offset_sec: 0.025
 * /depth_cbf_m25_evaluator/noninertial_frame_id: base_link
 * /depth_cbf_m25_evaluator/quad_odom_topic: /coni_mpc/quad_odom1
 * /depth_cbf_m25_evaluator/query_mesh/half_width_steps: 2
 * /depth_cbf_m25_evaluator/query_mesh/nearest_neighbor_max_distance: 3.47
 * /depth_cbf_m25_evaluator/query_mesh/spacing: 0.15
 * /depth_cbf_m25_evaluator/regression/local_cloud_topic: /depth_cbf_cloud_...
 * /depth_cbf_m25_evaluator/regression/log_every_n_fits: 20
 * /depth_cbf_m25_evaluator/regression/max_abs_error: 0.75
 * /depth_cbf_m25_evaluator/regression/max_condition_number: 1.0e8
 * /depth_cbf_m25_evaluator/regression/max_rmse: 0.25
 * /depth_cbf_m25_evaluator/regression/query_center_topic: /depth_cbf_cloud_...
 * /depth_cbf_m25_evaluator/regression/relative_rank_tolerance: 1e-10
 * /depth_cbf_m25_evaluator/regression/subscriber_queue_size: 5
 * /depth_cbf_m25_evaluator/regression/sync_queue_size: 10
 * /depth_cbf_m25_evaluator/safety/d_safe: 0.15
 * /depth_cbf_m25_evaluator/safety/delta_surface: 0.0
 * /depth_cbf_m25_evaluator/safety/r_uav: 0.15
 * /depth_cbf_m25_evaluator/subscriber_queue_size: 20
 * /depth_cbf_m25_evaluator/sync_queue_size: 40
 * /depth_cbf_m25_evaluator/sync_slop_sec: 0.025
 * /depth_cbf_m25_evaluator/world_frame_id: map
 * /depth_cbf_m25_map_pub/map_name: <...>
 * /depth_cbf_m25_trajectory/duration_sec: 5.0
 * /depth_cbf_m25_trajectory/motion: parallel
 * /depth_cbf_m25_trajectory/scene: A2_cylinder
 * /depth_cbf_m25_trajectory/warmup_sec: 2.0
 * /depth_cbf_m25_trajectory/yaw_offset_deg: 0.0
 * /quad0_pcl_render_node/collision_range: 0.3
 * /quad0_pcl_render_node/collisioncheck_enable: 0
 * /quad0_pcl_render_node/curvature_limit: 100.0
 * /quad0_pcl_render_node/downsample_res: 0.1
 * /quad0_pcl_render_node/drone_id: 0
 * /quad0_pcl_render_node/dyn_mode: 0
 * /quad0_pcl_render_node/dyn_velocity: 0.0
 * /quad0_pcl_render_node/dynobj_enable: 0
 * /quad0_pcl_render_node/dynobject_num: 0
 * /quad0_pcl_render_node/dynobject_size: 0.8
 * /quad0_pcl_render_node/estimation_rate: 10.0
 * /quad0_pcl_render_node/hash_cubesize: 5.0
 * /quad0_pcl_render_node/is_360lidar: 1
 * /quad0_pcl_render_node/livox_linestep: 1.4
 * /quad0_pcl_render_node/min_raylength: 0.1
 * /quad0_pcl_render_node/output_pcd: 0
 * /quad0_pcl_render_node/polar_resolution: 0.2
 * /quad0_pcl_render_node/quadrotor_name: m25_quad0
 * /quad0_pcl_render_node/sensing_horizon: 15.0
 * /quad0_pcl_render_node/sensing_rate: 10.0
 * /quad0_pcl_render_node/uav_num: 1
 * /quad0_pcl_render_node/use_avia_pattern: 0
 * /quad0_pcl_render_node/use_minicf_pattern: 0
 * /quad0_pcl_render_node/use_os128_pattern: 1
 * /quad0_pcl_render_node/use_uav_extra_model: 0
 * /quad0_pcl_render_node/use_vlp32_pattern: 0
 * /quad0_pcl_render_node/vertical_fov: 60.0
 * /quad0_pcl_render_node/yaw_fov: 360.0
 * /rosdistro: noetic
 * /rosversion: 1.17.4

NODES
  /
    depth_cbf_m25_evaluator (coni_mpc/depth_cbf_m25_evaluation_node)
    depth_cbf_m25_map_pub (coni_mpc/depth_cbf_m25_map_publisher_node)
    depth_cbf_m25_trajectory (coni_mpc/depth_cbf_m25_trajectory_node)
    quad0_pcl_render_node (local_sensing_node/pcl_render_node)

[1mROS_MASTER_URI=http://localhost:11311[0m
]2;/home/jjm/桌面/小样本学习的去中心集群协同跟踪/marsim_ws/src/coni_mpc/launch/depth_cbf_m25.launch http://localhost:11311
[1mprocess[depth_cbf_m25_map_pub-1]: started with pid [404387][0m
[1mprocess[quad0_pcl_render_node-2]: started with pid [404388][0m
[1mprocess[depth_cbf_m25_trajectory-3]: started with pid [404389][0m
[1mprocess[depth_cbf_m25_evaluator-4]: started with pid [404390][0m
[depth_cbf_m25_evaluator-4] killing on exit
[depth_cbf_m25_trajectory-3] killing on exit
[quad0_pcl_render_node-2] killing on exit
[depth_cbf_m25_map_pub-1] killing on exit
shutting down processing monitor...
... shutting down processing monitor complete
[1mdone[0m
