WARNING: Package name "cascadePID" does not follow the naming conventions. It should start with a lower case letter and only contain lower case letters, digits, underscores, and dashes.
[INFO] [1789300191.931863853]: drone_drawpoints_num = 4,4,2, Uav points num = 32

Found pkg_path = /home/jjm/桌面/小样本学习的去中心集群协同跟踪/marsim_ws/src/MARSIM/local_sensing/data/m25_quad0_time_consumption.txt

Found pkg_path = /home/jjm/桌面/小样本学习的去中心集群协同跟踪/marsim_ws/src/MARSIM/local_sensing/data/m25_quad0_collision_check_time_consumption.txt
[WARN] [1789300192.410553494]: Global Pointcloud received..
[WARN] [1789300192.419289119]: Normal compute finished.., mapsize = 2706
[INFO] [1789300194.602269845]: Temp compute time = 0.058642, average compute time = 0.060336
[INFO] [1789300194.715833792]: Temp compute time = 0.073089, average compute time = 0.060497
[INFO] [1789300194.793398101]: Temp compute time = 0.056966, average compute time = 0.059968
[INFO] [1789300194.909884585]: Temp compute time = 0.066281, average compute time = 0.059851
[INFO] [1789300195.010052007]: Temp compute time = 0.070003, average compute time = 0.060006
[INFO] [1789300195.106501997]: Temp compute time = 0.066302, average compute time = 0.060087
[INFO] [1789300195.203869476]: Temp compute time = 0.067140, average compute time = 0.059860
[INFO] [1789300195.259799892]: Temp compute time = 0.025495, average compute time = 0.057848
[INFO] [1789300195.360657120]: Temp compute time = 0.020622, average compute time = 0.055426
[INFO] [1789300195.461103624]: Temp compute time = 0.020313, average compute time = 0.055109
[INFO] [1789300195.612996050]: Temp compute time = 0.071746, average compute time = 0.055191
[INFO] [1789300195.703990467]: Temp compute time = 0.060743, average compute time = 0.054975
[INFO] [1789300195.799460686]: Temp compute time = 0.064920, average compute time = 0.054871
[INFO] [1789300195.909591334]: Temp compute time = 0.069842, average compute time = 0.055113
[INFO] [1789300196.011644848]: Temp compute time = 0.071938, average compute time = 0.054898
[INFO] [1789300196.109013901]: Temp compute time = 0.066982, average compute time = 0.055118
[INFO] [1789300196.201472283]: Temp compute time = 0.062205, average compute time = 0.054661
[INFO] [1789300196.307810969]: Temp compute time = 0.066191, average compute time = 0.054728
[INFO] [1789300196.362527333]: Temp compute time = 0.024503, average compute time = 0.054873
[INFO] [1789300196.510383077]: Temp compute time = 0.067400, average compute time = 0.057137
[INFO] [1789300196.607903385]: Temp compute time = 0.067382, average compute time = 0.058034
[INFO] [1789300196.710157371]: Temp compute time = 0.072117, average compute time = 0.058675
[INFO] [1789300196.778700343]: Temp compute time = 0.038413, average compute time = 0.057024
[INFO] [1789300196.904876509]: Temp compute time = 0.066020, average compute time = 0.057455
[INFO] [1789300197.010872807]: Temp compute time = 0.075535, average compute time = 0.057896
[INFO] [1789300197.106001630]: Temp compute time = 0.064980, average compute time = 0.057657
[INFO] [1789300197.179803641]: Temp compute time = 0.043695, average compute time = 0.056580
[INFO] [1789300197.311618937]: Temp compute time = 0.071658, average compute time = 0.056795
[INFO] [1789300197.410586962]: Temp compute time = 0.068558, average compute time = 0.058846
[INFO] [1789300197.512200256]: Temp compute time = 0.071485, average compute time = 0.061268
[INFO] [1789300197.598774375]: Temp compute time = 0.056430, average compute time = 0.062988
[INFO] [1789300197.711233288]: Temp compute time = 0.072305, average compute time = 0.063015
[INFO] [1789300197.784756096]: Temp compute time = 0.043390, average compute time = 0.062188
[INFO] [1789300197.905095741]: Temp compute time = 0.069965, average compute time = 0.062428
[INFO] [1789300198.001327725]: Temp compute time = 0.066074, average compute time = 0.062249
[INFO] [1789300198.108224516]: Temp compute time = 0.066744, average compute time = 0.062002
[INFO] [1789300198.210269050]: Temp compute time = 0.071872, average compute time = 0.062234
[INFO] [1789300198.298283129]: Temp compute time = 0.057468, average compute time = 0.062009
[INFO] [1789300198.410166306]: Temp compute time = 0.071589, average compute time = 0.062266
[INFO] [1789300198.509263835]: Temp compute time = 0.068939, average compute time = 0.064382
[INFO] [1789300198.560992944]: Temp compute time = 0.021566, average compute time = 0.062199
[INFO] [1789300198.671781561]: Temp compute time = 0.030660, average compute time = 0.060451
[INFO] [1789300198.765239483]: Temp compute time = 0.023080, average compute time = 0.058116
[INFO] [1789300198.862283499]: Temp compute time = 0.026727, average compute time = 0.057559
[INF[INFO] [1789300191.909210598]: M2.5 evaluator writes /home/jjm/??????/?????????????????????????????????????????????/marsim_ws/results/depth_cbf_m25_os128/frames/A2_cylinder_azimuth360.csv; sole algorithm cloud input=/quad0_pcl_render_node/sensor_cloud; GT mode=A2_cylinder is evaluation-only.
terminate called after throwing an instance of 'boost::wrapexcept<boost::lock_error>'
  what():  boost: mutex lock failed in pthread_mutex_lock: Invalid argument
[INFO] [1789300192.406206746]: Published latched M2.5 map /home/jjm/??????/?????????????????????????????????????????????/marsim_ws/src/coni_mpc/test_data/depth_cbf_m25/A2_cylinder.pcd with 9180 points
WARNING: Package name "cascadePID" does not follow the naming conventions. It should start with a lower case letter and only contain lower case letters, digits, underscores, and dashes.
WARNING: Package name "cascadePID" does not follow the naming conventions. It should start with a lower case letter and only contain lower case letters, digits, underscores, and dashes.
[31m================================================================================REQUIRED process [depth_cbf_m25_trajectory-3] has died!
process has finished cleanly
log file: /home/jjm/.ros/log/cd794b1a-ade9-11f1-aae2-25bc297d88f9/depth_cbf_m25_trajectory-3*.log
Initiating shutdown!
================================================================================[0m
... logging to /home/jjm/.ros/log/cd794b1a-ade9-11f1-aae2-25bc297d88f9/roslaunch-jjm-406026.log
Checking log directory for disk usage. This may take a while.
Press Ctrl-C to interrupt
Done checking log file disk usage. Usage is <1GB.
]2;/home/jjm/桌面/小样本学习的去中心集群协同跟踪/marsim_ws/src/coni_mpc/launch/depth_cbf_m25.launch
[1mstarted roslaunch server http://jjm:46459/[0m

SUMMARY
========

PARAMETERS
 * /depth_cbf_m25_evaluator/car_odom_topic: /coni_mpc/car_odom
 * /depth_cbf_m25_evaluator/cloud_topic: /quad0_pcl_render...
 * /depth_cbf_m25_evaluator/debug_compare_world_cloud: True
 * /depth_cbf_m25_evaluator/debug_print_every_n_clouds: 20
 * /depth_cbf_m25_evaluator/debug_random_seed: 7
 * /depth_cbf_m25_evaluator/debug_sample_count: 3
 * /depth_cbf_m25_evaluator/debug_world_cloud_topic: /quad0_pcl_render...
 * /depth_cbf_m25_evaluator/extrinsics/rotation_BL: [1.0, 0.0, 0.0, 0...
 * /depth_cbf_m25_evaluator/extrinsics/translation_BL: [0.0, 0.0, 0.0]
 * /depth_cbf_m25_evaluator/filter/enable_ground_filter: False
 * /depth_cbf_m25_evaluator/filter/enable_voxel_filter: True
 * /depth_cbf_m25_evaluator/filter/ground_min_z_W: 0.1
 * /depth_cbf_m25_evaluator/filter/local_radius: 4.0
 * /depth_cbf_m25_evaluator/filter/max_range: 15.0
 * /depth_cbf_m25_evaluator/filter/min_range: 0.1
 * /depth_cbf_m25_evaluator/filter/voxel_leaf_size: 0.1
 * /depth_cbf_m25_evaluator/m25/gt_pcd: <...>
 * /depth_cbf_m25_evaluator/m25/max_pose_time_offset_sec: 0.025
 * /depth_cbf_m25_evaluator/m25/min_raylength: 0.1
 * /depth_cbf_m25_evaluator/m25/motion: fov
 * /depth_cbf_m25_evaluator/m25/non_conservative_tolerance: 0.001
 * /depth_cbf_m25_evaluator/m25/result_root: <...>
 * /depth_cbf_m25_evaluator/m25/root_max_distance: 4.0
 * /depth_cbf_m25_evaluator/m25/root_samples: 160
 * /depth_cbf_m25_evaluator/m25/run_id: A2_cylinder_azimu...
 * /depth_cbf_m25_evaluator/m25/scene: A2_cylinder
 * /depth_cbf_m25_evaluator/m25/vertical_fov_deg: 60.0
 * /depth_cbf_m25_evaluator/m25/yaw_fov_deg: 360.0
 * /depth_cbf_m25_evaluator/max_pose_time_offset_sec: 0.025
 * /depth_cbf_m25_evaluator/noninertial_frame_id: base_link
 * /depth_cbf_m25_evaluator/quad_odom_topic: /coni_mpc/quad_odom1
 * /depth_cbf_m25_evaluator/query_mesh/half_width_steps: 2
 * /depth_cbf_m25_evaluator/query_mesh/nearest_neighbor_max_distance: 3.47
 * /depth_cbf_m25_evaluator/query_mesh/spacing: 0.15
 * /depth_cbf_m25_evaluator/regression/local_cloud_topic: /depth_cbf_cloud_...
 * /depth_cbf_m25_evaluator/regression/log_every_n_fits: 20
 * /depth_cbf_m25_evaluator/regression/max_abs_error: 0.75
 * /depth_cbf_m25_evaluator/regression/max_condition_number: 1.0e8
 * /depth_cbf_m25_evaluator/regression/max_rmse: 0.25
 * /depth_cbf_m25_evaluator/regression/query_center_topic: /depth_cbf_cloud_...
 * /depth_cbf_m25_evaluator/regression/relative_rank_tolerance: 1e-10
 * /depth_cbf_m25_evaluator/regression/subscriber_queue_size: 5
 * /depth_cbf_m25_evaluator/regression/sync_queue_size: 10
 * /depth_cbf_m25_evaluator/safety/d_safe: 0.15
 * /depth_cbf_m25_evaluator/safety/delta_surface: 0.0
 * /depth_cbf_m25_evaluator/safety/r_uav: 0.15
 * /depth_cbf_m25_evaluator/subscriber_queue_size: 20
 * /depth_cbf_m25_evaluator/sync_queue_size: 40
 * /depth_cbf_m25_evaluator/sync_slop_sec: 0.025
 * /depth_cbf_m25_evaluator/world_frame_id: map
 * /depth_cbf_m25_map_pub/map_name: <...>
 * /depth_cbf_m25_trajectory/duration_sec: 5.0
 * /depth_cbf_m25_trajectory/motion: fov
 * /depth_cbf_m25_trajectory/scene: A2_cylinder
 * /depth_cbf_m25_trajectory/warmup_sec: 2.0
 * /depth_cbf_m25_trajectory/yaw_offset_deg: 0.0
 * /quad0_pcl_render_node/collision_range: 0.3
 * /quad0_pcl_render_node/collisioncheck_enable: 0
 * /quad0_pcl_render_node/curvature_limit: 100.0
 * /quad0_pcl_render_node/downsample_res: 0.1
 * /quad0_pcl_render_node/drone_id: 0
 * /quad0_pcl_render_node/dyn_mode: 0
 * /quad0_pcl_render_node/dyn_velocity: 0.0
 * /quad0_pcl_render_node/dynobj_enable: 0
 * /quad0_pcl_render_node/dynobject_num: 0
 * /quad0_pcl_render_node/dynobject_size: 0.8
 * /quad0_pcl_render_node/estimation_rate: 10.0
 * /quad0_pcl_render_node/hash_cubesize: 5.0
 * /quad0_pcl_render_node/is_360lidar: 1
 * /quad0_pcl_render_node/livox_linestep: 1.4
 * /quad0_pcl_render_node/min_raylength: 0.1
 * /quad0_pcl_render_node/output_pcd: 0
 * /quad0_pcl_render_node/polar_resolution: 0.2
 * /quad0_pcl_render_node/quadrotor_name: m25_quad0
 * /quad0_pcl_render_node/sensing_horizon: 15.0
 * /quad0_pcl_render_node/sensing_rate: 10.0
 * /quad0_pcl_render_node/uav_num: 1
 * /quad0_pcl_render_node/use_avia_pattern: 0
 * /quad0_pcl_render_node/use_minicf_pattern: 0
 * /quad0_pcl_render_node/use_os128_pattern: 1
 * /quad0_pcl_render_node/use_uav_extra_model: 0
 * /quad0_pcl_render_node/use_vlp32_pattern: 0
 * /quad0_pcl_render_node/vertical_fov: 60.0
 * /quad0_pcl_render_node/yaw_fov: 360.0
 * /rosdistro: noetic
 * /rosversion: 1.17.4

NODES
  /
    depth_cbf_m25_evaluator (coni_mpc/depth_cbf_m25_evaluation_node)
    depth_cbf_m25_map_pub (coni_mpc/depth_cbf_m25_map_publisher_node)
    depth_cbf_m25_trajectory (coni_mpc/depth_cbf_m25_trajectory_node)
    quad0_pcl_render_node (local_sensing_node/pcl_render_node)

[1mROS_MASTER_URI=http://localhost:11311[0m
]2;/home/jjm/桌面/小样本学习的去中心集群协同跟踪/marsim_ws/src/coni_mpc/launch/depth_cbf_m25.launch http://localhost:11311
[1mprocess[depth_cbf_m25_map_pub-1]: started with pid [406068][0m
[1mprocess[quad0_pcl_render_node-2]: started with pid [406069][0m
[1mprocess[depth_cbf_m25_trajectory-3]: started with pid [406070][0m
[1mprocess[depth_cbf_m25_evaluator-4]: started with pid [406071][0m
[depth_cbf_m25_evaluator-4] killing on exit
[depth_cbf_m25_trajectory-3] killing on exit
[quad0_pcl_render_node-2] killing on exit
[depth_cbf_m25_map_pub-1] killing on exit
shutting down processing monitor...
... shutting down processing monitor complete
[1mdone[0m
