WARNING: Package name "cascadePID" does not follow the naming conventions. It should start with a lower case letter and only contain lower case letters, digits, underscores, and dashes.
[INFO] [1789300106.051122983]: drone_drawpoints_num = 4,4,2, Uav points num = 32

Found pkg_path = /home/jjm/桌面/小样本学习的去中心集群协同跟踪/marsim_ws/src/MARSIM/local_sensing/data/m25_quad0_time_consumption.txt

Found pkg_path = /home/jjm/桌面/小样本学习的去中心集群协同跟踪/marsim_ws/src/MARSIM/local_sensing/data/m25_quad0_collision_check_time_consumption.txt
[WARN] [1789300106.530260050]: Global Pointcloud received..
[WARN] [1789300106.545431960]: Normal compute finished.., mapsize = 2706
[INFO] [1789300108.707160260]: Temp compute time = 0.048298, average compute time = 0.069443
[INFO] [1789300108.851825957]: Temp compute time = 0.093927, average compute time = 0.069498
[INFO] [1789300108.926173065]: Temp compute time = 0.063611, average compute time = 0.070688
[INFO] [1789300109.042540011]: Temp compute time = 0.085665, average compute time = 0.070960
[INFO] [1789300109.098125823]: Temp compute time = 0.044842, average compute time = 0.070511
[INFO] [1789300109.245477278]: Temp compute time = 0.086294, average compute time = 0.070411
[INFO] [1789300109.315676656]: Temp compute time = 0.059128, average compute time = 0.071319
[INFO] [1789300109.440337883]: Temp compute time = 0.083773, average compute time = 0.071534
[INFO] [1789300109.491252351]: Temp compute time = 0.029902, average compute time = 0.069628
[INFO] [1789300109.656589446]: Temp compute time = 0.094569, average compute time = 0.070733
[INFO] [1789300109.727554459]: Temp compute time = 0.060228, average compute time = 0.069778
[INFO] [1789300109.839888830]: Temp compute time = 0.081333, average compute time = 0.069983
[INFO] [1789300109.940746205]: Temp compute time = 0.080072, average compute time = 0.070644
[INFO] [1789300110.010326745]: Temp compute time = 0.048785, average compute time = 0.069042
[INFO] [1789300110.151164750]: Temp compute time = 0.090009, average compute time = 0.069732
[INFO] [1789300110.216706737]: Temp compute time = 0.054566, average compute time = 0.068646
[INFO] [1789300110.306877956]: Temp compute time = 0.049334, average compute time = 0.067320
[INFO] [1789300110.436226312]: Temp compute time = 0.078501, average compute time = 0.068756
[INFO] [1789300110.510062298]: Temp compute time = 0.052914, average compute time = 0.067121
[INFO] [1789300110.664428384]: Temp compute time = 0.103243, average compute time = 0.070453
[INFO] [1789300110.729559581]: Temp compute time = 0.053612, average compute time = 0.068696
[INFO] [1789300110.846342341]: Temp compute time = 0.086058, average compute time = 0.070494
[INFO] [1789300110.904525366]: Temp compute time = 0.047443, average compute time = 0.068280
[INFO] [1789300111.059415247]: Temp compute time = 0.104236, average compute time = 0.070215
[INFO] [1789300111.125237069]: Temp compute time = 0.055114, average compute time = 0.068760
[INFO] [1789300111.237091377]: Temp compute time = 0.081072, average compute time = 0.070485
[INFO] [1789300111.314016291]: Temp compute time = 0.056167, average compute time = 0.069050
[INFO] [1789300111.451702301]: Temp compute time = 0.096756, average compute time = 0.070842
[INFO] [1789300111.492656864]: Temp compute time = 0.030118, average compute time = 0.068287
[INFO] [1789300111.648183607]: Temp compute time = 0.094866, average compute time = 0.071381
[INFO] [1789300111.716565118]: Temp compute time = 0.057737, average compute time = 0.069627
[INFO] [1789300111.855784782]: Temp compute time = 0.098439, average compute time = 0.071446
[INFO] [1789300111.925830842]: Temp compute time = 0.059353, average compute time = 0.070400
[INFO] [1789300112.050910179]: Temp compute time = 0.094481, average compute time = 0.071086
[INFO] [1789300112.102365833]: Temp compute time = 0.040374, average compute time = 0.070685
[INFO] [1789300112.259224523]: Temp compute time = 0.105987, average compute time = 0.071446
[INFO] [1789300112.320330685]: Temp compute time = 0.050350, average compute time = 0.071245
[INFO] [1789300112.450023925]: Temp compute time = 0.088943, average compute time = 0.073132
[INFO] [1789300112.512187334]: Temp compute time = 0.051147, average compute time = 0.071829
[INFO] [1789300112.656913443]: Temp compute time = 0.093990, average compute time = 0.073785
[INFO] [1789300112.724256022]: Temp compute time = 0.056709, average compute time = 0.071569
[INFO] [1789300112.842888349]: Temp compute time = 0.088274, average compute time = 0.073220
[INFO] [1789300112.932960374]: Temp compute time = 0.069965, average compute time = 0.072453
[INFO] [1789300113.026011819]: Temp compute time = 0.072830, average compute time = 0.073662
[INFterminate called after throwing an instance of 'boost::wrapexcept<boost::lock_error>'
  what():  boost: mutex lock failed in pthread_mutex_lock: Invalid argument
[INFO] [1789300106.523750607]: Published latched M2.5 map /home/jjm/??????/?????????????????????????????????????????????/marsim_ws/src/coni_mpc/test_data/depth_cbf_m25/A2_cylinder.pcd with 9180 points
[INFO] [1789300106.024266741]: M2.5 evaluator writes /home/jjm/??????/?????????????????????????????????????????????/marsim_ws/results/depth_cbf_m25_os128/frames/A2_cylinder_oblique.csv; sole algorithm cloud input=/quad0_pcl_render_node/sensor_cloud; GT mode=A2_cylinder is evaluation-only.
WARNING: Package name "cascadePID" does not follow the naming conventions. It should start with a lower case letter and only contain lower case letters, digits, underscores, and dashes.
WARNING: Package name "cascadePID" does not follow the naming conventions. It should start with a lower case letter and only contain lower case letters, digits, underscores, and dashes.
[31m================================================================================REQUIRED process [depth_cbf_m25_trajectory-3] has died!
process has finished cleanly
log file: /home/jjm/.ros/log/cd794b1a-ade9-11f1-aae2-25bc297d88f9/depth_cbf_m25_trajectory-3*.log
Initiating shutdown!
================================================================================[0m
... logging to /home/jjm/.ros/log/cd794b1a-ade9-11f1-aae2-25bc297d88f9/roslaunch-jjm-404493.log
Checking log directory for disk usage. This may take a while.
Press Ctrl-C to interrupt
Done checking log file disk usage. Usage is <1GB.
]2;/home/jjm/桌面/小样本学习的去中心集群协同跟踪/marsim_ws/src/coni_mpc/launch/depth_cbf_m25.launch
[1mstarted roslaunch server http://jjm:34165/[0m

SUMMARY
========

PARAMETERS
 * /depth_cbf_m25_evaluator/car_odom_topic: /coni_mpc/car_odom
 * /depth_cbf_m25_evaluator/cloud_topic: /quad0_pcl_render...
 * /depth_cbf_m25_evaluator/debug_compare_world_cloud: True
 * /depth_cbf_m25_evaluator/debug_print_every_n_clouds: 20
 * /depth_cbf_m25_evaluator/debug_random_seed: 7
 * /depth_cbf_m25_evaluator/debug_sample_count: 3
 * /depth_cbf_m25_evaluator/debug_world_cloud_topic: /quad0_pcl_render...
 * /depth_cbf_m25_evaluator/extrinsics/rotation_BL: [1.0, 0.0, 0.0, 0...
 * /depth_cbf_m25_evaluator/extrinsics/translation_BL: [0.0, 0.0, 0.0]
 * /depth_cbf_m25_evaluator/filter/enable_ground_filter: False
 * /depth_cbf_m25_evaluator/filter/enable_voxel_filter: True
 * /depth_cbf_m25_evaluator/filter/ground_min_z_W: 0.1
 * /depth_cbf_m25_evaluator/filter/local_radius: 4.0
 * /depth_cbf_m25_evaluator/filter/max_range: 15.0
 * /depth_cbf_m25_evaluator/filter/min_range: 0.1
 * /depth_cbf_m25_evaluator/filter/voxel_leaf_size: 0.1
 * /depth_cbf_m25_evaluator/m25/gt_pcd: <...>
 * /depth_cbf_m25_evaluator/m25/max_pose_time_offset_sec: 0.025
 * /depth_cbf_m25_evaluator/m25/min_raylength: 0.1
 * /depth_cbf_m25_evaluator/m25/motion: oblique
 * /depth_cbf_m25_evaluator/m25/non_conservative_tolerance: 0.001
 * /depth_cbf_m25_evaluator/m25/result_root: <...>
 * /depth_cbf_m25_evaluator/m25/root_max_distance: 4.0
 * /depth_cbf_m25_evaluator/m25/root_samples: 160
 * /depth_cbf_m25_evaluator/m25/run_id: A2_cylinder_oblique
 * /depth_cbf_m25_evaluator/m25/scene: A2_cylinder
 * /depth_cbf_m25_evaluator/m25/vertical_fov_deg: 60.0
 * /depth_cbf_m25_evaluator/m25/yaw_fov_deg: 360.0
 * /depth_cbf_m25_evaluator/max_pose_time_offset_sec: 0.025
 * /depth_cbf_m25_evaluator/noninertial_frame_id: base_link
 * /depth_cbf_m25_evaluator/quad_odom_topic: /coni_mpc/quad_odom1
 * /depth_cbf_m25_evaluator/query_mesh/half_width_steps: 2
 * /depth_cbf_m25_evaluator/query_mesh/nearest_neighbor_max_distance: 3.47
 * /depth_cbf_m25_evaluator/query_mesh/spacing: 0.15
 * /depth_cbf_m25_evaluator/regression/local_cloud_topic: /depth_cbf_cloud_...
 * /depth_cbf_m25_evaluator/regression/log_every_n_fits: 20
 * /depth_cbf_m25_evaluator/regression/max_abs_error: 0.75
 * /depth_cbf_m25_evaluator/regression/max_condition_number: 1.0e8
 * /depth_cbf_m25_evaluator/regression/max_rmse: 0.25
 * /depth_cbf_m25_evaluator/regression/query_center_topic: /depth_cbf_cloud_...
 * /depth_cbf_m25_evaluator/regression/relative_rank_tolerance: 1e-10
 * /depth_cbf_m25_evaluator/regression/subscriber_queue_size: 5
 * /depth_cbf_m25_evaluator/regression/sync_queue_size: 10
 * /depth_cbf_m25_evaluator/safety/d_safe: 0.15
 * /depth_cbf_m25_evaluator/safety/delta_surface: 0.0
 * /depth_cbf_m25_evaluator/safety/r_uav: 0.15
 * /depth_cbf_m25_evaluator/subscriber_queue_size: 20
 * /depth_cbf_m25_evaluator/sync_queue_size: 40
 * /depth_cbf_m25_evaluator/sync_slop_sec: 0.025
 * /depth_cbf_m25_evaluator/world_frame_id: map
 * /depth_cbf_m25_map_pub/map_name: <...>
 * /depth_cbf_m25_trajectory/duration_sec: 5.0
 * /depth_cbf_m25_trajectory/motion: oblique
 * /depth_cbf_m25_trajectory/scene: A2_cylinder
 * /depth_cbf_m25_trajectory/warmup_sec: 2.0
 * /depth_cbf_m25_trajectory/yaw_offset_deg: 0.0
 * /quad0_pcl_render_node/collision_range: 0.3
 * /quad0_pcl_render_node/collisioncheck_enable: 0
 * /quad0_pcl_render_node/curvature_limit: 100.0
 * /quad0_pcl_render_node/downsample_res: 0.1
 * /quad0_pcl_render_node/drone_id: 0
 * /quad0_pcl_render_node/dyn_mode: 0
 * /quad0_pcl_render_node/dyn_velocity: 0.0
 * /quad0_pcl_render_node/dynobj_enable: 0
 * /quad0_pcl_render_node/dynobject_num: 0
 * /quad0_pcl_render_node/dynobject_size: 0.8
 * /quad0_pcl_render_node/estimation_rate: 10.0
 * /quad0_pcl_render_node/hash_cubesize: 5.0
 * /quad0_pcl_render_node/is_360lidar: 1
 * /quad0_pcl_render_node/livox_linestep: 1.4
 * /quad0_pcl_render_node/min_raylength: 0.1
 * /quad0_pcl_render_node/output_pcd: 0
 * /quad0_pcl_render_node/polar_resolution: 0.2
 * /quad0_pcl_render_node/quadrotor_name: m25_quad0
 * /quad0_pcl_render_node/sensing_horizon: 15.0
 * /quad0_pcl_render_node/sensing_rate: 10.0
 * /quad0_pcl_render_node/uav_num: 1
 * /quad0_pcl_render_node/use_avia_pattern: 0
 * /quad0_pcl_render_node/use_minicf_pattern: 0
 * /quad0_pcl_render_node/use_os128_pattern: 1
 * /quad0_pcl_render_node/use_uav_extra_model: 0
 * /quad0_pcl_render_node/use_vlp32_pattern: 0
 * /quad0_pcl_render_node/vertical_fov: 60.0
 * /quad0_pcl_render_node/yaw_fov: 360.0
 * /rosdistro: noetic
 * /rosversion: 1.17.4

NODES
  /
    depth_cbf_m25_evaluator (coni_mpc/depth_cbf_m25_evaluation_node)
    depth_cbf_m25_map_pub (coni_mpc/depth_cbf_m25_map_publisher_node)
    depth_cbf_m25_trajectory (coni_mpc/depth_cbf_m25_trajectory_node)
    quad0_pcl_render_node (local_sensing_node/pcl_render_node)

[1mROS_MASTER_URI=http://localhost:11311[0m
]2;/home/jjm/桌面/小样本学习的去中心集群协同跟踪/marsim_ws/src/coni_mpc/launch/depth_cbf_m25.launch http://localhost:11311
[1mprocess[depth_cbf_m25_map_pub-1]: started with pid [404536][0m
[1mprocess[quad0_pcl_render_node-2]: started with pid [404537][0m
[1mprocess[depth_cbf_m25_trajectory-3]: started with pid [404538][0m
[1mprocess[depth_cbf_m25_evaluator-4]: started with pid [404539][0m
[depth_cbf_m25_evaluator-4] killing on exit
[depth_cbf_m25_trajectory-3] killing on exit
[quad0_pcl_render_node-2] killing on exit
[depth_cbf_m25_map_pub-1] killing on exit
shutting down processing monitor...
... shutting down processing monitor complete
[1mdone[0m
