WARNING: Package name "cascadePID" does not follow the naming conventions. It should start with a lower case letter and only contain lower case letters, digits, underscores, and dashes.
[INFO] [1789300088.809702152]: drone_drawpoints_num = 4,4,2, Uav points num = 32

Found pkg_path = /home/jjm/桌面/小样本学习的去中心集群协同跟踪/marsim_ws/src/MARSIM/local_sensing/data/m25_quad0_time_consumption.txt

Found pkg_path = /home/jjm/桌面/小样本学习的去中心集群协同跟踪/marsim_ws/src/MARSIM/local_sensing/data/m25_quad0_collision_check_time_consumption.txt
[WARN] [1789300089.289232873]: Global Pointcloud received..
[WARN] [1789300089.299917763]: Normal compute finished.., mapsize = 2706
[INFO] [1789300091.483029807]: Temp compute time = 0.069682, average compute time = 0.058916
[INFO] [1789300091.575204279]: Temp compute time = 0.061613, average compute time = 0.060202
[INFO] [1789300091.684095712]: Temp compute time = 0.068508, average compute time = 0.059956
[INFO] [1789300091.776085386]: Temp compute time = 0.061278, average compute time = 0.060200
[INFO] [1789300091.892909603]: Temp compute time = 0.076078, average compute time = 0.060880
[INFO] [1789300091.981941174]: Temp compute time = 0.068257, average compute time = 0.061162
[INFO] [1789300092.083165430]: Temp compute time = 0.070521, average compute time = 0.061199
[INFO] [1789300092.137331298]: Temp compute time = 0.023410, average compute time = 0.058863
[INFO] [1789300092.285883716]: Temp compute time = 0.067830, average compute time = 0.060018
[INFO] [1789300092.339540328]: Temp compute time = 0.022855, average compute time = 0.058109
[INFO] [1789300092.477066506]: Temp compute time = 0.056830, average compute time = 0.057662
[INFO] [1789300092.555480398]: Temp compute time = 0.037583, average compute time = 0.056615
[INFO] [1789300092.696601288]: Temp compute time = 0.080344, average compute time = 0.057174
[INFO] [1789300092.753418661]: Temp compute time = 0.036037, average compute time = 0.055714
[INFO] [1789300092.893951482]: Temp compute time = 0.079827, average compute time = 0.056253
[INFO] [1789300092.985929248]: Temp compute time = 0.071206, average compute time = 0.058343
[INFO] [1789300093.093534086]: Temp compute time = 0.076817, average compute time = 0.059817
[INFO] [1789300093.183144702]: Temp compute time = 0.068888, average compute time = 0.060103
[INFO] [1789300093.242797085]: Temp compute time = 0.028699, average compute time = 0.058323
[INFO] [1789300093.388081559]: Temp compute time = 0.074460, average compute time = 0.059438
[INFO] [1789300093.488264514]: Temp compute time = 0.069611, average compute time = 0.060492
[INFO] [1789300093.577348616]: Temp compute time = 0.058353, average compute time = 0.059953
[INFO] [1789300093.693176473]: Temp compute time = 0.074910, average compute time = 0.060586
[INFO] [1789300093.781580599]: Temp compute time = 0.067593, average compute time = 0.060542
[INFO] [1789300093.868870899]: Temp compute time = 0.056592, average compute time = 0.060319
[INFO] [1789300093.999237786]: Temp compute time = 0.079683, average compute time = 0.060491
[INFO] [1789300094.086306651]: Temp compute time = 0.066441, average compute time = 0.060404
[INFO] [1789300094.192581980]: Temp compute time = 0.075459, average compute time = 0.060639
[INFO] [1789300094.285013739]: Temp compute time = 0.071687, average compute time = 0.062938
[INFO] [1789300094.391668380]: Temp compute time = 0.075630, average compute time = 0.063310
[INFO] [1789300094.483156998]: Temp compute time = 0.070438, average compute time = 0.065576
[INFO] [1789300094.595894904]: Temp compute time = 0.081784, average compute time = 0.066764
[INFO] [1789300094.682349159]: Temp compute time = 0.065490, average compute time = 0.068093
[INFO] [1789300094.791977389]: Temp compute time = 0.078782, average compute time = 0.068018
[INFO] [1789300094.860148702]: Temp compute time = 0.047546, average compute time = 0.068566
[INFO] [1789300094.992485952]: Temp compute time = 0.071720, average compute time = 0.068180
[INFO] [1789300095.079756222]: Temp compute time = 0.066580, average compute time = 0.067960
[INFO] [1789300095.191417516]: Temp compute time = 0.070772, average compute time = 0.067672
[INFO] [1789300095.284661614]: Temp compute time = 0.072473, average compute time = 0.067843
[INFO] [1789300095.405435754]: Temp compute time = 0.089685, average compute time = 0.070747
[INFO] [1789300095.458452225]: Temp compute time = 0.042362, average compute time = 0.069219
[INFO] [1789300095.592500853]: Temp compute time = 0.073414, average compute time = 0.069400
[INFO] [1789300095.681643218]: Temp compute time = 0.068477, average compute time = 0.069882
[INFO] [1789300095.786370087]: Temp compute time = 0.073714, average compute time = 0.069825
[INFterminate called after throwing an instance of 'boost::wrapexcept<boost::lock_error>'
  what():  boost: mutex lock failed in pthread_mutex_lock: Invalid argument
[INFO] [1789300089.283237126]: Published latched M2.5 map /home/jjm/??????/?????????????????????????????????????????????/marsim_ws/src/coni_mpc/test_data/depth_cbf_m25/A2_cylinder.pcd with 9180 points
[INFO] [1789300088.784781721]: M2.5 evaluator writes /home/jjm/??????/?????????????????????????????????????????????/marsim_ws/results/depth_cbf_m25_os128/frames/A2_cylinder_front.csv; sole algorithm cloud input=/quad0_pcl_render_node/sensor_cloud; GT mode=A2_cylinder is evaluation-only.
WARNING: Package name "cascadePID" does not follow the naming conventions. It should start with a lower case letter and only contain lower case letters, digits, underscores, and dashes.
WARNING: Package name "cascadePID" does not follow the naming conventions. It should start with a lower case letter and only contain lower case letters, digits, underscores, and dashes.
[31m================================================================================REQUIRED process [depth_cbf_m25_trajectory-3] has died!
process has finished cleanly
log file: /home/jjm/.ros/log/cd794b1a-ade9-11f1-aae2-25bc297d88f9/depth_cbf_m25_trajectory-3*.log
Initiating shutdown!
================================================================================[0m
... logging to /home/jjm/.ros/log/cd794b1a-ade9-11f1-aae2-25bc297d88f9/roslaunch-jjm-404188.log
Checking log directory for disk usage. This may take a while.
Press Ctrl-C to interrupt
Done checking log file disk usage. Usage is <1GB.
]2;/home/jjm/桌面/小样本学习的去中心集群协同跟踪/marsim_ws/src/coni_mpc/launch/depth_cbf_m25.launch
[1mstarted roslaunch server http://jjm:34513/[0m

SUMMARY
========

PARAMETERS
 * /depth_cbf_m25_evaluator/car_odom_topic: /coni_mpc/car_odom
 * /depth_cbf_m25_evaluator/cloud_topic: /quad0_pcl_render...
 * /depth_cbf_m25_evaluator/debug_compare_world_cloud: True
 * /depth_cbf_m25_evaluator/debug_print_every_n_clouds: 20
 * /depth_cbf_m25_evaluator/debug_random_seed: 7
 * /depth_cbf_m25_evaluator/debug_sample_count: 3
 * /depth_cbf_m25_evaluator/debug_world_cloud_topic: /quad0_pcl_render...
 * /depth_cbf_m25_evaluator/extrinsics/rotation_BL: [1.0, 0.0, 0.0, 0...
 * /depth_cbf_m25_evaluator/extrinsics/translation_BL: [0.0, 0.0, 0.0]
 * /depth_cbf_m25_evaluator/filter/enable_ground_filter: False
 * /depth_cbf_m25_evaluator/filter/enable_voxel_filter: True
 * /depth_cbf_m25_evaluator/filter/ground_min_z_W: 0.1
 * /depth_cbf_m25_evaluator/filter/local_radius: 4.0
 * /depth_cbf_m25_evaluator/filter/max_range: 15.0
 * /depth_cbf_m25_evaluator/filter/min_range: 0.1
 * /depth_cbf_m25_evaluator/filter/voxel_leaf_size: 0.1
 * /depth_cbf_m25_evaluator/m25/gt_pcd: <...>
 * /depth_cbf_m25_evaluator/m25/max_pose_time_offset_sec: 0.025
 * /depth_cbf_m25_evaluator/m25/min_raylength: 0.1
 * /depth_cbf_m25_evaluator/m25/motion: front
 * /depth_cbf_m25_evaluator/m25/non_conservative_tolerance: 0.001
 * /depth_cbf_m25_evaluator/m25/result_root: <...>
 * /depth_cbf_m25_evaluator/m25/root_max_distance: 4.0
 * /depth_cbf_m25_evaluator/m25/root_samples: 160
 * /depth_cbf_m25_evaluator/m25/run_id: A2_cylinder_front
 * /depth_cbf_m25_evaluator/m25/scene: A2_cylinder
 * /depth_cbf_m25_evaluator/m25/vertical_fov_deg: 60.0
 * /depth_cbf_m25_evaluator/m25/yaw_fov_deg: 360.0
 * /depth_cbf_m25_evaluator/max_pose_time_offset_sec: 0.025
 * /depth_cbf_m25_evaluator/noninertial_frame_id: base_link
 * /depth_cbf_m25_evaluator/quad_odom_topic: /coni_mpc/quad_odom1
 * /depth_cbf_m25_evaluator/query_mesh/half_width_steps: 2
 * /depth_cbf_m25_evaluator/query_mesh/nearest_neighbor_max_distance: 3.47
 * /depth_cbf_m25_evaluator/query_mesh/spacing: 0.15
 * /depth_cbf_m25_evaluator/regression/local_cloud_topic: /depth_cbf_cloud_...
 * /depth_cbf_m25_evaluator/regression/log_every_n_fits: 20
 * /depth_cbf_m25_evaluator/regression/max_abs_error: 0.75
 * /depth_cbf_m25_evaluator/regression/max_condition_number: 1.0e8
 * /depth_cbf_m25_evaluator/regression/max_rmse: 0.25
 * /depth_cbf_m25_evaluator/regression/query_center_topic: /depth_cbf_cloud_...
 * /depth_cbf_m25_evaluator/regression/relative_rank_tolerance: 1e-10
 * /depth_cbf_m25_evaluator/regression/subscriber_queue_size: 5
 * /depth_cbf_m25_evaluator/regression/sync_queue_size: 10
 * /depth_cbf_m25_evaluator/safety/d_safe: 0.15
 * /depth_cbf_m25_evaluator/safety/delta_surface: 0.0
 * /depth_cbf_m25_evaluator/safety/r_uav: 0.15
 * /depth_cbf_m25_evaluator/subscriber_queue_size: 20
 * /depth_cbf_m25_evaluator/sync_queue_size: 40
 * /depth_cbf_m25_evaluator/sync_slop_sec: 0.025
 * /depth_cbf_m25_evaluator/world_frame_id: map
 * /depth_cbf_m25_map_pub/map_name: <...>
 * /depth_cbf_m25_trajectory/duration_sec: 5.0
 * /depth_cbf_m25_trajectory/motion: front
 * /depth_cbf_m25_trajectory/scene: A2_cylinder
 * /depth_cbf_m25_trajectory/warmup_sec: 2.0
 * /depth_cbf_m25_trajectory/yaw_offset_deg: 0.0
 * /quad0_pcl_render_node/collision_range: 0.3
 * /quad0_pcl_render_node/collisioncheck_enable: 0
 * /quad0_pcl_render_node/curvature_limit: 100.0
 * /quad0_pcl_render_node/downsample_res: 0.1
 * /quad0_pcl_render_node/drone_id: 0
 * /quad0_pcl_render_node/dyn_mode: 0
 * /quad0_pcl_render_node/dyn_velocity: 0.0
 * /quad0_pcl_render_node/dynobj_enable: 0
 * /quad0_pcl_render_node/dynobject_num: 0
 * /quad0_pcl_render_node/dynobject_size: 0.8
 * /quad0_pcl_render_node/estimation_rate: 10.0
 * /quad0_pcl_render_node/hash_cubesize: 5.0
 * /quad0_pcl_render_node/is_360lidar: 1
 * /quad0_pcl_render_node/livox_linestep: 1.4
 * /quad0_pcl_render_node/min_raylength: 0.1
 * /quad0_pcl_render_node/output_pcd: 0
 * /quad0_pcl_render_node/polar_resolution: 0.2
 * /quad0_pcl_render_node/quadrotor_name: m25_quad0
 * /quad0_pcl_render_node/sensing_horizon: 15.0
 * /quad0_pcl_render_node/sensing_rate: 10.0
 * /quad0_pcl_render_node/uav_num: 1
 * /quad0_pcl_render_node/use_avia_pattern: 0
 * /quad0_pcl_render_node/use_minicf_pattern: 0
 * /quad0_pcl_render_node/use_os128_pattern: 1
 * /quad0_pcl_render_node/use_uav_extra_model: 0
 * /quad0_pcl_render_node/use_vlp32_pattern: 0
 * /quad0_pcl_render_node/vertical_fov: 60.0
 * /quad0_pcl_render_node/yaw_fov: 360.0
 * /rosdistro: noetic
 * /rosversion: 1.17.4

NODES
  /
    depth_cbf_m25_evaluator (coni_mpc/depth_cbf_m25_evaluation_node)
    depth_cbf_m25_map_pub (coni_mpc/depth_cbf_m25_map_publisher_node)
    depth_cbf_m25_trajectory (coni_mpc/depth_cbf_m25_trajectory_node)
    quad0_pcl_render_node (local_sensing_node/pcl_render_node)

[1mROS_MASTER_URI=http://localhost:11311[0m
]2;/home/jjm/桌面/小样本学习的去中心集群协同跟踪/marsim_ws/src/coni_mpc/launch/depth_cbf_m25.launch http://localhost:11311
[1mprocess[depth_cbf_m25_map_pub-1]: started with pid [404232][0m
[1mprocess[quad0_pcl_render_node-2]: started with pid [404233][0m
[1mprocess[depth_cbf_m25_trajectory-3]: started with pid [404234][0m
[1mprocess[depth_cbf_m25_evaluator-4]: started with pid [404235][0m
[depth_cbf_m25_evaluator-4] killing on exit
[depth_cbf_m25_trajectory-3] killing on exit
[quad0_pcl_render_node-2] killing on exit
[depth_cbf_m25_map_pub-1] killing on exit
shutting down processing monitor...
... shutting down processing monitor complete
[1mdone[0m
