WARNING: Package name "cascadePID" does not follow the naming conventions. It should start with a lower case letter and only contain lower case letters, digits, underscores, and dashes.
[INFO] [1789300131.715334595]: drone_drawpoints_num = 4,4,2, Uav points num = 32

Found pkg_path = /home/jjm/桌面/小样本学习的去中心集群协同跟踪/marsim_ws/src/MARSIM/local_sensing/data/m25_quad0_time_consumption.txt

Found pkg_path = /home/jjm/桌面/小样本学习的去中心集群协同跟踪/marsim_ws/src/MARSIM/local_sensing/data/m25_quad0_collision_check_time_consumption.txt
[WARN] [1789300132.194315656]: Global Pointcloud received..
[WARN] [1789300132.219228688]: Normal compute finished.., mapsize = 5781
[INFO] [1789300134.364791361]: Temp compute time = 0.039693, average compute time = 0.039474
[INFO] [1789300134.469860627]: Temp compute time = 0.044927, average compute time = 0.039567
[INFO] [1789300134.563229781]: Temp compute time = 0.043211, average compute time = 0.039825
[INFO] [1789300134.666014483]: Temp compute time = 0.042666, average compute time = 0.039944
[INFO] [1789300134.768271401]: Temp compute time = 0.042140, average compute time = 0.040311
[INFO] [1789300134.864600505]: Temp compute time = 0.046228, average compute time = 0.040641
[INFO] [1789300134.967080275]: Temp compute time = 0.042325, average compute time = 0.040696
[INFO] [1789300135.061573327]: Temp compute time = 0.044345, average compute time = 0.040780
[INFO] [1789300135.178863112]: Temp compute time = 0.057127, average compute time = 0.041692
[INFO] [1789300135.262784610]: Temp compute time = 0.043791, average compute time = 0.041940
[INFO] [1789300135.367161783]: Temp compute time = 0.044246, average compute time = 0.042334
[INFO] [1789300135.462374215]: Temp compute time = 0.045093, average compute time = 0.042128
[INFO] [1789300135.566958418]: Temp compute time = 0.044468, average compute time = 0.042567
[INFO] [1789300135.671072758]: Temp compute time = 0.043992, average compute time = 0.043002
[INFO] [1789300135.765348230]: Temp compute time = 0.044116, average compute time = 0.043250
[INFO] [1789300135.872350428]: Temp compute time = 0.046877, average compute time = 0.043695
[INFO] [1789300135.963229657]: Temp compute time = 0.040764, average compute time = 0.043892
[INFO] [1789300136.066239515]: Temp compute time = 0.042788, average compute time = 0.044311
[INFO] [1789300136.172246106]: Temp compute time = 0.045877, average compute time = 0.044287
[INFO] [1789300136.266983648]: Temp compute time = 0.044493, average compute time = 0.044337
[INFO] [1789300136.370955892]: Temp compute time = 0.043783, average compute time = 0.044426
[INFO] [1789300136.465306365]: Temp compute time = 0.044214, average compute time = 0.044642
[INFO] [1789300136.568656699]: Temp compute time = 0.043238, average compute time = 0.044561
[INFO] [1789300136.662378945]: Temp compute time = 0.043590, average compute time = 0.044579
[INFO] [1789300136.771808615]: Temp compute time = 0.049319, average compute time = 0.044896
[INFO] [1789300136.869306667]: Temp compute time = 0.047363, average compute time = 0.045145
[INFO] [1789300136.963235745]: Temp compute time = 0.043806, average compute time = 0.045029
[INFO] [1789300137.068785884]: Temp compute time = 0.045425, average compute time = 0.045177
[INFO] [1789300137.162106099]: Temp compute time = 0.043204, average compute time = 0.045123
[INFO] [1789300137.292325743]: Temp compute time = 0.070061, average compute time = 0.045738
[INFO] [1789300137.365155192]: Temp compute time = 0.042703, average compute time = 0.045687
[INFO] [1789300137.470517040]: Temp compute time = 0.045250, average compute time = 0.045734
[INFO] [1789300137.563669448]: Temp compute time = 0.043024, average compute time = 0.045636
[INFO] [1789300137.672845706]: Temp compute time = 0.049038, average compute time = 0.045854
[INFO] [1789300137.769659871]: Temp compute time = 0.046705, average compute time = 0.045983
[INFO] [1789300137.864693591]: Temp compute time = 0.044833, average compute time = 0.046017
[INFO] [1789300137.971936070]: Temp compute time = 0.047104, average compute time = 0.046028
[INFO] [1789300138.067676498]: Temp compute time = 0.045623, average compute time = 0.046259
[INFO] [1789300138.162892729]: Temp compute time = 0.045043, average compute time = 0.046366
[INFO] [1789300138.274964091]: Temp compute time = 0.051958, average compute time = 0.046656
[INFO] [1789300138.371029311]: Temp compute time = 0.045841, average compute time = 0.046720
[INFO] [1789300138.458910239]: Temp compute time = 0.037730, average compute time = 0.046432
[INFO] [1789300138.562968493]: Temp compute time = 0.043932, average compute time = 0.046419
[INFO] [1789300138.665045777]: Temp compute time = 0.041946, average compute time = 0.046357
[INFterminate called after throwing an instance of 'boost::wrapexcept<boost::lock_error>'
  what():  boost: mutex lock failed in pthread_mutex_lock: Invalid argument
[INFO] [1789300132.189759029]: Published latched M2.5 map /home/jjm/??????/?????????????????????????????????????????????/marsim_ws/src/coni_mpc/test_data/depth_cbf_m25/A3_corner.pcd with 9078 points
[INFO] [1789300131.691920417]: M2.5 evaluator writes /home/jjm/??????/?????????????????????????????????????????????/marsim_ws/results/depth_cbf_m25_os128/frames/A3_corner_parallel.csv; sole algorithm cloud input=/quad0_pcl_render_node/sensor_cloud; GT mode=A3_corner is evaluation-only.
WARNING: Package name "cascadePID" does not follow the naming conventions. It should start with a lower case letter and only contain lower case letters, digits, underscores, and dashes.
WARNING: Package name "cascadePID" does not follow the naming conventions. It should start with a lower case letter and only contain lower case letters, digits, underscores, and dashes.
[31m================================================================================REQUIRED process [depth_cbf_m25_trajectory-3] has died!
process has finished cleanly
log file: /home/jjm/.ros/log/cd794b1a-ade9-11f1-aae2-25bc297d88f9/depth_cbf_m25_trajectory-3*.log
Initiating shutdown!
================================================================================[0m
... logging to /home/jjm/.ros/log/cd794b1a-ade9-11f1-aae2-25bc297d88f9/roslaunch-jjm-404938.log
Checking log directory for disk usage. This may take a while.
Press Ctrl-C to interrupt
Done checking log file disk usage. Usage is <1GB.
]2;/home/jjm/桌面/小样本学习的去中心集群协同跟踪/marsim_ws/src/coni_mpc/launch/depth_cbf_m25.launch
[1mstarted roslaunch server http://jjm:40715/[0m

SUMMARY
========

PARAMETERS
 * /depth_cbf_m25_evaluator/car_odom_topic: /coni_mpc/car_odom
 * /depth_cbf_m25_evaluator/cloud_topic: /quad0_pcl_render...
 * /depth_cbf_m25_evaluator/debug_compare_world_cloud: True
 * /depth_cbf_m25_evaluator/debug_print_every_n_clouds: 20
 * /depth_cbf_m25_evaluator/debug_random_seed: 7
 * /depth_cbf_m25_evaluator/debug_sample_count: 3
 * /depth_cbf_m25_evaluator/debug_world_cloud_topic: /quad0_pcl_render...
 * /depth_cbf_m25_evaluator/extrinsics/rotation_BL: [1.0, 0.0, 0.0, 0...
 * /depth_cbf_m25_evaluator/extrinsics/translation_BL: [0.0, 0.0, 0.0]
 * /depth_cbf_m25_evaluator/filter/enable_ground_filter: False
 * /depth_cbf_m25_evaluator/filter/enable_voxel_filter: True
 * /depth_cbf_m25_evaluator/filter/ground_min_z_W: 0.1
 * /depth_cbf_m25_evaluator/filter/local_radius: 4.0
 * /depth_cbf_m25_evaluator/filter/max_range: 15.0
 * /depth_cbf_m25_evaluator/filter/min_range: 0.1
 * /depth_cbf_m25_evaluator/filter/voxel_leaf_size: 0.1
 * /depth_cbf_m25_evaluator/m25/gt_pcd: <...>
 * /depth_cbf_m25_evaluator/m25/max_pose_time_offset_sec: 0.025
 * /depth_cbf_m25_evaluator/m25/min_raylength: 0.1
 * /depth_cbf_m25_evaluator/m25/motion: parallel
 * /depth_cbf_m25_evaluator/m25/non_conservative_tolerance: 0.001
 * /depth_cbf_m25_evaluator/m25/result_root: <...>
 * /depth_cbf_m25_evaluator/m25/root_max_distance: 4.0
 * /depth_cbf_m25_evaluator/m25/root_samples: 160
 * /depth_cbf_m25_evaluator/m25/run_id: A3_corner_parallel
 * /depth_cbf_m25_evaluator/m25/scene: A3_corner
 * /depth_cbf_m25_evaluator/m25/vertical_fov_deg: 60.0
 * /depth_cbf_m25_evaluator/m25/yaw_fov_deg: 360.0
 * /depth_cbf_m25_evaluator/max_pose_time_offset_sec: 0.025
 * /depth_cbf_m25_evaluator/noninertial_frame_id: base_link
 * /depth_cbf_m25_evaluator/quad_odom_topic: /coni_mpc/quad_odom1
 * /depth_cbf_m25_evaluator/query_mesh/half_width_steps: 2
 * /depth_cbf_m25_evaluator/query_mesh/nearest_neighbor_max_distance: 3.47
 * /depth_cbf_m25_evaluator/query_mesh/spacing: 0.15
 * /depth_cbf_m25_evaluator/regression/local_cloud_topic: /depth_cbf_cloud_...
 * /depth_cbf_m25_evaluator/regression/log_every_n_fits: 20
 * /depth_cbf_m25_evaluator/regression/max_abs_error: 0.75
 * /depth_cbf_m25_evaluator/regression/max_condition_number: 1.0e8
 * /depth_cbf_m25_evaluator/regression/max_rmse: 0.25
 * /depth_cbf_m25_evaluator/regression/query_center_topic: /depth_cbf_cloud_...
 * /depth_cbf_m25_evaluator/regression/relative_rank_tolerance: 1e-10
 * /depth_cbf_m25_evaluator/regression/subscriber_queue_size: 5
 * /depth_cbf_m25_evaluator/regression/sync_queue_size: 10
 * /depth_cbf_m25_evaluator/safety/d_safe: 0.15
 * /depth_cbf_m25_evaluator/safety/delta_surface: 0.0
 * /depth_cbf_m25_evaluator/safety/r_uav: 0.15
 * /depth_cbf_m25_evaluator/subscriber_queue_size: 20
 * /depth_cbf_m25_evaluator/sync_queue_size: 40
 * /depth_cbf_m25_evaluator/sync_slop_sec: 0.025
 * /depth_cbf_m25_evaluator/world_frame_id: map
 * /depth_cbf_m25_map_pub/map_name: <...>
 * /depth_cbf_m25_trajectory/duration_sec: 5.0
 * /depth_cbf_m25_trajectory/motion: parallel
 * /depth_cbf_m25_trajectory/scene: A3_corner
 * /depth_cbf_m25_trajectory/warmup_sec: 2.0
 * /depth_cbf_m25_trajectory/yaw_offset_deg: 0.0
 * /quad0_pcl_render_node/collision_range: 0.3
 * /quad0_pcl_render_node/collisioncheck_enable: 0
 * /quad0_pcl_render_node/curvature_limit: 100.0
 * /quad0_pcl_render_node/downsample_res: 0.1
 * /quad0_pcl_render_node/drone_id: 0
 * /quad0_pcl_render_node/dyn_mode: 0
 * /quad0_pcl_render_node/dyn_velocity: 0.0
 * /quad0_pcl_render_node/dynobj_enable: 0
 * /quad0_pcl_render_node/dynobject_num: 0
 * /quad0_pcl_render_node/dynobject_size: 0.8
 * /quad0_pcl_render_node/estimation_rate: 10.0
 * /quad0_pcl_render_node/hash_cubesize: 5.0
 * /quad0_pcl_render_node/is_360lidar: 1
 * /quad0_pcl_render_node/livox_linestep: 1.4
 * /quad0_pcl_render_node/min_raylength: 0.1
 * /quad0_pcl_render_node/output_pcd: 0
 * /quad0_pcl_render_node/polar_resolution: 0.2
 * /quad0_pcl_render_node/quadrotor_name: m25_quad0
 * /quad0_pcl_render_node/sensing_horizon: 15.0
 * /quad0_pcl_render_node/sensing_rate: 10.0
 * /quad0_pcl_render_node/uav_num: 1
 * /quad0_pcl_render_node/use_avia_pattern: 0
 * /quad0_pcl_render_node/use_minicf_pattern: 0
 * /quad0_pcl_render_node/use_os128_pattern: 1
 * /quad0_pcl_render_node/use_uav_extra_model: 0
 * /quad0_pcl_render_node/use_vlp32_pattern: 0
 * /quad0_pcl_render_node/vertical_fov: 60.0
 * /quad0_pcl_render_node/yaw_fov: 360.0
 * /rosdistro: noetic
 * /rosversion: 1.17.4

NODES
  /
    depth_cbf_m25_evaluator (coni_mpc/depth_cbf_m25_evaluation_node)
    depth_cbf_m25_map_pub (coni_mpc/depth_cbf_m25_map_publisher_node)
    depth_cbf_m25_trajectory (coni_mpc/depth_cbf_m25_trajectory_node)
    quad0_pcl_render_node (local_sensing_node/pcl_render_node)

[1mROS_MASTER_URI=http://localhost:11311[0m
]2;/home/jjm/桌面/小样本学习的去中心集群协同跟踪/marsim_ws/src/coni_mpc/launch/depth_cbf_m25.launch http://localhost:11311
[1mprocess[depth_cbf_m25_map_pub-1]: started with pid [404982][0m
[1mprocess[quad0_pcl_render_node-2]: started with pid [404983][0m
[1mprocess[depth_cbf_m25_trajectory-3]: started with pid [404984][0m
[1mprocess[depth_cbf_m25_evaluator-4]: started with pid [404985][0m
[depth_cbf_m25_evaluator-4] killing on exit
[depth_cbf_m25_trajectory-3] killing on exit
[quad0_pcl_render_node-2] killing on exit
[depth_cbf_m25_map_pub-1] killing on exit
shutting down processing monitor...
... shutting down processing monitor complete
[1mdone[0m
