WARNING: Package name "cascadePID" does not follow the naming conventions. It should start with a lower case letter and only contain lower case letters, digits, underscores, and dashes.
[INFO] [1789300140.321902969]: drone_drawpoints_num = 4,4,2, Uav points num = 32

Found pkg_path = /home/jjm/桌面/小样本学习的去中心集群协同跟踪/marsim_ws/src/MARSIM/local_sensing/data/m25_quad0_time_consumption.txt

Found pkg_path = /home/jjm/桌面/小样本学习的去中心集群协同跟踪/marsim_ws/src/MARSIM/local_sensing/data/m25_quad0_collision_check_time_consumption.txt
[WARN] [1789300140.801077252]: Global Pointcloud received..
[WARN] [1789300140.820474684]: Normal compute finished.., mapsize = 5781
[INFO] [1789300142.969942821]: Temp compute time = 0.040780, average compute time = 0.032918
[INFO] [1789300143.069005404]: Temp compute time = 0.038239, average compute time = 0.033029
[INFO] [1789300143.169991362]: Temp compute time = 0.040085, average compute time = 0.033649
[INFO] [1789300143.271208928]: Temp compute time = 0.040479, average compute time = 0.034243
[INFO] [1789300143.366363830]: Temp compute time = 0.034924, average compute time = 0.034430
[INFO] [1789300143.463705759]: Temp compute time = 0.037110, average compute time = 0.034761
[INFO] [1789300143.573054583]: Temp compute time = 0.039102, average compute time = 0.035153
[INFO] [1789300143.670636344]: Temp compute time = 0.037345, average compute time = 0.035315
[INFO] [1789300143.771469173]: Temp compute time = 0.040708, average compute time = 0.035693
[INFO] [1789300143.867913529]: Temp compute time = 0.036224, average compute time = 0.035894
[INFO] [1789300143.963673530]: Temp compute time = 0.035615, average compute time = 0.036023
[INFO] [1789300144.070904116]: Temp compute time = 0.036998, average compute time = 0.036300
[INFO] [1789300144.169452079]: Temp compute time = 0.038414, average compute time = 0.036621
[INFO] [1789300144.269714860]: Temp compute time = 0.040145, average compute time = 0.037137
[INFO] [1789300144.367846404]: Temp compute time = 0.037971, average compute time = 0.037457
[INFO] [1789300144.464978391]: Temp compute time = 0.036995, average compute time = 0.037640
[INFO] [1789300144.563700199]: Temp compute time = 0.038508, average compute time = 0.038007
[INFO] [1789300144.673398676]: Temp compute time = 0.039497, average compute time = 0.038306
[INFO] [1789300144.773340859]: Temp compute time = 0.039815, average compute time = 0.038559
[INFO] [1789300144.873914901]: Temp compute time = 0.040447, average compute time = 0.038560
[INFO] [1789300144.965467032]: Temp compute time = 0.041325, average compute time = 0.038606
[INFO] [1789300145.064792449]: Temp compute time = 0.039120, average compute time = 0.038527
[INFO] [1789300145.163789506]: Temp compute time = 0.038867, average compute time = 0.038557
[INFO] [1789300145.271668497]: Temp compute time = 0.037751, average compute time = 0.038446
[INFO] [1789300145.372867329]: Temp compute time = 0.041077, average compute time = 0.038474
[INFO] [1789300145.475729230]: Temp compute time = 0.042650, average compute time = 0.038842
[INFO] [1789300145.565931446]: Temp compute time = 0.040068, average compute time = 0.038983
[INFO] [1789300145.668331025]: Temp compute time = 0.042274, average compute time = 0.039134
[INFO] [1789300145.768768325]: Temp compute time = 0.040195, average compute time = 0.039270
[INFO] [1789300145.869365356]: Temp compute time = 0.040483, average compute time = 0.039259
[INFO] [1789300145.970291110]: Temp compute time = 0.040706, average compute time = 0.039472
[INFO] [1789300146.072136652]: Temp compute time = 0.041644, average compute time = 0.039759
[INFO] [1789300146.174697820]: Temp compute time = 0.042329, average compute time = 0.040013
[INFO] [1789300146.266998455]: Temp compute time = 0.042085, average compute time = 0.040188
[INFO] [1789300146.372867129]: Temp compute time = 0.045752, average compute time = 0.040455
[INFO] [1789300146.473874993]: Temp compute time = 0.040849, average compute time = 0.040592
[INFO] [1789300146.580044955]: Temp compute time = 0.046051, average compute time = 0.041023
[INFO] [1789300146.675925556]: Temp compute time = 0.045613, average compute time = 0.041362
[INFO] [1789300146.768699442]: Temp compute time = 0.042538, average compute time = 0.041507
[INFO] [1789300146.870898895]: Temp compute time = 0.041998, average compute time = 0.041611
[INFO] [1789300146.973622521]: Temp compute time = 0.042603, average compute time = 0.041713
[INFO] [1789300147.074594241]: Temp compute time = 0.040817, average compute time = 0.041689
[INFO] [1789300147.167105042]: Temp compute time = 0.042392, average compute time = 0.041845
[INFO] [1789300147.261724741]: Temp compute time = 0.034499, average compute time = 0.041637
[INFterminate called after throwing an instance of 'boost::wrapexcept<boost::lock_error>'
  what():  boost: mutex lock failed in pthread_mutex_lock: Invalid argument
[INFO] [1789300140.796452738]: Published latched M2.5 map /home/jjm/??????/?????????????????????????????????????????????/marsim_ws/src/coni_mpc/test_data/depth_cbf_m25/A3_corner.pcd with 9078 points
[INFO] [1789300140.299233244]: M2.5 evaluator writes /home/jjm/??????/?????????????????????????????????????????????/marsim_ws/results/depth_cbf_m25_os128/frames/A3_corner_oblique.csv; sole algorithm cloud input=/quad0_pcl_render_node/sensor_cloud; GT mode=A3_corner is evaluation-only.
WARNING: Package name "cascadePID" does not follow the naming conventions. It should start with a lower case letter and only contain lower case letters, digits, underscores, and dashes.
WARNING: Package name "cascadePID" does not follow the naming conventions. It should start with a lower case letter and only contain lower case letters, digits, underscores, and dashes.
[31m================================================================================REQUIRED process [depth_cbf_m25_trajectory-3] has died!
process has finished cleanly
log file: /home/jjm/.ros/log/cd794b1a-ade9-11f1-aae2-25bc297d88f9/depth_cbf_m25_trajectory-3*.log
Initiating shutdown!
================================================================================[0m
... logging to /home/jjm/.ros/log/cd794b1a-ade9-11f1-aae2-25bc297d88f9/roslaunch-jjm-405071.log
Checking log directory for disk usage. This may take a while.
Press Ctrl-C to interrupt
Done checking log file disk usage. Usage is <1GB.
]2;/home/jjm/桌面/小样本学习的去中心集群协同跟踪/marsim_ws/src/coni_mpc/launch/depth_cbf_m25.launch
[1mstarted roslaunch server http://jjm:44031/[0m

SUMMARY
========

PARAMETERS
 * /depth_cbf_m25_evaluator/car_odom_topic: /coni_mpc/car_odom
 * /depth_cbf_m25_evaluator/cloud_topic: /quad0_pcl_render...
 * /depth_cbf_m25_evaluator/debug_compare_world_cloud: True
 * /depth_cbf_m25_evaluator/debug_print_every_n_clouds: 20
 * /depth_cbf_m25_evaluator/debug_random_seed: 7
 * /depth_cbf_m25_evaluator/debug_sample_count: 3
 * /depth_cbf_m25_evaluator/debug_world_cloud_topic: /quad0_pcl_render...
 * /depth_cbf_m25_evaluator/extrinsics/rotation_BL: [1.0, 0.0, 0.0, 0...
 * /depth_cbf_m25_evaluator/extrinsics/translation_BL: [0.0, 0.0, 0.0]
 * /depth_cbf_m25_evaluator/filter/enable_ground_filter: False
 * /depth_cbf_m25_evaluator/filter/enable_voxel_filter: True
 * /depth_cbf_m25_evaluator/filter/ground_min_z_W: 0.1
 * /depth_cbf_m25_evaluator/filter/local_radius: 4.0
 * /depth_cbf_m25_evaluator/filter/max_range: 15.0
 * /depth_cbf_m25_evaluator/filter/min_range: 0.1
 * /depth_cbf_m25_evaluator/filter/voxel_leaf_size: 0.1
 * /depth_cbf_m25_evaluator/m25/gt_pcd: <...>
 * /depth_cbf_m25_evaluator/m25/max_pose_time_offset_sec: 0.025
 * /depth_cbf_m25_evaluator/m25/min_raylength: 0.1
 * /depth_cbf_m25_evaluator/m25/motion: oblique
 * /depth_cbf_m25_evaluator/m25/non_conservative_tolerance: 0.001
 * /depth_cbf_m25_evaluator/m25/result_root: <...>
 * /depth_cbf_m25_evaluator/m25/root_max_distance: 4.0
 * /depth_cbf_m25_evaluator/m25/root_samples: 160
 * /depth_cbf_m25_evaluator/m25/run_id: A3_corner_oblique
 * /depth_cbf_m25_evaluator/m25/scene: A3_corner
 * /depth_cbf_m25_evaluator/m25/vertical_fov_deg: 60.0
 * /depth_cbf_m25_evaluator/m25/yaw_fov_deg: 360.0
 * /depth_cbf_m25_evaluator/max_pose_time_offset_sec: 0.025
 * /depth_cbf_m25_evaluator/noninertial_frame_id: base_link
 * /depth_cbf_m25_evaluator/quad_odom_topic: /coni_mpc/quad_odom1
 * /depth_cbf_m25_evaluator/query_mesh/half_width_steps: 2
 * /depth_cbf_m25_evaluator/query_mesh/nearest_neighbor_max_distance: 3.47
 * /depth_cbf_m25_evaluator/query_mesh/spacing: 0.15
 * /depth_cbf_m25_evaluator/regression/local_cloud_topic: /depth_cbf_cloud_...
 * /depth_cbf_m25_evaluator/regression/log_every_n_fits: 20
 * /depth_cbf_m25_evaluator/regression/max_abs_error: 0.75
 * /depth_cbf_m25_evaluator/regression/max_condition_number: 1.0e8
 * /depth_cbf_m25_evaluator/regression/max_rmse: 0.25
 * /depth_cbf_m25_evaluator/regression/query_center_topic: /depth_cbf_cloud_...
 * /depth_cbf_m25_evaluator/regression/relative_rank_tolerance: 1e-10
 * /depth_cbf_m25_evaluator/regression/subscriber_queue_size: 5
 * /depth_cbf_m25_evaluator/regression/sync_queue_size: 10
 * /depth_cbf_m25_evaluator/safety/d_safe: 0.15
 * /depth_cbf_m25_evaluator/safety/delta_surface: 0.0
 * /depth_cbf_m25_evaluator/safety/r_uav: 0.15
 * /depth_cbf_m25_evaluator/subscriber_queue_size: 20
 * /depth_cbf_m25_evaluator/sync_queue_size: 40
 * /depth_cbf_m25_evaluator/sync_slop_sec: 0.025
 * /depth_cbf_m25_evaluator/world_frame_id: map
 * /depth_cbf_m25_map_pub/map_name: <...>
 * /depth_cbf_m25_trajectory/duration_sec: 5.0
 * /depth_cbf_m25_trajectory/motion: oblique
 * /depth_cbf_m25_trajectory/scene: A3_corner
 * /depth_cbf_m25_trajectory/warmup_sec: 2.0
 * /depth_cbf_m25_trajectory/yaw_offset_deg: 0.0
 * /quad0_pcl_render_node/collision_range: 0.3
 * /quad0_pcl_render_node/collisioncheck_enable: 0
 * /quad0_pcl_render_node/curvature_limit: 100.0
 * /quad0_pcl_render_node/downsample_res: 0.1
 * /quad0_pcl_render_node/drone_id: 0
 * /quad0_pcl_render_node/dyn_mode: 0
 * /quad0_pcl_render_node/dyn_velocity: 0.0
 * /quad0_pcl_render_node/dynobj_enable: 0
 * /quad0_pcl_render_node/dynobject_num: 0
 * /quad0_pcl_render_node/dynobject_size: 0.8
 * /quad0_pcl_render_node/estimation_rate: 10.0
 * /quad0_pcl_render_node/hash_cubesize: 5.0
 * /quad0_pcl_render_node/is_360lidar: 1
 * /quad0_pcl_render_node/livox_linestep: 1.4
 * /quad0_pcl_render_node/min_raylength: 0.1
 * /quad0_pcl_render_node/output_pcd: 0
 * /quad0_pcl_render_node/polar_resolution: 0.2
 * /quad0_pcl_render_node/quadrotor_name: m25_quad0
 * /quad0_pcl_render_node/sensing_horizon: 15.0
 * /quad0_pcl_render_node/sensing_rate: 10.0
 * /quad0_pcl_render_node/uav_num: 1
 * /quad0_pcl_render_node/use_avia_pattern: 0
 * /quad0_pcl_render_node/use_minicf_pattern: 0
 * /quad0_pcl_render_node/use_os128_pattern: 1
 * /quad0_pcl_render_node/use_uav_extra_model: 0
 * /quad0_pcl_render_node/use_vlp32_pattern: 0
 * /quad0_pcl_render_node/vertical_fov: 60.0
 * /quad0_pcl_render_node/yaw_fov: 360.0
 * /rosdistro: noetic
 * /rosversion: 1.17.4

NODES
  /
    depth_cbf_m25_evaluator (coni_mpc/depth_cbf_m25_evaluation_node)
    depth_cbf_m25_map_pub (coni_mpc/depth_cbf_m25_map_publisher_node)
    depth_cbf_m25_trajectory (coni_mpc/depth_cbf_m25_trajectory_node)
    quad0_pcl_render_node (local_sensing_node/pcl_render_node)

[1mROS_MASTER_URI=http://localhost:11311[0m
]2;/home/jjm/桌面/小样本学习的去中心集群协同跟踪/marsim_ws/src/coni_mpc/launch/depth_cbf_m25.launch http://localhost:11311
[1mprocess[depth_cbf_m25_map_pub-1]: started with pid [405114][0m
[1mprocess[quad0_pcl_render_node-2]: started with pid [405115][0m
[1mprocess[depth_cbf_m25_trajectory-3]: started with pid [405116][0m
[1mprocess[depth_cbf_m25_evaluator-4]: started with pid [405124][0m
[depth_cbf_m25_evaluator-4] killing on exit
[depth_cbf_m25_trajectory-3] killing on exit
[quad0_pcl_render_node-2] killing on exit
[depth_cbf_m25_map_pub-1] killing on exit
shutting down processing monitor...
... shutting down processing monitor complete
[1mdone[0m
