WARNING: Package name "cascadePID" does not follow the naming conventions. It should start with a lower case letter and only contain lower case letters, digits, underscores, and dashes.
[INFO] [1789300123.103696738]: drone_drawpoints_num = 4,4,2, Uav points num = 32

Found pkg_path = /home/jjm/桌面/小样本学习的去中心集群协同跟踪/marsim_ws/src/MARSIM/local_sensing/data/m25_quad0_time_consumption.txt

Found pkg_path = /home/jjm/桌面/小样本学习的去中心集群协同跟踪/marsim_ws/src/MARSIM/local_sensing/data/m25_quad0_collision_check_time_consumption.txt
[WARN] [1789300123.587453686]: Global Pointcloud received..
[WARN] [1789300123.628021571]: Normal compute finished.., mapsize = 5781
[INFO] [1789300125.752266050]: Temp compute time = 0.043421, average compute time = 0.041094
[INFO] [1789300125.863212962]: Temp compute time = 0.050789, average compute time = 0.040959
[INFO] [1789300125.955312749]: Temp compute time = 0.041978, average compute time = 0.041031
[INFO] [1789300126.057942098]: Temp compute time = 0.042497, average compute time = 0.041253
[INFO] [1789300126.157412263]: Temp compute time = 0.049339, average compute time = 0.041922
[INFO] [1789300126.264352391]: Temp compute time = 0.046811, average compute time = 0.042352
[INFO] [1789300126.361760686]: Temp compute time = 0.047286, average compute time = 0.042623
[INFO] [1789300126.461050355]: Temp compute time = 0.049153, average compute time = 0.042971
[INFO] [1789300126.560255029]: Temp compute time = 0.048978, average compute time = 0.043618
[INFO] [1789300126.657531341]: Temp compute time = 0.047164, average compute time = 0.043804
[INFO] [1789300126.762740609]: Temp compute time = 0.045091, average compute time = 0.044176
[INFO] [1789300126.857820916]: Temp compute time = 0.044833, average compute time = 0.044465
[INFO] [1789300126.952939334]: Temp compute time = 0.045010, average compute time = 0.044582
[INFO] [1789300127.059755495]: Temp compute time = 0.046626, average compute time = 0.045193
[INFO] [1789300127.154578655]: Temp compute time = 0.044702, average compute time = 0.045372
[INFO] [1789300127.258505248]: Temp compute time = 0.043801, average compute time = 0.045369
[INFO] [1789300127.355245609]: Temp compute time = 0.046513, average compute time = 0.045569
[INFO] [1789300127.463172384]: Temp compute time = 0.047726, average compute time = 0.045785
[INFO] [1789300127.557957163]: Temp compute time = 0.044675, average compute time = 0.045962
[INFO] [1789300127.652108207]: Temp compute time = 0.044030, average compute time = 0.045955
[INFO] [1789300127.757750609]: Temp compute time = 0.045433, average compute time = 0.045993
[INFO] [1789300127.855568401]: Temp compute time = 0.047611, average compute time = 0.046193
[INFO] [1789300127.962170022]: Temp compute time = 0.046466, average compute time = 0.045987
[INFO] [1789300128.062769752]: Temp compute time = 0.050298, average compute time = 0.046383
[INFO] [1789300128.161368306]: Temp compute time = 0.048347, average compute time = 0.046661
[INFO] [1789300128.257271749]: Temp compute time = 0.045765, average compute time = 0.046491
[INFO] [1789300128.362657912]: Temp compute time = 0.045209, average compute time = 0.046415
[INFO] [1789300128.458786764]: Temp compute time = 0.046002, average compute time = 0.046354
[INFO] [1789300128.557267632]: Temp compute time = 0.048339, average compute time = 0.046315
[INFO] [1789300128.666860427]: Temp compute time = 0.049460, average compute time = 0.046338
[INFO] [1789300128.761036684]: Temp compute time = 0.044038, average compute time = 0.046189
[INFO] [1789300128.857261133]: Temp compute time = 0.046107, average compute time = 0.046238
[INFO] [1789300128.962665337]: Temp compute time = 0.045278, average compute time = 0.046259
[INFO] [1789300129.059254194]: Temp compute time = 0.046467, average compute time = 0.046328
[INFO] [1789300129.158435960]: Temp compute time = 0.049048, average compute time = 0.046444
[INFO] [1789300129.255969837]: Temp compute time = 0.047423, average compute time = 0.046573
[INFO] [1789300129.361676283]: Temp compute time = 0.045584, average compute time = 0.046658
[INFO] [1789300129.462815467]: Temp compute time = 0.051004, average compute time = 0.046872
[INFO] [1789300129.563438131]: Temp compute time = 0.050386, average compute time = 0.046999
[INFO] [1789300129.658505105]: Temp compute time = 0.044941, average compute time = 0.047011
[INFO] [1789300129.759388861]: Temp compute time = 0.050634, average compute time = 0.047326
[INFO] [1789300129.849466530]: Temp compute time = 0.039943, average compute time = 0.047064
[INFO] [1789300129.955003492]: Temp compute time = 0.045374, average compute time = 0.046958
[INFO] [1789300130.058690015]: Temp compute time = 0.043566, average compute time = 0.046820
[INFterminate called after throwing an instance of 'boost::wrapexcept<boost::lock_error>'
  what():  boost: mutex lock failed in pthread_mutex_lock: Invalid argument
[INFO] [1789300123.576779029]: Published latched M2.5 map /home/jjm/??????/?????????????????????????????????????????????/marsim_ws/src/coni_mpc/test_data/depth_cbf_m25/A3_corner.pcd with 9078 points
[INFO] [1789300123.082526991]: M2.5 evaluator writes /home/jjm/??????/?????????????????????????????????????????????/marsim_ws/results/depth_cbf_m25_os128/frames/A3_corner_front.csv; sole algorithm cloud input=/quad0_pcl_render_node/sensor_cloud; GT mode=A3_corner is evaluation-only.
WARNING: Package name "cascadePID" does not follow the naming conventions. It should start with a lower case letter and only contain lower case letters, digits, underscores, and dashes.
WARNING: Package name "cascadePID" does not follow the naming conventions. It should start with a lower case letter and only contain lower case letters, digits, underscores, and dashes.
[31m================================================================================REQUIRED process [depth_cbf_m25_trajectory-3] has died!
process has finished cleanly
log file: /home/jjm/.ros/log/cd794b1a-ade9-11f1-aae2-25bc297d88f9/depth_cbf_m25_trajectory-3*.log
Initiating shutdown!
================================================================================[0m
... logging to /home/jjm/.ros/log/cd794b1a-ade9-11f1-aae2-25bc297d88f9/roslaunch-jjm-404778.log
Checking log directory for disk usage. This may take a while.
Press Ctrl-C to interrupt
Done checking log file disk usage. Usage is <1GB.
]2;/home/jjm/桌面/小样本学习的去中心集群协同跟踪/marsim_ws/src/coni_mpc/launch/depth_cbf_m25.launch
[1mstarted roslaunch server http://jjm:35839/[0m

SUMMARY
========

PARAMETERS
 * /depth_cbf_m25_evaluator/car_odom_topic: /coni_mpc/car_odom
 * /depth_cbf_m25_evaluator/cloud_topic: /quad0_pcl_render...
 * /depth_cbf_m25_evaluator/debug_compare_world_cloud: True
 * /depth_cbf_m25_evaluator/debug_print_every_n_clouds: 20
 * /depth_cbf_m25_evaluator/debug_random_seed: 7
 * /depth_cbf_m25_evaluator/debug_sample_count: 3
 * /depth_cbf_m25_evaluator/debug_world_cloud_topic: /quad0_pcl_render...
 * /depth_cbf_m25_evaluator/extrinsics/rotation_BL: [1.0, 0.0, 0.0, 0...
 * /depth_cbf_m25_evaluator/extrinsics/translation_BL: [0.0, 0.0, 0.0]
 * /depth_cbf_m25_evaluator/filter/enable_ground_filter: False
 * /depth_cbf_m25_evaluator/filter/enable_voxel_filter: True
 * /depth_cbf_m25_evaluator/filter/ground_min_z_W: 0.1
 * /depth_cbf_m25_evaluator/filter/local_radius: 4.0
 * /depth_cbf_m25_evaluator/filter/max_range: 15.0
 * /depth_cbf_m25_evaluator/filter/min_range: 0.1
 * /depth_cbf_m25_evaluator/filter/voxel_leaf_size: 0.1
 * /depth_cbf_m25_evaluator/m25/gt_pcd: <...>
 * /depth_cbf_m25_evaluator/m25/max_pose_time_offset_sec: 0.025
 * /depth_cbf_m25_evaluator/m25/min_raylength: 0.1
 * /depth_cbf_m25_evaluator/m25/motion: front
 * /depth_cbf_m25_evaluator/m25/non_conservative_tolerance: 0.001
 * /depth_cbf_m25_evaluator/m25/result_root: <...>
 * /depth_cbf_m25_evaluator/m25/root_max_distance: 4.0
 * /depth_cbf_m25_evaluator/m25/root_samples: 160
 * /depth_cbf_m25_evaluator/m25/run_id: A3_corner_front
 * /depth_cbf_m25_evaluator/m25/scene: A3_corner
 * /depth_cbf_m25_evaluator/m25/vertical_fov_deg: 60.0
 * /depth_cbf_m25_evaluator/m25/yaw_fov_deg: 360.0
 * /depth_cbf_m25_evaluator/max_pose_time_offset_sec: 0.025
 * /depth_cbf_m25_evaluator/noninertial_frame_id: base_link
 * /depth_cbf_m25_evaluator/quad_odom_topic: /coni_mpc/quad_odom1
 * /depth_cbf_m25_evaluator/query_mesh/half_width_steps: 2
 * /depth_cbf_m25_evaluator/query_mesh/nearest_neighbor_max_distance: 3.47
 * /depth_cbf_m25_evaluator/query_mesh/spacing: 0.15
 * /depth_cbf_m25_evaluator/regression/local_cloud_topic: /depth_cbf_cloud_...
 * /depth_cbf_m25_evaluator/regression/log_every_n_fits: 20
 * /depth_cbf_m25_evaluator/regression/max_abs_error: 0.75
 * /depth_cbf_m25_evaluator/regression/max_condition_number: 1.0e8
 * /depth_cbf_m25_evaluator/regression/max_rmse: 0.25
 * /depth_cbf_m25_evaluator/regression/query_center_topic: /depth_cbf_cloud_...
 * /depth_cbf_m25_evaluator/regression/relative_rank_tolerance: 1e-10
 * /depth_cbf_m25_evaluator/regression/subscriber_queue_size: 5
 * /depth_cbf_m25_evaluator/regression/sync_queue_size: 10
 * /depth_cbf_m25_evaluator/safety/d_safe: 0.15
 * /depth_cbf_m25_evaluator/safety/delta_surface: 0.0
 * /depth_cbf_m25_evaluator/safety/r_uav: 0.15
 * /depth_cbf_m25_evaluator/subscriber_queue_size: 20
 * /depth_cbf_m25_evaluator/sync_queue_size: 40
 * /depth_cbf_m25_evaluator/sync_slop_sec: 0.025
 * /depth_cbf_m25_evaluator/world_frame_id: map
 * /depth_cbf_m25_map_pub/map_name: <...>
 * /depth_cbf_m25_trajectory/duration_sec: 5.0
 * /depth_cbf_m25_trajectory/motion: front
 * /depth_cbf_m25_trajectory/scene: A3_corner
 * /depth_cbf_m25_trajectory/warmup_sec: 2.0
 * /depth_cbf_m25_trajectory/yaw_offset_deg: 0.0
 * /quad0_pcl_render_node/collision_range: 0.3
 * /quad0_pcl_render_node/collisioncheck_enable: 0
 * /quad0_pcl_render_node/curvature_limit: 100.0
 * /quad0_pcl_render_node/downsample_res: 0.1
 * /quad0_pcl_render_node/drone_id: 0
 * /quad0_pcl_render_node/dyn_mode: 0
 * /quad0_pcl_render_node/dyn_velocity: 0.0
 * /quad0_pcl_render_node/dynobj_enable: 0
 * /quad0_pcl_render_node/dynobject_num: 0
 * /quad0_pcl_render_node/dynobject_size: 0.8
 * /quad0_pcl_render_node/estimation_rate: 10.0
 * /quad0_pcl_render_node/hash_cubesize: 5.0
 * /quad0_pcl_render_node/is_360lidar: 1
 * /quad0_pcl_render_node/livox_linestep: 1.4
 * /quad0_pcl_render_node/min_raylength: 0.1
 * /quad0_pcl_render_node/output_pcd: 0
 * /quad0_pcl_render_node/polar_resolution: 0.2
 * /quad0_pcl_render_node/quadrotor_name: m25_quad0
 * /quad0_pcl_render_node/sensing_horizon: 15.0
 * /quad0_pcl_render_node/sensing_rate: 10.0
 * /quad0_pcl_render_node/uav_num: 1
 * /quad0_pcl_render_node/use_avia_pattern: 0
 * /quad0_pcl_render_node/use_minicf_pattern: 0
 * /quad0_pcl_render_node/use_os128_pattern: 1
 * /quad0_pcl_render_node/use_uav_extra_model: 0
 * /quad0_pcl_render_node/use_vlp32_pattern: 0
 * /quad0_pcl_render_node/vertical_fov: 60.0
 * /quad0_pcl_render_node/yaw_fov: 360.0
 * /rosdistro: noetic
 * /rosversion: 1.17.4

NODES
  /
    depth_cbf_m25_evaluator (coni_mpc/depth_cbf_m25_evaluation_node)
    depth_cbf_m25_map_pub (coni_mpc/depth_cbf_m25_map_publisher_node)
    depth_cbf_m25_trajectory (coni_mpc/depth_cbf_m25_trajectory_node)
    quad0_pcl_render_node (local_sensing_node/pcl_render_node)

[1mROS_MASTER_URI=http://localhost:11311[0m
]2;/home/jjm/桌面/小样本学习的去中心集群协同跟踪/marsim_ws/src/coni_mpc/launch/depth_cbf_m25.launch http://localhost:11311
[1mprocess[depth_cbf_m25_map_pub-1]: started with pid [404822][0m
[1mprocess[quad0_pcl_render_node-2]: started with pid [404823][0m
[1mprocess[depth_cbf_m25_trajectory-3]: started with pid [404824][0m
[1mprocess[depth_cbf_m25_evaluator-4]: started with pid [404825][0m
[depth_cbf_m25_evaluator-4] killing on exit
[depth_cbf_m25_trajectory-3] killing on exit
[quad0_pcl_render_node-2] killing on exit
[depth_cbf_m25_map_pub-1] killing on exit
shutting down processing monitor...
... shutting down processing monitor complete
[1mdone[0m
