WARNING: Package name "cascadePID" does not follow the naming conventions. It should start with a lower case letter and only contain lower case letters, digits, underscores, and dashes.
[INFO] [1789300148.973992116]: drone_drawpoints_num = 4,4,2, Uav points num = 32

Found pkg_path = /home/jjm/桌面/小样本学习的去中心集群协同跟踪/marsim_ws/src/MARSIM/local_sensing/data/m25_quad0_time_consumption.txt

Found pkg_path = /home/jjm/桌面/小样本学习的去中心集群协同跟踪/marsim_ws/src/MARSIM/local_sensing/data/m25_quad0_collision_check_time_consumption.txt
[WARN] [1789300149.452708080]: Global Pointcloud received..
[WARN] [1789300149.461956359]: Normal compute finished.., mapsize = 5781
[INFO] [1789300151.620444623]: Temp compute time = 0.041458, average compute time = 0.033743
[INFO] [1789300151.721359038]: Temp compute time = 0.040051, average compute time = 0.033720
[INFO] [1789300151.825179224]: Temp compute time = 0.042552, average compute time = 0.034304
[INFO] [1789300151.921925630]: Temp compute time = 0.036638, average compute time = 0.034725
[INFO] [1789300152.018824427]: Temp compute time = 0.036787, average compute time = 0.035192
[INFO] [1789300152.116616645]: Temp compute time = 0.037668, average compute time = 0.035416
[INFO] [1789300152.213632498]: Temp compute time = 0.036896, average compute time = 0.035720
[INFO] [1789300152.323457320]: Temp compute time = 0.039699, average compute time = 0.035925
[INFO] [1789300152.421637248]: Temp compute time = 0.037987, average compute time = 0.036402
[INFO] [1789300152.519315337]: Temp compute time = 0.037518, average compute time = 0.036652
[INFO] [1789300152.619312193]: Temp compute time = 0.039872, average compute time = 0.037072
[INFO] [1789300152.720446689]: Temp compute time = 0.041012, average compute time = 0.037384
[INFO] [1789300152.817515668]: Temp compute time = 0.036922, average compute time = 0.037780
[INFO] [1789300152.914989196]: Temp compute time = 0.037355, average compute time = 0.038148
[INFO] [1789300153.029703528]: Temp compute time = 0.044603, average compute time = 0.038623
[INFO] [1789300153.119734758]: Temp compute time = 0.039798, average compute time = 0.038789
[INFO] [1789300153.220905316]: Temp compute time = 0.041048, average compute time = 0.039130
[INFO] [1789300153.320937764]: Temp compute time = 0.039921, average compute time = 0.039352
[INFO] [1789300153.419884578]: Temp compute time = 0.038795, average compute time = 0.039553
[INFO] [1789300153.522634492]: Temp compute time = 0.042632, average compute time = 0.039509
[INFO] [1789300153.622390467]: Temp compute time = 0.039645, average compute time = 0.039469
[INFO] [1789300153.724939057]: Temp compute time = 0.042421, average compute time = 0.039515
[INFO] [1789300153.823650569]: Temp compute time = 0.038591, average compute time = 0.039446
[INFO] [1789300153.927245771]: Temp compute time = 0.043405, average compute time = 0.039486
[INFO] [1789300154.016112058]: Temp compute time = 0.038743, average compute time = 0.039587
[INFO] [1789300154.118440908]: Temp compute time = 0.042212, average compute time = 0.039845
[INFO] [1789300154.221063117]: Temp compute time = 0.042384, average compute time = 0.040069
[INFO] [1789300154.323096149]: Temp compute time = 0.041915, average compute time = 0.040308
[INFO] [1789300154.424457722]: Temp compute time = 0.041250, average compute time = 0.040382
[INFO] [1789300154.524297016]: Temp compute time = 0.039721, average compute time = 0.040465
[INFO] [1789300154.628134510]: Temp compute time = 0.043632, average compute time = 0.040756
[INFO] [1789300154.718179310]: Temp compute time = 0.039887, average compute time = 0.040757
[INFO] [1789300154.822433410]: Temp compute time = 0.044133, average compute time = 0.040905
[INFO] [1789300154.926860954]: Temp compute time = 0.044299, average compute time = 0.041257
[INFO] [1789300155.024253729]: Temp compute time = 0.047249, average compute time = 0.041728
[INFO] [1789300155.124547190]: Temp compute time = 0.040186, average compute time = 0.041517
[INFO] [1789300155.227299527]: Temp compute time = 0.042637, average compute time = 0.041653
[INFO] [1789300155.319641980]: Temp compute time = 0.042212, average compute time = 0.041708
[INFO] [1789300155.421708965]: Temp compute time = 0.041939, average compute time = 0.041804
[INFO] [1789300155.522613069]: Temp compute time = 0.040669, average compute time = 0.041893
[INFO] [1789300155.624822785]: Temp compute time = 0.042088, average compute time = 0.041868
[INFO] [1789300155.728982624]: Temp compute time = 0.044039, average compute time = 0.042077
[INFO] [1789300155.825170389]: Temp compute time = 0.046054, average compute time = 0.042250
[INFO] [1789300155.917057533]: Temp compute time = 0.031769, average compute time = 0.041925
[INFterminate called after throwing an instance of 'boost::wrapexcept<boost::lock_error>'
  what():  boost: mutex lock failed in pthread_mutex_lock: Invalid argument
[INFO] [1789300148.948291861]: M2.5 evaluator writes /home/jjm/??????/?????????????????????????????????????????????/marsim_ws/results/depth_cbf_m25_os128/frames/A3_corner_switching.csv; sole algorithm cloud input=/quad0_pcl_render_node/sensor_cloud; GT mode=A3_corner is evaluation-only.
[INFO] [1789300149.446623168]: Published latched M2.5 map /home/jjm/??????/?????????????????????????????????????????????/marsim_ws/src/coni_mpc/test_data/depth_cbf_m25/A3_corner.pcd with 9078 points
WARNING: Package name "cascadePID" does not follow the naming conventions. It should start with a lower case letter and only contain lower case letters, digits, underscores, and dashes.
WARNING: Package name "cascadePID" does not follow the naming conventions. It should start with a lower case letter and only contain lower case letters, digits, underscores, and dashes.
[31m================================================================================REQUIRED process [depth_cbf_m25_trajectory-3] has died!
process has finished cleanly
log file: /home/jjm/.ros/log/cd794b1a-ade9-11f1-aae2-25bc297d88f9/depth_cbf_m25_trajectory-3*.log
Initiating shutdown!
================================================================================[0m
... logging to /home/jjm/.ros/log/cd794b1a-ade9-11f1-aae2-25bc297d88f9/roslaunch-jjm-405201.log
Checking log directory for disk usage. This may take a while.
Press Ctrl-C to interrupt
Done checking log file disk usage. Usage is <1GB.
]2;/home/jjm/桌面/小样本学习的去中心集群协同跟踪/marsim_ws/src/coni_mpc/launch/depth_cbf_m25.launch
[1mstarted roslaunch server http://jjm:34685/[0m

SUMMARY
========

PARAMETERS
 * /depth_cbf_m25_evaluator/car_odom_topic: /coni_mpc/car_odom
 * /depth_cbf_m25_evaluator/cloud_topic: /quad0_pcl_render...
 * /depth_cbf_m25_evaluator/debug_compare_world_cloud: True
 * /depth_cbf_m25_evaluator/debug_print_every_n_clouds: 20
 * /depth_cbf_m25_evaluator/debug_random_seed: 7
 * /depth_cbf_m25_evaluator/debug_sample_count: 3
 * /depth_cbf_m25_evaluator/debug_world_cloud_topic: /quad0_pcl_render...
 * /depth_cbf_m25_evaluator/extrinsics/rotation_BL: [1.0, 0.0, 0.0, 0...
 * /depth_cbf_m25_evaluator/extrinsics/translation_BL: [0.0, 0.0, 0.0]
 * /depth_cbf_m25_evaluator/filter/enable_ground_filter: False
 * /depth_cbf_m25_evaluator/filter/enable_voxel_filter: True
 * /depth_cbf_m25_evaluator/filter/ground_min_z_W: 0.1
 * /depth_cbf_m25_evaluator/filter/local_radius: 4.0
 * /depth_cbf_m25_evaluator/filter/max_range: 15.0
 * /depth_cbf_m25_evaluator/filter/min_range: 0.1
 * /depth_cbf_m25_evaluator/filter/voxel_leaf_size: 0.1
 * /depth_cbf_m25_evaluator/m25/gt_pcd: <...>
 * /depth_cbf_m25_evaluator/m25/max_pose_time_offset_sec: 0.025
 * /depth_cbf_m25_evaluator/m25/min_raylength: 0.1
 * /depth_cbf_m25_evaluator/m25/motion: switching
 * /depth_cbf_m25_evaluator/m25/non_conservative_tolerance: 0.001
 * /depth_cbf_m25_evaluator/m25/result_root: <...>
 * /depth_cbf_m25_evaluator/m25/root_max_distance: 4.0
 * /depth_cbf_m25_evaluator/m25/root_samples: 160
 * /depth_cbf_m25_evaluator/m25/run_id: A3_corner_switching
 * /depth_cbf_m25_evaluator/m25/scene: A3_corner
 * /depth_cbf_m25_evaluator/m25/vertical_fov_deg: 60.0
 * /depth_cbf_m25_evaluator/m25/yaw_fov_deg: 360.0
 * /depth_cbf_m25_evaluator/max_pose_time_offset_sec: 0.025
 * /depth_cbf_m25_evaluator/noninertial_frame_id: base_link
 * /depth_cbf_m25_evaluator/quad_odom_topic: /coni_mpc/quad_odom1
 * /depth_cbf_m25_evaluator/query_mesh/half_width_steps: 2
 * /depth_cbf_m25_evaluator/query_mesh/nearest_neighbor_max_distance: 3.47
 * /depth_cbf_m25_evaluator/query_mesh/spacing: 0.15
 * /depth_cbf_m25_evaluator/regression/local_cloud_topic: /depth_cbf_cloud_...
 * /depth_cbf_m25_evaluator/regression/log_every_n_fits: 20
 * /depth_cbf_m25_evaluator/regression/max_abs_error: 0.75
 * /depth_cbf_m25_evaluator/regression/max_condition_number: 1.0e8
 * /depth_cbf_m25_evaluator/regression/max_rmse: 0.25
 * /depth_cbf_m25_evaluator/regression/query_center_topic: /depth_cbf_cloud_...
 * /depth_cbf_m25_evaluator/regression/relative_rank_tolerance: 1e-10
 * /depth_cbf_m25_evaluator/regression/subscriber_queue_size: 5
 * /depth_cbf_m25_evaluator/regression/sync_queue_size: 10
 * /depth_cbf_m25_evaluator/safety/d_safe: 0.15
 * /depth_cbf_m25_evaluator/safety/delta_surface: 0.0
 * /depth_cbf_m25_evaluator/safety/r_uav: 0.15
 * /depth_cbf_m25_evaluator/subscriber_queue_size: 20
 * /depth_cbf_m25_evaluator/sync_queue_size: 40
 * /depth_cbf_m25_evaluator/sync_slop_sec: 0.025
 * /depth_cbf_m25_evaluator/world_frame_id: map
 * /depth_cbf_m25_map_pub/map_name: <...>
 * /depth_cbf_m25_trajectory/duration_sec: 5.0
 * /depth_cbf_m25_trajectory/motion: switching
 * /depth_cbf_m25_trajectory/scene: A3_corner
 * /depth_cbf_m25_trajectory/warmup_sec: 2.0
 * /depth_cbf_m25_trajectory/yaw_offset_deg: 0.0
 * /quad0_pcl_render_node/collision_range: 0.3
 * /quad0_pcl_render_node/collisioncheck_enable: 0
 * /quad0_pcl_render_node/curvature_limit: 100.0
 * /quad0_pcl_render_node/downsample_res: 0.1
 * /quad0_pcl_render_node/drone_id: 0
 * /quad0_pcl_render_node/dyn_mode: 0
 * /quad0_pcl_render_node/dyn_velocity: 0.0
 * /quad0_pcl_render_node/dynobj_enable: 0
 * /quad0_pcl_render_node/dynobject_num: 0
 * /quad0_pcl_render_node/dynobject_size: 0.8
 * /quad0_pcl_render_node/estimation_rate: 10.0
 * /quad0_pcl_render_node/hash_cubesize: 5.0
 * /quad0_pcl_render_node/is_360lidar: 1
 * /quad0_pcl_render_node/livox_linestep: 1.4
 * /quad0_pcl_render_node/min_raylength: 0.1
 * /quad0_pcl_render_node/output_pcd: 0
 * /quad0_pcl_render_node/polar_resolution: 0.2
 * /quad0_pcl_render_node/quadrotor_name: m25_quad0
 * /quad0_pcl_render_node/sensing_horizon: 15.0
 * /quad0_pcl_render_node/sensing_rate: 10.0
 * /quad0_pcl_render_node/uav_num: 1
 * /quad0_pcl_render_node/use_avia_pattern: 0
 * /quad0_pcl_render_node/use_minicf_pattern: 0
 * /quad0_pcl_render_node/use_os128_pattern: 1
 * /quad0_pcl_render_node/use_uav_extra_model: 0
 * /quad0_pcl_render_node/use_vlp32_pattern: 0
 * /quad0_pcl_render_node/vertical_fov: 60.0
 * /quad0_pcl_render_node/yaw_fov: 360.0
 * /rosdistro: noetic
 * /rosversion: 1.17.4

NODES
  /
    depth_cbf_m25_evaluator (coni_mpc/depth_cbf_m25_evaluation_node)
    depth_cbf_m25_map_pub (coni_mpc/depth_cbf_m25_map_publisher_node)
    depth_cbf_m25_trajectory (coni_mpc/depth_cbf_m25_trajectory_node)
    quad0_pcl_render_node (local_sensing_node/pcl_render_node)

[1mROS_MASTER_URI=http://localhost:11311[0m
]2;/home/jjm/桌面/小样本学习的去中心集群协同跟踪/marsim_ws/src/coni_mpc/launch/depth_cbf_m25.launch http://localhost:11311
[1mprocess[depth_cbf_m25_map_pub-1]: started with pid [405245][0m
[1mprocess[quad0_pcl_render_node-2]: started with pid [405246][0m
[1mprocess[depth_cbf_m25_trajectory-3]: started with pid [405247][0m
[1mprocess[depth_cbf_m25_evaluator-4]: started with pid [405248][0m
[depth_cbf_m25_evaluator-4] killing on exit
[depth_cbf_m25_trajectory-3] killing on exit
[quad0_pcl_render_node-2] killing on exit
[depth_cbf_m25_map_pub-1] killing on exit
shutting down processing monitor...
... shutting down processing monitor complete
[1mdone[0m
