WARNING: Package name "cascadePID" does not follow the naming conventions. It should start with a lower case letter and only contain lower case letters, digits, underscores, and dashes.
[INFO] [1789300166.134244948]: drone_drawpoints_num = 4,4,2, Uav points num = 32

Found pkg_path = /home/jjm/桌面/小样本学习的去中心集群协同跟踪/marsim_ws/src/MARSIM/local_sensing/data/m25_quad0_time_consumption.txt

Found pkg_path = /home/jjm/桌面/小样本学习的去中心集群协同跟踪/marsim_ws/src/MARSIM/local_sensing/data/m25_quad0_collision_check_time_consumption.txt
[WARN] [1789300166.633857546]: Global Pointcloud received..
[WARN] [1789300166.655177221]: Normal compute finished.., mapsize = 4756
[INFO] [1789300168.801849830]: Temp compute time = 0.059197, average compute time = 0.060772
[INFO] [1789300168.927635328]: Temp compute time = 0.084973, average compute time = 0.060953
[INFO] [1789300168.988009546]: Temp compute time = 0.049238, average compute time = 0.060234
[INFO] [1789300169.118714503]: Temp compute time = 0.079878, average compute time = 0.060987
[INFO] [1789300169.178240799]: Temp compute time = 0.038726, average compute time = 0.059480
[INFO] [1789300169.326378739]: Temp compute time = 0.087209, average compute time = 0.062657
[INFO] [1789300169.370379135]: Temp compute time = 0.033075, average compute time = 0.062810
[INFO] [1789300169.504340225]: Temp compute time = 0.063300, average compute time = 0.063753
[INFO] [1789300169.615471883]: Temp compute time = 0.070373, average compute time = 0.065488
[INFO] [1789300169.708569584]: Temp compute time = 0.062338, average compute time = 0.064752
[INFO] [1789300169.819390110]: Temp compute time = 0.079783, average compute time = 0.066650
[INFO] [1789300169.871041949]: Temp compute time = 0.031215, average compute time = 0.064790
[INFO] [1789300170.025542399]: Temp compute time = 0.084033, average compute time = 0.065348
[INFO] [1789300170.084408714]: Temp compute time = 0.048094, average compute time = 0.064415
[INFO] [1789300170.218079105]: Temp compute time = 0.073424, average compute time = 0.064400
[INFO] [1789300170.283878844]: Temp compute time = 0.045665, average compute time = 0.063379
[INFO] [1789300170.393627936]: Temp compute time = 0.049613, average compute time = 0.062226
[INFO] [1789300170.486396967]: Temp compute time = 0.042637, average compute time = 0.061317
[INFO] [1789300170.607513004]: Temp compute time = 0.070991, average compute time = 0.060852
[INFO] [1789300170.691677069]: Temp compute time = 0.054008, average compute time = 0.061636
[INFO] [1789300170.823218037]: Temp compute time = 0.080285, average compute time = 0.061336
[INFO] [1789300170.889725540]: Temp compute time = 0.046248, average compute time = 0.060719
[INFO] [1789300171.014906599]: Temp compute time = 0.075046, average compute time = 0.060247
[INFO] [1789300171.098143881]: Temp compute time = 0.052982, average compute time = 0.060425
[INFO] [1789300171.215635749]: Temp compute time = 0.077344, average compute time = 0.060304
[INFO] [1789300171.270411254]: Temp compute time = 0.024611, average compute time = 0.059632
[INFO] [1789300171.386614059]: Temp compute time = 0.046042, average compute time = 0.057672
[INFO] [1789300171.465506777]: Temp compute time = 0.028773, average compute time = 0.057467
[INFO] [1789300171.627795327]: Temp compute time = 0.082156, average compute time = 0.058365
[INFO] [1789300171.670165017]: Temp compute time = 0.032253, average compute time = 0.056549
[INFO] [1789300171.813678683]: Temp compute time = 0.073389, average compute time = 0.057076
[INFO] [1789300171.883485818]: Temp compute time = 0.039659, average compute time = 0.055165
[INFO] [1789300172.012867494]: Temp compute time = 0.068695, average compute time = 0.056950
[INFO] [1789300172.107599680]: Temp compute time = 0.064608, average compute time = 0.056025
[INFO] [1789300172.203532313]: Temp compute time = 0.065824, average compute time = 0.056869
[INFO] [1789300172.317531809]: Temp compute time = 0.073861, average compute time = 0.056890
[INFO] [1789300172.370665700]: Temp compute time = 0.032876, average compute time = 0.056281
[INFO] [1789300172.515509630]: Temp compute time = 0.074718, average compute time = 0.057476
[INFO] [1789300172.605310840]: Temp compute time = 0.059582, average compute time = 0.058283
[INFO] [1789300172.720078537]: Temp compute time = 0.074025, average compute time = 0.058428
[INFO] [1789300172.802514519]: Temp compute time = 0.062284, average compute time = 0.058822
[INFO] [1789300172.920201174]: Temp compute time = 0.077505, average compute time = 0.058689
[INFO] [1789300173.004999959]: Temp compute time = 0.064539, average compute time = 0.059560
[INFO] [1789300173.120700175]: Temp compute time = 0.075121, average compute time = 0.059564
[INF[INFO] [1789300166.110218942]: M2.5 evaluator writes /home/jjm/??????/?????????????????????????????????????????????/marsim_ws/results/depth_cbf_m25_os128/frames/A4_switch_parallel.csv; sole algorithm cloud input=/quad0_pcl_render_node/sensor_cloud; GT mode=A4_switch is evaluation-only.
[INFO] [1789300166.626979651]: Published latched M2.5 map /home/jjm/??????/?????????????????????????????????????????????/marsim_ws/src/coni_mpc/test_data/depth_cbf_m25/A4_switch.pcd with 18360 points
terminate called after throwing an instance of 'boost::wrapexcept<boost::lock_error>'
  what():  boost: mutex lock failed in pthread_mutex_lock: Invalid argument
WARNING: Package name "cascadePID" does not follow the naming conventions. It should start with a lower case letter and only contain lower case letters, digits, underscores, and dashes.
WARNING: Package name "cascadePID" does not follow the naming conventions. It should start with a lower case letter and only contain lower case letters, digits, underscores, and dashes.
[31m================================================================================REQUIRED process [depth_cbf_m25_trajectory-3] has died!
process has finished cleanly
log file: /home/jjm/.ros/log/cd794b1a-ade9-11f1-aae2-25bc297d88f9/depth_cbf_m25_trajectory-3*.log
Initiating shutdown!
================================================================================[0m
... logging to /home/jjm/.ros/log/cd794b1a-ade9-11f1-aae2-25bc297d88f9/roslaunch-jjm-405503.log
Checking log directory for disk usage. This may take a while.
Press Ctrl-C to interrupt
Done checking log file disk usage. Usage is <1GB.
]2;/home/jjm/桌面/小样本学习的去中心集群协同跟踪/marsim_ws/src/coni_mpc/launch/depth_cbf_m25.launch
[1mstarted roslaunch server http://jjm:39901/[0m

SUMMARY
========

PARAMETERS
 * /depth_cbf_m25_evaluator/car_odom_topic: /coni_mpc/car_odom
 * /depth_cbf_m25_evaluator/cloud_topic: /quad0_pcl_render...
 * /depth_cbf_m25_evaluator/debug_compare_world_cloud: True
 * /depth_cbf_m25_evaluator/debug_print_every_n_clouds: 20
 * /depth_cbf_m25_evaluator/debug_random_seed: 7
 * /depth_cbf_m25_evaluator/debug_sample_count: 3
 * /depth_cbf_m25_evaluator/debug_world_cloud_topic: /quad0_pcl_render...
 * /depth_cbf_m25_evaluator/extrinsics/rotation_BL: [1.0, 0.0, 0.0, 0...
 * /depth_cbf_m25_evaluator/extrinsics/translation_BL: [0.0, 0.0, 0.0]
 * /depth_cbf_m25_evaluator/filter/enable_ground_filter: False
 * /depth_cbf_m25_evaluator/filter/enable_voxel_filter: True
 * /depth_cbf_m25_evaluator/filter/ground_min_z_W: 0.1
 * /depth_cbf_m25_evaluator/filter/local_radius: 4.0
 * /depth_cbf_m25_evaluator/filter/max_range: 15.0
 * /depth_cbf_m25_evaluator/filter/min_range: 0.1
 * /depth_cbf_m25_evaluator/filter/voxel_leaf_size: 0.1
 * /depth_cbf_m25_evaluator/m25/gt_pcd: <...>
 * /depth_cbf_m25_evaluator/m25/max_pose_time_offset_sec: 0.025
 * /depth_cbf_m25_evaluator/m25/min_raylength: 0.1
 * /depth_cbf_m25_evaluator/m25/motion: parallel
 * /depth_cbf_m25_evaluator/m25/non_conservative_tolerance: 0.001
 * /depth_cbf_m25_evaluator/m25/result_root: <...>
 * /depth_cbf_m25_evaluator/m25/root_max_distance: 4.0
 * /depth_cbf_m25_evaluator/m25/root_samples: 160
 * /depth_cbf_m25_evaluator/m25/run_id: A4_switch_parallel
 * /depth_cbf_m25_evaluator/m25/scene: A4_switch
 * /depth_cbf_m25_evaluator/m25/vertical_fov_deg: 60.0
 * /depth_cbf_m25_evaluator/m25/yaw_fov_deg: 360.0
 * /depth_cbf_m25_evaluator/max_pose_time_offset_sec: 0.025
 * /depth_cbf_m25_evaluator/noninertial_frame_id: base_link
 * /depth_cbf_m25_evaluator/quad_odom_topic: /coni_mpc/quad_odom1
 * /depth_cbf_m25_evaluator/query_mesh/half_width_steps: 2
 * /depth_cbf_m25_evaluator/query_mesh/nearest_neighbor_max_distance: 3.47
 * /depth_cbf_m25_evaluator/query_mesh/spacing: 0.15
 * /depth_cbf_m25_evaluator/regression/local_cloud_topic: /depth_cbf_cloud_...
 * /depth_cbf_m25_evaluator/regression/log_every_n_fits: 20
 * /depth_cbf_m25_evaluator/regression/max_abs_error: 0.75
 * /depth_cbf_m25_evaluator/regression/max_condition_number: 1.0e8
 * /depth_cbf_m25_evaluator/regression/max_rmse: 0.25
 * /depth_cbf_m25_evaluator/regression/query_center_topic: /depth_cbf_cloud_...
 * /depth_cbf_m25_evaluator/regression/relative_rank_tolerance: 1e-10
 * /depth_cbf_m25_evaluator/regression/subscriber_queue_size: 5
 * /depth_cbf_m25_evaluator/regression/sync_queue_size: 10
 * /depth_cbf_m25_evaluator/safety/d_safe: 0.15
 * /depth_cbf_m25_evaluator/safety/delta_surface: 0.0
 * /depth_cbf_m25_evaluator/safety/r_uav: 0.15
 * /depth_cbf_m25_evaluator/subscriber_queue_size: 20
 * /depth_cbf_m25_evaluator/sync_queue_size: 40
 * /depth_cbf_m25_evaluator/sync_slop_sec: 0.025
 * /depth_cbf_m25_evaluator/world_frame_id: map
 * /depth_cbf_m25_map_pub/map_name: <...>
 * /depth_cbf_m25_trajectory/duration_sec: 5.0
 * /depth_cbf_m25_trajectory/motion: parallel
 * /depth_cbf_m25_trajectory/scene: A4_switch
 * /depth_cbf_m25_trajectory/warmup_sec: 2.0
 * /depth_cbf_m25_trajectory/yaw_offset_deg: 0.0
 * /quad0_pcl_render_node/collision_range: 0.3
 * /quad0_pcl_render_node/collisioncheck_enable: 0
 * /quad0_pcl_render_node/curvature_limit: 100.0
 * /quad0_pcl_render_node/downsample_res: 0.1
 * /quad0_pcl_render_node/drone_id: 0
 * /quad0_pcl_render_node/dyn_mode: 0
 * /quad0_pcl_render_node/dyn_velocity: 0.0
 * /quad0_pcl_render_node/dynobj_enable: 0
 * /quad0_pcl_render_node/dynobject_num: 0
 * /quad0_pcl_render_node/dynobject_size: 0.8
 * /quad0_pcl_render_node/estimation_rate: 10.0
 * /quad0_pcl_render_node/hash_cubesize: 5.0
 * /quad0_pcl_render_node/is_360lidar: 1
 * /quad0_pcl_render_node/livox_linestep: 1.4
 * /quad0_pcl_render_node/min_raylength: 0.1
 * /quad0_pcl_render_node/output_pcd: 0
 * /quad0_pcl_render_node/polar_resolution: 0.2
 * /quad0_pcl_render_node/quadrotor_name: m25_quad0
 * /quad0_pcl_render_node/sensing_horizon: 15.0
 * /quad0_pcl_render_node/sensing_rate: 10.0
 * /quad0_pcl_render_node/uav_num: 1
 * /quad0_pcl_render_node/use_avia_pattern: 0
 * /quad0_pcl_render_node/use_minicf_pattern: 0
 * /quad0_pcl_render_node/use_os128_pattern: 1
 * /quad0_pcl_render_node/use_uav_extra_model: 0
 * /quad0_pcl_render_node/use_vlp32_pattern: 0
 * /quad0_pcl_render_node/vertical_fov: 60.0
 * /quad0_pcl_render_node/yaw_fov: 360.0
 * /rosdistro: noetic
 * /rosversion: 1.17.4

NODES
  /
    depth_cbf_m25_evaluator (coni_mpc/depth_cbf_m25_evaluation_node)
    depth_cbf_m25_map_pub (coni_mpc/depth_cbf_m25_map_publisher_node)
    depth_cbf_m25_trajectory (coni_mpc/depth_cbf_m25_trajectory_node)
    quad0_pcl_render_node (local_sensing_node/pcl_render_node)

[1mROS_MASTER_URI=http://localhost:11311[0m
]2;/home/jjm/桌面/小样本学习的去中心集群协同跟踪/marsim_ws/src/coni_mpc/launch/depth_cbf_m25.launch http://localhost:11311
[1mprocess[depth_cbf_m25_map_pub-1]: started with pid [405547][0m
[1mprocess[quad0_pcl_render_node-2]: started with pid [405548][0m
[1mprocess[depth_cbf_m25_trajectory-3]: started with pid [405549][0m
[1mprocess[depth_cbf_m25_evaluator-4]: started with pid [405550][0m
[depth_cbf_m25_evaluator-4] killing on exit
[depth_cbf_m25_trajectory-3] killing on exit
[quad0_pcl_render_node-2] killing on exit
[depth_cbf_m25_map_pub-1] killing on exit
shutting down processing monitor...
... shutting down processing monitor complete
[1mdone[0m
