WARNING: Package name "cascadePID" does not follow the naming conventions. It should start with a lower case letter and only contain lower case letters, digits, underscores, and dashes.
[INFO] [1789300174.645063626]: drone_drawpoints_num = 4,4,2, Uav points num = 32

Found pkg_path = /home/jjm/桌面/小样本学习的去中心集群协同跟踪/marsim_ws/src/MARSIM/local_sensing/data/m25_quad0_time_consumption.txt

Found pkg_path = /home/jjm/桌面/小样本学习的去中心集群协同跟踪/marsim_ws/src/MARSIM/local_sensing/data/m25_quad0_collision_check_time_consumption.txt
[WARN] [1789300175.145690820]: Global Pointcloud received..
[WARN] [1789300175.180491699]: Normal compute finished.., mapsize = 4756
[INFO] [1789300177.317807790]: Temp compute time = 0.070048, average compute time = 0.063402
[INFO] [1789300177.408662290]: Temp compute time = 0.060022, average compute time = 0.062565
[INFO] [1789300177.526185307]: Temp compute time = 0.076253, average compute time = 0.064473
[INFO] [1789300177.639187068]: Temp compute time = 0.082013, average compute time = 0.065409
[INFO] [1789300177.689113436]: Temp compute time = 0.039017, average compute time = 0.064270
[INFO] [1789300177.831083608]: Temp compute time = 0.081072, average compute time = 0.064445
[INFO] [1789300177.908805971]: Temp compute time = 0.056289, average compute time = 0.064191
[INFO] [1789300178.030259171]: Temp compute time = 0.080627, average compute time = 0.064833
[INFO] [1789300178.083333053]: Temp compute time = 0.032327, average compute time = 0.063284
[INFO] [1789300178.238328955]: Temp compute time = 0.083799, average compute time = 0.063704
[INFO] [1789300178.280438305]: Temp compute time = 0.031200, average compute time = 0.063439
[INFO] [1789300178.378527903]: Temp compute time = 0.027430, average compute time = 0.061190
[INFO] [1789300178.537195853]: Temp compute time = 0.087750, average compute time = 0.063748
[INFO] [1789300178.577721312]: Temp compute time = 0.029879, average compute time = 0.061554
[INFO] [1789300178.723807042]: Temp compute time = 0.075192, average compute time = 0.062009
[INFO] [1789300178.803534284]: Temp compute time = 0.048927, average compute time = 0.061526
[INFO] [1789300178.947381174]: Temp compute time = 0.093097, average compute time = 0.062527
[INFO] [1789300178.987753525]: Temp compute time = 0.029546, average compute time = 0.060962
[INFO] [1789300179.126162692]: Temp compute time = 0.077620, average compute time = 0.061684
[INFO] [1789300179.219817478]: Temp compute time = 0.062823, average compute time = 0.061436
[INFO] [1789300179.323769808]: Temp compute time = 0.073254, average compute time = 0.061818
[INFO] [1789300179.388229386]: Temp compute time = 0.033707, average compute time = 0.060088
[INFO] [1789300179.478105636]: Temp compute time = 0.028829, average compute time = 0.058602
[INFO] [1789300179.632102664]: Temp compute time = 0.083224, average compute time = 0.058934
[INFO] [1789300179.687063079]: Temp compute time = 0.034003, average compute time = 0.056648
[INFO] [1789300179.832266824]: Temp compute time = 0.084432, average compute time = 0.058811
[INFO] [1789300179.913974622]: Temp compute time = 0.061253, average compute time = 0.057867
[INFO] [1789300180.032691641]: Temp compute time = 0.078429, average compute time = 0.058921
[INFO] [1789300180.095407656]: Temp compute time = 0.042562, average compute time = 0.057109
[INFO] [1789300180.233479517]: Temp compute time = 0.077950, average compute time = 0.059281
[INFO] [1789300180.313512088]: Temp compute time = 0.059153, average compute time = 0.058108
[INFO] [1789300180.403637066]: Temp compute time = 0.049986, average compute time = 0.059002
[INFO] [1789300180.522083616]: Temp compute time = 0.068290, average compute time = 0.060948
[INFO] [1789300180.604176582]: Temp compute time = 0.051959, average compute time = 0.059244
[INFO] [1789300180.727418006]: Temp compute time = 0.073096, average compute time = 0.061302
[INFO] [1789300180.781190094]: Temp compute time = 0.033659, average compute time = 0.059324
[INFO] [1789300180.909560743]: Temp compute time = 0.058142, average compute time = 0.059763
[INFO] [1789300181.025222673]: Temp compute time = 0.074843, average compute time = 0.058893
[INFO] [1789300181.120610656]: Temp compute time = 0.065247, average compute time = 0.060593
[INFO] [1789300181.214706932]: Temp compute time = 0.063958, average compute time = 0.059943
[INFO] [1789300181.326242336]: Temp compute time = 0.071385, average compute time = 0.060351
[INFO] [1789300181.428750509]: Temp compute time = 0.072358, average compute time = 0.060308
[INFO] [1789300181.512703972]: Temp compute time = 0.063807, average compute time = 0.061741
[INFO] [1789300181.622298818]: Temp compute time = 0.069457, average compute time = 0.063676
[INFterminate called after throwing an instance of 'boost::wrapexcept<boost::lock_error>'
  what():  boost: mutex lock failed in pthread_mutex_lock: Invalid argument
[INFO] [1789300175.135849146]: Published latched M2.5 map /home/jjm/??????/?????????????????????????????????????????????/marsim_ws/src/coni_mpc/test_data/depth_cbf_m25/A4_switch.pcd with 18360 points
[INFO] [1789300174.622527428]: M2.5 evaluator writes /home/jjm/??????/?????????????????????????????????????????????/marsim_ws/results/depth_cbf_m25_os128/frames/A4_switch_oblique.csv; sole algorithm cloud input=/quad0_pcl_render_node/sensor_cloud; GT mode=A4_switch is evaluation-only.
WARNING: Package name "cascadePID" does not follow the naming conventions. It should start with a lower case letter and only contain lower case letters, digits, underscores, and dashes.
WARNING: Package name "cascadePID" does not follow the naming conventions. It should start with a lower case letter and only contain lower case letters, digits, underscores, and dashes.
[31m================================================================================REQUIRED process [depth_cbf_m25_trajectory-3] has died!
process has finished cleanly
log file: /home/jjm/.ros/log/cd794b1a-ade9-11f1-aae2-25bc297d88f9/depth_cbf_m25_trajectory-3*.log
Initiating shutdown!
================================================================================[0m
... logging to /home/jjm/.ros/log/cd794b1a-ade9-11f1-aae2-25bc297d88f9/roslaunch-jjm-405656.log
Checking log directory for disk usage. This may take a while.
Press Ctrl-C to interrupt
Done checking log file disk usage. Usage is <1GB.
]2;/home/jjm/桌面/小样本学习的去中心集群协同跟踪/marsim_ws/src/coni_mpc/launch/depth_cbf_m25.launch
[1mstarted roslaunch server http://jjm:38209/[0m

SUMMARY
========

PARAMETERS
 * /depth_cbf_m25_evaluator/car_odom_topic: /coni_mpc/car_odom
 * /depth_cbf_m25_evaluator/cloud_topic: /quad0_pcl_render...
 * /depth_cbf_m25_evaluator/debug_compare_world_cloud: True
 * /depth_cbf_m25_evaluator/debug_print_every_n_clouds: 20
 * /depth_cbf_m25_evaluator/debug_random_seed: 7
 * /depth_cbf_m25_evaluator/debug_sample_count: 3
 * /depth_cbf_m25_evaluator/debug_world_cloud_topic: /quad0_pcl_render...
 * /depth_cbf_m25_evaluator/extrinsics/rotation_BL: [1.0, 0.0, 0.0, 0...
 * /depth_cbf_m25_evaluator/extrinsics/translation_BL: [0.0, 0.0, 0.0]
 * /depth_cbf_m25_evaluator/filter/enable_ground_filter: False
 * /depth_cbf_m25_evaluator/filter/enable_voxel_filter: True
 * /depth_cbf_m25_evaluator/filter/ground_min_z_W: 0.1
 * /depth_cbf_m25_evaluator/filter/local_radius: 4.0
 * /depth_cbf_m25_evaluator/filter/max_range: 15.0
 * /depth_cbf_m25_evaluator/filter/min_range: 0.1
 * /depth_cbf_m25_evaluator/filter/voxel_leaf_size: 0.1
 * /depth_cbf_m25_evaluator/m25/gt_pcd: <...>
 * /depth_cbf_m25_evaluator/m25/max_pose_time_offset_sec: 0.025
 * /depth_cbf_m25_evaluator/m25/min_raylength: 0.1
 * /depth_cbf_m25_evaluator/m25/motion: oblique
 * /depth_cbf_m25_evaluator/m25/non_conservative_tolerance: 0.001
 * /depth_cbf_m25_evaluator/m25/result_root: <...>
 * /depth_cbf_m25_evaluator/m25/root_max_distance: 4.0
 * /depth_cbf_m25_evaluator/m25/root_samples: 160
 * /depth_cbf_m25_evaluator/m25/run_id: A4_switch_oblique
 * /depth_cbf_m25_evaluator/m25/scene: A4_switch
 * /depth_cbf_m25_evaluator/m25/vertical_fov_deg: 60.0
 * /depth_cbf_m25_evaluator/m25/yaw_fov_deg: 360.0
 * /depth_cbf_m25_evaluator/max_pose_time_offset_sec: 0.025
 * /depth_cbf_m25_evaluator/noninertial_frame_id: base_link
 * /depth_cbf_m25_evaluator/quad_odom_topic: /coni_mpc/quad_odom1
 * /depth_cbf_m25_evaluator/query_mesh/half_width_steps: 2
 * /depth_cbf_m25_evaluator/query_mesh/nearest_neighbor_max_distance: 3.47
 * /depth_cbf_m25_evaluator/query_mesh/spacing: 0.15
 * /depth_cbf_m25_evaluator/regression/local_cloud_topic: /depth_cbf_cloud_...
 * /depth_cbf_m25_evaluator/regression/log_every_n_fits: 20
 * /depth_cbf_m25_evaluator/regression/max_abs_error: 0.75
 * /depth_cbf_m25_evaluator/regression/max_condition_number: 1.0e8
 * /depth_cbf_m25_evaluator/regression/max_rmse: 0.25
 * /depth_cbf_m25_evaluator/regression/query_center_topic: /depth_cbf_cloud_...
 * /depth_cbf_m25_evaluator/regression/relative_rank_tolerance: 1e-10
 * /depth_cbf_m25_evaluator/regression/subscriber_queue_size: 5
 * /depth_cbf_m25_evaluator/regression/sync_queue_size: 10
 * /depth_cbf_m25_evaluator/safety/d_safe: 0.15
 * /depth_cbf_m25_evaluator/safety/delta_surface: 0.0
 * /depth_cbf_m25_evaluator/safety/r_uav: 0.15
 * /depth_cbf_m25_evaluator/subscriber_queue_size: 20
 * /depth_cbf_m25_evaluator/sync_queue_size: 40
 * /depth_cbf_m25_evaluator/sync_slop_sec: 0.025
 * /depth_cbf_m25_evaluator/world_frame_id: map
 * /depth_cbf_m25_map_pub/map_name: <...>
 * /depth_cbf_m25_trajectory/duration_sec: 5.0
 * /depth_cbf_m25_trajectory/motion: oblique
 * /depth_cbf_m25_trajectory/scene: A4_switch
 * /depth_cbf_m25_trajectory/warmup_sec: 2.0
 * /depth_cbf_m25_trajectory/yaw_offset_deg: 0.0
 * /quad0_pcl_render_node/collision_range: 0.3
 * /quad0_pcl_render_node/collisioncheck_enable: 0
 * /quad0_pcl_render_node/curvature_limit: 100.0
 * /quad0_pcl_render_node/downsample_res: 0.1
 * /quad0_pcl_render_node/drone_id: 0
 * /quad0_pcl_render_node/dyn_mode: 0
 * /quad0_pcl_render_node/dyn_velocity: 0.0
 * /quad0_pcl_render_node/dynobj_enable: 0
 * /quad0_pcl_render_node/dynobject_num: 0
 * /quad0_pcl_render_node/dynobject_size: 0.8
 * /quad0_pcl_render_node/estimation_rate: 10.0
 * /quad0_pcl_render_node/hash_cubesize: 5.0
 * /quad0_pcl_render_node/is_360lidar: 1
 * /quad0_pcl_render_node/livox_linestep: 1.4
 * /quad0_pcl_render_node/min_raylength: 0.1
 * /quad0_pcl_render_node/output_pcd: 0
 * /quad0_pcl_render_node/polar_resolution: 0.2
 * /quad0_pcl_render_node/quadrotor_name: m25_quad0
 * /quad0_pcl_render_node/sensing_horizon: 15.0
 * /quad0_pcl_render_node/sensing_rate: 10.0
 * /quad0_pcl_render_node/uav_num: 1
 * /quad0_pcl_render_node/use_avia_pattern: 0
 * /quad0_pcl_render_node/use_minicf_pattern: 0
 * /quad0_pcl_render_node/use_os128_pattern: 1
 * /quad0_pcl_render_node/use_uav_extra_model: 0
 * /quad0_pcl_render_node/use_vlp32_pattern: 0
 * /quad0_pcl_render_node/vertical_fov: 60.0
 * /quad0_pcl_render_node/yaw_fov: 360.0
 * /rosdistro: noetic
 * /rosversion: 1.17.4

NODES
  /
    depth_cbf_m25_evaluator (coni_mpc/depth_cbf_m25_evaluation_node)
    depth_cbf_m25_map_pub (coni_mpc/depth_cbf_m25_map_publisher_node)
    depth_cbf_m25_trajectory (coni_mpc/depth_cbf_m25_trajectory_node)
    quad0_pcl_render_node (local_sensing_node/pcl_render_node)

[1mROS_MASTER_URI=http://localhost:11311[0m
]2;/home/jjm/桌面/小样本学习的去中心集群协同跟踪/marsim_ws/src/coni_mpc/launch/depth_cbf_m25.launch http://localhost:11311
[1mprocess[depth_cbf_m25_map_pub-1]: started with pid [405702][0m
[1mprocess[quad0_pcl_render_node-2]: started with pid [405703][0m
[1mprocess[depth_cbf_m25_trajectory-3]: started with pid [405704][0m
[1mprocess[depth_cbf_m25_evaluator-4]: started with pid [405705][0m
[depth_cbf_m25_evaluator-4] killing on exit
[depth_cbf_m25_trajectory-3] killing on exit
[quad0_pcl_render_node-2] killing on exit
[depth_cbf_m25_map_pub-1] killing on exit
shutting down processing monitor...
... shutting down processing monitor complete
[1mdone[0m
