WARNING: Package name "cascadePID" does not follow the naming conventions. It should start with a lower case letter and only contain lower case letters, digits, underscores, and dashes.
[INFO] [1789300183.153976615]: drone_drawpoints_num = 4,4,2, Uav points num = 32

Found pkg_path = /home/jjm/桌面/小样本学习的去中心集群协同跟踪/marsim_ws/src/MARSIM/local_sensing/data/m25_quad0_time_consumption.txt

Found pkg_path = /home/jjm/桌面/小样本学习的去中心集群协同跟踪/marsim_ws/src/MARSIM/local_sensing/data/m25_quad0_collision_check_time_consumption.txt
[WARN] [1789300183.653470745]: Global Pointcloud received..
[WARN] [1789300183.676246288]: Normal compute finished.., mapsize = 4756
[INFO] [1789300185.848818160]: Temp compute time = 0.092162, average compute time = 0.063539
[INFO] [1789300185.899851458]: Temp compute time = 0.040462, average compute time = 0.060783
[INFO] [1789300186.056633733]: Temp compute time = 0.095962, average compute time = 0.063421
[INFO] [1789300186.098366789]: Temp compute time = 0.030938, average compute time = 0.060628
[INFO] [1789300186.254462707]: Temp compute time = 0.095242, average compute time = 0.063592
[INFO] [1789300186.302651017]: Temp compute time = 0.037383, average compute time = 0.061000
[INFO] [1789300186.444984179]: Temp compute time = 0.081485, average compute time = 0.062665
[INFO] [1789300186.488870702]: Temp compute time = 0.032765, average compute time = 0.060302
[INFO] [1789300186.633391316]: Temp compute time = 0.073857, average compute time = 0.062624
[INFO] [1789300186.700348705]: Temp compute time = 0.035908, average compute time = 0.060153
[INFO] [1789300186.836122079]: Temp compute time = 0.075000, average compute time = 0.062433
[INFO] [1789300186.919933737]: Temp compute time = 0.063015, average compute time = 0.061267
[INFO] [1789300187.059920171]: Temp compute time = 0.098972, average compute time = 0.064013
[INFO] [1789300187.101170631]: Temp compute time = 0.030533, average compute time = 0.061955
[INFO] [1789300187.262145702]: Temp compute time = 0.100142, average compute time = 0.063981
[INFO] [1789300187.304373668]: Temp compute time = 0.031434, average compute time = 0.061231
[INFO] [1789300187.405499404]: Temp compute time = 0.040482, average compute time = 0.059532
[INFO] [1789300187.509466640]: Temp compute time = 0.053186, average compute time = 0.060983
[INFO] [1789300187.652354444]: Temp compute time = 0.092498, average compute time = 0.062530
[INFO] [1789300187.694166934]: Temp compute time = 0.031098, average compute time = 0.060019
[INFO] [1789300187.851712740]: Temp compute time = 0.087110, average compute time = 0.062840
[INFO] [1789300187.899040718]: Temp compute time = 0.037211, average compute time = 0.060223
[INFO] [1789300188.049179197]: Temp compute time = 0.089767, average compute time = 0.062571
[INFO] [1789300188.084870579]: Temp compute time = 0.025544, average compute time = 0.059218
[INFO] [1789300188.255433518]: Temp compute time = 0.090430, average compute time = 0.062051
[INFO] [1789300188.293476108]: Temp compute time = 0.027798, average compute time = 0.058839
[INFO] [1789300188.449227104]: Temp compute time = 0.085221, average compute time = 0.061117
[INFO] [1789300188.487194713]: Temp compute time = 0.027746, average compute time = 0.058558
[INFO] [1789300188.618763447]: Temp compute time = 0.061435, average compute time = 0.059923
[INFO] [1789300188.702710477]: Temp compute time = 0.043549, average compute time = 0.058480
[INFO] [1789300188.832030785]: Temp compute time = 0.069188, average compute time = 0.060065
[INFO] [1789300188.916088770]: Temp compute time = 0.053907, average compute time = 0.059060
[INFO] [1789300189.036675822]: Temp compute time = 0.080466, average compute time = 0.059891
[INFO] [1789300189.115252970]: Temp compute time = 0.058104, average compute time = 0.057945
[INFO] [1789300189.255550509]: Temp compute time = 0.090163, average compute time = 0.060785
[INFO] [1789300189.295169087]: Temp compute time = 0.029384, average compute time = 0.057415
[INFO] [1789300189.396585436]: Temp compute time = 0.031297, average compute time = 0.057409
[INFO] [1789300189.548823372]: Temp compute time = 0.091723, average compute time = 0.059849
[INFO] [1789300189.597144132]: Temp compute time = 0.038203, average compute time = 0.059135
[INFO] [1789300189.739988450]: Temp compute time = 0.082672, average compute time = 0.058667
[INFO] [1789300189.832060721]: Temp compute time = 0.071954, average compute time = 0.060613
[INFO] [1789300189.943900780]: Temp compute time = 0.081194, average compute time = 0.060331
[INFO] [1789300190.026201120]: Temp compute time = 0.062072, average compute time = 0.061515
[INFO] [1789300190.132740205]: Temp compute time = 0.076411, average compute time = 0.060879
[INF[INFO] [1789300183.133161617]: M2.5 evaluator writes /home/jjm/??????/?????????????????????????????????????????????/marsim_ws/results/depth_cbf_m25_os128/frames/A4_switch_switching.csv; sole algorithm cloud input=/quad0_pcl_render_node/sensor_cloud; GT mode=A4_switch is evaluation-only.
terminate called after throwing an instance of 'boost::wrapexcept<boost::lock_error>'
  what():  boost: mutex lock failed in pthread_mutex_lock: Invalid argument
[INFO] [1789300183.644609918]: Published latched M2.5 map /home/jjm/??????/?????????????????????????????????????????????/marsim_ws/src/coni_mpc/test_data/depth_cbf_m25/A4_switch.pcd with 18360 points
WARNING: Package name "cascadePID" does not follow the naming conventions. It should start with a lower case letter and only contain lower case letters, digits, underscores, and dashes.
WARNING: Package name "cascadePID" does not follow the naming conventions. It should start with a lower case letter and only contain lower case letters, digits, underscores, and dashes.
[31m================================================================================REQUIRED process [depth_cbf_m25_trajectory-3] has died!
process has finished cleanly
log file: /home/jjm/.ros/log/cd794b1a-ade9-11f1-aae2-25bc297d88f9/depth_cbf_m25_trajectory-3*.log
Initiating shutdown!
================================================================================[0m
... logging to /home/jjm/.ros/log/cd794b1a-ade9-11f1-aae2-25bc297d88f9/roslaunch-jjm-405810.log
Checking log directory for disk usage. This may take a while.
Press Ctrl-C to interrupt
Done checking log file disk usage. Usage is <1GB.
]2;/home/jjm/桌面/小样本学习的去中心集群协同跟踪/marsim_ws/src/coni_mpc/launch/depth_cbf_m25.launch
[1mstarted roslaunch server http://jjm:36935/[0m

SUMMARY
========

PARAMETERS
 * /depth_cbf_m25_evaluator/car_odom_topic: /coni_mpc/car_odom
 * /depth_cbf_m25_evaluator/cloud_topic: /quad0_pcl_render...
 * /depth_cbf_m25_evaluator/debug_compare_world_cloud: True
 * /depth_cbf_m25_evaluator/debug_print_every_n_clouds: 20
 * /depth_cbf_m25_evaluator/debug_random_seed: 7
 * /depth_cbf_m25_evaluator/debug_sample_count: 3
 * /depth_cbf_m25_evaluator/debug_world_cloud_topic: /quad0_pcl_render...
 * /depth_cbf_m25_evaluator/extrinsics/rotation_BL: [1.0, 0.0, 0.0, 0...
 * /depth_cbf_m25_evaluator/extrinsics/translation_BL: [0.0, 0.0, 0.0]
 * /depth_cbf_m25_evaluator/filter/enable_ground_filter: False
 * /depth_cbf_m25_evaluator/filter/enable_voxel_filter: True
 * /depth_cbf_m25_evaluator/filter/ground_min_z_W: 0.1
 * /depth_cbf_m25_evaluator/filter/local_radius: 4.0
 * /depth_cbf_m25_evaluator/filter/max_range: 15.0
 * /depth_cbf_m25_evaluator/filter/min_range: 0.1
 * /depth_cbf_m25_evaluator/filter/voxel_leaf_size: 0.1
 * /depth_cbf_m25_evaluator/m25/gt_pcd: <...>
 * /depth_cbf_m25_evaluator/m25/max_pose_time_offset_sec: 0.025
 * /depth_cbf_m25_evaluator/m25/min_raylength: 0.1
 * /depth_cbf_m25_evaluator/m25/motion: switching
 * /depth_cbf_m25_evaluator/m25/non_conservative_tolerance: 0.001
 * /depth_cbf_m25_evaluator/m25/result_root: <...>
 * /depth_cbf_m25_evaluator/m25/root_max_distance: 4.0
 * /depth_cbf_m25_evaluator/m25/root_samples: 160
 * /depth_cbf_m25_evaluator/m25/run_id: A4_switch_switching
 * /depth_cbf_m25_evaluator/m25/scene: A4_switch
 * /depth_cbf_m25_evaluator/m25/vertical_fov_deg: 60.0
 * /depth_cbf_m25_evaluator/m25/yaw_fov_deg: 360.0
 * /depth_cbf_m25_evaluator/max_pose_time_offset_sec: 0.025
 * /depth_cbf_m25_evaluator/noninertial_frame_id: base_link
 * /depth_cbf_m25_evaluator/quad_odom_topic: /coni_mpc/quad_odom1
 * /depth_cbf_m25_evaluator/query_mesh/half_width_steps: 2
 * /depth_cbf_m25_evaluator/query_mesh/nearest_neighbor_max_distance: 3.47
 * /depth_cbf_m25_evaluator/query_mesh/spacing: 0.15
 * /depth_cbf_m25_evaluator/regression/local_cloud_topic: /depth_cbf_cloud_...
 * /depth_cbf_m25_evaluator/regression/log_every_n_fits: 20
 * /depth_cbf_m25_evaluator/regression/max_abs_error: 0.75
 * /depth_cbf_m25_evaluator/regression/max_condition_number: 1.0e8
 * /depth_cbf_m25_evaluator/regression/max_rmse: 0.25
 * /depth_cbf_m25_evaluator/regression/query_center_topic: /depth_cbf_cloud_...
 * /depth_cbf_m25_evaluator/regression/relative_rank_tolerance: 1e-10
 * /depth_cbf_m25_evaluator/regression/subscriber_queue_size: 5
 * /depth_cbf_m25_evaluator/regression/sync_queue_size: 10
 * /depth_cbf_m25_evaluator/safety/d_safe: 0.15
 * /depth_cbf_m25_evaluator/safety/delta_surface: 0.0
 * /depth_cbf_m25_evaluator/safety/r_uav: 0.15
 * /depth_cbf_m25_evaluator/subscriber_queue_size: 20
 * /depth_cbf_m25_evaluator/sync_queue_size: 40
 * /depth_cbf_m25_evaluator/sync_slop_sec: 0.025
 * /depth_cbf_m25_evaluator/world_frame_id: map
 * /depth_cbf_m25_map_pub/map_name: <...>
 * /depth_cbf_m25_trajectory/duration_sec: 5.0
 * /depth_cbf_m25_trajectory/motion: switching
 * /depth_cbf_m25_trajectory/scene: A4_switch
 * /depth_cbf_m25_trajectory/warmup_sec: 2.0
 * /depth_cbf_m25_trajectory/yaw_offset_deg: 0.0
 * /quad0_pcl_render_node/collision_range: 0.3
 * /quad0_pcl_render_node/collisioncheck_enable: 0
 * /quad0_pcl_render_node/curvature_limit: 100.0
 * /quad0_pcl_render_node/downsample_res: 0.1
 * /quad0_pcl_render_node/drone_id: 0
 * /quad0_pcl_render_node/dyn_mode: 0
 * /quad0_pcl_render_node/dyn_velocity: 0.0
 * /quad0_pcl_render_node/dynobj_enable: 0
 * /quad0_pcl_render_node/dynobject_num: 0
 * /quad0_pcl_render_node/dynobject_size: 0.8
 * /quad0_pcl_render_node/estimation_rate: 10.0
 * /quad0_pcl_render_node/hash_cubesize: 5.0
 * /quad0_pcl_render_node/is_360lidar: 1
 * /quad0_pcl_render_node/livox_linestep: 1.4
 * /quad0_pcl_render_node/min_raylength: 0.1
 * /quad0_pcl_render_node/output_pcd: 0
 * /quad0_pcl_render_node/polar_resolution: 0.2
 * /quad0_pcl_render_node/quadrotor_name: m25_quad0
 * /quad0_pcl_render_node/sensing_horizon: 15.0
 * /quad0_pcl_render_node/sensing_rate: 10.0
 * /quad0_pcl_render_node/uav_num: 1
 * /quad0_pcl_render_node/use_avia_pattern: 0
 * /quad0_pcl_render_node/use_minicf_pattern: 0
 * /quad0_pcl_render_node/use_os128_pattern: 1
 * /quad0_pcl_render_node/use_uav_extra_model: 0
 * /quad0_pcl_render_node/use_vlp32_pattern: 0
 * /quad0_pcl_render_node/vertical_fov: 60.0
 * /quad0_pcl_render_node/yaw_fov: 360.0
 * /rosdistro: noetic
 * /rosversion: 1.17.4

NODES
  /
    depth_cbf_m25_evaluator (coni_mpc/depth_cbf_m25_evaluation_node)
    depth_cbf_m25_map_pub (coni_mpc/depth_cbf_m25_map_publisher_node)
    depth_cbf_m25_trajectory (coni_mpc/depth_cbf_m25_trajectory_node)
    quad0_pcl_render_node (local_sensing_node/pcl_render_node)

[1mROS_MASTER_URI=http://localhost:11311[0m
]2;/home/jjm/桌面/小样本学习的去中心集群协同跟踪/marsim_ws/src/coni_mpc/launch/depth_cbf_m25.launch http://localhost:11311
[1mprocess[depth_cbf_m25_map_pub-1]: started with pid [405853][0m
[1mprocess[quad0_pcl_render_node-2]: started with pid [405854][0m
[1mprocess[depth_cbf_m25_trajectory-3]: started with pid [405855][0m
[1mprocess[depth_cbf_m25_evaluator-4]: started with pid [405856][0m
[depth_cbf_m25_evaluator-4] killing on exit
[depth_cbf_m25_trajectory-3] killing on exit
[quad0_pcl_render_node-2] killing on exit
[depth_cbf_m25_map_pub-1] killing on exit
shutting down processing monitor...
... shutting down processing monitor complete
[1mdone[0m
