WARNING: Package name "cascadePID" does not follow the naming conventions. It should start with a lower case letter and only contain lower case letters, digits, underscores, and dashes.
[INFO] [1789296480.769483320]: drone_drawpoints_num = 4,4,2, Uav points num = 32

Found pkg_path = /home/jjm/桌面/小样本学习的去中心集群协同跟踪/marsim_ws/src/MARSIM/local_sensing/data/m25_quad0_time_consumption.txt

Found pkg_path = /home/jjm/桌面/小样本学习的去中心集群协同跟踪/marsim_ws/src/MARSIM/local_sensing/data/m25_quad0_collision_check_time_consumption.txt
[WARN] [1789296481.248364793]: Global Pointcloud received..
[WARN] [1789296481.272406477]: Normal compute finished.., mapsize = 4961
[INFO] [1789296483.436401312]: Temp compute time = 0.057012, average compute time = 0.059245
[INFO] [1789296483.534465523]: Temp compute time = 0.057695, average compute time = 0.059671
[INFO] [1789296483.641091675]: Temp compute time = 0.066137, average compute time = 0.059717
[INFO] [1789296483.732292893]: Temp compute time = 0.060798, average compute time = 0.059926
[INFO] [1789296483.839901970]: Temp compute time = 0.067084, average compute time = 0.060599
[INFO] [1789296483.939559178]: Temp compute time = 0.059312, average compute time = 0.060202
[INFO] [1789296484.042525646]: Temp compute time = 0.062501, average compute time = 0.060399
[INFO] [1789296484.123387261]: Temp compute time = 0.050403, average compute time = 0.060013
[INFO] [1789296484.225747026]: Temp compute time = 0.051890, average compute time = 0.059673
[INFO] [1789296484.341021188]: Temp compute time = 0.064763, average compute time = 0.059769
[INFO] [1789296484.442057594]: Temp compute time = 0.060515, average compute time = 0.059590
[INFO] [1789296484.539119844]: Temp compute time = 0.066564, average compute time = 0.060349
[INFO] [1789296484.645463542]: Temp compute time = 0.065889, average compute time = 0.060479
[INFO] [1789296484.739656404]: Temp compute time = 0.063846, average compute time = 0.060996
[INFO] [1789296484.811707399]: Temp compute time = 0.031682, average compute time = 0.059381
[INFO] [1789296484.894316669]: Temp compute time = 0.022197, average compute time = 0.057408
[INFO] [1789296485.048387030]: Temp compute time = 0.073441, average compute time = 0.057878
[INFO] [1789296485.145504400]: Temp compute time = 0.066629, average compute time = 0.058269
[INFO] [1789296485.237059717]: Temp compute time = 0.061076, average compute time = 0.058280
[INFO] [1789296485.346056757]: Temp compute time = 0.068505, average compute time = 0.058630
[INFO] [1789296485.431780628]: Temp compute time = 0.055255, average compute time = 0.058723
[INFO] [1789296485.548032731]: Temp compute time = 0.075889, average compute time = 0.059622
[INFO] [1789296485.643296242]: Temp compute time = 0.064854, average compute time = 0.059963
[INFO] [1789296485.748367880]: Temp compute time = 0.074622, average compute time = 0.060367
[INFO] [1789296485.836894246]: Temp compute time = 0.058162, average compute time = 0.060242
[INFO] [1789296485.939489256]: Temp compute time = 0.062096, average compute time = 0.060004
[INFO] [1789296486.051732903]: Temp compute time = 0.071698, average compute time = 0.060594
[INFO] [1789296486.135989320]: Temp compute time = 0.063756, average compute time = 0.060654
[INFO] [1789296486.256243482]: Temp compute time = 0.079816, average compute time = 0.062054
[INFO] [1789296486.355956885]: Temp compute time = 0.079272, average compute time = 0.063358
[INFO] [1789296486.449806441]: Temp compute time = 0.073390, average compute time = 0.063769
[INFO] [1789296486.549309634]: Temp compute time = 0.069015, average compute time = 0.064174
[INFO] [1789296486.635342974]: Temp compute time = 0.055680, average compute time = 0.063656
[INFO] [1789296486.763719037]: Temp compute time = 0.087961, average compute time = 0.064707
[INFO] [1789296486.829123772]: Temp compute time = 0.054966, average compute time = 0.064284
[INFO] [1789296486.953368540]: Temp compute time = 0.073863, average compute time = 0.066293
[INFO] [1789296487.034063657]: Temp compute time = 0.060164, average compute time = 0.068100
[INFO] [1789296487.147441419]: Temp compute time = 0.072961, average compute time = 0.068078
[INFO] [1789296487.255255848]: Temp compute time = 0.077369, average compute time = 0.068589
[INFO] [1789296487.336982215]: Temp compute time = 0.061318, average compute time = 0.068601
[INFO] [1789296487.463925670]: Temp compute time = 0.086535, average compute time = 0.069459
[INFO] [1789296487.557058567]: Temp compute time = 0.082690, average compute time = 0.070766
[INFO] [1789296487.654167029]: Temp compute time = 0.076638, average compute time = 0.070801
[INFO] [1789296487.753798737]: Temp compute time = 0.079355, average compute time = 0.071492
[INFterminate called after throwing an instance of 'boost::wrapexcept<boost::lock_error>'
  what():  boost: mutex lock failed in pthread_mutex_lock: Invalid argument
[INFO] [1789296481.242301455]: Published latched M2.5 map /home/jjm/??????/?????????????????????????????????????????????/marsim_ws/src/coni_mpc/test_data/depth_cbf_m25/A1_plane.pcd with 7701 points
[INFO] [1789296480.746384345]: M2.5 evaluator writes /home/jjm/??????/?????????????????????????????????????????????/marsim_ws/results/depth_cbf_m25_mid360/frames/A1_plane_blind.csv; sole algorithm cloud input=/quad0_pcl_render_node/sensor_cloud; GT mode=A1_plane is evaluation-only.
WARNING: Package name "cascadePID" does not follow the naming conventions. It should start with a lower case letter and only contain lower case letters, digits, underscores, and dashes.
WARNING: Package name "cascadePID" does not follow the naming conventions. It should start with a lower case letter and only contain lower case letters, digits, underscores, and dashes.
[31m================================================================================REQUIRED process [depth_cbf_m25_trajectory-3] has died!
process has finished cleanly
log file: /home/jjm/.ros/log/cd794b1a-ade9-11f1-aae2-25bc297d88f9/depth_cbf_m25_trajectory-3*.log
Initiating shutdown!
================================================================================[0m
... logging to /home/jjm/.ros/log/cd794b1a-ade9-11f1-aae2-25bc297d88f9/roslaunch-jjm-394674.log
Checking log directory for disk usage. This may take a while.
Press Ctrl-C to interrupt
Done checking log file disk usage. Usage is <1GB.
]2;/home/jjm/桌面/小样本学习的去中心集群协同跟踪/marsim_ws/src/coni_mpc/launch/depth_cbf_m25.launch
[1mstarted roslaunch server http://jjm:39883/[0m

SUMMARY
========

PARAMETERS
 * /depth_cbf_m25_evaluator/car_odom_topic: /coni_mpc/car_odom
 * /depth_cbf_m25_evaluator/cloud_topic: /quad0_pcl_render...
 * /depth_cbf_m25_evaluator/debug_compare_world_cloud: True
 * /depth_cbf_m25_evaluator/debug_print_every_n_clouds: 20
 * /depth_cbf_m25_evaluator/debug_random_seed: 7
 * /depth_cbf_m25_evaluator/debug_sample_count: 3
 * /depth_cbf_m25_evaluator/debug_world_cloud_topic: /quad0_pcl_render...
 * /depth_cbf_m25_evaluator/extrinsics/rotation_BL: [1.0, 0.0, 0.0, 0...
 * /depth_cbf_m25_evaluator/extrinsics/translation_BL: [0.0, 0.0, 0.0]
 * /depth_cbf_m25_evaluator/filter/enable_ground_filter: False
 * /depth_cbf_m25_evaluator/filter/enable_voxel_filter: True
 * /depth_cbf_m25_evaluator/filter/ground_min_z_W: 0.1
 * /depth_cbf_m25_evaluator/filter/local_radius: 4.0
 * /depth_cbf_m25_evaluator/filter/max_range: 15.0
 * /depth_cbf_m25_evaluator/filter/min_range: 1.0
 * /depth_cbf_m25_evaluator/filter/voxel_leaf_size: 0.1
 * /depth_cbf_m25_evaluator/m25/gt_pcd: <...>
 * /depth_cbf_m25_evaluator/m25/max_pose_time_offset_sec: 0.025
 * /depth_cbf_m25_evaluator/m25/min_raylength: 1.0
 * /depth_cbf_m25_evaluator/m25/motion: blind
 * /depth_cbf_m25_evaluator/m25/non_conservative_tolerance: 0.001
 * /depth_cbf_m25_evaluator/m25/result_root: <...>
 * /depth_cbf_m25_evaluator/m25/root_max_distance: 4.0
 * /depth_cbf_m25_evaluator/m25/root_samples: 160
 * /depth_cbf_m25_evaluator/m25/run_id: A1_plane_blind
 * /depth_cbf_m25_evaluator/m25/scene: A1_plane
 * /depth_cbf_m25_evaluator/m25/vertical_fov_deg: 90.0
 * /depth_cbf_m25_evaluator/m25/yaw_fov_deg: 360.0
 * /depth_cbf_m25_evaluator/max_pose_time_offset_sec: 0.025
 * /depth_cbf_m25_evaluator/noninertial_frame_id: base_link
 * /depth_cbf_m25_evaluator/quad_odom_topic: /coni_mpc/quad_odom1
 * /depth_cbf_m25_evaluator/query_mesh/half_width_steps: 2
 * /depth_cbf_m25_evaluator/query_mesh/nearest_neighbor_max_distance: 3.47
 * /depth_cbf_m25_evaluator/query_mesh/spacing: 0.15
 * /depth_cbf_m25_evaluator/regression/local_cloud_topic: /depth_cbf_cloud_...
 * /depth_cbf_m25_evaluator/regression/log_every_n_fits: 20
 * /depth_cbf_m25_evaluator/regression/max_abs_error: 0.75
 * /depth_cbf_m25_evaluator/regression/max_condition_number: 1.0e8
 * /depth_cbf_m25_evaluator/regression/max_rmse: 0.25
 * /depth_cbf_m25_evaluator/regression/query_center_topic: /depth_cbf_cloud_...
 * /depth_cbf_m25_evaluator/regression/relative_rank_tolerance: 1e-10
 * /depth_cbf_m25_evaluator/regression/subscriber_queue_size: 5
 * /depth_cbf_m25_evaluator/regression/sync_queue_size: 10
 * /depth_cbf_m25_evaluator/safety/d_safe: 0.15
 * /depth_cbf_m25_evaluator/safety/delta_surface: 0.0
 * /depth_cbf_m25_evaluator/safety/r_uav: 0.15
 * /depth_cbf_m25_evaluator/subscriber_queue_size: 20
 * /depth_cbf_m25_evaluator/sync_queue_size: 40
 * /depth_cbf_m25_evaluator/sync_slop_sec: 0.025
 * /depth_cbf_m25_evaluator/world_frame_id: map
 * /depth_cbf_m25_map_pub/map_name: <...>
 * /depth_cbf_m25_trajectory/duration_sec: 5.0
 * /depth_cbf_m25_trajectory/motion: blind
 * /depth_cbf_m25_trajectory/scene: A1_plane
 * /depth_cbf_m25_trajectory/warmup_sec: 2.0
 * /depth_cbf_m25_trajectory/yaw_offset_deg: 0.0
 * /quad0_pcl_render_node/collision_range: 0.3
 * /quad0_pcl_render_node/collisioncheck_enable: 0
 * /quad0_pcl_render_node/curvature_limit: 100.0
 * /quad0_pcl_render_node/downsample_res: 0.1
 * /quad0_pcl_render_node/drone_id: 0
 * /quad0_pcl_render_node/dyn_mode: 0
 * /quad0_pcl_render_node/dyn_velocity: 0.0
 * /quad0_pcl_render_node/dynobj_enable: 0
 * /quad0_pcl_render_node/dynobject_num: 0
 * /quad0_pcl_render_node/dynobject_size: 0.8
 * /quad0_pcl_render_node/estimation_rate: 10.0
 * /quad0_pcl_render_node/hash_cubesize: 5.0
 * /quad0_pcl_render_node/is_360lidar: 1
 * /quad0_pcl_render_node/livox_linestep: 1.4
 * /quad0_pcl_render_node/min_raylength: 1.0
 * /quad0_pcl_render_node/output_pcd: 0
 * /quad0_pcl_render_node/polar_resolution: 0.2
 * /quad0_pcl_render_node/quadrotor_name: m25_quad0
 * /quad0_pcl_render_node/sensing_horizon: 15.0
 * /quad0_pcl_render_node/sensing_rate: 10.0
 * /quad0_pcl_render_node/uav_num: 1
 * /quad0_pcl_render_node/use_avia_pattern: 0
 * /quad0_pcl_render_node/use_minicf_pattern: 1
 * /quad0_pcl_render_node/use_os128_pattern: 0
 * /quad0_pcl_render_node/use_uav_extra_model: 0
 * /quad0_pcl_render_node/use_vlp32_pattern: 0
 * /quad0_pcl_render_node/vertical_fov: 90.0
 * /quad0_pcl_render_node/yaw_fov: 360.0
 * /rosdistro: noetic
 * /rosversion: 1.17.4

NODES
  /
    depth_cbf_m25_evaluator (coni_mpc/depth_cbf_m25_evaluation_node)
    depth_cbf_m25_map_pub (coni_mpc/depth_cbf_m25_map_publisher_node)
    depth_cbf_m25_trajectory (coni_mpc/depth_cbf_m25_trajectory_node)
    quad0_pcl_render_node (local_sensing_node/pcl_render_node)

[1mROS_MASTER_URI=http://localhost:11311[0m
]2;/home/jjm/桌面/小样本学习的去中心集群协同跟踪/marsim_ws/src/coni_mpc/launch/depth_cbf_m25.launch http://localhost:11311
[1mprocess[depth_cbf_m25_map_pub-1]: started with pid [394718][0m
[1mprocess[quad0_pcl_render_node-2]: started with pid [394719][0m
[1mprocess[depth_cbf_m25_trajectory-3]: started with pid [394720][0m
[1mprocess[depth_cbf_m25_evaluator-4]: started with pid [394721][0m
[depth_cbf_m25_evaluator-4] killing on exit
[depth_cbf_m25_trajectory-3] killing on exit
[quad0_pcl_render_node-2] killing on exit
[depth_cbf_m25_map_pub-1] killing on exit
shutting down processing monitor...
... shutting down processing monitor complete
[1mdone[0m
