WARNING: Package name "cascadePID" does not follow the naming conventions. It should start with a lower case letter and only contain lower case letters, digits, underscores, and dashes.
[INFO] [1789296335.330013325]: drone_drawpoints_num = 4,4,2, Uav points num = 32

Found pkg_path = /home/jjm/桌面/小样本学习的去中心集群协同跟踪/marsim_ws/src/MARSIM/local_sensing/data/m25_quad0_time_consumption.txt

Found pkg_path = /home/jjm/桌面/小样本学习的去中心集群协同跟踪/marsim_ws/src/MARSIM/local_sensing/data/m25_quad0_collision_check_time_consumption.txt
[WARN] [1789296335.809253165]: Global Pointcloud received..
[WARN] [1789296335.822417966]: Normal compute finished.., mapsize = 4961
[INFO] [1789296337.980220890]: Temp compute time = 0.038448, average compute time = 0.044054
[INFO] [1789296338.086019514]: Temp compute time = 0.045164, average compute time = 0.044026
[INFO] [1789296338.186255935]: Temp compute time = 0.049706, average compute time = 0.044738
[INFO] [1789296338.291592377]: Temp compute time = 0.054860, average compute time = 0.045299
[INFO] [1789296338.399461766]: Temp compute time = 0.057314, average compute time = 0.045558
[INFO] [1789296338.495143157]: Temp compute time = 0.055169, average compute time = 0.045603
[INFO] [1789296338.591029280]: Temp compute time = 0.055278, average compute time = 0.046335
[INFO] [1789296338.690242447]: Temp compute time = 0.048649, average compute time = 0.046454
[INFO] [1789296338.779023695]: Temp compute time = 0.038200, average compute time = 0.046582
[INFO] [1789296338.896840384]: Temp compute time = 0.057320, average compute time = 0.047863
[INFO] [1789296338.975566321]: Temp compute time = 0.038254, average compute time = 0.047784
[INFO] [1789296339.087914939]: Temp compute time = 0.051796, average compute time = 0.048817
[INFO] [1789296339.188481157]: Temp compute time = 0.050100, average compute time = 0.048327
[INFO] [1789296339.286954754]: Temp compute time = 0.048122, average compute time = 0.048208
[INFO] [1789296339.393654451]: Temp compute time = 0.056255, average compute time = 0.048501
[INFO] [1789296339.491024031]: Temp compute time = 0.056834, average compute time = 0.048524
[INFO] [1789296339.595945187]: Temp compute time = 0.054558, average compute time = 0.048989
[INFO] [1789296339.654380365]: Temp compute time = 0.017983, average compute time = 0.048492
[INFO] [1789296339.765056480]: Temp compute time = 0.028705, average compute time = 0.047479
[INFO] [1789296339.888442463]: Temp compute time = 0.052973, average compute time = 0.047477
[INFO] [1789296339.977046904]: Temp compute time = 0.038170, average compute time = 0.047327
[INFO] [1789296340.098472147]: Temp compute time = 0.060805, average compute time = 0.048391
[INFO] [1789296340.187861100]: Temp compute time = 0.048827, average compute time = 0.048566
[INFO] [1789296340.282014666]: Temp compute time = 0.043647, average compute time = 0.048277
[INFO] [1789296340.392123002]: Temp compute time = 0.059657, average compute time = 0.048505
[INFO] [1789296340.478962397]: Temp compute time = 0.046363, average compute time = 0.047984
[INFO] [1789296340.585934212]: Temp compute time = 0.046459, average compute time = 0.047569
[INFO] [1789296340.697063786]: Temp compute time = 0.060800, average compute time = 0.047832
[INFO] [1789296340.758754950]: Temp compute time = 0.021307, average compute time = 0.046530
[INFO] [1789296340.873198126]: Temp compute time = 0.034046, average compute time = 0.046332
[INFO] [1789296340.977542120]: Temp compute time = 0.043742, average compute time = 0.045686
[INFO] [1789296341.100208172]: Temp compute time = 0.062219, average compute time = 0.046827
[INFO] [1789296341.188932033]: Temp compute time = 0.048081, average compute time = 0.046650
[INFO] [1789296341.279561806]: Temp compute time = 0.040168, average compute time = 0.046177
[INFO] [1789296341.380314889]: Temp compute time = 0.040121, average compute time = 0.045796
[INFO] [1789296341.489650418]: Temp compute time = 0.048833, average compute time = 0.045443
[INFO] [1789296341.584300653]: Temp compute time = 0.043862, average compute time = 0.044825
[INFO] [1789296341.674297754]: Temp compute time = 0.039366, average compute time = 0.044102
[INFO] [1789296341.795343228]: Temp compute time = 0.060643, average compute time = 0.046133
[INFO] [1789296341.896195172]: Temp compute time = 0.060399, average compute time = 0.047642
[INFO] [1789296341.978905650]: Temp compute time = 0.042178, average compute time = 0.047128
[INFO] [1789296342.084761179]: Temp compute time = 0.045337, average compute time = 0.047469
[INFO] [1789296342.192108446]: Temp compute time = 0.056813, average compute time = 0.047279
[INFO] [1789296342.295667824]: Temp compute time = 0.063037, average compute time = 0.047956
[INF[INFO] [1789296335.306414375]: M2.5 evaluator writes /home/jjm/??????/?????????????????????????????????????????????/marsim_ws/results/depth_cbf_m25_mid360/frames/A1_plane_front.csv; sole algorithm cloud input=/quad0_pcl_render_node/sensor_cloud; GT mode=A1_plane is evaluation-only.
terminate called after throwing an instance of 'boost::wrapexcept<boost::lock_error>'
  what():  boost: mutex lock failed in pthread_mutex_lock: Invalid argument
[INFO] [1789296335.807927864]: Published latched M2.5 map /home/jjm/??????/?????????????????????????????????????????????/marsim_ws/src/coni_mpc/test_data/depth_cbf_m25/A1_plane.pcd with 7701 points
WARNING: Package name "cascadePID" does not follow the naming conventions. It should start with a lower case letter and only contain lower case letters, digits, underscores, and dashes.
WARNING: Package name "cascadePID" does not follow the naming conventions. It should start with a lower case letter and only contain lower case letters, digits, underscores, and dashes.
[31m================================================================================REQUIRED process [depth_cbf_m25_trajectory-3] has died!
process has finished cleanly
log file: /home/jjm/.ros/log/cd794b1a-ade9-11f1-aae2-25bc297d88f9/depth_cbf_m25_trajectory-3*.log
Initiating shutdown!
================================================================================[0m
... logging to /home/jjm/.ros/log/cd794b1a-ade9-11f1-aae2-25bc297d88f9/roslaunch-jjm-392148.log
Checking log directory for disk usage. This may take a while.
Press Ctrl-C to interrupt
Done checking log file disk usage. Usage is <1GB.
]2;/home/jjm/桌面/小样本学习的去中心集群协同跟踪/marsim_ws/src/coni_mpc/launch/depth_cbf_m25.launch
[1mstarted roslaunch server http://jjm:43455/[0m

SUMMARY
========

PARAMETERS
 * /depth_cbf_m25_evaluator/car_odom_topic: /coni_mpc/car_odom
 * /depth_cbf_m25_evaluator/cloud_topic: /quad0_pcl_render...
 * /depth_cbf_m25_evaluator/debug_compare_world_cloud: True
 * /depth_cbf_m25_evaluator/debug_print_every_n_clouds: 20
 * /depth_cbf_m25_evaluator/debug_random_seed: 7
 * /depth_cbf_m25_evaluator/debug_sample_count: 3
 * /depth_cbf_m25_evaluator/debug_world_cloud_topic: /quad0_pcl_render...
 * /depth_cbf_m25_evaluator/extrinsics/rotation_BL: [1.0, 0.0, 0.0, 0...
 * /depth_cbf_m25_evaluator/extrinsics/translation_BL: [0.0, 0.0, 0.0]
 * /depth_cbf_m25_evaluator/filter/enable_ground_filter: False
 * /depth_cbf_m25_evaluator/filter/enable_voxel_filter: True
 * /depth_cbf_m25_evaluator/filter/ground_min_z_W: 0.1
 * /depth_cbf_m25_evaluator/filter/local_radius: 4.0
 * /depth_cbf_m25_evaluator/filter/max_range: 15.0
 * /depth_cbf_m25_evaluator/filter/min_range: 1.0
 * /depth_cbf_m25_evaluator/filter/voxel_leaf_size: 0.1
 * /depth_cbf_m25_evaluator/m25/gt_pcd: <...>
 * /depth_cbf_m25_evaluator/m25/max_pose_time_offset_sec: 0.025
 * /depth_cbf_m25_evaluator/m25/min_raylength: 1.0
 * /depth_cbf_m25_evaluator/m25/motion: front
 * /depth_cbf_m25_evaluator/m25/non_conservative_tolerance: 0.001
 * /depth_cbf_m25_evaluator/m25/result_root: <...>
 * /depth_cbf_m25_evaluator/m25/root_max_distance: 4.0
 * /depth_cbf_m25_evaluator/m25/root_samples: 160
 * /depth_cbf_m25_evaluator/m25/run_id: A1_plane_front
 * /depth_cbf_m25_evaluator/m25/scene: A1_plane
 * /depth_cbf_m25_evaluator/m25/vertical_fov_deg: 90.0
 * /depth_cbf_m25_evaluator/m25/yaw_fov_deg: 360.0
 * /depth_cbf_m25_evaluator/max_pose_time_offset_sec: 0.025
 * /depth_cbf_m25_evaluator/noninertial_frame_id: base_link
 * /depth_cbf_m25_evaluator/quad_odom_topic: /coni_mpc/quad_odom1
 * /depth_cbf_m25_evaluator/query_mesh/half_width_steps: 2
 * /depth_cbf_m25_evaluator/query_mesh/nearest_neighbor_max_distance: 3.47
 * /depth_cbf_m25_evaluator/query_mesh/spacing: 0.15
 * /depth_cbf_m25_evaluator/regression/local_cloud_topic: /depth_cbf_cloud_...
 * /depth_cbf_m25_evaluator/regression/log_every_n_fits: 20
 * /depth_cbf_m25_evaluator/regression/max_abs_error: 0.75
 * /depth_cbf_m25_evaluator/regression/max_condition_number: 1.0e8
 * /depth_cbf_m25_evaluator/regression/max_rmse: 0.25
 * /depth_cbf_m25_evaluator/regression/query_center_topic: /depth_cbf_cloud_...
 * /depth_cbf_m25_evaluator/regression/relative_rank_tolerance: 1e-10
 * /depth_cbf_m25_evaluator/regression/subscriber_queue_size: 5
 * /depth_cbf_m25_evaluator/regression/sync_queue_size: 10
 * /depth_cbf_m25_evaluator/safety/d_safe: 0.15
 * /depth_cbf_m25_evaluator/safety/delta_surface: 0.0
 * /depth_cbf_m25_evaluator/safety/r_uav: 0.15
 * /depth_cbf_m25_evaluator/subscriber_queue_size: 20
 * /depth_cbf_m25_evaluator/sync_queue_size: 40
 * /depth_cbf_m25_evaluator/sync_slop_sec: 0.025
 * /depth_cbf_m25_evaluator/world_frame_id: map
 * /depth_cbf_m25_map_pub/map_name: <...>
 * /depth_cbf_m25_trajectory/duration_sec: 5.0
 * /depth_cbf_m25_trajectory/motion: front
 * /depth_cbf_m25_trajectory/scene: A1_plane
 * /depth_cbf_m25_trajectory/warmup_sec: 2.0
 * /depth_cbf_m25_trajectory/yaw_offset_deg: 0.0
 * /quad0_pcl_render_node/collision_range: 0.3
 * /quad0_pcl_render_node/collisioncheck_enable: 0
 * /quad0_pcl_render_node/curvature_limit: 100.0
 * /quad0_pcl_render_node/downsample_res: 0.1
 * /quad0_pcl_render_node/drone_id: 0
 * /quad0_pcl_render_node/dyn_mode: 0
 * /quad0_pcl_render_node/dyn_velocity: 0.0
 * /quad0_pcl_render_node/dynobj_enable: 0
 * /quad0_pcl_render_node/dynobject_num: 0
 * /quad0_pcl_render_node/dynobject_size: 0.8
 * /quad0_pcl_render_node/estimation_rate: 10.0
 * /quad0_pcl_render_node/hash_cubesize: 5.0
 * /quad0_pcl_render_node/is_360lidar: 1
 * /quad0_pcl_render_node/livox_linestep: 1.4
 * /quad0_pcl_render_node/min_raylength: 1.0
 * /quad0_pcl_render_node/output_pcd: 0
 * /quad0_pcl_render_node/polar_resolution: 0.2
 * /quad0_pcl_render_node/quadrotor_name: m25_quad0
 * /quad0_pcl_render_node/sensing_horizon: 15.0
 * /quad0_pcl_render_node/sensing_rate: 10.0
 * /quad0_pcl_render_node/uav_num: 1
 * /quad0_pcl_render_node/use_avia_pattern: 0
 * /quad0_pcl_render_node/use_minicf_pattern: 1
 * /quad0_pcl_render_node/use_os128_pattern: 0
 * /quad0_pcl_render_node/use_uav_extra_model: 0
 * /quad0_pcl_render_node/use_vlp32_pattern: 0
 * /quad0_pcl_render_node/vertical_fov: 90.0
 * /quad0_pcl_render_node/yaw_fov: 360.0
 * /rosdistro: noetic
 * /rosversion: 1.17.4

NODES
  /
    depth_cbf_m25_evaluator (coni_mpc/depth_cbf_m25_evaluation_node)
    depth_cbf_m25_map_pub (coni_mpc/depth_cbf_m25_map_publisher_node)
    depth_cbf_m25_trajectory (coni_mpc/depth_cbf_m25_trajectory_node)
    quad0_pcl_render_node (local_sensing_node/pcl_render_node)

[1mROS_MASTER_URI=http://localhost:11311[0m
]2;/home/jjm/桌面/小样本学习的去中心集群协同跟踪/marsim_ws/src/coni_mpc/launch/depth_cbf_m25.launch http://localhost:11311
[1mprocess[depth_cbf_m25_map_pub-1]: started with pid [392211][0m
[1mprocess[quad0_pcl_render_node-2]: started with pid [392212][0m
[1mprocess[depth_cbf_m25_trajectory-3]: started with pid [392213][0m
[1mprocess[depth_cbf_m25_evaluator-4]: started with pid [392214][0m
[depth_cbf_m25_evaluator-4] killing on exit
[depth_cbf_m25_trajectory-3] killing on exit
[quad0_pcl_render_node-2] killing on exit
[depth_cbf_m25_map_pub-1] killing on exit
shutting down processing monitor...
... shutting down processing monitor complete
[1mdone[0m
