WARNING: Package name "cascadePID" does not follow the naming conventions. It should start with a lower case letter and only contain lower case letters, digits, underscores, and dashes.
[INFO] [1789296361.017108048]: drone_drawpoints_num = 4,4,2, Uav points num = 32

Found pkg_path = /home/jjm/桌面/小样本学习的去中心集群协同跟踪/marsim_ws/src/MARSIM/local_sensing/data/m25_quad0_time_consumption.txt

Found pkg_path = /home/jjm/桌面/小样本学习的去中心集群协同跟踪/marsim_ws/src/MARSIM/local_sensing/data/m25_quad0_collision_check_time_consumption.txt
[WARN] [1789296361.495947159]: Global Pointcloud received..
[WARN] [1789296361.549818394]: Normal compute finished.., mapsize = 4961
[INFO] [1789296363.680577193]: Temp compute time = 0.052399, average compute time = 0.053067
[INFO] [1789296363.781372847]: Temp compute time = 0.060424, average compute time = 0.053804
[INFO] [1789296363.880671790]: Temp compute time = 0.058768, average compute time = 0.055557
[INFO] [1789296363.978122495]: Temp compute time = 0.056872, average compute time = 0.056656
[INFO] [1789296364.088778112]: Temp compute time = 0.060115, average compute time = 0.056640
[INFO] [1789296364.170965820]: Temp compute time = 0.051815, average compute time = 0.056409
[INFO] [1789296364.281651180]: Temp compute time = 0.060298, average compute time = 0.056645
[INFO] [1789296364.379387314]: Temp compute time = 0.057396, average compute time = 0.056616
[INFO] [1789296364.468082200]: Temp compute time = 0.048314, average compute time = 0.055906
[INFO] [1789296364.571695127]: Temp compute time = 0.043255, average compute time = 0.055235
[INFO] [1789296364.646880377]: Temp compute time = 0.024847, average compute time = 0.053534
[INFO] [1789296364.748912995]: Temp compute time = 0.021734, average compute time = 0.052460
[INFO] [1789296364.876335855]: Temp compute time = 0.057126, average compute time = 0.052132
[INFO] [1789296364.992212501]: Temp compute time = 0.065361, average compute time = 0.052357
[INFO] [1789296365.084706280]: Temp compute time = 0.061887, average compute time = 0.052780
[INFO] [1789296365.180120751]: Temp compute time = 0.054779, average compute time = 0.053498
[INFO] [1789296365.271026774]: Temp compute time = 0.050425, average compute time = 0.053300
[INFO] [1789296365.381426087]: Temp compute time = 0.059951, average compute time = 0.053490
[INFO] [1789296365.482873737]: Temp compute time = 0.060915, average compute time = 0.053422
[INFO] [1789296365.577346798]: Temp compute time = 0.054094, average compute time = 0.053240
[INFO] [1789296365.665225995]: Temp compute time = 0.037470, average compute time = 0.052297
[INFO] [1789296365.765787747]: Temp compute time = 0.040078, average compute time = 0.051711
[INFO] [1789296365.867086347]: Temp compute time = 0.040770, average compute time = 0.050775
[INFO] [1789296365.989237116]: Temp compute time = 0.061663, average compute time = 0.050913
[INFO] [1789296366.076126777]: Temp compute time = 0.056198, average compute time = 0.050880
[INFO] [1789296366.188301587]: Temp compute time = 0.061736, average compute time = 0.050958
[INFO] [1789296366.293800901]: Temp compute time = 0.065023, average compute time = 0.051587
[INFO] [1789296366.383815740]: Temp compute time = 0.059474, average compute time = 0.051547
[INFO] [1789296366.480706298]: Temp compute time = 0.056333, average compute time = 0.051497
[INFO] [1789296366.580244129]: Temp compute time = 0.059099, average compute time = 0.052010
[INFO] [1789296366.674966672]: Temp compute time = 0.054270, average compute time = 0.052535
[INFO] [1789296366.784980234]: Temp compute time = 0.059595, average compute time = 0.054190
[INFO] [1789296366.872279934]: Temp compute time = 0.046625, average compute time = 0.055375
[INFO] [1789296366.983392481]: Temp compute time = 0.060608, average compute time = 0.055541
[INFO] [1789296367.084759889]: Temp compute time = 0.061000, average compute time = 0.055333
[INFO] [1789296367.180852987]: Temp compute time = 0.055702, average compute time = 0.055038
[INFO] [1789296367.260537938]: Temp compute time = 0.039143, average compute time = 0.054294
[INFO] [1789296367.381108821]: Temp compute time = 0.060089, average compute time = 0.054754
[INFO] [1789296367.481840118]: Temp compute time = 0.060204, average compute time = 0.054766
[INFO] [1789296367.580352313]: Temp compute time = 0.057965, average compute time = 0.054626
[INFO] [1789296367.678319950]: Temp compute time = 0.057431, average compute time = 0.054785
[INFO] [1789296367.786832552]: Temp compute time = 0.057888, average compute time = 0.055757
[INFO] [1789296367.882708951]: Temp compute time = 0.055385, average compute time = 0.056486
[INFO] [1789296367.979456801]: Temp compute time = 0.056349, average compute time = 0.057228
[INF[INFO] [1789296360.995996949]: M2.5 evaluator writes /home/jjm/??????/?????????????????????????????????????????????/marsim_ws/results/depth_cbf_m25_mid360/frames/A1_plane_switching.csv; sole algorithm cloud input=/quad0_pcl_render_node/sensor_cloud; GT mode=A1_plane is evaluation-only.
terminate called after throwing an instance of 'boost::wrapexcept<boost::lock_error>'
  what():  boost: mutex lock failed in pthread_mutex_lock: Invalid argument
[INFO] [1789296361.490738655]: Published latched M2.5 map /home/jjm/??????/?????????????????????????????????????????????/marsim_ws/src/coni_mpc/test_data/depth_cbf_m25/A1_plane.pcd with 7701 points
WARNING: Package name "cascadePID" does not follow the naming conventions. It should start with a lower case letter and only contain lower case letters, digits, underscores, and dashes.
WARNING: Package name "cascadePID" does not follow the naming conventions. It should start with a lower case letter and only contain lower case letters, digits, underscores, and dashes.
[31m================================================================================REQUIRED process [depth_cbf_m25_trajectory-3] has died!
process has finished cleanly
log file: /home/jjm/.ros/log/cd794b1a-ade9-11f1-aae2-25bc297d88f9/depth_cbf_m25_trajectory-3*.log
Initiating shutdown!
================================================================================[0m
... logging to /home/jjm/.ros/log/cd794b1a-ade9-11f1-aae2-25bc297d88f9/roslaunch-jjm-392637.log
Checking log directory for disk usage. This may take a while.
Press Ctrl-C to interrupt
Done checking log file disk usage. Usage is <1GB.
]2;/home/jjm/桌面/小样本学习的去中心集群协同跟踪/marsim_ws/src/coni_mpc/launch/depth_cbf_m25.launch
[1mstarted roslaunch server http://jjm:46205/[0m

SUMMARY
========

PARAMETERS
 * /depth_cbf_m25_evaluator/car_odom_topic: /coni_mpc/car_odom
 * /depth_cbf_m25_evaluator/cloud_topic: /quad0_pcl_render...
 * /depth_cbf_m25_evaluator/debug_compare_world_cloud: True
 * /depth_cbf_m25_evaluator/debug_print_every_n_clouds: 20
 * /depth_cbf_m25_evaluator/debug_random_seed: 7
 * /depth_cbf_m25_evaluator/debug_sample_count: 3
 * /depth_cbf_m25_evaluator/debug_world_cloud_topic: /quad0_pcl_render...
 * /depth_cbf_m25_evaluator/extrinsics/rotation_BL: [1.0, 0.0, 0.0, 0...
 * /depth_cbf_m25_evaluator/extrinsics/translation_BL: [0.0, 0.0, 0.0]
 * /depth_cbf_m25_evaluator/filter/enable_ground_filter: False
 * /depth_cbf_m25_evaluator/filter/enable_voxel_filter: True
 * /depth_cbf_m25_evaluator/filter/ground_min_z_W: 0.1
 * /depth_cbf_m25_evaluator/filter/local_radius: 4.0
 * /depth_cbf_m25_evaluator/filter/max_range: 15.0
 * /depth_cbf_m25_evaluator/filter/min_range: 1.0
 * /depth_cbf_m25_evaluator/filter/voxel_leaf_size: 0.1
 * /depth_cbf_m25_evaluator/m25/gt_pcd: <...>
 * /depth_cbf_m25_evaluator/m25/max_pose_time_offset_sec: 0.025
 * /depth_cbf_m25_evaluator/m25/min_raylength: 1.0
 * /depth_cbf_m25_evaluator/m25/motion: switching
 * /depth_cbf_m25_evaluator/m25/non_conservative_tolerance: 0.001
 * /depth_cbf_m25_evaluator/m25/result_root: <...>
 * /depth_cbf_m25_evaluator/m25/root_max_distance: 4.0
 * /depth_cbf_m25_evaluator/m25/root_samples: 160
 * /depth_cbf_m25_evaluator/m25/run_id: A1_plane_switching
 * /depth_cbf_m25_evaluator/m25/scene: A1_plane
 * /depth_cbf_m25_evaluator/m25/vertical_fov_deg: 90.0
 * /depth_cbf_m25_evaluator/m25/yaw_fov_deg: 360.0
 * /depth_cbf_m25_evaluator/max_pose_time_offset_sec: 0.025
 * /depth_cbf_m25_evaluator/noninertial_frame_id: base_link
 * /depth_cbf_m25_evaluator/quad_odom_topic: /coni_mpc/quad_odom1
 * /depth_cbf_m25_evaluator/query_mesh/half_width_steps: 2
 * /depth_cbf_m25_evaluator/query_mesh/nearest_neighbor_max_distance: 3.47
 * /depth_cbf_m25_evaluator/query_mesh/spacing: 0.15
 * /depth_cbf_m25_evaluator/regression/local_cloud_topic: /depth_cbf_cloud_...
 * /depth_cbf_m25_evaluator/regression/log_every_n_fits: 20
 * /depth_cbf_m25_evaluator/regression/max_abs_error: 0.75
 * /depth_cbf_m25_evaluator/regression/max_condition_number: 1.0e8
 * /depth_cbf_m25_evaluator/regression/max_rmse: 0.25
 * /depth_cbf_m25_evaluator/regression/query_center_topic: /depth_cbf_cloud_...
 * /depth_cbf_m25_evaluator/regression/relative_rank_tolerance: 1e-10
 * /depth_cbf_m25_evaluator/regression/subscriber_queue_size: 5
 * /depth_cbf_m25_evaluator/regression/sync_queue_size: 10
 * /depth_cbf_m25_evaluator/safety/d_safe: 0.15
 * /depth_cbf_m25_evaluator/safety/delta_surface: 0.0
 * /depth_cbf_m25_evaluator/safety/r_uav: 0.15
 * /depth_cbf_m25_evaluator/subscriber_queue_size: 20
 * /depth_cbf_m25_evaluator/sync_queue_size: 40
 * /depth_cbf_m25_evaluator/sync_slop_sec: 0.025
 * /depth_cbf_m25_evaluator/world_frame_id: map
 * /depth_cbf_m25_map_pub/map_name: <...>
 * /depth_cbf_m25_trajectory/duration_sec: 5.0
 * /depth_cbf_m25_trajectory/motion: switching
 * /depth_cbf_m25_trajectory/scene: A1_plane
 * /depth_cbf_m25_trajectory/warmup_sec: 2.0
 * /depth_cbf_m25_trajectory/yaw_offset_deg: 0.0
 * /quad0_pcl_render_node/collision_range: 0.3
 * /quad0_pcl_render_node/collisioncheck_enable: 0
 * /quad0_pcl_render_node/curvature_limit: 100.0
 * /quad0_pcl_render_node/downsample_res: 0.1
 * /quad0_pcl_render_node/drone_id: 0
 * /quad0_pcl_render_node/dyn_mode: 0
 * /quad0_pcl_render_node/dyn_velocity: 0.0
 * /quad0_pcl_render_node/dynobj_enable: 0
 * /quad0_pcl_render_node/dynobject_num: 0
 * /quad0_pcl_render_node/dynobject_size: 0.8
 * /quad0_pcl_render_node/estimation_rate: 10.0
 * /quad0_pcl_render_node/hash_cubesize: 5.0
 * /quad0_pcl_render_node/is_360lidar: 1
 * /quad0_pcl_render_node/livox_linestep: 1.4
 * /quad0_pcl_render_node/min_raylength: 1.0
 * /quad0_pcl_render_node/output_pcd: 0
 * /quad0_pcl_render_node/polar_resolution: 0.2
 * /quad0_pcl_render_node/quadrotor_name: m25_quad0
 * /quad0_pcl_render_node/sensing_horizon: 15.0
 * /quad0_pcl_render_node/sensing_rate: 10.0
 * /quad0_pcl_render_node/uav_num: 1
 * /quad0_pcl_render_node/use_avia_pattern: 0
 * /quad0_pcl_render_node/use_minicf_pattern: 1
 * /quad0_pcl_render_node/use_os128_pattern: 0
 * /quad0_pcl_render_node/use_uav_extra_model: 0
 * /quad0_pcl_render_node/use_vlp32_pattern: 0
 * /quad0_pcl_render_node/vertical_fov: 90.0
 * /quad0_pcl_render_node/yaw_fov: 360.0
 * /rosdistro: noetic
 * /rosversion: 1.17.4

NODES
  /
    depth_cbf_m25_evaluator (coni_mpc/depth_cbf_m25_evaluation_node)
    depth_cbf_m25_map_pub (coni_mpc/depth_cbf_m25_map_publisher_node)
    depth_cbf_m25_trajectory (coni_mpc/depth_cbf_m25_trajectory_node)
    quad0_pcl_render_node (local_sensing_node/pcl_render_node)

[1mROS_MASTER_URI=http://localhost:11311[0m
]2;/home/jjm/桌面/小样本学习的去中心集群协同跟踪/marsim_ws/src/coni_mpc/launch/depth_cbf_m25.launch http://localhost:11311
[1mprocess[depth_cbf_m25_map_pub-1]: started with pid [392681][0m
[1mprocess[quad0_pcl_render_node-2]: started with pid [392682][0m
[1mprocess[depth_cbf_m25_trajectory-3]: started with pid [392683][0m
[1mprocess[depth_cbf_m25_evaluator-4]: started with pid [392684][0m
[depth_cbf_m25_evaluator-4] killing on exit
[quad0_pcl_render_node-2] killing on exit
[depth_cbf_m25_trajectory-3] killing on exit
[depth_cbf_m25_map_pub-1] killing on exit
shutting down processing monitor...
... shutting down processing monitor complete
[1mdone[0m
