WARNING: Package name "cascadePID" does not follow the naming conventions. It should start with a lower case letter and only contain lower case letters, digits, underscores, and dashes.
[INFO] [1789296386.746032515]: drone_drawpoints_num = 4,4,2, Uav points num = 32

Found pkg_path = /home/jjm/桌面/小样本学习的去中心集群协同跟踪/marsim_ws/src/MARSIM/local_sensing/data/m25_quad0_time_consumption.txt

Found pkg_path = /home/jjm/桌面/小样本学习的去中心集群协同跟踪/marsim_ws/src/MARSIM/local_sensing/data/m25_quad0_collision_check_time_consumption.txt
[WARN] [1789296387.225785825]: Global Pointcloud received..
[WARN] [1789296387.236595834]: Normal compute finished.., mapsize = 2706
[INFO] [1789296389.391444799]: Temp compute time = 0.038280, average compute time = 0.027644
[INFO] [1789296389.475740032]: Temp compute time = 0.023813, average compute time = 0.026628
[INFO] [1789296389.583550690]: Temp compute time = 0.027036, average compute time = 0.027153
[INFO] [1789296389.704702302]: Temp compute time = 0.050362, average compute time = 0.029001
[INFO] [1789296389.788775153]: Temp compute time = 0.033401, average compute time = 0.029875
[INFO] [1789296389.878199896]: Temp compute time = 0.028900, average compute time = 0.030522
[INFO] [1789296389.998114639]: Temp compute time = 0.039530, average compute time = 0.031783
[INFO] [1789296390.082838469]: Temp compute time = 0.024312, average compute time = 0.031110
[INFO] [1789296390.183881556]: Temp compute time = 0.030643, average compute time = 0.030542
[INFO] [1789296390.289333558]: Temp compute time = 0.034680, average compute time = 0.030756
[INFO] [1789296390.380143597]: Temp compute time = 0.030216, average compute time = 0.030170
[INFO] [1789296390.495318462]: Temp compute time = 0.044520, average compute time = 0.030365
[INFO] [1789296390.591139706]: Temp compute time = 0.035238, average compute time = 0.030363
[INFO] [1789296390.664123152]: Temp compute time = 0.012447, average compute time = 0.029051
[INFO] [1789296390.772950745]: Temp compute time = 0.021278, average compute time = 0.028532
[INFO] [1789296390.901458774]: Temp compute time = 0.047913, average compute time = 0.030171
[INFO] [1789296390.987575865]: Temp compute time = 0.035592, average compute time = 0.031192
[INFO] [1789296391.086476268]: Temp compute time = 0.028148, average compute time = 0.031528
[INFO] [1789296391.195102509]: Temp compute time = 0.038034, average compute time = 0.032768
[INFO] [1789296391.289336833]: Temp compute time = 0.033374, average compute time = 0.032522
[INFO] [1789296391.398460772]: Temp compute time = 0.048390, average compute time = 0.033624
[INFO] [1789296391.495825049]: Temp compute time = 0.046741, average compute time = 0.034027
[INFO] [1789296391.604491993]: Temp compute time = 0.048214, average compute time = 0.035189
[INFO] [1789296391.672542346]: Temp compute time = 0.017645, average compute time = 0.034742
[INFO] [1789296391.786042244]: Temp compute time = 0.031117, average compute time = 0.033825
[INFO] [1789296391.909898683]: Temp compute time = 0.053249, average compute time = 0.034770
[INFO] [1789296391.991965888]: Temp compute time = 0.041508, average compute time = 0.035371
[INFO] [1789296392.103653975]: Temp compute time = 0.051172, average compute time = 0.035925
[INFO] [1789296392.193523087]: Temp compute time = 0.039119, average compute time = 0.036630
[INFO] [1789296392.286441161]: Temp compute time = 0.032285, average compute time = 0.036708
[INFO] [1789296392.388446460]: Temp compute time = 0.031419, average compute time = 0.036553
[INFO] [1789296392.503337250]: Temp compute time = 0.054334, average compute time = 0.037702
[INFO] [1789296392.593760619]: Temp compute time = 0.039850, average compute time = 0.037479
[INFO] [1789296392.690092953]: Temp compute time = 0.035886, average compute time = 0.037510
[INFO] [1789296392.802413689]: Temp compute time = 0.051692, average compute time = 0.039379
[INFO] [1789296392.913417273]: Temp compute time = 0.060215, average compute time = 0.041233
[INFO] [1789296393.007626526]: Temp compute time = 0.053270, average compute time = 0.041488
[INFO] [1789296393.110128782]: Temp compute time = 0.051706, average compute time = 0.042256
[INFO] [1789296393.207675602]: Temp compute time = 0.057019, average compute time = 0.043630
[INFO] [1789296393.312461372]: Temp compute time = 0.054250, average compute time = 0.044403
[INFO] [1789296393.405723326]: Temp compute time = 0.052598, average compute time = 0.045318
[INFO] [1789296393.509747861]: Temp compute time = 0.053445, average compute time = 0.045559
[INFO] [1789296393.607074052]: Temp compute time = 0.056769, average compute time = 0.046036
[INFO] [1789296393.709458702]: Temp compute time = 0.051646, average compute time = 0.046200
[INF[INFO] [1789296386.719930052]: M2.5 evaluator writes /home/jjm/??????/?????????????????????????????????????????????/marsim_ws/results/depth_cbf_m25_mid360/frames/A2_cylinder_oblique.csv; sole algorithm cloud input=/quad0_pcl_render_node/sensor_cloud; GT mode=A2_cylinder is evaluation-only.
terminate called after throwing an instance of 'boost::wrapexcept<boost::lock_error>'
  what():  boost: mutex lock failed in pthread_mutex_lock: Invalid argument
[INFO] [1789296387.218747215]: Published latched M2.5 map /home/jjm/??????/?????????????????????????????????????????????/marsim_ws/src/coni_mpc/test_data/depth_cbf_m25/A2_cylinder.pcd with 9180 points
WARNING: Package name "cascadePID" does not follow the naming conventions. It should start with a lower case letter and only contain lower case letters, digits, underscores, and dashes.
WARNING: Package name "cascadePID" does not follow the naming conventions. It should start with a lower case letter and only contain lower case letters, digits, underscores, and dashes.
[31m================================================================================REQUIRED process [depth_cbf_m25_trajectory-3] has died!
process has finished cleanly
log file: /home/jjm/.ros/log/cd794b1a-ade9-11f1-aae2-25bc297d88f9/depth_cbf_m25_trajectory-3*.log
Initiating shutdown!
================================================================================[0m
... logging to /home/jjm/.ros/log/cd794b1a-ade9-11f1-aae2-25bc297d88f9/roslaunch-jjm-393106.log
Checking log directory for disk usage. This may take a while.
Press Ctrl-C to interrupt
Done checking log file disk usage. Usage is <1GB.
]2;/home/jjm/桌面/小样本学习的去中心集群协同跟踪/marsim_ws/src/coni_mpc/launch/depth_cbf_m25.launch
[1mstarted roslaunch server http://jjm:40705/[0m

SUMMARY
========

PARAMETERS
 * /depth_cbf_m25_evaluator/car_odom_topic: /coni_mpc/car_odom
 * /depth_cbf_m25_evaluator/cloud_topic: /quad0_pcl_render...
 * /depth_cbf_m25_evaluator/debug_compare_world_cloud: True
 * /depth_cbf_m25_evaluator/debug_print_every_n_clouds: 20
 * /depth_cbf_m25_evaluator/debug_random_seed: 7
 * /depth_cbf_m25_evaluator/debug_sample_count: 3
 * /depth_cbf_m25_evaluator/debug_world_cloud_topic: /quad0_pcl_render...
 * /depth_cbf_m25_evaluator/extrinsics/rotation_BL: [1.0, 0.0, 0.0, 0...
 * /depth_cbf_m25_evaluator/extrinsics/translation_BL: [0.0, 0.0, 0.0]
 * /depth_cbf_m25_evaluator/filter/enable_ground_filter: False
 * /depth_cbf_m25_evaluator/filter/enable_voxel_filter: True
 * /depth_cbf_m25_evaluator/filter/ground_min_z_W: 0.1
 * /depth_cbf_m25_evaluator/filter/local_radius: 4.0
 * /depth_cbf_m25_evaluator/filter/max_range: 15.0
 * /depth_cbf_m25_evaluator/filter/min_range: 1.0
 * /depth_cbf_m25_evaluator/filter/voxel_leaf_size: 0.1
 * /depth_cbf_m25_evaluator/m25/gt_pcd: <...>
 * /depth_cbf_m25_evaluator/m25/max_pose_time_offset_sec: 0.025
 * /depth_cbf_m25_evaluator/m25/min_raylength: 1.0
 * /depth_cbf_m25_evaluator/m25/motion: oblique
 * /depth_cbf_m25_evaluator/m25/non_conservative_tolerance: 0.001
 * /depth_cbf_m25_evaluator/m25/result_root: <...>
 * /depth_cbf_m25_evaluator/m25/root_max_distance: 4.0
 * /depth_cbf_m25_evaluator/m25/root_samples: 160
 * /depth_cbf_m25_evaluator/m25/run_id: A2_cylinder_oblique
 * /depth_cbf_m25_evaluator/m25/scene: A2_cylinder
 * /depth_cbf_m25_evaluator/m25/vertical_fov_deg: 90.0
 * /depth_cbf_m25_evaluator/m25/yaw_fov_deg: 360.0
 * /depth_cbf_m25_evaluator/max_pose_time_offset_sec: 0.025
 * /depth_cbf_m25_evaluator/noninertial_frame_id: base_link
 * /depth_cbf_m25_evaluator/quad_odom_topic: /coni_mpc/quad_odom1
 * /depth_cbf_m25_evaluator/query_mesh/half_width_steps: 2
 * /depth_cbf_m25_evaluator/query_mesh/nearest_neighbor_max_distance: 3.47
 * /depth_cbf_m25_evaluator/query_mesh/spacing: 0.15
 * /depth_cbf_m25_evaluator/regression/local_cloud_topic: /depth_cbf_cloud_...
 * /depth_cbf_m25_evaluator/regression/log_every_n_fits: 20
 * /depth_cbf_m25_evaluator/regression/max_abs_error: 0.75
 * /depth_cbf_m25_evaluator/regression/max_condition_number: 1.0e8
 * /depth_cbf_m25_evaluator/regression/max_rmse: 0.25
 * /depth_cbf_m25_evaluator/regression/query_center_topic: /depth_cbf_cloud_...
 * /depth_cbf_m25_evaluator/regression/relative_rank_tolerance: 1e-10
 * /depth_cbf_m25_evaluator/regression/subscriber_queue_size: 5
 * /depth_cbf_m25_evaluator/regression/sync_queue_size: 10
 * /depth_cbf_m25_evaluator/safety/d_safe: 0.15
 * /depth_cbf_m25_evaluator/safety/delta_surface: 0.0
 * /depth_cbf_m25_evaluator/safety/r_uav: 0.15
 * /depth_cbf_m25_evaluator/subscriber_queue_size: 20
 * /depth_cbf_m25_evaluator/sync_queue_size: 40
 * /depth_cbf_m25_evaluator/sync_slop_sec: 0.025
 * /depth_cbf_m25_evaluator/world_frame_id: map
 * /depth_cbf_m25_map_pub/map_name: <...>
 * /depth_cbf_m25_trajectory/duration_sec: 5.0
 * /depth_cbf_m25_trajectory/motion: oblique
 * /depth_cbf_m25_trajectory/scene: A2_cylinder
 * /depth_cbf_m25_trajectory/warmup_sec: 2.0
 * /depth_cbf_m25_trajectory/yaw_offset_deg: 0.0
 * /quad0_pcl_render_node/collision_range: 0.3
 * /quad0_pcl_render_node/collisioncheck_enable: 0
 * /quad0_pcl_render_node/curvature_limit: 100.0
 * /quad0_pcl_render_node/downsample_res: 0.1
 * /quad0_pcl_render_node/drone_id: 0
 * /quad0_pcl_render_node/dyn_mode: 0
 * /quad0_pcl_render_node/dyn_velocity: 0.0
 * /quad0_pcl_render_node/dynobj_enable: 0
 * /quad0_pcl_render_node/dynobject_num: 0
 * /quad0_pcl_render_node/dynobject_size: 0.8
 * /quad0_pcl_render_node/estimation_rate: 10.0
 * /quad0_pcl_render_node/hash_cubesize: 5.0
 * /quad0_pcl_render_node/is_360lidar: 1
 * /quad0_pcl_render_node/livox_linestep: 1.4
 * /quad0_pcl_render_node/min_raylength: 1.0
 * /quad0_pcl_render_node/output_pcd: 0
 * /quad0_pcl_render_node/polar_resolution: 0.2
 * /quad0_pcl_render_node/quadrotor_name: m25_quad0
 * /quad0_pcl_render_node/sensing_horizon: 15.0
 * /quad0_pcl_render_node/sensing_rate: 10.0
 * /quad0_pcl_render_node/uav_num: 1
 * /quad0_pcl_render_node/use_avia_pattern: 0
 * /quad0_pcl_render_node/use_minicf_pattern: 1
 * /quad0_pcl_render_node/use_os128_pattern: 0
 * /quad0_pcl_render_node/use_uav_extra_model: 0
 * /quad0_pcl_render_node/use_vlp32_pattern: 0
 * /quad0_pcl_render_node/vertical_fov: 90.0
 * /quad0_pcl_render_node/yaw_fov: 360.0
 * /rosdistro: noetic
 * /rosversion: 1.17.4

NODES
  /
    depth_cbf_m25_evaluator (coni_mpc/depth_cbf_m25_evaluation_node)
    depth_cbf_m25_map_pub (coni_mpc/depth_cbf_m25_map_publisher_node)
    depth_cbf_m25_trajectory (coni_mpc/depth_cbf_m25_trajectory_node)
    quad0_pcl_render_node (local_sensing_node/pcl_render_node)

[1mROS_MASTER_URI=http://localhost:11311[0m
]2;/home/jjm/桌面/小样本学习的去中心集群协同跟踪/marsim_ws/src/coni_mpc/launch/depth_cbf_m25.launch http://localhost:11311
[1mprocess[depth_cbf_m25_map_pub-1]: started with pid [393151][0m
[1mprocess[quad0_pcl_render_node-2]: started with pid [393152][0m
[1mprocess[depth_cbf_m25_trajectory-3]: started with pid [393153][0m
[1mprocess[depth_cbf_m25_evaluator-4]: started with pid [393154][0m
[depth_cbf_m25_evaluator-4] killing on exit
[depth_cbf_m25_trajectory-3] killing on exit
[quad0_pcl_render_node-2] killing on exit
[depth_cbf_m25_map_pub-1] killing on exit
shutting down processing monitor...
... shutting down processing monitor complete
[1mdone[0m
