WARNING: Package name "cascadePID" does not follow the naming conventions. It should start with a lower case letter and only contain lower case letters, digits, underscores, and dashes.
[INFO] [1789296378.110412016]: drone_drawpoints_num = 4,4,2, Uav points num = 32

Found pkg_path = /home/jjm/桌面/小样本学习的去中心集群协同跟踪/marsim_ws/src/MARSIM/local_sensing/data/m25_quad0_time_consumption.txt

Found pkg_path = /home/jjm/桌面/小样本学习的去中心集群协同跟踪/marsim_ws/src/MARSIM/local_sensing/data/m25_quad0_collision_check_time_consumption.txt
[WARN] [1789296378.589861901]: Global Pointcloud received..
[WARN] [1789296378.610305539]: Normal compute finished.., mapsize = 2706
[INFO] [1789296380.747795484]: Temp compute time = 0.031548, average compute time = 0.033673
[INFO] [1789296380.859094748]: Temp compute time = 0.040755, average compute time = 0.034790
[INFO] [1789296380.966475861]: Temp compute time = 0.046918, average compute time = 0.035303
[INFO] [1789296381.066902969]: Temp compute time = 0.049853, average compute time = 0.035388
[INFO] [1789296381.153308327]: Temp compute time = 0.035933, average compute time = 0.035587
[INFO] [1789296381.259818315]: Temp compute time = 0.046046, average compute time = 0.035672
[INFO] [1789296381.368976619]: Temp compute time = 0.048589, average compute time = 0.036206
[INFO] [1789296381.432935024]: Temp compute time = 0.013290, average compute time = 0.036162
[INFO] [1789296381.559451341]: Temp compute time = 0.039715, average compute time = 0.037065
[INFO] [1789296381.666613597]: Temp compute time = 0.046143, average compute time = 0.037757
[INFO] [1789296381.740419866]: Temp compute time = 0.023395, average compute time = 0.037392
[INFO] [1789296381.837010339]: Temp compute time = 0.016237, average compute time = 0.035998
[INFO] [1789296381.968106293]: Temp compute time = 0.047310, average compute time = 0.036370
[INFO] [1789296382.066927597]: Temp compute time = 0.048329, average compute time = 0.036706
[INFO] [1789296382.158540054]: Temp compute time = 0.041164, average compute time = 0.036676
[INFO] [1789296382.271999133]: Temp compute time = 0.053101, average compute time = 0.036911
[INFO] [1789296382.369986006]: Temp compute time = 0.047418, average compute time = 0.036993
[INFO] [1789296382.465601621]: Temp compute time = 0.045294, average compute time = 0.038555
[INFO] [1789296382.568508362]: Temp compute time = 0.052396, average compute time = 0.039346
[INFO] [1789296382.655840907]: Temp compute time = 0.036860, average compute time = 0.040372
[INFO] [1789296382.765513361]: Temp compute time = 0.049220, average compute time = 0.040929
[INFO] [1789296382.862471930]: Temp compute time = 0.046312, average compute time = 0.041632
[INFO] [1789296382.945118267]: Temp compute time = 0.032163, average compute time = 0.041223
[INFO] [1789296383.030035973]: Temp compute time = 0.014404, average compute time = 0.039675
[INFO] [1789296383.131159610]: Temp compute time = 0.015646, average compute time = 0.038046
[INFO] [1789296383.258691442]: Temp compute time = 0.043170, average compute time = 0.038391
[INFO] [1789296383.370862277]: Temp compute time = 0.051673, average compute time = 0.038658
[INFO] [1789296383.471113374]: Temp compute time = 0.049698, average compute time = 0.038711
[INFO] [1789296383.577073486]: Temp compute time = 0.055277, average compute time = 0.040711
[INFO] [1789296383.655453155]: Temp compute time = 0.037649, average compute time = 0.040612
[INFO] [1789296383.764406836]: Temp compute time = 0.048480, average compute time = 0.040724
[INFO] [1789296383.862667300]: Temp compute time = 0.047683, average compute time = 0.041880
[INFO] [1789296383.958641173]: Temp compute time = 0.045182, average compute time = 0.043258
[INFO] [1789296384.068386305]: Temp compute time = 0.049236, average compute time = 0.043350
[INFO] [1789296384.162932948]: Temp compute time = 0.043964, average compute time = 0.043142
[INFO] [1789296384.249845209]: Temp compute time = 0.036378, average compute time = 0.042914
[INFO] [1789296384.363910694]: Temp compute time = 0.043541, average compute time = 0.042459
[INFO] [1789296384.454284273]: Temp compute time = 0.039788, average compute time = 0.042096
[INFO] [1789296384.539545372]: Temp compute time = 0.024872, average compute time = 0.041123
[INFO] [1789296384.650773560]: Temp compute time = 0.030889, average compute time = 0.040099
[INFO] [1789296384.735165885]: Temp compute time = 0.013966, average compute time = 0.039009
[INFO] [1789296384.837506070]: Temp compute time = 0.016307, average compute time = 0.037442
[INFO] [1789296384.934407227]: Temp compute time = 0.013211, average compute time = 0.035866
[INFO] [1789296385.035139571]: Temp compute time = 0.013948, average compute time = 0.034998
[INFterminate called after throwing an instance of 'boost::wrapexcept<boost::lock_error>'
  what():  boost: mutex lock failed in pthread_mutex_lock: Invalid argument
[INFO] [1789296378.585378030]: Published latched M2.5 map /home/jjm/??????/?????????????????????????????????????????????/marsim_ws/src/coni_mpc/test_data/depth_cbf_m25/A2_cylinder.pcd with 9180 points
[INFO] [1789296378.086212474]: M2.5 evaluator writes /home/jjm/??????/?????????????????????????????????????????????/marsim_ws/results/depth_cbf_m25_mid360/frames/A2_cylinder_parallel.csv; sole algorithm cloud input=/quad0_pcl_render_node/sensor_cloud; GT mode=A2_cylinder is evaluation-only.
WARNING: Package name "cascadePID" does not follow the naming conventions. It should start with a lower case letter and only contain lower case letters, digits, underscores, and dashes.
WARNING: Package name "cascadePID" does not follow the naming conventions. It should start with a lower case letter and only contain lower case letters, digits, underscores, and dashes.
[31m================================================================================REQUIRED process [depth_cbf_m25_trajectory-3] has died!
process has finished cleanly
log file: /home/jjm/.ros/log/cd794b1a-ade9-11f1-aae2-25bc297d88f9/depth_cbf_m25_trajectory-3*.log
Initiating shutdown!
================================================================================[0m
... logging to /home/jjm/.ros/log/cd794b1a-ade9-11f1-aae2-25bc297d88f9/roslaunch-jjm-392920.log
Checking log directory for disk usage. This may take a while.
Press Ctrl-C to interrupt
Done checking log file disk usage. Usage is <1GB.
]2;/home/jjm/桌面/小样本学习的去中心集群协同跟踪/marsim_ws/src/coni_mpc/launch/depth_cbf_m25.launch
[1mstarted roslaunch server http://jjm:43347/[0m

SUMMARY
========

PARAMETERS
 * /depth_cbf_m25_evaluator/car_odom_topic: /coni_mpc/car_odom
 * /depth_cbf_m25_evaluator/cloud_topic: /quad0_pcl_render...
 * /depth_cbf_m25_evaluator/debug_compare_world_cloud: True
 * /depth_cbf_m25_evaluator/debug_print_every_n_clouds: 20
 * /depth_cbf_m25_evaluator/debug_random_seed: 7
 * /depth_cbf_m25_evaluator/debug_sample_count: 3
 * /depth_cbf_m25_evaluator/debug_world_cloud_topic: /quad0_pcl_render...
 * /depth_cbf_m25_evaluator/extrinsics/rotation_BL: [1.0, 0.0, 0.0, 0...
 * /depth_cbf_m25_evaluator/extrinsics/translation_BL: [0.0, 0.0, 0.0]
 * /depth_cbf_m25_evaluator/filter/enable_ground_filter: False
 * /depth_cbf_m25_evaluator/filter/enable_voxel_filter: True
 * /depth_cbf_m25_evaluator/filter/ground_min_z_W: 0.1
 * /depth_cbf_m25_evaluator/filter/local_radius: 4.0
 * /depth_cbf_m25_evaluator/filter/max_range: 15.0
 * /depth_cbf_m25_evaluator/filter/min_range: 1.0
 * /depth_cbf_m25_evaluator/filter/voxel_leaf_size: 0.1
 * /depth_cbf_m25_evaluator/m25/gt_pcd: <...>
 * /depth_cbf_m25_evaluator/m25/max_pose_time_offset_sec: 0.025
 * /depth_cbf_m25_evaluator/m25/min_raylength: 1.0
 * /depth_cbf_m25_evaluator/m25/motion: parallel
 * /depth_cbf_m25_evaluator/m25/non_conservative_tolerance: 0.001
 * /depth_cbf_m25_evaluator/m25/result_root: <...>
 * /depth_cbf_m25_evaluator/m25/root_max_distance: 4.0
 * /depth_cbf_m25_evaluator/m25/root_samples: 160
 * /depth_cbf_m25_evaluator/m25/run_id: A2_cylinder_parallel
 * /depth_cbf_m25_evaluator/m25/scene: A2_cylinder
 * /depth_cbf_m25_evaluator/m25/vertical_fov_deg: 90.0
 * /depth_cbf_m25_evaluator/m25/yaw_fov_deg: 360.0
 * /depth_cbf_m25_evaluator/max_pose_time_offset_sec: 0.025
 * /depth_cbf_m25_evaluator/noninertial_frame_id: base_link
 * /depth_cbf_m25_evaluator/quad_odom_topic: /coni_mpc/quad_odom1
 * /depth_cbf_m25_evaluator/query_mesh/half_width_steps: 2
 * /depth_cbf_m25_evaluator/query_mesh/nearest_neighbor_max_distance: 3.47
 * /depth_cbf_m25_evaluator/query_mesh/spacing: 0.15
 * /depth_cbf_m25_evaluator/regression/local_cloud_topic: /depth_cbf_cloud_...
 * /depth_cbf_m25_evaluator/regression/log_every_n_fits: 20
 * /depth_cbf_m25_evaluator/regression/max_abs_error: 0.75
 * /depth_cbf_m25_evaluator/regression/max_condition_number: 1.0e8
 * /depth_cbf_m25_evaluator/regression/max_rmse: 0.25
 * /depth_cbf_m25_evaluator/regression/query_center_topic: /depth_cbf_cloud_...
 * /depth_cbf_m25_evaluator/regression/relative_rank_tolerance: 1e-10
 * /depth_cbf_m25_evaluator/regression/subscriber_queue_size: 5
 * /depth_cbf_m25_evaluator/regression/sync_queue_size: 10
 * /depth_cbf_m25_evaluator/safety/d_safe: 0.15
 * /depth_cbf_m25_evaluator/safety/delta_surface: 0.0
 * /depth_cbf_m25_evaluator/safety/r_uav: 0.15
 * /depth_cbf_m25_evaluator/subscriber_queue_size: 20
 * /depth_cbf_m25_evaluator/sync_queue_size: 40
 * /depth_cbf_m25_evaluator/sync_slop_sec: 0.025
 * /depth_cbf_m25_evaluator/world_frame_id: map
 * /depth_cbf_m25_map_pub/map_name: <...>
 * /depth_cbf_m25_trajectory/duration_sec: 5.0
 * /depth_cbf_m25_trajectory/motion: parallel
 * /depth_cbf_m25_trajectory/scene: A2_cylinder
 * /depth_cbf_m25_trajectory/warmup_sec: 2.0
 * /depth_cbf_m25_trajectory/yaw_offset_deg: 0.0
 * /quad0_pcl_render_node/collision_range: 0.3
 * /quad0_pcl_render_node/collisioncheck_enable: 0
 * /quad0_pcl_render_node/curvature_limit: 100.0
 * /quad0_pcl_render_node/downsample_res: 0.1
 * /quad0_pcl_render_node/drone_id: 0
 * /quad0_pcl_render_node/dyn_mode: 0
 * /quad0_pcl_render_node/dyn_velocity: 0.0
 * /quad0_pcl_render_node/dynobj_enable: 0
 * /quad0_pcl_render_node/dynobject_num: 0
 * /quad0_pcl_render_node/dynobject_size: 0.8
 * /quad0_pcl_render_node/estimation_rate: 10.0
 * /quad0_pcl_render_node/hash_cubesize: 5.0
 * /quad0_pcl_render_node/is_360lidar: 1
 * /quad0_pcl_render_node/livox_linestep: 1.4
 * /quad0_pcl_render_node/min_raylength: 1.0
 * /quad0_pcl_render_node/output_pcd: 0
 * /quad0_pcl_render_node/polar_resolution: 0.2
 * /quad0_pcl_render_node/quadrotor_name: m25_quad0
 * /quad0_pcl_render_node/sensing_horizon: 15.0
 * /quad0_pcl_render_node/sensing_rate: 10.0
 * /quad0_pcl_render_node/uav_num: 1
 * /quad0_pcl_render_node/use_avia_pattern: 0
 * /quad0_pcl_render_node/use_minicf_pattern: 1
 * /quad0_pcl_render_node/use_os128_pattern: 0
 * /quad0_pcl_render_node/use_uav_extra_model: 0
 * /quad0_pcl_render_node/use_vlp32_pattern: 0
 * /quad0_pcl_render_node/vertical_fov: 90.0
 * /quad0_pcl_render_node/yaw_fov: 360.0
 * /rosdistro: noetic
 * /rosversion: 1.17.4

NODES
  /
    depth_cbf_m25_evaluator (coni_mpc/depth_cbf_m25_evaluation_node)
    depth_cbf_m25_map_pub (coni_mpc/depth_cbf_m25_map_publisher_node)
    depth_cbf_m25_trajectory (coni_mpc/depth_cbf_m25_trajectory_node)
    quad0_pcl_render_node (local_sensing_node/pcl_render_node)

[1mROS_MASTER_URI=http://localhost:11311[0m
]2;/home/jjm/桌面/小样本学习的去中心集群协同跟踪/marsim_ws/src/coni_mpc/launch/depth_cbf_m25.launch http://localhost:11311
[1mprocess[depth_cbf_m25_map_pub-1]: started with pid [392964][0m
[1mprocess[quad0_pcl_render_node-2]: started with pid [392965][0m
[1mprocess[depth_cbf_m25_trajectory-3]: started with pid [392966][0m
[1mprocess[depth_cbf_m25_evaluator-4]: started with pid [392967][0m
[depth_cbf_m25_evaluator-4] killing on exit
[depth_cbf_m25_trajectory-3] killing on exit
[quad0_pcl_render_node-2] killing on exit
[depth_cbf_m25_map_pub-1] killing on exit
shutting down processing monitor...
... shutting down processing monitor complete
[1mdone[0m
