WARNING: Package name "cascadePID" does not follow the naming conventions. It should start with a lower case letter and only contain lower case letters, digits, underscores, and dashes.
[INFO] [1789296395.170503219]: drone_drawpoints_num = 4,4,2, Uav points num = 32

Found pkg_path = /home/jjm/桌面/小样本学习的去中心集群协同跟踪/marsim_ws/src/MARSIM/local_sensing/data/m25_quad0_time_consumption.txt

Found pkg_path = /home/jjm/桌面/小样本学习的去中心集群协同跟踪/marsim_ws/src/MARSIM/local_sensing/data/m25_quad0_collision_check_time_consumption.txt
[WARN] [1789296395.649420932]: Global Pointcloud received..
[WARN] [1789296395.657268797]: Normal compute finished.., mapsize = 2706
[INFO] [1789296397.809664048]: Temp compute time = 0.034699, average compute time = 0.037483
[INFO] [1789296397.908358126]: Temp compute time = 0.028125, average compute time = 0.037935
[INFO] [1789296398.023918505]: Temp compute time = 0.045045, average compute time = 0.038657
[INFO] [1789296398.120217871]: Temp compute time = 0.045475, average compute time = 0.038698
[INFO] [1789296398.219934982]: Temp compute time = 0.039189, average compute time = 0.038549
[INFO] [1789296398.333009182]: Temp compute time = 0.052505, average compute time = 0.038907
[INFO] [1789296398.421641764]: Temp compute time = 0.048054, average compute time = 0.039150
[INFO] [1789296398.497391474]: Temp compute time = 0.015116, average compute time = 0.038252
[INFO] [1789296398.603775066]: Temp compute time = 0.031340, average compute time = 0.037860
[INFO] [1789296398.686437781]: Temp compute time = 0.012244, average compute time = 0.037248
[INFO] [1789296398.791164618]: Temp compute time = 0.016968, average compute time = 0.036509
[INFO] [1789296398.910697796]: Temp compute time = 0.036489, average compute time = 0.037030
[INFO] [1789296399.036985604]: Temp compute time = 0.055856, average compute time = 0.037376
[INFO] [1789296399.126480347]: Temp compute time = 0.048770, average compute time = 0.037593
[INFO] [1789296399.213380302]: Temp compute time = 0.036413, average compute time = 0.037105
[INFO] [1789296399.305287924]: Temp compute time = 0.031444, average compute time = 0.036329
[INFO] [1789296399.414762259]: Temp compute time = 0.038944, average compute time = 0.036723
[INFO] [1789296399.524139161]: Temp compute time = 0.048697, average compute time = 0.036977
[INFO] [1789296399.614864632]: Temp compute time = 0.040233, average compute time = 0.037089
[INFO] [1789296399.722031734]: Temp compute time = 0.046561, average compute time = 0.037807
[INFO] [1789296399.823546989]: Temp compute time = 0.050856, average compute time = 0.038239
[INFO] [1789296399.908933296]: Temp compute time = 0.034837, average compute time = 0.038246
[INFO] [1789296400.024379145]: Temp compute time = 0.044820, average compute time = 0.039041
[INFO] [1789296400.122389233]: Temp compute time = 0.047587, average compute time = 0.039162
[INFO] [1789296400.222638915]: Temp compute time = 0.049668, average compute time = 0.039361
[INFO] [1789296400.325554272]: Temp compute time = 0.052397, average compute time = 0.039990
[INFO] [1789296400.425602328]: Temp compute time = 0.049162, average compute time = 0.039831
[INFO] [1789296400.507499949]: Temp compute time = 0.031353, average compute time = 0.039036
[INFO] [1789296400.621444227]: Temp compute time = 0.043577, average compute time = 0.040391
[INFO] [1789296400.720645065]: Temp compute time = 0.038602, average compute time = 0.040737
[INFO] [1789296400.819989371]: Temp compute time = 0.038882, average compute time = 0.042005
[INFO] [1789296400.922528072]: Temp compute time = 0.041973, average compute time = 0.043196
[INFO] [1789296401.020840002]: Temp compute time = 0.047873, average compute time = 0.043738
[INFO] [1789296401.111649143]: Temp compute time = 0.029972, average compute time = 0.042506
[INFO] [1789296401.209989294]: Temp compute time = 0.028036, average compute time = 0.041518
[INFO] [1789296401.321459110]: Temp compute time = 0.040941, average compute time = 0.041734
[INFO] [1789296401.424630548]: Temp compute time = 0.042476, average compute time = 0.042259
[INFO] [1789296401.521262177]: Temp compute time = 0.046111, average compute time = 0.042601
[INFO] [1789296401.595276498]: Temp compute time = 0.013422, average compute time = 0.040921
[INFO] [1789296401.710808007]: Temp compute time = 0.028941, average compute time = 0.040383
[INFO] [1789296401.817878028]: Temp compute time = 0.036594, average compute time = 0.039909
[INFO] [1789296401.890383946]: Temp compute time = 0.011939, average compute time = 0.038055
[INFO] [1789296402.017888242]: Temp compute time = 0.039390, average compute time = 0.038272
[INFO] [1789296402.119446751]: Temp compute time = 0.040969, average compute time = 0.038089
[INF[INFO] [1789296395.145294810]: M2.5 evaluator writes /home/jjm/??????/?????????????????????????????????????????????/marsim_ws/results/depth_cbf_m25_mid360/frames/A2_cylinder_switching.csv; sole algorithm cloud input=/quad0_pcl_render_node/sensor_cloud; GT mode=A2_cylinder is evaluation-only.
terminate called after throwing an instance of 'boost::wrapexcept<boost::lock_error>'
  what():  boost: mutex lock failed in pthread_mutex_lock: Invalid argument
[INFO] [1789296395.643607692]: Published latched M2.5 map /home/jjm/??????/?????????????????????????????????????????????/marsim_ws/src/coni_mpc/test_data/depth_cbf_m25/A2_cylinder.pcd with 9180 points
WARNING: Package name "cascadePID" does not follow the naming conventions. It should start with a lower case letter and only contain lower case letters, digits, underscores, and dashes.
WARNING: Package name "cascadePID" does not follow the naming conventions. It should start with a lower case letter and only contain lower case letters, digits, underscores, and dashes.
[31m================================================================================REQUIRED process [depth_cbf_m25_trajectory-3] has died!
process has finished cleanly
log file: /home/jjm/.ros/log/cd794b1a-ade9-11f1-aae2-25bc297d88f9/depth_cbf_m25_trajectory-3*.log
Initiating shutdown!
================================================================================[0m
... logging to /home/jjm/.ros/log/cd794b1a-ade9-11f1-aae2-25bc297d88f9/roslaunch-jjm-393240.log
Checking log directory for disk usage. This may take a while.
Press Ctrl-C to interrupt
Done checking log file disk usage. Usage is <1GB.
]2;/home/jjm/桌面/小样本学习的去中心集群协同跟踪/marsim_ws/src/coni_mpc/launch/depth_cbf_m25.launch
[1mstarted roslaunch server http://jjm:42157/[0m

SUMMARY
========

PARAMETERS
 * /depth_cbf_m25_evaluator/car_odom_topic: /coni_mpc/car_odom
 * /depth_cbf_m25_evaluator/cloud_topic: /quad0_pcl_render...
 * /depth_cbf_m25_evaluator/debug_compare_world_cloud: True
 * /depth_cbf_m25_evaluator/debug_print_every_n_clouds: 20
 * /depth_cbf_m25_evaluator/debug_random_seed: 7
 * /depth_cbf_m25_evaluator/debug_sample_count: 3
 * /depth_cbf_m25_evaluator/debug_world_cloud_topic: /quad0_pcl_render...
 * /depth_cbf_m25_evaluator/extrinsics/rotation_BL: [1.0, 0.0, 0.0, 0...
 * /depth_cbf_m25_evaluator/extrinsics/translation_BL: [0.0, 0.0, 0.0]
 * /depth_cbf_m25_evaluator/filter/enable_ground_filter: False
 * /depth_cbf_m25_evaluator/filter/enable_voxel_filter: True
 * /depth_cbf_m25_evaluator/filter/ground_min_z_W: 0.1
 * /depth_cbf_m25_evaluator/filter/local_radius: 4.0
 * /depth_cbf_m25_evaluator/filter/max_range: 15.0
 * /depth_cbf_m25_evaluator/filter/min_range: 1.0
 * /depth_cbf_m25_evaluator/filter/voxel_leaf_size: 0.1
 * /depth_cbf_m25_evaluator/m25/gt_pcd: <...>
 * /depth_cbf_m25_evaluator/m25/max_pose_time_offset_sec: 0.025
 * /depth_cbf_m25_evaluator/m25/min_raylength: 1.0
 * /depth_cbf_m25_evaluator/m25/motion: switching
 * /depth_cbf_m25_evaluator/m25/non_conservative_tolerance: 0.001
 * /depth_cbf_m25_evaluator/m25/result_root: <...>
 * /depth_cbf_m25_evaluator/m25/root_max_distance: 4.0
 * /depth_cbf_m25_evaluator/m25/root_samples: 160
 * /depth_cbf_m25_evaluator/m25/run_id: A2_cylinder_switc...
 * /depth_cbf_m25_evaluator/m25/scene: A2_cylinder
 * /depth_cbf_m25_evaluator/m25/vertical_fov_deg: 90.0
 * /depth_cbf_m25_evaluator/m25/yaw_fov_deg: 360.0
 * /depth_cbf_m25_evaluator/max_pose_time_offset_sec: 0.025
 * /depth_cbf_m25_evaluator/noninertial_frame_id: base_link
 * /depth_cbf_m25_evaluator/quad_odom_topic: /coni_mpc/quad_odom1
 * /depth_cbf_m25_evaluator/query_mesh/half_width_steps: 2
 * /depth_cbf_m25_evaluator/query_mesh/nearest_neighbor_max_distance: 3.47
 * /depth_cbf_m25_evaluator/query_mesh/spacing: 0.15
 * /depth_cbf_m25_evaluator/regression/local_cloud_topic: /depth_cbf_cloud_...
 * /depth_cbf_m25_evaluator/regression/log_every_n_fits: 20
 * /depth_cbf_m25_evaluator/regression/max_abs_error: 0.75
 * /depth_cbf_m25_evaluator/regression/max_condition_number: 1.0e8
 * /depth_cbf_m25_evaluator/regression/max_rmse: 0.25
 * /depth_cbf_m25_evaluator/regression/query_center_topic: /depth_cbf_cloud_...
 * /depth_cbf_m25_evaluator/regression/relative_rank_tolerance: 1e-10
 * /depth_cbf_m25_evaluator/regression/subscriber_queue_size: 5
 * /depth_cbf_m25_evaluator/regression/sync_queue_size: 10
 * /depth_cbf_m25_evaluator/safety/d_safe: 0.15
 * /depth_cbf_m25_evaluator/safety/delta_surface: 0.0
 * /depth_cbf_m25_evaluator/safety/r_uav: 0.15
 * /depth_cbf_m25_evaluator/subscriber_queue_size: 20
 * /depth_cbf_m25_evaluator/sync_queue_size: 40
 * /depth_cbf_m25_evaluator/sync_slop_sec: 0.025
 * /depth_cbf_m25_evaluator/world_frame_id: map
 * /depth_cbf_m25_map_pub/map_name: <...>
 * /depth_cbf_m25_trajectory/duration_sec: 5.0
 * /depth_cbf_m25_trajectory/motion: switching
 * /depth_cbf_m25_trajectory/scene: A2_cylinder
 * /depth_cbf_m25_trajectory/warmup_sec: 2.0
 * /depth_cbf_m25_trajectory/yaw_offset_deg: 0.0
 * /quad0_pcl_render_node/collision_range: 0.3
 * /quad0_pcl_render_node/collisioncheck_enable: 0
 * /quad0_pcl_render_node/curvature_limit: 100.0
 * /quad0_pcl_render_node/downsample_res: 0.1
 * /quad0_pcl_render_node/drone_id: 0
 * /quad0_pcl_render_node/dyn_mode: 0
 * /quad0_pcl_render_node/dyn_velocity: 0.0
 * /quad0_pcl_render_node/dynobj_enable: 0
 * /quad0_pcl_render_node/dynobject_num: 0
 * /quad0_pcl_render_node/dynobject_size: 0.8
 * /quad0_pcl_render_node/estimation_rate: 10.0
 * /quad0_pcl_render_node/hash_cubesize: 5.0
 * /quad0_pcl_render_node/is_360lidar: 1
 * /quad0_pcl_render_node/livox_linestep: 1.4
 * /quad0_pcl_render_node/min_raylength: 1.0
 * /quad0_pcl_render_node/output_pcd: 0
 * /quad0_pcl_render_node/polar_resolution: 0.2
 * /quad0_pcl_render_node/quadrotor_name: m25_quad0
 * /quad0_pcl_render_node/sensing_horizon: 15.0
 * /quad0_pcl_render_node/sensing_rate: 10.0
 * /quad0_pcl_render_node/uav_num: 1
 * /quad0_pcl_render_node/use_avia_pattern: 0
 * /quad0_pcl_render_node/use_minicf_pattern: 1
 * /quad0_pcl_render_node/use_os128_pattern: 0
 * /quad0_pcl_render_node/use_uav_extra_model: 0
 * /quad0_pcl_render_node/use_vlp32_pattern: 0
 * /quad0_pcl_render_node/vertical_fov: 90.0
 * /quad0_pcl_render_node/yaw_fov: 360.0
 * /rosdistro: noetic
 * /rosversion: 1.17.4

NODES
  /
    depth_cbf_m25_evaluator (coni_mpc/depth_cbf_m25_evaluation_node)
    depth_cbf_m25_map_pub (coni_mpc/depth_cbf_m25_map_publisher_node)
    depth_cbf_m25_trajectory (coni_mpc/depth_cbf_m25_trajectory_node)
    quad0_pcl_render_node (local_sensing_node/pcl_render_node)

[1mROS_MASTER_URI=http://localhost:11311[0m
]2;/home/jjm/桌面/小样本学习的去中心集群协同跟踪/marsim_ws/src/coni_mpc/launch/depth_cbf_m25.launch http://localhost:11311
[1mprocess[depth_cbf_m25_map_pub-1]: started with pid [393284][0m
[1mprocess[quad0_pcl_render_node-2]: started with pid [393285][0m
[1mprocess[depth_cbf_m25_trajectory-3]: started with pid [393286][0m
[1mprocess[depth_cbf_m25_evaluator-4]: started with pid [393287][0m
[depth_cbf_m25_evaluator-4] killing on exit
[depth_cbf_m25_trajectory-3] killing on exit
[quad0_pcl_render_node-2] killing on exit
[depth_cbf_m25_map_pub-1] killing on exit
shutting down processing monitor...
... shutting down processing monitor complete
[1mdone[0m
