WARNING: Package name "cascadePID" does not follow the naming conventions. It should start with a lower case letter and only contain lower case letters, digits, underscores, and dashes.
[INFO] [1789296369.575568144]: drone_drawpoints_num = 4,4,2, Uav points num = 32

Found pkg_path = /home/jjm/桌面/小样本学习的去中心集群协同跟踪/marsim_ws/src/MARSIM/local_sensing/data/m25_quad0_time_consumption.txt

Found pkg_path = /home/jjm/桌面/小样本学习的去中心集群协同跟踪/marsim_ws/src/MARSIM/local_sensing/data/m25_quad0_collision_check_time_consumption.txt
[WARN] [1789296370.054411039]: Global Pointcloud received..
[WARN] [1789296370.063036764]: Normal compute finished.., mapsize = 2706
[INFO] [1789296372.224076071]: Temp compute time = 0.045018, average compute time = 0.035432
[INFO] [1789296372.327054664]: Temp compute time = 0.042257, average compute time = 0.034952
[INFO] [1789296372.424930914]: Temp compute time = 0.047284, average compute time = 0.035339
[INFO] [1789296372.530522070]: Temp compute time = 0.044925, average compute time = 0.035990
[INFO] [1789296372.619159152]: Temp compute time = 0.038099, average compute time = 0.035915
[INFO] [1789296372.724180021]: Temp compute time = 0.044518, average compute time = 0.036195
[INFO] [1789296372.827359461]: Temp compute time = 0.042652, average compute time = 0.035862
[INFO] [1789296372.920243398]: Temp compute time = 0.042332, average compute time = 0.036576
[INFO] [1789296373.013582113]: Temp compute time = 0.032866, average compute time = 0.037279
[INFO] [1789296373.128379051]: Temp compute time = 0.043986, average compute time = 0.038212
[INFO] [1789296373.215900821]: Temp compute time = 0.036880, average compute time = 0.038353
[INFO] [1789296373.334237414]: Temp compute time = 0.047772, average compute time = 0.039704
[INFO] [1789296373.425321375]: Temp compute time = 0.040336, average compute time = 0.040722
[INFO] [1789296373.517928030]: Temp compute time = 0.032117, average compute time = 0.040895
[INFO] [1789296373.611450996]: Temp compute time = 0.033080, average compute time = 0.040810
[INFO] [1789296373.698255887]: Temp compute time = 0.016131, average compute time = 0.040066
[INFO] [1789296373.807902758]: Temp compute time = 0.025738, average compute time = 0.039307
[INFO] [1789296373.902393993]: Temp compute time = 0.023830, average compute time = 0.038754
[INFO] [1789296374.035017727]: Temp compute time = 0.052153, average compute time = 0.039133
[INFO] [1789296374.134089364]: Temp compute time = 0.048445, average compute time = 0.039188
[INFO] [1789296374.235675885]: Temp compute time = 0.051057, average compute time = 0.039594
[INFO] [1789296374.336569929]: Temp compute time = 0.050175, average compute time = 0.039840
[INFO] [1789296374.434733071]: Temp compute time = 0.047664, average compute time = 0.040097
[INFO] [1789296374.538218080]: Temp compute time = 0.052648, average compute time = 0.040353
[INFO] [1789296374.627364391]: Temp compute time = 0.048606, average compute time = 0.040528
[INFO] [1789296374.723906052]: Temp compute time = 0.046002, average compute time = 0.040904
[INFO] [1789296374.834517649]: Temp compute time = 0.050084, average compute time = 0.041169
[INFO] [1789296374.933734250]: Temp compute time = 0.048656, average compute time = 0.041455
[INFO] [1789296375.038034050]: Temp compute time = 0.053884, average compute time = 0.042005
[INFO] [1789296375.114319249]: Temp compute time = 0.035706, average compute time = 0.042141
[INFO] [1789296375.213388849]: Temp compute time = 0.028593, average compute time = 0.041408
[INFO] [1789296375.332581747]: Temp compute time = 0.048750, average compute time = 0.041973
[INFO] [1789296375.421775013]: Temp compute time = 0.038728, average compute time = 0.041542
[INFO] [1789296375.524038112]: Temp compute time = 0.041637, average compute time = 0.041604
[INFO] [1789296375.614955974]: Temp compute time = 0.030339, average compute time = 0.041519
[INFO] [1789296375.732303321]: Temp compute time = 0.046767, average compute time = 0.042171
[INFO] [1789296375.840477461]: Temp compute time = 0.057674, average compute time = 0.044149
[INFO] [1789296375.933166586]: Temp compute time = 0.052007, average compute time = 0.045400
[INFO] [1789296376.039631470]: Temp compute time = 0.055629, average compute time = 0.046915
[INFO] [1789296376.134629873]: Temp compute time = 0.054282, average compute time = 0.047016
[INFO] [1789296376.234893356]: Temp compute time = 0.049656, average compute time = 0.047074
[INFO] [1789296376.340908428]: Temp compute time = 0.055533, average compute time = 0.047287
[INFO] [1789296376.434469248]: Temp compute time = 0.052971, average compute time = 0.047420
[INFO] [1789296376.532668254]: Temp compute time = 0.047648, average compute time = 0.047419
[INF[INFO] [1789296369.550491804]: M2.5 evaluator writes /home/jjm/??????/?????????????????????????????????????????????/marsim_ws/results/depth_cbf_m25_mid360/frames/A2_cylinder_front.csv; sole algorithm cloud input=/quad0_pcl_render_node/sensor_cloud; GT mode=A2_cylinder is evaluation-only.
terminate called after throwing an instance of 'boost::wrapexcept<boost::lock_error>'
  what():  boost: mutex lock failed in pthread_mutex_lock: Invalid argument
[INFO] [1789296370.050599390]: Published latched M2.5 map /home/jjm/??????/?????????????????????????????????????????????/marsim_ws/src/coni_mpc/test_data/depth_cbf_m25/A2_cylinder.pcd with 9180 points
WARNING: Package name "cascadePID" does not follow the naming conventions. It should start with a lower case letter and only contain lower case letters, digits, underscores, and dashes.
WARNING: Package name "cascadePID" does not follow the naming conventions. It should start with a lower case letter and only contain lower case letters, digits, underscores, and dashes.
[31m================================================================================REQUIRED process [depth_cbf_m25_trajectory-3] has died!
process has finished cleanly
log file: /home/jjm/.ros/log/cd794b1a-ade9-11f1-aae2-25bc297d88f9/depth_cbf_m25_trajectory-3*.log
Initiating shutdown!
================================================================================[0m
... logging to /home/jjm/.ros/log/cd794b1a-ade9-11f1-aae2-25bc297d88f9/roslaunch-jjm-392763.log
Checking log directory for disk usage. This may take a while.
Press Ctrl-C to interrupt
Done checking log file disk usage. Usage is <1GB.
]2;/home/jjm/桌面/小样本学习的去中心集群协同跟踪/marsim_ws/src/coni_mpc/launch/depth_cbf_m25.launch
[1mstarted roslaunch server http://jjm:42807/[0m

SUMMARY
========

PARAMETERS
 * /depth_cbf_m25_evaluator/car_odom_topic: /coni_mpc/car_odom
 * /depth_cbf_m25_evaluator/cloud_topic: /quad0_pcl_render...
 * /depth_cbf_m25_evaluator/debug_compare_world_cloud: True
 * /depth_cbf_m25_evaluator/debug_print_every_n_clouds: 20
 * /depth_cbf_m25_evaluator/debug_random_seed: 7
 * /depth_cbf_m25_evaluator/debug_sample_count: 3
 * /depth_cbf_m25_evaluator/debug_world_cloud_topic: /quad0_pcl_render...
 * /depth_cbf_m25_evaluator/extrinsics/rotation_BL: [1.0, 0.0, 0.0, 0...
 * /depth_cbf_m25_evaluator/extrinsics/translation_BL: [0.0, 0.0, 0.0]
 * /depth_cbf_m25_evaluator/filter/enable_ground_filter: False
 * /depth_cbf_m25_evaluator/filter/enable_voxel_filter: True
 * /depth_cbf_m25_evaluator/filter/ground_min_z_W: 0.1
 * /depth_cbf_m25_evaluator/filter/local_radius: 4.0
 * /depth_cbf_m25_evaluator/filter/max_range: 15.0
 * /depth_cbf_m25_evaluator/filter/min_range: 1.0
 * /depth_cbf_m25_evaluator/filter/voxel_leaf_size: 0.1
 * /depth_cbf_m25_evaluator/m25/gt_pcd: <...>
 * /depth_cbf_m25_evaluator/m25/max_pose_time_offset_sec: 0.025
 * /depth_cbf_m25_evaluator/m25/min_raylength: 1.0
 * /depth_cbf_m25_evaluator/m25/motion: front
 * /depth_cbf_m25_evaluator/m25/non_conservative_tolerance: 0.001
 * /depth_cbf_m25_evaluator/m25/result_root: <...>
 * /depth_cbf_m25_evaluator/m25/root_max_distance: 4.0
 * /depth_cbf_m25_evaluator/m25/root_samples: 160
 * /depth_cbf_m25_evaluator/m25/run_id: A2_cylinder_front
 * /depth_cbf_m25_evaluator/m25/scene: A2_cylinder
 * /depth_cbf_m25_evaluator/m25/vertical_fov_deg: 90.0
 * /depth_cbf_m25_evaluator/m25/yaw_fov_deg: 360.0
 * /depth_cbf_m25_evaluator/max_pose_time_offset_sec: 0.025
 * /depth_cbf_m25_evaluator/noninertial_frame_id: base_link
 * /depth_cbf_m25_evaluator/quad_odom_topic: /coni_mpc/quad_odom1
 * /depth_cbf_m25_evaluator/query_mesh/half_width_steps: 2
 * /depth_cbf_m25_evaluator/query_mesh/nearest_neighbor_max_distance: 3.47
 * /depth_cbf_m25_evaluator/query_mesh/spacing: 0.15
 * /depth_cbf_m25_evaluator/regression/local_cloud_topic: /depth_cbf_cloud_...
 * /depth_cbf_m25_evaluator/regression/log_every_n_fits: 20
 * /depth_cbf_m25_evaluator/regression/max_abs_error: 0.75
 * /depth_cbf_m25_evaluator/regression/max_condition_number: 1.0e8
 * /depth_cbf_m25_evaluator/regression/max_rmse: 0.25
 * /depth_cbf_m25_evaluator/regression/query_center_topic: /depth_cbf_cloud_...
 * /depth_cbf_m25_evaluator/regression/relative_rank_tolerance: 1e-10
 * /depth_cbf_m25_evaluator/regression/subscriber_queue_size: 5
 * /depth_cbf_m25_evaluator/regression/sync_queue_size: 10
 * /depth_cbf_m25_evaluator/safety/d_safe: 0.15
 * /depth_cbf_m25_evaluator/safety/delta_surface: 0.0
 * /depth_cbf_m25_evaluator/safety/r_uav: 0.15
 * /depth_cbf_m25_evaluator/subscriber_queue_size: 20
 * /depth_cbf_m25_evaluator/sync_queue_size: 40
 * /depth_cbf_m25_evaluator/sync_slop_sec: 0.025
 * /depth_cbf_m25_evaluator/world_frame_id: map
 * /depth_cbf_m25_map_pub/map_name: <...>
 * /depth_cbf_m25_trajectory/duration_sec: 5.0
 * /depth_cbf_m25_trajectory/motion: front
 * /depth_cbf_m25_trajectory/scene: A2_cylinder
 * /depth_cbf_m25_trajectory/warmup_sec: 2.0
 * /depth_cbf_m25_trajectory/yaw_offset_deg: 0.0
 * /quad0_pcl_render_node/collision_range: 0.3
 * /quad0_pcl_render_node/collisioncheck_enable: 0
 * /quad0_pcl_render_node/curvature_limit: 100.0
 * /quad0_pcl_render_node/downsample_res: 0.1
 * /quad0_pcl_render_node/drone_id: 0
 * /quad0_pcl_render_node/dyn_mode: 0
 * /quad0_pcl_render_node/dyn_velocity: 0.0
 * /quad0_pcl_render_node/dynobj_enable: 0
 * /quad0_pcl_render_node/dynobject_num: 0
 * /quad0_pcl_render_node/dynobject_size: 0.8
 * /quad0_pcl_render_node/estimation_rate: 10.0
 * /quad0_pcl_render_node/hash_cubesize: 5.0
 * /quad0_pcl_render_node/is_360lidar: 1
 * /quad0_pcl_render_node/livox_linestep: 1.4
 * /quad0_pcl_render_node/min_raylength: 1.0
 * /quad0_pcl_render_node/output_pcd: 0
 * /quad0_pcl_render_node/polar_resolution: 0.2
 * /quad0_pcl_render_node/quadrotor_name: m25_quad0
 * /quad0_pcl_render_node/sensing_horizon: 15.0
 * /quad0_pcl_render_node/sensing_rate: 10.0
 * /quad0_pcl_render_node/uav_num: 1
 * /quad0_pcl_render_node/use_avia_pattern: 0
 * /quad0_pcl_render_node/use_minicf_pattern: 1
 * /quad0_pcl_render_node/use_os128_pattern: 0
 * /quad0_pcl_render_node/use_uav_extra_model: 0
 * /quad0_pcl_render_node/use_vlp32_pattern: 0
 * /quad0_pcl_render_node/vertical_fov: 90.0
 * /quad0_pcl_render_node/yaw_fov: 360.0
 * /rosdistro: noetic
 * /rosversion: 1.17.4

NODES
  /
    depth_cbf_m25_evaluator (coni_mpc/depth_cbf_m25_evaluation_node)
    depth_cbf_m25_map_pub (coni_mpc/depth_cbf_m25_map_publisher_node)
    depth_cbf_m25_trajectory (coni_mpc/depth_cbf_m25_trajectory_node)
    quad0_pcl_render_node (local_sensing_node/pcl_render_node)

[1mROS_MASTER_URI=http://localhost:11311[0m
]2;/home/jjm/桌面/小样本学习的去中心集群协同跟踪/marsim_ws/src/coni_mpc/launch/depth_cbf_m25.launch http://localhost:11311
[1mprocess[depth_cbf_m25_map_pub-1]: started with pid [392823][0m
[1mprocess[quad0_pcl_render_node-2]: started with pid [392824][0m
[1mprocess[depth_cbf_m25_trajectory-3]: started with pid [392825][0m
[1mprocess[depth_cbf_m25_evaluator-4]: started with pid [392826][0m
[depth_cbf_m25_evaluator-4] killing on exit
[depth_cbf_m25_trajectory-3] killing on exit
[quad0_pcl_render_node-2] killing on exit
[depth_cbf_m25_map_pub-1] killing on exit
shutting down processing monitor...
... shutting down processing monitor complete
[1mdone[0m
