WARNING: Package name "cascadePID" does not follow the naming conventions. It should start with a lower case letter and only contain lower case letters, digits, underscores, and dashes.
[INFO] [1789296472.163948800]: drone_drawpoints_num = 4,4,2, Uav points num = 32

Found pkg_path = /home/jjm/桌面/小样本学习的去中心集群协同跟踪/marsim_ws/src/MARSIM/local_sensing/data/m25_quad0_time_consumption.txt

Found pkg_path = /home/jjm/桌面/小样本学习的去中心集群协同跟踪/marsim_ws/src/MARSIM/local_sensing/data/m25_quad0_collision_check_time_consumption.txt
[WARN] [1789296472.642835620]: Global Pointcloud received..
[WARN] [1789296472.662294933]: Normal compute finished.., mapsize = 2706
[INFO] [1789296474.816415671]: Temp compute time = 0.041487, average compute time = 0.040235
[INFO] [1789296474.897727237]: Temp compute time = 0.030753, average compute time = 0.040005
[INFO] [1789296475.008348831]: Temp compute time = 0.040001, average compute time = 0.041099
[INFO] [1789296475.107477774]: Temp compute time = 0.038546, average compute time = 0.041725
[INFO] [1789296475.215690262]: Temp compute time = 0.047608, average compute time = 0.042944
[INFO] [1789296475.317856657]: Temp compute time = 0.051659, average compute time = 0.043695
[INFO] [1789296475.412978954]: Temp compute time = 0.044498, average compute time = 0.043733
[INFO] [1789296475.517564394]: Temp compute time = 0.044194, average compute time = 0.044274
[INFO] [1789296475.589770996]: Temp compute time = 0.021649, average compute time = 0.043795
[INFO] [1789296475.698363343]: Temp compute time = 0.028121, average compute time = 0.042647
[INFO] [1789296475.784730509]: Temp compute time = 0.015890, average compute time = 0.041223
[INFO] [1789296475.887975862]: Temp compute time = 0.019135, average compute time = 0.040446
[INFO] [1789296476.013570043]: Temp compute time = 0.044693, average compute time = 0.040298
[INFO] [1789296476.104615285]: Temp compute time = 0.030390, average compute time = 0.039221
[INFO] [1789296476.201305998]: Temp compute time = 0.026244, average compute time = 0.037954
[INFO] [1789296476.308387845]: Temp compute time = 0.036649, average compute time = 0.037330
[INFO] [1789296476.415795433]: Temp compute time = 0.047054, average compute time = 0.037106
[INFO] [1789296476.513184277]: Temp compute time = 0.046892, average compute time = 0.037144
[INFO] [1789296476.586124783]: Temp compute time = 0.012572, average compute time = 0.035568
[INFO] [1789296476.715313455]: Temp compute time = 0.041691, average compute time = 0.035371
[INFO] [1789296476.808268356]: Temp compute time = 0.032593, average compute time = 0.035349
[INFO] [1789296476.920208278]: Temp compute time = 0.051364, average compute time = 0.035819
[INFO] [1789296477.006308577]: Temp compute time = 0.035513, average compute time = 0.036046
[INFO] [1789296477.116410382]: Temp compute time = 0.049673, average compute time = 0.036506
[INFO] [1789296477.213644623]: Temp compute time = 0.046618, average compute time = 0.036891
[INFO] [1789296477.322819407]: Temp compute time = 0.048487, average compute time = 0.036932
[INFO] [1789296477.409034289]: Temp compute time = 0.035550, average compute time = 0.036165
[INFO] [1789296477.519267912]: Temp compute time = 0.049872, average compute time = 0.036421
[INFO] [1789296477.619445542]: Temp compute time = 0.049677, average compute time = 0.036682
[INFO] [1789296477.720258662]: Temp compute time = 0.050196, average compute time = 0.038042
[INFO] [1789296477.819731784]: Temp compute time = 0.048829, average compute time = 0.039028
[INFO] [1789296477.915565046]: Temp compute time = 0.045233, average compute time = 0.040425
[INFO] [1789296477.981836076]: Temp compute time = 0.015796, average compute time = 0.040266
[INFO] [1789296478.122332334]: Temp compute time = 0.056094, average compute time = 0.040809
[INFO] [1789296478.209954551]: Temp compute time = 0.036786, average compute time = 0.041113
[INFO] [1789296478.315255552]: Temp compute time = 0.044740, average compute time = 0.041994
[INFO] [1789296478.392073593]: Temp compute time = 0.016366, average compute time = 0.041028
[INFO] [1789296478.527085055]: Temp compute time = 0.051416, average compute time = 0.041236
[INFO] [1789296478.616791341]: Temp compute time = 0.049043, average compute time = 0.041339
[INFO] [1789296478.710892834]: Temp compute time = 0.043513, average compute time = 0.042812
[INFO] [1789296478.806697477]: Temp compute time = 0.035413, average compute time = 0.042513
[INFO] [1789296478.919534609]: Temp compute time = 0.052417, average compute time = 0.043457
[INFO] [1789296479.011712162]: Temp compute time = 0.041495, average compute time = 0.042987
[INFO] [1789296479.121012791]: Temp compute time = 0.048749, average compute time = 0.043617
[INF[INFO] [1789296472.139802000]: M2.5 evaluator writes /home/jjm/??????/?????????????????????????????????????????????/marsim_ws/results/depth_cbf_m25_mid360/frames/A2_cylinder_azimuth360.csv; sole algorithm cloud input=/quad0_pcl_render_node/sensor_cloud; GT mode=A2_cylinder is evaluation-only.
terminate called after throwing an instance of 'boost::wrapexcept<boost::lock_error>'
  what():  boost: mutex lock failed in pthread_mutex_lock: Invalid argument
[INFO] [1789296472.641042347]: Published latched M2.5 map /home/jjm/??????/?????????????????????????????????????????????/marsim_ws/src/coni_mpc/test_data/depth_cbf_m25/A2_cylinder.pcd with 9180 points
WARNING: Package name "cascadePID" does not follow the naming conventions. It should start with a lower case letter and only contain lower case letters, digits, underscores, and dashes.
WARNING: Package name "cascadePID" does not follow the naming conventions. It should start with a lower case letter and only contain lower case letters, digits, underscores, and dashes.
[31m================================================================================REQUIRED process [depth_cbf_m25_trajectory-3] has died!
process has finished cleanly
log file: /home/jjm/.ros/log/cd794b1a-ade9-11f1-aae2-25bc297d88f9/depth_cbf_m25_trajectory-3*.log
Initiating shutdown!
================================================================================[0m
... logging to /home/jjm/.ros/log/cd794b1a-ade9-11f1-aae2-25bc297d88f9/roslaunch-jjm-394533.log
Checking log directory for disk usage. This may take a while.
Press Ctrl-C to interrupt
Done checking log file disk usage. Usage is <1GB.
]2;/home/jjm/桌面/小样本学习的去中心集群协同跟踪/marsim_ws/src/coni_mpc/launch/depth_cbf_m25.launch
[1mstarted roslaunch server http://jjm:46119/[0m

SUMMARY
========

PARAMETERS
 * /depth_cbf_m25_evaluator/car_odom_topic: /coni_mpc/car_odom
 * /depth_cbf_m25_evaluator/cloud_topic: /quad0_pcl_render...
 * /depth_cbf_m25_evaluator/debug_compare_world_cloud: True
 * /depth_cbf_m25_evaluator/debug_print_every_n_clouds: 20
 * /depth_cbf_m25_evaluator/debug_random_seed: 7
 * /depth_cbf_m25_evaluator/debug_sample_count: 3
 * /depth_cbf_m25_evaluator/debug_world_cloud_topic: /quad0_pcl_render...
 * /depth_cbf_m25_evaluator/extrinsics/rotation_BL: [1.0, 0.0, 0.0, 0...
 * /depth_cbf_m25_evaluator/extrinsics/translation_BL: [0.0, 0.0, 0.0]
 * /depth_cbf_m25_evaluator/filter/enable_ground_filter: False
 * /depth_cbf_m25_evaluator/filter/enable_voxel_filter: True
 * /depth_cbf_m25_evaluator/filter/ground_min_z_W: 0.1
 * /depth_cbf_m25_evaluator/filter/local_radius: 4.0
 * /depth_cbf_m25_evaluator/filter/max_range: 15.0
 * /depth_cbf_m25_evaluator/filter/min_range: 1.0
 * /depth_cbf_m25_evaluator/filter/voxel_leaf_size: 0.1
 * /depth_cbf_m25_evaluator/m25/gt_pcd: <...>
 * /depth_cbf_m25_evaluator/m25/max_pose_time_offset_sec: 0.025
 * /depth_cbf_m25_evaluator/m25/min_raylength: 1.0
 * /depth_cbf_m25_evaluator/m25/motion: fov
 * /depth_cbf_m25_evaluator/m25/non_conservative_tolerance: 0.001
 * /depth_cbf_m25_evaluator/m25/result_root: <...>
 * /depth_cbf_m25_evaluator/m25/root_max_distance: 4.0
 * /depth_cbf_m25_evaluator/m25/root_samples: 160
 * /depth_cbf_m25_evaluator/m25/run_id: A2_cylinder_azimu...
 * /depth_cbf_m25_evaluator/m25/scene: A2_cylinder
 * /depth_cbf_m25_evaluator/m25/vertical_fov_deg: 90.0
 * /depth_cbf_m25_evaluator/m25/yaw_fov_deg: 360.0
 * /depth_cbf_m25_evaluator/max_pose_time_offset_sec: 0.025
 * /depth_cbf_m25_evaluator/noninertial_frame_id: base_link
 * /depth_cbf_m25_evaluator/quad_odom_topic: /coni_mpc/quad_odom1
 * /depth_cbf_m25_evaluator/query_mesh/half_width_steps: 2
 * /depth_cbf_m25_evaluator/query_mesh/nearest_neighbor_max_distance: 3.47
 * /depth_cbf_m25_evaluator/query_mesh/spacing: 0.15
 * /depth_cbf_m25_evaluator/regression/local_cloud_topic: /depth_cbf_cloud_...
 * /depth_cbf_m25_evaluator/regression/log_every_n_fits: 20
 * /depth_cbf_m25_evaluator/regression/max_abs_error: 0.75
 * /depth_cbf_m25_evaluator/regression/max_condition_number: 1.0e8
 * /depth_cbf_m25_evaluator/regression/max_rmse: 0.25
 * /depth_cbf_m25_evaluator/regression/query_center_topic: /depth_cbf_cloud_...
 * /depth_cbf_m25_evaluator/regression/relative_rank_tolerance: 1e-10
 * /depth_cbf_m25_evaluator/regression/subscriber_queue_size: 5
 * /depth_cbf_m25_evaluator/regression/sync_queue_size: 10
 * /depth_cbf_m25_evaluator/safety/d_safe: 0.15
 * /depth_cbf_m25_evaluator/safety/delta_surface: 0.0
 * /depth_cbf_m25_evaluator/safety/r_uav: 0.15
 * /depth_cbf_m25_evaluator/subscriber_queue_size: 20
 * /depth_cbf_m25_evaluator/sync_queue_size: 40
 * /depth_cbf_m25_evaluator/sync_slop_sec: 0.025
 * /depth_cbf_m25_evaluator/world_frame_id: map
 * /depth_cbf_m25_map_pub/map_name: <...>
 * /depth_cbf_m25_trajectory/duration_sec: 5.0
 * /depth_cbf_m25_trajectory/motion: fov
 * /depth_cbf_m25_trajectory/scene: A2_cylinder
 * /depth_cbf_m25_trajectory/warmup_sec: 2.0
 * /depth_cbf_m25_trajectory/yaw_offset_deg: 0.0
 * /quad0_pcl_render_node/collision_range: 0.3
 * /quad0_pcl_render_node/collisioncheck_enable: 0
 * /quad0_pcl_render_node/curvature_limit: 100.0
 * /quad0_pcl_render_node/downsample_res: 0.1
 * /quad0_pcl_render_node/drone_id: 0
 * /quad0_pcl_render_node/dyn_mode: 0
 * /quad0_pcl_render_node/dyn_velocity: 0.0
 * /quad0_pcl_render_node/dynobj_enable: 0
 * /quad0_pcl_render_node/dynobject_num: 0
 * /quad0_pcl_render_node/dynobject_size: 0.8
 * /quad0_pcl_render_node/estimation_rate: 10.0
 * /quad0_pcl_render_node/hash_cubesize: 5.0
 * /quad0_pcl_render_node/is_360lidar: 1
 * /quad0_pcl_render_node/livox_linestep: 1.4
 * /quad0_pcl_render_node/min_raylength: 1.0
 * /quad0_pcl_render_node/output_pcd: 0
 * /quad0_pcl_render_node/polar_resolution: 0.2
 * /quad0_pcl_render_node/quadrotor_name: m25_quad0
 * /quad0_pcl_render_node/sensing_horizon: 15.0
 * /quad0_pcl_render_node/sensing_rate: 10.0
 * /quad0_pcl_render_node/uav_num: 1
 * /quad0_pcl_render_node/use_avia_pattern: 0
 * /quad0_pcl_render_node/use_minicf_pattern: 1
 * /quad0_pcl_render_node/use_os128_pattern: 0
 * /quad0_pcl_render_node/use_uav_extra_model: 0
 * /quad0_pcl_render_node/use_vlp32_pattern: 0
 * /quad0_pcl_render_node/vertical_fov: 90.0
 * /quad0_pcl_render_node/yaw_fov: 360.0
 * /rosdistro: noetic
 * /rosversion: 1.17.4

NODES
  /
    depth_cbf_m25_evaluator (coni_mpc/depth_cbf_m25_evaluation_node)
    depth_cbf_m25_map_pub (coni_mpc/depth_cbf_m25_map_publisher_node)
    depth_cbf_m25_trajectory (coni_mpc/depth_cbf_m25_trajectory_node)
    quad0_pcl_render_node (local_sensing_node/pcl_render_node)

[1mROS_MASTER_URI=http://localhost:11311[0m
]2;/home/jjm/桌面/小样本学习的去中心集群协同跟踪/marsim_ws/src/coni_mpc/launch/depth_cbf_m25.launch http://localhost:11311
[1mprocess[depth_cbf_m25_map_pub-1]: started with pid [394576][0m
[1mprocess[quad0_pcl_render_node-2]: started with pid [394577][0m
[1mprocess[depth_cbf_m25_trajectory-3]: started with pid [394578][0m
[1mprocess[depth_cbf_m25_evaluator-4]: started with pid [394579][0m
[depth_cbf_m25_evaluator-4] killing on exit
[depth_cbf_m25_trajectory-3] killing on exit
[quad0_pcl_render_node-2] killing on exit
[depth_cbf_m25_map_pub-1] killing on exit
shutting down processing monitor...
... shutting down processing monitor complete
[1mdone[0m
