WARNING: Package name "cascadePID" does not follow the naming conventions. It should start with a lower case letter and only contain lower case letters, digits, underscores, and dashes.
[INFO] [1789296412.212589880]: drone_drawpoints_num = 4,4,2, Uav points num = 32

Found pkg_path = /home/jjm/桌面/小样本学习的去中心集群协同跟踪/marsim_ws/src/MARSIM/local_sensing/data/m25_quad0_time_consumption.txt

Found pkg_path = /home/jjm/桌面/小样本学习的去中心集群协同跟踪/marsim_ws/src/MARSIM/local_sensing/data/m25_quad0_collision_check_time_consumption.txt
[WARN] [1789296412.691265745]: Global Pointcloud received..
[WARN] [1789296412.702942368]: Normal compute finished.., mapsize = 5781
[INFO] [1789296414.845837230]: Temp compute time = 0.026785, average compute time = 0.050803
[INFO] [1789296414.937828189]: Temp compute time = 0.021626, average compute time = 0.050303
[INFO] [1789296415.059195724]: Temp compute time = 0.040857, average compute time = 0.050515
[INFO] [1789296415.159766715]: Temp compute time = 0.040148, average compute time = 0.050663
[INFO] [1789296415.283815503]: Temp compute time = 0.063608, average compute time = 0.050456
[INFO] [1789296415.391958063]: Temp compute time = 0.067654, average compute time = 0.051645
[INFO] [1789296415.472850219]: Temp compute time = 0.050429, average compute time = 0.051011
[INFO] [1789296415.546189803]: Temp compute time = 0.022957, average compute time = 0.049197
[INFO] [1789296415.676337486]: Temp compute time = 0.059763, average compute time = 0.049286
[INFO] [1789296415.739840874]: Temp compute time = 0.023160, average compute time = 0.047120
[INFO] [1789296415.855197834]: Temp compute time = 0.034901, average compute time = 0.046767
[INFO] [1789296415.979594253]: Temp compute time = 0.063930, average compute time = 0.046452
[INFO] [1789296416.089281799]: Temp compute time = 0.069120, average compute time = 0.046671
[INFO] [1789296416.179432228]: Temp compute time = 0.059655, average compute time = 0.046356
[INFO] [1789296416.240746391]: Temp compute time = 0.020960, average compute time = 0.045422
[INFO] [1789296416.363462173]: Temp compute time = 0.042272, average compute time = 0.044431
[INFO] [1789296416.487960006]: Temp compute time = 0.064017, average compute time = 0.044083
[INFO] [1789296416.578968824]: Temp compute time = 0.060509, average compute time = 0.045759
[INFO] [1789296416.671739571]: Temp compute time = 0.052150, average compute time = 0.046227
[INFO] [1789296416.792519470]: Temp compute time = 0.070247, average compute time = 0.046531
[INFO] [1789296416.885874413]: Temp compute time = 0.062845, average compute time = 0.048457
[INFO] [1789296416.970977814]: Temp compute time = 0.054629, average compute time = 0.049783
[INFO] [1789296417.089612773]: Temp compute time = 0.068209, average compute time = 0.052001
[INFO] [1789296417.170648259]: Temp compute time = 0.050534, average compute time = 0.052462
[INFO] [1789296417.292944365]: Temp compute time = 0.071906, average compute time = 0.053974
[INFO] [1789296417.381431759]: Temp compute time = 0.057977, average compute time = 0.053706
[INFO] [1789296417.489520599]: Temp compute time = 0.067614, average compute time = 0.053704
[INFO] [1789296417.572283811]: Temp compute time = 0.052303, average compute time = 0.053793
[INFO] [1789296417.689702756]: Temp compute time = 0.067016, average compute time = 0.055891
[INFO] [1789296417.783301178]: Temp compute time = 0.063033, average compute time = 0.056047
[INFO] [1789296417.886513650]: Temp compute time = 0.062676, average compute time = 0.057929
[INFO] [1789296417.976728053]: Temp compute time = 0.059790, average compute time = 0.059114
[INFO] [1789296418.087228206]: Temp compute time = 0.069969, average compute time = 0.059402
[INFO] [1789296418.168712129]: Temp compute time = 0.050971, average compute time = 0.058537
[INFO] [1789296418.287320738]: Temp compute time = 0.068023, average compute time = 0.058936
[INFO] [1789296418.381559668]: Temp compute time = 0.063620, average compute time = 0.060967
[INFO] [1789296418.490408512]: Temp compute time = 0.068336, average compute time = 0.062208
[INFO] [1789296418.580698743]: Temp compute time = 0.059891, average compute time = 0.062012
[INFO] [1789296418.688691864]: Temp compute time = 0.067567, average compute time = 0.062348
[INFO] [1789296418.782440762]: Temp compute time = 0.063219, average compute time = 0.062875
[INFO] [1789296418.890750887]: Temp compute time = 0.067931, average compute time = 0.062765
[INFO] [1789296418.984753059]: Temp compute time = 0.063637, average compute time = 0.062803
[INFO] [1789296419.074974209]: Temp compute time = 0.059865, average compute time = 0.063052
[INFO] [1789296419.182742025]: Temp compute time = 0.067273, average compute time = 0.063007
[INFterminate called after throwing an instance of 'boost::wrapexcept<boost::lock_error>'
  what():  boost: mutex lock failed in pthread_mutex_lock: Invalid argument
[INFO] [1789296412.688801477]: Published latched M2.5 map /home/jjm/??????/?????????????????????????????????????????????/marsim_ws/src/coni_mpc/test_data/depth_cbf_m25/A3_corner.pcd with 9078 points
[INFO] [1789296412.190145070]: M2.5 evaluator writes /home/jjm/??????/?????????????????????????????????????????????/marsim_ws/results/depth_cbf_m25_mid360/frames/A3_corner_parallel.csv; sole algorithm cloud input=/quad0_pcl_render_node/sensor_cloud; GT mode=A3_corner is evaluation-only.
WARNING: Package name "cascadePID" does not follow the naming conventions. It should start with a lower case letter and only contain lower case letters, digits, underscores, and dashes.
WARNING: Package name "cascadePID" does not follow the naming conventions. It should start with a lower case letter and only contain lower case letters, digits, underscores, and dashes.
[31m================================================================================REQUIRED process [depth_cbf_m25_trajectory-3] has died!
process has finished cleanly
log file: /home/jjm/.ros/log/cd794b1a-ade9-11f1-aae2-25bc297d88f9/depth_cbf_m25_trajectory-3*.log
Initiating shutdown!
================================================================================[0m
... logging to /home/jjm/.ros/log/cd794b1a-ade9-11f1-aae2-25bc297d88f9/roslaunch-jjm-393560.log
Checking log directory for disk usage. This may take a while.
Press Ctrl-C to interrupt
Done checking log file disk usage. Usage is <1GB.
]2;/home/jjm/桌面/小样本学习的去中心集群协同跟踪/marsim_ws/src/coni_mpc/launch/depth_cbf_m25.launch
[1mstarted roslaunch server http://jjm:41545/[0m

SUMMARY
========

PARAMETERS
 * /depth_cbf_m25_evaluator/car_odom_topic: /coni_mpc/car_odom
 * /depth_cbf_m25_evaluator/cloud_topic: /quad0_pcl_render...
 * /depth_cbf_m25_evaluator/debug_compare_world_cloud: True
 * /depth_cbf_m25_evaluator/debug_print_every_n_clouds: 20
 * /depth_cbf_m25_evaluator/debug_random_seed: 7
 * /depth_cbf_m25_evaluator/debug_sample_count: 3
 * /depth_cbf_m25_evaluator/debug_world_cloud_topic: /quad0_pcl_render...
 * /depth_cbf_m25_evaluator/extrinsics/rotation_BL: [1.0, 0.0, 0.0, 0...
 * /depth_cbf_m25_evaluator/extrinsics/translation_BL: [0.0, 0.0, 0.0]
 * /depth_cbf_m25_evaluator/filter/enable_ground_filter: False
 * /depth_cbf_m25_evaluator/filter/enable_voxel_filter: True
 * /depth_cbf_m25_evaluator/filter/ground_min_z_W: 0.1
 * /depth_cbf_m25_evaluator/filter/local_radius: 4.0
 * /depth_cbf_m25_evaluator/filter/max_range: 15.0
 * /depth_cbf_m25_evaluator/filter/min_range: 1.0
 * /depth_cbf_m25_evaluator/filter/voxel_leaf_size: 0.1
 * /depth_cbf_m25_evaluator/m25/gt_pcd: <...>
 * /depth_cbf_m25_evaluator/m25/max_pose_time_offset_sec: 0.025
 * /depth_cbf_m25_evaluator/m25/min_raylength: 1.0
 * /depth_cbf_m25_evaluator/m25/motion: parallel
 * /depth_cbf_m25_evaluator/m25/non_conservative_tolerance: 0.001
 * /depth_cbf_m25_evaluator/m25/result_root: <...>
 * /depth_cbf_m25_evaluator/m25/root_max_distance: 4.0
 * /depth_cbf_m25_evaluator/m25/root_samples: 160
 * /depth_cbf_m25_evaluator/m25/run_id: A3_corner_parallel
 * /depth_cbf_m25_evaluator/m25/scene: A3_corner
 * /depth_cbf_m25_evaluator/m25/vertical_fov_deg: 90.0
 * /depth_cbf_m25_evaluator/m25/yaw_fov_deg: 360.0
 * /depth_cbf_m25_evaluator/max_pose_time_offset_sec: 0.025
 * /depth_cbf_m25_evaluator/noninertial_frame_id: base_link
 * /depth_cbf_m25_evaluator/quad_odom_topic: /coni_mpc/quad_odom1
 * /depth_cbf_m25_evaluator/query_mesh/half_width_steps: 2
 * /depth_cbf_m25_evaluator/query_mesh/nearest_neighbor_max_distance: 3.47
 * /depth_cbf_m25_evaluator/query_mesh/spacing: 0.15
 * /depth_cbf_m25_evaluator/regression/local_cloud_topic: /depth_cbf_cloud_...
 * /depth_cbf_m25_evaluator/regression/log_every_n_fits: 20
 * /depth_cbf_m25_evaluator/regression/max_abs_error: 0.75
 * /depth_cbf_m25_evaluator/regression/max_condition_number: 1.0e8
 * /depth_cbf_m25_evaluator/regression/max_rmse: 0.25
 * /depth_cbf_m25_evaluator/regression/query_center_topic: /depth_cbf_cloud_...
 * /depth_cbf_m25_evaluator/regression/relative_rank_tolerance: 1e-10
 * /depth_cbf_m25_evaluator/regression/subscriber_queue_size: 5
 * /depth_cbf_m25_evaluator/regression/sync_queue_size: 10
 * /depth_cbf_m25_evaluator/safety/d_safe: 0.15
 * /depth_cbf_m25_evaluator/safety/delta_surface: 0.0
 * /depth_cbf_m25_evaluator/safety/r_uav: 0.15
 * /depth_cbf_m25_evaluator/subscriber_queue_size: 20
 * /depth_cbf_m25_evaluator/sync_queue_size: 40
 * /depth_cbf_m25_evaluator/sync_slop_sec: 0.025
 * /depth_cbf_m25_evaluator/world_frame_id: map
 * /depth_cbf_m25_map_pub/map_name: <...>
 * /depth_cbf_m25_trajectory/duration_sec: 5.0
 * /depth_cbf_m25_trajectory/motion: parallel
 * /depth_cbf_m25_trajectory/scene: A3_corner
 * /depth_cbf_m25_trajectory/warmup_sec: 2.0
 * /depth_cbf_m25_trajectory/yaw_offset_deg: 0.0
 * /quad0_pcl_render_node/collision_range: 0.3
 * /quad0_pcl_render_node/collisioncheck_enable: 0
 * /quad0_pcl_render_node/curvature_limit: 100.0
 * /quad0_pcl_render_node/downsample_res: 0.1
 * /quad0_pcl_render_node/drone_id: 0
 * /quad0_pcl_render_node/dyn_mode: 0
 * /quad0_pcl_render_node/dyn_velocity: 0.0
 * /quad0_pcl_render_node/dynobj_enable: 0
 * /quad0_pcl_render_node/dynobject_num: 0
 * /quad0_pcl_render_node/dynobject_size: 0.8
 * /quad0_pcl_render_node/estimation_rate: 10.0
 * /quad0_pcl_render_node/hash_cubesize: 5.0
 * /quad0_pcl_render_node/is_360lidar: 1
 * /quad0_pcl_render_node/livox_linestep: 1.4
 * /quad0_pcl_render_node/min_raylength: 1.0
 * /quad0_pcl_render_node/output_pcd: 0
 * /quad0_pcl_render_node/polar_resolution: 0.2
 * /quad0_pcl_render_node/quadrotor_name: m25_quad0
 * /quad0_pcl_render_node/sensing_horizon: 15.0
 * /quad0_pcl_render_node/sensing_rate: 10.0
 * /quad0_pcl_render_node/uav_num: 1
 * /quad0_pcl_render_node/use_avia_pattern: 0
 * /quad0_pcl_render_node/use_minicf_pattern: 1
 * /quad0_pcl_render_node/use_os128_pattern: 0
 * /quad0_pcl_render_node/use_uav_extra_model: 0
 * /quad0_pcl_render_node/use_vlp32_pattern: 0
 * /quad0_pcl_render_node/vertical_fov: 90.0
 * /quad0_pcl_render_node/yaw_fov: 360.0
 * /rosdistro: noetic
 * /rosversion: 1.17.4

NODES
  /
    depth_cbf_m25_evaluator (coni_mpc/depth_cbf_m25_evaluation_node)
    depth_cbf_m25_map_pub (coni_mpc/depth_cbf_m25_map_publisher_node)
    depth_cbf_m25_trajectory (coni_mpc/depth_cbf_m25_trajectory_node)
    quad0_pcl_render_node (local_sensing_node/pcl_render_node)

[1mROS_MASTER_URI=http://localhost:11311[0m
]2;/home/jjm/桌面/小样本学习的去中心集群协同跟踪/marsim_ws/src/coni_mpc/launch/depth_cbf_m25.launch http://localhost:11311
[1mprocess[depth_cbf_m25_map_pub-1]: started with pid [393604][0m
[1mprocess[quad0_pcl_render_node-2]: started with pid [393605][0m
[1mprocess[depth_cbf_m25_trajectory-3]: started with pid [393606][0m
[1mprocess[depth_cbf_m25_evaluator-4]: started with pid [393607][0m
[depth_cbf_m25_evaluator-4] killing on exit
[depth_cbf_m25_map_pub-1] killing on exit
[depth_cbf_m25_trajectory-3] killing on exit
[quad0_pcl_render_node-2] killing on exit
shutting down processing monitor...
... shutting down processing monitor complete
[1mdone[0m
