WARNING: Package name "cascadePID" does not follow the naming conventions. It should start with a lower case letter and only contain lower case letters, digits, underscores, and dashes.
[INFO] [1789296420.859375278]: drone_drawpoints_num = 4,4,2, Uav points num = 32

Found pkg_path = /home/jjm/桌面/小样本学习的去中心集群协同跟踪/marsim_ws/src/MARSIM/local_sensing/data/m25_quad0_time_consumption.txt

Found pkg_path = /home/jjm/桌面/小样本学习的去中心集群协同跟踪/marsim_ws/src/MARSIM/local_sensing/data/m25_quad0_collision_check_time_consumption.txt
[WARN] [1789296421.339506411]: Global Pointcloud received..
[WARN] [1789296421.353799699]: Normal compute finished.., mapsize = 5781
[INFO] [1789296423.522576972]: Temp compute time = 0.054035, average compute time = 0.053055
[INFO] [1789296423.618485678]: Temp compute time = 0.055585, average compute time = 0.052699
[INFO] [1789296423.729024846]: Temp compute time = 0.059980, average compute time = 0.053630
[INFO] [1789296423.827514979]: Temp compute time = 0.057892, average compute time = 0.053709
[INFO] [1789296423.921434464]: Temp compute time = 0.053338, average compute time = 0.053149
[INFO] [1789296424.014902188]: Temp compute time = 0.052896, average compute time = 0.053859
[INFO] [1789296424.126520699]: Temp compute time = 0.061043, average compute time = 0.053903
[INFO] [1789296424.192284057]: Temp compute time = 0.025255, average compute time = 0.052587
[INFO] [1789296424.320522366]: Temp compute time = 0.057856, average compute time = 0.052616
[INFO] [1789296424.432959132]: Temp compute time = 0.062012, average compute time = 0.053639
[INFO] [1789296424.497467929]: Temp compute time = 0.034008, average compute time = 0.052398
[INFO] [1789296424.625628900]: Temp compute time = 0.057739, average compute time = 0.052641
[INFO] [1789296424.693652017]: Temp compute time = 0.027550, average compute time = 0.050881
[INFO] [1789296424.788390845]: Temp compute time = 0.024304, average compute time = 0.049934
[INFO] [1789296424.924919482]: Temp compute time = 0.056114, average compute time = 0.049831
[INFO] [1789296425.018887166]: Temp compute time = 0.053615, average compute time = 0.050207
[INFO] [1789296425.135048104]: Temp compute time = 0.065718, average compute time = 0.050303
[INFO] [1789296425.184262698]: Temp compute time = 0.018864, average compute time = 0.049330
[INFO] [1789296425.323469937]: Temp compute time = 0.058012, average compute time = 0.049248
[INFO] [1789296425.429329050]: Temp compute time = 0.065270, average compute time = 0.050382
[INFO] [1789296425.529191996]: Temp compute time = 0.059388, average compute time = 0.050499
[INFO] [1789296425.631837641]: Temp compute time = 0.062183, average compute time = 0.050887
[INFO] [1789296425.703271934]: Temp compute time = 0.040906, average compute time = 0.050188
[INFO] [1789296425.831942188]: Temp compute time = 0.068100, average compute time = 0.050574
[INFO] [1789296425.904474235]: Temp compute time = 0.042045, average compute time = 0.049820
[INFO] [1789296426.019535794]: Temp compute time = 0.054560, average compute time = 0.049878
[INFO] [1789296426.136198143]: Temp compute time = 0.066216, average compute time = 0.050512
[INFO] [1789296426.224224561]: Temp compute time = 0.057624, average compute time = 0.050349
[INFO] [1789296426.323399362]: Temp compute time = 0.058584, average compute time = 0.051937
[INFO] [1789296426.430100621]: Temp compute time = 0.066201, average compute time = 0.052334
[INFO] [1789296426.540506136]: Temp compute time = 0.069834, average compute time = 0.052706
[INFO] [1789296426.626932352]: Temp compute time = 0.055907, average compute time = 0.053749
[INFO] [1789296426.728465978]: Temp compute time = 0.061010, average compute time = 0.053905
[INFO] [1789296426.829712014]: Temp compute time = 0.060683, average compute time = 0.055483
[INFO] [1789296426.935975626]: Temp compute time = 0.065761, average compute time = 0.057457
[INFO] [1789296427.022777226]: Temp compute time = 0.056273, average compute time = 0.057464
[INFO] [1789296427.126028122]: Temp compute time = 0.062846, average compute time = 0.057904
[INFO] [1789296427.231112612]: Temp compute time = 0.064712, average compute time = 0.057856
[INFO] [1789296427.312476276]: Temp compute time = 0.050876, average compute time = 0.059381
[INFO] [1789296427.427479008]: Temp compute time = 0.064594, average compute time = 0.059694
[INFO] [1789296427.532710931]: Temp compute time = 0.064844, average compute time = 0.059674
[INFO] [1789296427.627388860]: Temp compute time = 0.064312, average compute time = 0.059908
[INFO] [1789296427.741483804]: Temp compute time = 0.073458, average compute time = 0.060445
[INFO] [1789296427.803326310]: Temp compute time = 0.041425, average compute time = 0.060470
[INF[INFO] [1789296420.834466968]: M2.5 evaluator writes /home/jjm/??????/?????????????????????????????????????????????/marsim_ws/results/depth_cbf_m25_mid360/frames/A3_corner_oblique.csv; sole algorithm cloud input=/quad0_pcl_render_node/sensor_cloud; GT mode=A3_corner is evaluation-only.
terminate called after throwing an instance of 'boost::wrapexcept<boost::lock_error>'
  what():  boost: mutex lock failed in pthread_mutex_lock: Invalid argument
[INFO] [1789296421.334204941]: Published latched M2.5 map /home/jjm/??????/?????????????????????????????????????????????/marsim_ws/src/coni_mpc/test_data/depth_cbf_m25/A3_corner.pcd with 9078 points
WARNING: Package name "cascadePID" does not follow the naming conventions. It should start with a lower case letter and only contain lower case letters, digits, underscores, and dashes.
WARNING: Package name "cascadePID" does not follow the naming conventions. It should start with a lower case letter and only contain lower case letters, digits, underscores, and dashes.
[31m================================================================================REQUIRED process [depth_cbf_m25_trajectory-3] has died!
process has finished cleanly
log file: /home/jjm/.ros/log/cd794b1a-ade9-11f1-aae2-25bc297d88f9/depth_cbf_m25_trajectory-3*.log
Initiating shutdown!
================================================================================[0m
... logging to /home/jjm/.ros/log/cd794b1a-ade9-11f1-aae2-25bc297d88f9/roslaunch-jjm-393707.log
Checking log directory for disk usage. This may take a while.
Press Ctrl-C to interrupt
Done checking log file disk usage. Usage is <1GB.
]2;/home/jjm/桌面/小样本学习的去中心集群协同跟踪/marsim_ws/src/coni_mpc/launch/depth_cbf_m25.launch
[1mstarted roslaunch server http://jjm:33819/[0m

SUMMARY
========

PARAMETERS
 * /depth_cbf_m25_evaluator/car_odom_topic: /coni_mpc/car_odom
 * /depth_cbf_m25_evaluator/cloud_topic: /quad0_pcl_render...
 * /depth_cbf_m25_evaluator/debug_compare_world_cloud: True
 * /depth_cbf_m25_evaluator/debug_print_every_n_clouds: 20
 * /depth_cbf_m25_evaluator/debug_random_seed: 7
 * /depth_cbf_m25_evaluator/debug_sample_count: 3
 * /depth_cbf_m25_evaluator/debug_world_cloud_topic: /quad0_pcl_render...
 * /depth_cbf_m25_evaluator/extrinsics/rotation_BL: [1.0, 0.0, 0.0, 0...
 * /depth_cbf_m25_evaluator/extrinsics/translation_BL: [0.0, 0.0, 0.0]
 * /depth_cbf_m25_evaluator/filter/enable_ground_filter: False
 * /depth_cbf_m25_evaluator/filter/enable_voxel_filter: True
 * /depth_cbf_m25_evaluator/filter/ground_min_z_W: 0.1
 * /depth_cbf_m25_evaluator/filter/local_radius: 4.0
 * /depth_cbf_m25_evaluator/filter/max_range: 15.0
 * /depth_cbf_m25_evaluator/filter/min_range: 1.0
 * /depth_cbf_m25_evaluator/filter/voxel_leaf_size: 0.1
 * /depth_cbf_m25_evaluator/m25/gt_pcd: <...>
 * /depth_cbf_m25_evaluator/m25/max_pose_time_offset_sec: 0.025
 * /depth_cbf_m25_evaluator/m25/min_raylength: 1.0
 * /depth_cbf_m25_evaluator/m25/motion: oblique
 * /depth_cbf_m25_evaluator/m25/non_conservative_tolerance: 0.001
 * /depth_cbf_m25_evaluator/m25/result_root: <...>
 * /depth_cbf_m25_evaluator/m25/root_max_distance: 4.0
 * /depth_cbf_m25_evaluator/m25/root_samples: 160
 * /depth_cbf_m25_evaluator/m25/run_id: A3_corner_oblique
 * /depth_cbf_m25_evaluator/m25/scene: A3_corner
 * /depth_cbf_m25_evaluator/m25/vertical_fov_deg: 90.0
 * /depth_cbf_m25_evaluator/m25/yaw_fov_deg: 360.0
 * /depth_cbf_m25_evaluator/max_pose_time_offset_sec: 0.025
 * /depth_cbf_m25_evaluator/noninertial_frame_id: base_link
 * /depth_cbf_m25_evaluator/quad_odom_topic: /coni_mpc/quad_odom1
 * /depth_cbf_m25_evaluator/query_mesh/half_width_steps: 2
 * /depth_cbf_m25_evaluator/query_mesh/nearest_neighbor_max_distance: 3.47
 * /depth_cbf_m25_evaluator/query_mesh/spacing: 0.15
 * /depth_cbf_m25_evaluator/regression/local_cloud_topic: /depth_cbf_cloud_...
 * /depth_cbf_m25_evaluator/regression/log_every_n_fits: 20
 * /depth_cbf_m25_evaluator/regression/max_abs_error: 0.75
 * /depth_cbf_m25_evaluator/regression/max_condition_number: 1.0e8
 * /depth_cbf_m25_evaluator/regression/max_rmse: 0.25
 * /depth_cbf_m25_evaluator/regression/query_center_topic: /depth_cbf_cloud_...
 * /depth_cbf_m25_evaluator/regression/relative_rank_tolerance: 1e-10
 * /depth_cbf_m25_evaluator/regression/subscriber_queue_size: 5
 * /depth_cbf_m25_evaluator/regression/sync_queue_size: 10
 * /depth_cbf_m25_evaluator/safety/d_safe: 0.15
 * /depth_cbf_m25_evaluator/safety/delta_surface: 0.0
 * /depth_cbf_m25_evaluator/safety/r_uav: 0.15
 * /depth_cbf_m25_evaluator/subscriber_queue_size: 20
 * /depth_cbf_m25_evaluator/sync_queue_size: 40
 * /depth_cbf_m25_evaluator/sync_slop_sec: 0.025
 * /depth_cbf_m25_evaluator/world_frame_id: map
 * /depth_cbf_m25_map_pub/map_name: <...>
 * /depth_cbf_m25_trajectory/duration_sec: 5.0
 * /depth_cbf_m25_trajectory/motion: oblique
 * /depth_cbf_m25_trajectory/scene: A3_corner
 * /depth_cbf_m25_trajectory/warmup_sec: 2.0
 * /depth_cbf_m25_trajectory/yaw_offset_deg: 0.0
 * /quad0_pcl_render_node/collision_range: 0.3
 * /quad0_pcl_render_node/collisioncheck_enable: 0
 * /quad0_pcl_render_node/curvature_limit: 100.0
 * /quad0_pcl_render_node/downsample_res: 0.1
 * /quad0_pcl_render_node/drone_id: 0
 * /quad0_pcl_render_node/dyn_mode: 0
 * /quad0_pcl_render_node/dyn_velocity: 0.0
 * /quad0_pcl_render_node/dynobj_enable: 0
 * /quad0_pcl_render_node/dynobject_num: 0
 * /quad0_pcl_render_node/dynobject_size: 0.8
 * /quad0_pcl_render_node/estimation_rate: 10.0
 * /quad0_pcl_render_node/hash_cubesize: 5.0
 * /quad0_pcl_render_node/is_360lidar: 1
 * /quad0_pcl_render_node/livox_linestep: 1.4
 * /quad0_pcl_render_node/min_raylength: 1.0
 * /quad0_pcl_render_node/output_pcd: 0
 * /quad0_pcl_render_node/polar_resolution: 0.2
 * /quad0_pcl_render_node/quadrotor_name: m25_quad0
 * /quad0_pcl_render_node/sensing_horizon: 15.0
 * /quad0_pcl_render_node/sensing_rate: 10.0
 * /quad0_pcl_render_node/uav_num: 1
 * /quad0_pcl_render_node/use_avia_pattern: 0
 * /quad0_pcl_render_node/use_minicf_pattern: 1
 * /quad0_pcl_render_node/use_os128_pattern: 0
 * /quad0_pcl_render_node/use_uav_extra_model: 0
 * /quad0_pcl_render_node/use_vlp32_pattern: 0
 * /quad0_pcl_render_node/vertical_fov: 90.0
 * /quad0_pcl_render_node/yaw_fov: 360.0
 * /rosdistro: noetic
 * /rosversion: 1.17.4

NODES
  /
    depth_cbf_m25_evaluator (coni_mpc/depth_cbf_m25_evaluation_node)
    depth_cbf_m25_map_pub (coni_mpc/depth_cbf_m25_map_publisher_node)
    depth_cbf_m25_trajectory (coni_mpc/depth_cbf_m25_trajectory_node)
    quad0_pcl_render_node (local_sensing_node/pcl_render_node)

[1mROS_MASTER_URI=http://localhost:11311[0m
]2;/home/jjm/桌面/小样本学习的去中心集群协同跟踪/marsim_ws/src/coni_mpc/launch/depth_cbf_m25.launch http://localhost:11311
[1mprocess[depth_cbf_m25_map_pub-1]: started with pid [393750][0m
[1mprocess[quad0_pcl_render_node-2]: started with pid [393751][0m
[1mprocess[depth_cbf_m25_trajectory-3]: started with pid [393752][0m
[1mprocess[depth_cbf_m25_evaluator-4]: started with pid [393753][0m
[depth_cbf_m25_evaluator-4] killing on exit
[depth_cbf_m25_trajectory-3] killing on exit
[quad0_pcl_render_node-2] killing on exit
[depth_cbf_m25_map_pub-1] killing on exit
shutting down processing monitor...
... shutting down processing monitor complete
[1mdone[0m
