WARNING: Package name "cascadePID" does not follow the naming conventions. It should start with a lower case letter and only contain lower case letters, digits, underscores, and dashes.
[INFO] [1789296463.747006194]: drone_drawpoints_num = 4,4,2, Uav points num = 32

Found pkg_path = /home/jjm/桌面/小样本学习的去中心集群协同跟踪/marsim_ws/src/MARSIM/local_sensing/data/m25_quad0_time_consumption.txt

Found pkg_path = /home/jjm/桌面/小样本学习的去中心集群协同跟踪/marsim_ws/src/MARSIM/local_sensing/data/m25_quad0_collision_check_time_consumption.txt
[WARN] [1789296464.246993253]: Global Pointcloud received..
[WARN] [1789296464.269879781]: Normal compute finished.., mapsize = 4756
[INFO] [1789296466.408857660]: Temp compute time = 0.052471, average compute time = 0.044972
[INFO] [1789296466.496910799]: Temp compute time = 0.047179, average compute time = 0.045929
[INFO] [1789296466.608987727]: Temp compute time = 0.051538, average compute time = 0.045901
[INFO] [1789296466.694997688]: Temp compute time = 0.045407, average compute time = 0.046131
[INFO] [1789296466.805553754]: Temp compute time = 0.050004, average compute time = 0.046559
[INFO] [1789296466.911790090]: Temp compute time = 0.055697, average compute time = 0.047586
[INFO] [1789296467.000418445]: Temp compute time = 0.047845, average compute time = 0.047849
[INFO] [1789296467.103035075]: Temp compute time = 0.051992, average compute time = 0.048215
[INFO] [1789296467.170830604]: Temp compute time = 0.017228, average compute time = 0.046855
[INFO] [1789296467.283366831]: Temp compute time = 0.029629, average compute time = 0.045869
[INFO] [1789296467.409150239]: Temp compute time = 0.055278, average compute time = 0.045854
[INFO] [1789296467.500729118]: Temp compute time = 0.051015, average compute time = 0.046398
[INFO] [1789296467.602563933]: Temp compute time = 0.051336, average compute time = 0.046771
[INFO] [1789296467.700424241]: Temp compute time = 0.047187, average compute time = 0.047266
[INFO] [1789296467.786120148]: Temp compute time = 0.035171, average compute time = 0.046736
[INFO] [1789296467.873733216]: Temp compute time = 0.017142, average compute time = 0.045367
[INFO] [1789296468.005164696]: Temp compute time = 0.048566, average compute time = 0.045586
[INFO] [1789296468.112363405]: Temp compute time = 0.056679, average compute time = 0.045923
[INFO] [1789296468.205224080]: Temp compute time = 0.052327, average compute time = 0.046102
[INFO] [1789296468.299080619]: Temp compute time = 0.043274, average compute time = 0.045760
[INFO] [1789296468.396937189]: Temp compute time = 0.047339, average compute time = 0.045443
[INFO] [1789296468.490828654]: Temp compute time = 0.033341, average compute time = 0.044532
[INFO] [1789296468.604997897]: Temp compute time = 0.053678, average compute time = 0.044842
[INFO] [1789296468.702237076]: Temp compute time = 0.046585, average compute time = 0.044606
[INFO] [1789296468.802667755]: Temp compute time = 0.049937, average compute time = 0.044821
[INFO] [1789296468.906654196]: Temp compute time = 0.053225, average compute time = 0.044975
[INFO] [1789296469.008990451]: Temp compute time = 0.051626, average compute time = 0.044781
[INFO] [1789296469.118121087]: Temp compute time = 0.058574, average compute time = 0.045292
[INFO] [1789296469.209147538]: Temp compute time = 0.050461, average compute time = 0.045219
[INFO] [1789296469.297217728]: Temp compute time = 0.037689, average compute time = 0.046193
[INFO] [1789296469.395444815]: Temp compute time = 0.037517, average compute time = 0.046569
[INFO] [1789296469.508824148]: Temp compute time = 0.052923, average compute time = 0.046457
[INFO] [1789296469.598099985]: Temp compute time = 0.048415, average compute time = 0.046333
[INFO] [1789296469.697940045]: Temp compute time = 0.039176, average compute time = 0.045754
[INFO] [1789296469.811982866]: Temp compute time = 0.053428, average compute time = 0.046051
[INFO] [1789296469.895188139]: Temp compute time = 0.042708, average compute time = 0.046410
[INFO] [1789296469.989769582]: Temp compute time = 0.034118, average compute time = 0.047218
[INFO] [1789296470.094728383]: Temp compute time = 0.044373, average compute time = 0.047019
[INFO] [1789296470.204417287]: Temp compute time = 0.049143, average compute time = 0.046660
[INFO] [1789296470.294288564]: Temp compute time = 0.039237, average compute time = 0.046037
[INFO] [1789296470.400028733]: Temp compute time = 0.045340, average compute time = 0.046135
[INFO] [1789296470.499328070]: Temp compute time = 0.048676, average compute time = 0.046199
[INFO] [1789296470.592059066]: Temp compute time = 0.042057, average compute time = 0.046614
[INFO] [1789296470.696269831]: Temp compute time = 0.043685, average compute time = 0.046138
[INFterminate called after throwing an instance of 'boost::wrapexcept<boost::lock_error>'
  what():  boost: mutex lock failed in pthread_mutex_lock: Invalid argument
[INFO] [1789296464.237975535]: Published latched M2.5 map /home/jjm/??????/?????????????????????????????????????????????/marsim_ws/src/coni_mpc/test_data/depth_cbf_m25/A4_switch.pcd with 18360 points
[INFO] [1789296463.723160576]: M2.5 evaluator writes /home/jjm/??????/?????????????????????????????????????????????/marsim_ws/results/depth_cbf_m25_mid360/frames/A4_switch_switching.csv; sole algorithm cloud input=/quad0_pcl_render_node/sensor_cloud; GT mode=A4_switch is evaluation-only.
WARNING: Package name "cascadePID" does not follow the naming conventions. It should start with a lower case letter and only contain lower case letters, digits, underscores, and dashes.
WARNING: Package name "cascadePID" does not follow the naming conventions. It should start with a lower case letter and only contain lower case letters, digits, underscores, and dashes.
[31m================================================================================REQUIRED process [depth_cbf_m25_trajectory-3] has died!
process has finished cleanly
log file: /home/jjm/.ros/log/cd794b1a-ade9-11f1-aae2-25bc297d88f9/depth_cbf_m25_trajectory-3*.log
Initiating shutdown!
================================================================================[0m
... logging to /home/jjm/.ros/log/cd794b1a-ade9-11f1-aae2-25bc297d88f9/roslaunch-jjm-394408.log
Checking log directory for disk usage. This may take a while.
Press Ctrl-C to interrupt
Done checking log file disk usage. Usage is <1GB.
]2;/home/jjm/桌面/小样本学习的去中心集群协同跟踪/marsim_ws/src/coni_mpc/launch/depth_cbf_m25.launch
[1mstarted roslaunch server http://jjm:38927/[0m

SUMMARY
========

PARAMETERS
 * /depth_cbf_m25_evaluator/car_odom_topic: /coni_mpc/car_odom
 * /depth_cbf_m25_evaluator/cloud_topic: /quad0_pcl_render...
 * /depth_cbf_m25_evaluator/debug_compare_world_cloud: True
 * /depth_cbf_m25_evaluator/debug_print_every_n_clouds: 20
 * /depth_cbf_m25_evaluator/debug_random_seed: 7
 * /depth_cbf_m25_evaluator/debug_sample_count: 3
 * /depth_cbf_m25_evaluator/debug_world_cloud_topic: /quad0_pcl_render...
 * /depth_cbf_m25_evaluator/extrinsics/rotation_BL: [1.0, 0.0, 0.0, 0...
 * /depth_cbf_m25_evaluator/extrinsics/translation_BL: [0.0, 0.0, 0.0]
 * /depth_cbf_m25_evaluator/filter/enable_ground_filter: False
 * /depth_cbf_m25_evaluator/filter/enable_voxel_filter: True
 * /depth_cbf_m25_evaluator/filter/ground_min_z_W: 0.1
 * /depth_cbf_m25_evaluator/filter/local_radius: 4.0
 * /depth_cbf_m25_evaluator/filter/max_range: 15.0
 * /depth_cbf_m25_evaluator/filter/min_range: 1.0
 * /depth_cbf_m25_evaluator/filter/voxel_leaf_size: 0.1
 * /depth_cbf_m25_evaluator/m25/gt_pcd: <...>
 * /depth_cbf_m25_evaluator/m25/max_pose_time_offset_sec: 0.025
 * /depth_cbf_m25_evaluator/m25/min_raylength: 1.0
 * /depth_cbf_m25_evaluator/m25/motion: switching
 * /depth_cbf_m25_evaluator/m25/non_conservative_tolerance: 0.001
 * /depth_cbf_m25_evaluator/m25/result_root: <...>
 * /depth_cbf_m25_evaluator/m25/root_max_distance: 4.0
 * /depth_cbf_m25_evaluator/m25/root_samples: 160
 * /depth_cbf_m25_evaluator/m25/run_id: A4_switch_switching
 * /depth_cbf_m25_evaluator/m25/scene: A4_switch
 * /depth_cbf_m25_evaluator/m25/vertical_fov_deg: 90.0
 * /depth_cbf_m25_evaluator/m25/yaw_fov_deg: 360.0
 * /depth_cbf_m25_evaluator/max_pose_time_offset_sec: 0.025
 * /depth_cbf_m25_evaluator/noninertial_frame_id: base_link
 * /depth_cbf_m25_evaluator/quad_odom_topic: /coni_mpc/quad_odom1
 * /depth_cbf_m25_evaluator/query_mesh/half_width_steps: 2
 * /depth_cbf_m25_evaluator/query_mesh/nearest_neighbor_max_distance: 3.47
 * /depth_cbf_m25_evaluator/query_mesh/spacing: 0.15
 * /depth_cbf_m25_evaluator/regression/local_cloud_topic: /depth_cbf_cloud_...
 * /depth_cbf_m25_evaluator/regression/log_every_n_fits: 20
 * /depth_cbf_m25_evaluator/regression/max_abs_error: 0.75
 * /depth_cbf_m25_evaluator/regression/max_condition_number: 1.0e8
 * /depth_cbf_m25_evaluator/regression/max_rmse: 0.25
 * /depth_cbf_m25_evaluator/regression/query_center_topic: /depth_cbf_cloud_...
 * /depth_cbf_m25_evaluator/regression/relative_rank_tolerance: 1e-10
 * /depth_cbf_m25_evaluator/regression/subscriber_queue_size: 5
 * /depth_cbf_m25_evaluator/regression/sync_queue_size: 10
 * /depth_cbf_m25_evaluator/safety/d_safe: 0.15
 * /depth_cbf_m25_evaluator/safety/delta_surface: 0.0
 * /depth_cbf_m25_evaluator/safety/r_uav: 0.15
 * /depth_cbf_m25_evaluator/subscriber_queue_size: 20
 * /depth_cbf_m25_evaluator/sync_queue_size: 40
 * /depth_cbf_m25_evaluator/sync_slop_sec: 0.025
 * /depth_cbf_m25_evaluator/world_frame_id: map
 * /depth_cbf_m25_map_pub/map_name: <...>
 * /depth_cbf_m25_trajectory/duration_sec: 5.0
 * /depth_cbf_m25_trajectory/motion: switching
 * /depth_cbf_m25_trajectory/scene: A4_switch
 * /depth_cbf_m25_trajectory/warmup_sec: 2.0
 * /depth_cbf_m25_trajectory/yaw_offset_deg: 0.0
 * /quad0_pcl_render_node/collision_range: 0.3
 * /quad0_pcl_render_node/collisioncheck_enable: 0
 * /quad0_pcl_render_node/curvature_limit: 100.0
 * /quad0_pcl_render_node/downsample_res: 0.1
 * /quad0_pcl_render_node/drone_id: 0
 * /quad0_pcl_render_node/dyn_mode: 0
 * /quad0_pcl_render_node/dyn_velocity: 0.0
 * /quad0_pcl_render_node/dynobj_enable: 0
 * /quad0_pcl_render_node/dynobject_num: 0
 * /quad0_pcl_render_node/dynobject_size: 0.8
 * /quad0_pcl_render_node/estimation_rate: 10.0
 * /quad0_pcl_render_node/hash_cubesize: 5.0
 * /quad0_pcl_render_node/is_360lidar: 1
 * /quad0_pcl_render_node/livox_linestep: 1.4
 * /quad0_pcl_render_node/min_raylength: 1.0
 * /quad0_pcl_render_node/output_pcd: 0
 * /quad0_pcl_render_node/polar_resolution: 0.2
 * /quad0_pcl_render_node/quadrotor_name: m25_quad0
 * /quad0_pcl_render_node/sensing_horizon: 15.0
 * /quad0_pcl_render_node/sensing_rate: 10.0
 * /quad0_pcl_render_node/uav_num: 1
 * /quad0_pcl_render_node/use_avia_pattern: 0
 * /quad0_pcl_render_node/use_minicf_pattern: 1
 * /quad0_pcl_render_node/use_os128_pattern: 0
 * /quad0_pcl_render_node/use_uav_extra_model: 0
 * /quad0_pcl_render_node/use_vlp32_pattern: 0
 * /quad0_pcl_render_node/vertical_fov: 90.0
 * /quad0_pcl_render_node/yaw_fov: 360.0
 * /rosdistro: noetic
 * /rosversion: 1.17.4

NODES
  /
    depth_cbf_m25_evaluator (coni_mpc/depth_cbf_m25_evaluation_node)
    depth_cbf_m25_map_pub (coni_mpc/depth_cbf_m25_map_publisher_node)
    depth_cbf_m25_trajectory (coni_mpc/depth_cbf_m25_trajectory_node)
    quad0_pcl_render_node (local_sensing_node/pcl_render_node)

[1mROS_MASTER_URI=http://localhost:11311[0m
]2;/home/jjm/桌面/小样本学习的去中心集群协同跟踪/marsim_ws/src/coni_mpc/launch/depth_cbf_m25.launch http://localhost:11311
[1mprocess[depth_cbf_m25_map_pub-1]: started with pid [394451][0m
[1mprocess[quad0_pcl_render_node-2]: started with pid [394452][0m
[1mprocess[depth_cbf_m25_trajectory-3]: started with pid [394453][0m
[1mprocess[depth_cbf_m25_evaluator-4]: started with pid [394454][0m
[depth_cbf_m25_evaluator-4] killing on exit
[depth_cbf_m25_trajectory-3] killing on exit
[quad0_pcl_render_node-2] killing on exit
[depth_cbf_m25_map_pub-1] killing on exit
shutting down processing monitor...
... shutting down processing monitor complete
[1mdone[0m
