WARNING: Package name "cascadePID" does not follow the naming conventions. It should start with a lower case letter and only contain lower case letters, digits, underscores, and dashes.
[INFO] [1789296455.129439203]: drone_drawpoints_num = 4,4,2, Uav points num = 32

Found pkg_path = /home/jjm/桌面/小样本学习的去中心集群协同跟踪/marsim_ws/src/MARSIM/local_sensing/data/m25_quad0_time_consumption.txt

Found pkg_path = /home/jjm/桌面/小样本学习的去中心集群协同跟踪/marsim_ws/src/MARSIM/local_sensing/data/m25_quad0_collision_check_time_consumption.txt
[WARN] [1789296455.628501965]: Global Pointcloud received..
[WARN] [1789296455.653438939]: Normal compute finished.., mapsize = 4756
[INFO] [1789296457.787268904]: Temp compute time = 0.048131, average compute time = 0.046292
[INFO] [1789296457.891418275]: Temp compute time = 0.053422, average compute time = 0.046726
[INFO] [1789296457.985955253]: Temp compute time = 0.053881, average compute time = 0.047355
[INFO] [1789296458.090861880]: Temp compute time = 0.054309, average compute time = 0.047634
[INFO] [1789296458.180875575]: Temp compute time = 0.049170, average compute time = 0.047599
[INFO] [1789296458.284889646]: Temp compute time = 0.053347, average compute time = 0.048100
[INFO] [1789296458.386556148]: Temp compute time = 0.051042, average compute time = 0.048145
[INFO] [1789296458.471443992]: Temp compute time = 0.034294, average compute time = 0.047876
[INFO] [1789296458.556150394]: Temp compute time = 0.024133, average compute time = 0.046657
[INFO] [1789296458.670557980]: Temp compute time = 0.033851, average compute time = 0.046472
[INFO] [1789296458.783849260]: Temp compute time = 0.042754, average compute time = 0.045960
[INFO] [1789296458.885189911]: Temp compute time = 0.050716, average compute time = 0.046025
[INFO] [1789296458.954092420]: Temp compute time = 0.018527, average compute time = 0.044846
[INFO] [1789296459.077973871]: Temp compute time = 0.042240, average compute time = 0.044629
[INFO] [1789296459.196643109]: Temp compute time = 0.058205, average compute time = 0.045126
[INFO] [1789296459.291508660]: Temp compute time = 0.054159, average compute time = 0.046038
[INFO] [1789296459.389708400]: Temp compute time = 0.057615, average compute time = 0.046422
[INFO] [1789296459.496909001]: Temp compute time = 0.056639, average compute time = 0.047239
[INFO] [1789296459.587397835]: Temp compute time = 0.049996, average compute time = 0.047146
[INFO] [1789296459.682784969]: Temp compute time = 0.044893, average compute time = 0.046854
[INFO] [1789296459.785042661]: Temp compute time = 0.051900, average compute time = 0.046820
[INFO] [1789296459.888746377]: Temp compute time = 0.053094, average compute time = 0.047056
[INFO] [1789296459.994369367]: Temp compute time = 0.054980, average compute time = 0.047131
[INFO] [1789296460.075998744]: Temp compute time = 0.041150, average compute time = 0.046524
[INFO] [1789296460.195167113]: Temp compute time = 0.058538, average compute time = 0.046726
[INFO] [1789296460.287060685]: Temp compute time = 0.051327, average compute time = 0.046828
[INFO] [1789296460.396235780]: Temp compute time = 0.058687, average compute time = 0.047083
[INFO] [1789296460.486686215]: Temp compute time = 0.049903, average compute time = 0.047029
[INFO] [1789296460.589186094]: Temp compute time = 0.052034, average compute time = 0.047873
[INFO] [1789296460.691975562]: Temp compute time = 0.052275, average compute time = 0.049213
[INFO] [1789296460.787414760]: Temp compute time = 0.054886, average compute time = 0.050215
[INFO] [1789296460.874031738]: Temp compute time = 0.036031, average compute time = 0.049895
[INFO] [1789296460.994901172]: Temp compute time = 0.060314, average compute time = 0.050352
[INFO] [1789296461.090436990]: Temp compute time = 0.054806, average compute time = 0.052080
[INFO] [1789296461.197216681]: Temp compute time = 0.056274, average compute time = 0.052748
[INFO] [1789296461.304131007]: Temp compute time = 0.066290, average compute time = 0.053133
[INFO] [1789296461.385975422]: Temp compute time = 0.051057, average compute time = 0.052985
[INFO] [1789296461.492888333]: Temp compute time = 0.056518, average compute time = 0.052933
[INFO] [1789296461.590267126]: Temp compute time = 0.056794, average compute time = 0.052940
[INFO] [1789296461.682811891]: Temp compute time = 0.042025, average compute time = 0.052561
[INFO] [1789296461.789415658]: Temp compute time = 0.056150, average compute time = 0.053097
[INFO] [1789296461.891326364]: Temp compute time = 0.051310, average compute time = 0.053069
[INFO] [1789296461.986708066]: Temp compute time = 0.054804, average compute time = 0.053150
[INFO] [1789296462.086560482]: Temp compute time = 0.049323, average compute time = 0.052881
[INF[INFO] [1789296455.106523112]: M2.5 evaluator writes /home/jjm/??????/?????????????????????????????????????????????/marsim_ws/results/depth_cbf_m25_mid360/frames/A4_switch_oblique.csv; sole algorithm cloud input=/quad0_pcl_render_node/sensor_cloud; GT mode=A4_switch is evaluation-only.
terminate called after throwing an instance of 'boost::wrapexcept<boost::lock_error>'
  what():  boost: mutex lock failed in pthread_mutex_lock: Invalid argument
[INFO] [1789296455.620866339]: Published latched M2.5 map /home/jjm/??????/?????????????????????????????????????????????/marsim_ws/src/coni_mpc/test_data/depth_cbf_m25/A4_switch.pcd with 18360 points
WARNING: Package name "cascadePID" does not follow the naming conventions. It should start with a lower case letter and only contain lower case letters, digits, underscores, and dashes.
WARNING: Package name "cascadePID" does not follow the naming conventions. It should start with a lower case letter and only contain lower case letters, digits, underscores, and dashes.
[31m================================================================================REQUIRED process [depth_cbf_m25_trajectory-3] has died!
process has finished cleanly
log file: /home/jjm/.ros/log/cd794b1a-ade9-11f1-aae2-25bc297d88f9/depth_cbf_m25_trajectory-3*.log
Initiating shutdown!
================================================================================[0m
... logging to /home/jjm/.ros/log/cd794b1a-ade9-11f1-aae2-25bc297d88f9/roslaunch-jjm-394253.log
Checking log directory for disk usage. This may take a while.
Press Ctrl-C to interrupt
Done checking log file disk usage. Usage is <1GB.
]2;/home/jjm/桌面/小样本学习的去中心集群协同跟踪/marsim_ws/src/coni_mpc/launch/depth_cbf_m25.launch
[1mstarted roslaunch server http://jjm:35183/[0m

SUMMARY
========

PARAMETERS
 * /depth_cbf_m25_evaluator/car_odom_topic: /coni_mpc/car_odom
 * /depth_cbf_m25_evaluator/cloud_topic: /quad0_pcl_render...
 * /depth_cbf_m25_evaluator/debug_compare_world_cloud: True
 * /depth_cbf_m25_evaluator/debug_print_every_n_clouds: 20
 * /depth_cbf_m25_evaluator/debug_random_seed: 7
 * /depth_cbf_m25_evaluator/debug_sample_count: 3
 * /depth_cbf_m25_evaluator/debug_world_cloud_topic: /quad0_pcl_render...
 * /depth_cbf_m25_evaluator/extrinsics/rotation_BL: [1.0, 0.0, 0.0, 0...
 * /depth_cbf_m25_evaluator/extrinsics/translation_BL: [0.0, 0.0, 0.0]
 * /depth_cbf_m25_evaluator/filter/enable_ground_filter: False
 * /depth_cbf_m25_evaluator/filter/enable_voxel_filter: True
 * /depth_cbf_m25_evaluator/filter/ground_min_z_W: 0.1
 * /depth_cbf_m25_evaluator/filter/local_radius: 4.0
 * /depth_cbf_m25_evaluator/filter/max_range: 15.0
 * /depth_cbf_m25_evaluator/filter/min_range: 1.0
 * /depth_cbf_m25_evaluator/filter/voxel_leaf_size: 0.1
 * /depth_cbf_m25_evaluator/m25/gt_pcd: <...>
 * /depth_cbf_m25_evaluator/m25/max_pose_time_offset_sec: 0.025
 * /depth_cbf_m25_evaluator/m25/min_raylength: 1.0
 * /depth_cbf_m25_evaluator/m25/motion: oblique
 * /depth_cbf_m25_evaluator/m25/non_conservative_tolerance: 0.001
 * /depth_cbf_m25_evaluator/m25/result_root: <...>
 * /depth_cbf_m25_evaluator/m25/root_max_distance: 4.0
 * /depth_cbf_m25_evaluator/m25/root_samples: 160
 * /depth_cbf_m25_evaluator/m25/run_id: A4_switch_oblique
 * /depth_cbf_m25_evaluator/m25/scene: A4_switch
 * /depth_cbf_m25_evaluator/m25/vertical_fov_deg: 90.0
 * /depth_cbf_m25_evaluator/m25/yaw_fov_deg: 360.0
 * /depth_cbf_m25_evaluator/max_pose_time_offset_sec: 0.025
 * /depth_cbf_m25_evaluator/noninertial_frame_id: base_link
 * /depth_cbf_m25_evaluator/quad_odom_topic: /coni_mpc/quad_odom1
 * /depth_cbf_m25_evaluator/query_mesh/half_width_steps: 2
 * /depth_cbf_m25_evaluator/query_mesh/nearest_neighbor_max_distance: 3.47
 * /depth_cbf_m25_evaluator/query_mesh/spacing: 0.15
 * /depth_cbf_m25_evaluator/regression/local_cloud_topic: /depth_cbf_cloud_...
 * /depth_cbf_m25_evaluator/regression/log_every_n_fits: 20
 * /depth_cbf_m25_evaluator/regression/max_abs_error: 0.75
 * /depth_cbf_m25_evaluator/regression/max_condition_number: 1.0e8
 * /depth_cbf_m25_evaluator/regression/max_rmse: 0.25
 * /depth_cbf_m25_evaluator/regression/query_center_topic: /depth_cbf_cloud_...
 * /depth_cbf_m25_evaluator/regression/relative_rank_tolerance: 1e-10
 * /depth_cbf_m25_evaluator/regression/subscriber_queue_size: 5
 * /depth_cbf_m25_evaluator/regression/sync_queue_size: 10
 * /depth_cbf_m25_evaluator/safety/d_safe: 0.15
 * /depth_cbf_m25_evaluator/safety/delta_surface: 0.0
 * /depth_cbf_m25_evaluator/safety/r_uav: 0.15
 * /depth_cbf_m25_evaluator/subscriber_queue_size: 20
 * /depth_cbf_m25_evaluator/sync_queue_size: 40
 * /depth_cbf_m25_evaluator/sync_slop_sec: 0.025
 * /depth_cbf_m25_evaluator/world_frame_id: map
 * /depth_cbf_m25_map_pub/map_name: <...>
 * /depth_cbf_m25_trajectory/duration_sec: 5.0
 * /depth_cbf_m25_trajectory/motion: oblique
 * /depth_cbf_m25_trajectory/scene: A4_switch
 * /depth_cbf_m25_trajectory/warmup_sec: 2.0
 * /depth_cbf_m25_trajectory/yaw_offset_deg: 0.0
 * /quad0_pcl_render_node/collision_range: 0.3
 * /quad0_pcl_render_node/collisioncheck_enable: 0
 * /quad0_pcl_render_node/curvature_limit: 100.0
 * /quad0_pcl_render_node/downsample_res: 0.1
 * /quad0_pcl_render_node/drone_id: 0
 * /quad0_pcl_render_node/dyn_mode: 0
 * /quad0_pcl_render_node/dyn_velocity: 0.0
 * /quad0_pcl_render_node/dynobj_enable: 0
 * /quad0_pcl_render_node/dynobject_num: 0
 * /quad0_pcl_render_node/dynobject_size: 0.8
 * /quad0_pcl_render_node/estimation_rate: 10.0
 * /quad0_pcl_render_node/hash_cubesize: 5.0
 * /quad0_pcl_render_node/is_360lidar: 1
 * /quad0_pcl_render_node/livox_linestep: 1.4
 * /quad0_pcl_render_node/min_raylength: 1.0
 * /quad0_pcl_render_node/output_pcd: 0
 * /quad0_pcl_render_node/polar_resolution: 0.2
 * /quad0_pcl_render_node/quadrotor_name: m25_quad0
 * /quad0_pcl_render_node/sensing_horizon: 15.0
 * /quad0_pcl_render_node/sensing_rate: 10.0
 * /quad0_pcl_render_node/uav_num: 1
 * /quad0_pcl_render_node/use_avia_pattern: 0
 * /quad0_pcl_render_node/use_minicf_pattern: 1
 * /quad0_pcl_render_node/use_os128_pattern: 0
 * /quad0_pcl_render_node/use_uav_extra_model: 0
 * /quad0_pcl_render_node/use_vlp32_pattern: 0
 * /quad0_pcl_render_node/vertical_fov: 90.0
 * /quad0_pcl_render_node/yaw_fov: 360.0
 * /rosdistro: noetic
 * /rosversion: 1.17.4

NODES
  /
    depth_cbf_m25_evaluator (coni_mpc/depth_cbf_m25_evaluation_node)
    depth_cbf_m25_map_pub (coni_mpc/depth_cbf_m25_map_publisher_node)
    depth_cbf_m25_trajectory (coni_mpc/depth_cbf_m25_trajectory_node)
    quad0_pcl_render_node (local_sensing_node/pcl_render_node)

[1mROS_MASTER_URI=http://localhost:11311[0m
]2;/home/jjm/桌面/小样本学习的去中心集群协同跟踪/marsim_ws/src/coni_mpc/launch/depth_cbf_m25.launch http://localhost:11311
[1mprocess[depth_cbf_m25_map_pub-1]: started with pid [394299][0m
[1mprocess[quad0_pcl_render_node-2]: started with pid [394300][0m
[1mprocess[depth_cbf_m25_trajectory-3]: started with pid [394301][0m
[1mprocess[depth_cbf_m25_evaluator-4]: started with pid [394302][0m
[depth_cbf_m25_evaluator-4] killing on exit
[depth_cbf_m25_trajectory-3] killing on exit
[quad0_pcl_render_node-2] killing on exit
[depth_cbf_m25_map_pub-1] killing on exit
shutting down processing monitor...
... shutting down processing monitor complete
[1mdone[0m
