WARNING: Package name "cascadePID" does not follow the naming conventions. It should start with a lower case letter and only contain lower case letters, digits, underscores, and dashes.
[INFO] [1789296446.520021016]: drone_drawpoints_num = 4,4,2, Uav points num = 32

Found pkg_path = /home/jjm/桌面/小样本学习的去中心集群协同跟踪/marsim_ws/src/MARSIM/local_sensing/data/m25_quad0_time_consumption.txt

Found pkg_path = /home/jjm/桌面/小样本学习的去中心集群协同跟踪/marsim_ws/src/MARSIM/local_sensing/data/m25_quad0_collision_check_time_consumption.txt
[WARN] [1789296447.019152603]: Global Pointcloud received..
[WARN] [1789296447.046214746]: Normal compute finished.., mapsize = 4756
[INFO] [1789296449.174468213]: Temp compute time = 0.049835, average compute time = 0.044105
[INFO] [1789296449.275609240]: Temp compute time = 0.050678, average compute time = 0.044510
[INFO] [1789296449.380684882]: Temp compute time = 0.054460, average compute time = 0.045483
[INFO] [1789296449.470839959]: Temp compute time = 0.039346, average compute time = 0.044939
[INFO] [1789296449.559641560]: Temp compute time = 0.028190, average compute time = 0.044999
[INFO] [1789296449.680139558]: Temp compute time = 0.049837, average compute time = 0.045109
[INFO] [1789296449.783791108]: Temp compute time = 0.053252, average compute time = 0.045357
[INFO] [1789296449.875718830]: Temp compute time = 0.051530, average compute time = 0.046728
[INFO] [1789296449.954011665]: Temp compute time = 0.027860, average compute time = 0.046255
[INFO] [1789296450.076678503]: Temp compute time = 0.052065, average compute time = 0.046442
[INFO] [1789296450.165929838]: Temp compute time = 0.038596, average compute time = 0.046549
[INFO] [1789296450.283733927]: Temp compute time = 0.057313, average compute time = 0.046970
[INFO] [1789296450.368430581]: Temp compute time = 0.044250, average compute time = 0.046888
[INFO] [1789296450.483685905]: Temp compute time = 0.054686, average compute time = 0.047274
[INFO] [1789296450.574371507]: Temp compute time = 0.050129, average compute time = 0.047298
[INFO] [1789296450.675906928]: Temp compute time = 0.051037, average compute time = 0.047686
[INFO] [1789296450.743966216]: Temp compute time = 0.017491, average compute time = 0.045993
[INFO] [1789296450.843491245]: Temp compute time = 0.017017, average compute time = 0.044716
[INFO] [1789296450.978760844]: Temp compute time = 0.052251, average compute time = 0.044759
[INFO] [1789296451.082478604]: Temp compute time = 0.053106, average compute time = 0.045075
[INFO] [1789296451.174737938]: Temp compute time = 0.051777, average compute time = 0.044986
[INFO] [1789296451.276007650]: Temp compute time = 0.050842, average compute time = 0.045034
[INFO] [1789296451.374333338]: Temp compute time = 0.047823, average compute time = 0.044898
[INFO] [1789296451.481981343]: Temp compute time = 0.057103, average compute time = 0.045024
[INFO] [1789296451.580092486]: Temp compute time = 0.057369, average compute time = 0.045882
[INFO] [1789296451.683657832]: Temp compute time = 0.053022, average compute time = 0.047065
[INFO] [1789296451.758053043]: Temp compute time = 0.033910, average compute time = 0.046306
[INFO] [1789296451.867019291]: Temp compute time = 0.038616, average compute time = 0.045609
[INFO] [1789296451.980831664]: Temp compute time = 0.053125, average compute time = 0.045685
[INFO] [1789296452.089005997]: Temp compute time = 0.057631, average compute time = 0.047103
[INFO] [1789296452.153053208]: Temp compute time = 0.023501, average compute time = 0.045743
[INFO] [1789296452.277159376]: Temp compute time = 0.053611, average compute time = 0.046458
[INFO] [1789296452.348069700]: Temp compute time = 0.020387, average compute time = 0.044699
[INFO] [1789296452.492138984]: Temp compute time = 0.063515, average compute time = 0.045617
[INFO] [1789296452.572900340]: Temp compute time = 0.049858, average compute time = 0.045387
[INFO] [1789296452.675281126]: Temp compute time = 0.051836, average compute time = 0.045468
[INFO] [1789296452.775937337]: Temp compute time = 0.050024, average compute time = 0.045420
[INFO] [1789296452.871032502]: Temp compute time = 0.044537, average compute time = 0.046708
[INFO] [1789296452.981845745]: Temp compute time = 0.050268, average compute time = 0.048291
[INFO] [1789296453.072667723]: Temp compute time = 0.050224, average compute time = 0.048195
[INFO] [1789296453.166575799]: Temp compute time = 0.043287, average compute time = 0.047727
[INFO] [1789296453.267488428]: Temp compute time = 0.040398, average compute time = 0.047185
[INFO] [1789296453.380506506]: Temp compute time = 0.052296, average compute time = 0.047254
[INFO] [1789296453.476189617]: Temp compute time = 0.044976, average compute time = 0.047119
[INF[INFO] [1789296446.495471186]: M2.5 evaluator writes /home/jjm/??????/?????????????????????????????????????????????/marsim_ws/results/depth_cbf_m25_mid360/frames/A4_switch_parallel.csv; sole algorithm cloud input=/quad0_pcl_render_node/sensor_cloud; GT mode=A4_switch is evaluation-only.
terminate called after throwing an instance of 'boost::wrapexcept<boost::lock_error>'
  what():  boost: mutex lock failed in pthread_mutex_lock: Invalid argument
[INFO] [1789296447.012079136]: Published latched M2.5 map /home/jjm/??????/?????????????????????????????????????????????/marsim_ws/src/coni_mpc/test_data/depth_cbf_m25/A4_switch.pcd with 18360 points
WARNING: Package name "cascadePID" does not follow the naming conventions. It should start with a lower case letter and only contain lower case letters, digits, underscores, and dashes.
WARNING: Package name "cascadePID" does not follow the naming conventions. It should start with a lower case letter and only contain lower case letters, digits, underscores, and dashes.
[31m================================================================================REQUIRED process [depth_cbf_m25_trajectory-3] has died!
process has finished cleanly
log file: /home/jjm/.ros/log/cd794b1a-ade9-11f1-aae2-25bc297d88f9/depth_cbf_m25_trajectory-3*.log
Initiating shutdown!
================================================================================[0m
... logging to /home/jjm/.ros/log/cd794b1a-ade9-11f1-aae2-25bc297d88f9/roslaunch-jjm-394120.log
Checking log directory for disk usage. This may take a while.
Press Ctrl-C to interrupt
Done checking log file disk usage. Usage is <1GB.
]2;/home/jjm/桌面/小样本学习的去中心集群协同跟踪/marsim_ws/src/coni_mpc/launch/depth_cbf_m25.launch
[1mstarted roslaunch server http://jjm:40175/[0m

SUMMARY
========

PARAMETERS
 * /depth_cbf_m25_evaluator/car_odom_topic: /coni_mpc/car_odom
 * /depth_cbf_m25_evaluator/cloud_topic: /quad0_pcl_render...
 * /depth_cbf_m25_evaluator/debug_compare_world_cloud: True
 * /depth_cbf_m25_evaluator/debug_print_every_n_clouds: 20
 * /depth_cbf_m25_evaluator/debug_random_seed: 7
 * /depth_cbf_m25_evaluator/debug_sample_count: 3
 * /depth_cbf_m25_evaluator/debug_world_cloud_topic: /quad0_pcl_render...
 * /depth_cbf_m25_evaluator/extrinsics/rotation_BL: [1.0, 0.0, 0.0, 0...
 * /depth_cbf_m25_evaluator/extrinsics/translation_BL: [0.0, 0.0, 0.0]
 * /depth_cbf_m25_evaluator/filter/enable_ground_filter: False
 * /depth_cbf_m25_evaluator/filter/enable_voxel_filter: True
 * /depth_cbf_m25_evaluator/filter/ground_min_z_W: 0.1
 * /depth_cbf_m25_evaluator/filter/local_radius: 4.0
 * /depth_cbf_m25_evaluator/filter/max_range: 15.0
 * /depth_cbf_m25_evaluator/filter/min_range: 1.0
 * /depth_cbf_m25_evaluator/filter/voxel_leaf_size: 0.1
 * /depth_cbf_m25_evaluator/m25/gt_pcd: <...>
 * /depth_cbf_m25_evaluator/m25/max_pose_time_offset_sec: 0.025
 * /depth_cbf_m25_evaluator/m25/min_raylength: 1.0
 * /depth_cbf_m25_evaluator/m25/motion: parallel
 * /depth_cbf_m25_evaluator/m25/non_conservative_tolerance: 0.001
 * /depth_cbf_m25_evaluator/m25/result_root: <...>
 * /depth_cbf_m25_evaluator/m25/root_max_distance: 4.0
 * /depth_cbf_m25_evaluator/m25/root_samples: 160
 * /depth_cbf_m25_evaluator/m25/run_id: A4_switch_parallel
 * /depth_cbf_m25_evaluator/m25/scene: A4_switch
 * /depth_cbf_m25_evaluator/m25/vertical_fov_deg: 90.0
 * /depth_cbf_m25_evaluator/m25/yaw_fov_deg: 360.0
 * /depth_cbf_m25_evaluator/max_pose_time_offset_sec: 0.025
 * /depth_cbf_m25_evaluator/noninertial_frame_id: base_link
 * /depth_cbf_m25_evaluator/quad_odom_topic: /coni_mpc/quad_odom1
 * /depth_cbf_m25_evaluator/query_mesh/half_width_steps: 2
 * /depth_cbf_m25_evaluator/query_mesh/nearest_neighbor_max_distance: 3.47
 * /depth_cbf_m25_evaluator/query_mesh/spacing: 0.15
 * /depth_cbf_m25_evaluator/regression/local_cloud_topic: /depth_cbf_cloud_...
 * /depth_cbf_m25_evaluator/regression/log_every_n_fits: 20
 * /depth_cbf_m25_evaluator/regression/max_abs_error: 0.75
 * /depth_cbf_m25_evaluator/regression/max_condition_number: 1.0e8
 * /depth_cbf_m25_evaluator/regression/max_rmse: 0.25
 * /depth_cbf_m25_evaluator/regression/query_center_topic: /depth_cbf_cloud_...
 * /depth_cbf_m25_evaluator/regression/relative_rank_tolerance: 1e-10
 * /depth_cbf_m25_evaluator/regression/subscriber_queue_size: 5
 * /depth_cbf_m25_evaluator/regression/sync_queue_size: 10
 * /depth_cbf_m25_evaluator/safety/d_safe: 0.15
 * /depth_cbf_m25_evaluator/safety/delta_surface: 0.0
 * /depth_cbf_m25_evaluator/safety/r_uav: 0.15
 * /depth_cbf_m25_evaluator/subscriber_queue_size: 20
 * /depth_cbf_m25_evaluator/sync_queue_size: 40
 * /depth_cbf_m25_evaluator/sync_slop_sec: 0.025
 * /depth_cbf_m25_evaluator/world_frame_id: map
 * /depth_cbf_m25_map_pub/map_name: <...>
 * /depth_cbf_m25_trajectory/duration_sec: 5.0
 * /depth_cbf_m25_trajectory/motion: parallel
 * /depth_cbf_m25_trajectory/scene: A4_switch
 * /depth_cbf_m25_trajectory/warmup_sec: 2.0
 * /depth_cbf_m25_trajectory/yaw_offset_deg: 0.0
 * /quad0_pcl_render_node/collision_range: 0.3
 * /quad0_pcl_render_node/collisioncheck_enable: 0
 * /quad0_pcl_render_node/curvature_limit: 100.0
 * /quad0_pcl_render_node/downsample_res: 0.1
 * /quad0_pcl_render_node/drone_id: 0
 * /quad0_pcl_render_node/dyn_mode: 0
 * /quad0_pcl_render_node/dyn_velocity: 0.0
 * /quad0_pcl_render_node/dynobj_enable: 0
 * /quad0_pcl_render_node/dynobject_num: 0
 * /quad0_pcl_render_node/dynobject_size: 0.8
 * /quad0_pcl_render_node/estimation_rate: 10.0
 * /quad0_pcl_render_node/hash_cubesize: 5.0
 * /quad0_pcl_render_node/is_360lidar: 1
 * /quad0_pcl_render_node/livox_linestep: 1.4
 * /quad0_pcl_render_node/min_raylength: 1.0
 * /quad0_pcl_render_node/output_pcd: 0
 * /quad0_pcl_render_node/polar_resolution: 0.2
 * /quad0_pcl_render_node/quadrotor_name: m25_quad0
 * /quad0_pcl_render_node/sensing_horizon: 15.0
 * /quad0_pcl_render_node/sensing_rate: 10.0
 * /quad0_pcl_render_node/uav_num: 1
 * /quad0_pcl_render_node/use_avia_pattern: 0
 * /quad0_pcl_render_node/use_minicf_pattern: 1
 * /quad0_pcl_render_node/use_os128_pattern: 0
 * /quad0_pcl_render_node/use_uav_extra_model: 0
 * /quad0_pcl_render_node/use_vlp32_pattern: 0
 * /quad0_pcl_render_node/vertical_fov: 90.0
 * /quad0_pcl_render_node/yaw_fov: 360.0
 * /rosdistro: noetic
 * /rosversion: 1.17.4

NODES
  /
    depth_cbf_m25_evaluator (coni_mpc/depth_cbf_m25_evaluation_node)
    depth_cbf_m25_map_pub (coni_mpc/depth_cbf_m25_map_publisher_node)
    depth_cbf_m25_trajectory (coni_mpc/depth_cbf_m25_trajectory_node)
    quad0_pcl_render_node (local_sensing_node/pcl_render_node)

[1mROS_MASTER_URI=http://localhost:11311[0m
]2;/home/jjm/桌面/小样本学习的去中心集群协同跟踪/marsim_ws/src/coni_mpc/launch/depth_cbf_m25.launch http://localhost:11311
[1mprocess[depth_cbf_m25_map_pub-1]: started with pid [394168][0m
[1mprocess[quad0_pcl_render_node-2]: started with pid [394169][0m
[1mprocess[depth_cbf_m25_trajectory-3]: started with pid [394170][0m
[1mprocess[depth_cbf_m25_evaluator-4]: started with pid [394171][0m
[depth_cbf_m25_trajectory-3] killing on exit
[quad0_pcl_render_node-2] killing on exit
[depth_cbf_m25_map_pub-1] killing on exit
[depth_cbf_m25_evaluator-4] killing on exit
shutting down processing monitor...
... shutting down processing monitor complete
[1mdone[0m
