WARNING: Package name "cascadePID" does not follow the naming conventions. It should start with a lower case letter and only contain lower case letters, digits, underscores, and dashes.
[INFO] [1789296437.907555207]: drone_drawpoints_num = 4,4,2, Uav points num = 32

Found pkg_path = /home/jjm/桌面/小样本学习的去中心集群协同跟踪/marsim_ws/src/MARSIM/local_sensing/data/m25_quad0_time_consumption.txt

Found pkg_path = /home/jjm/桌面/小样本学习的去中心集群协同跟踪/marsim_ws/src/MARSIM/local_sensing/data/m25_quad0_collision_check_time_consumption.txt
[WARN] [1789296438.406765691]: Global Pointcloud received..
[WARN] [1789296438.432050973]: Normal compute finished.., mapsize = 4756
[INFO] [1789296440.564310100]: Temp compute time = 0.044847, average compute time = 0.042398
[INFO] [1789296440.672167732]: Temp compute time = 0.057347, average compute time = 0.042307
[INFO] [1789296440.765683972]: Temp compute time = 0.052786, average compute time = 0.042833
[INFO] [1789296440.871011983]: Temp compute time = 0.054663, average compute time = 0.042920
[INFO] [1789296440.959725274]: Temp compute time = 0.048211, average compute time = 0.042697
[INFO] [1789296441.066981105]: Temp compute time = 0.056840, average compute time = 0.043556
[INFO] [1789296441.157780860]: Temp compute time = 0.040351, average compute time = 0.043973
[INFO] [1789296441.265046595]: Temp compute time = 0.046802, average compute time = 0.045073
[INFO] [1789296441.338887265]: Temp compute time = 0.023375, average compute time = 0.044171
[INFO] [1789296441.453390737]: Temp compute time = 0.034077, average compute time = 0.044335
[INFO] [1789296441.546781470]: Temp compute time = 0.032924, average compute time = 0.043793
[INFO] [1789296441.650253574]: Temp compute time = 0.033085, average compute time = 0.043534
[INFO] [1789296441.725545118]: Temp compute time = 0.014895, average compute time = 0.042743
[INFO] [1789296441.825156386]: Temp compute time = 0.014504, average compute time = 0.041387
[INFO] [1789296441.944180176]: Temp compute time = 0.033355, average compute time = 0.041107
[INFO] [1789296442.052762372]: Temp compute time = 0.037910, average compute time = 0.040827
[INFO] [1789296442.157940287]: Temp compute time = 0.044576, average compute time = 0.041164
[INFO] [1789296442.250230073]: Temp compute time = 0.031789, average compute time = 0.040157
[INFO] [1789296442.354738609]: Temp compute time = 0.043953, average compute time = 0.039753
[INFO] [1789296442.435001674]: Temp compute time = 0.019583, average compute time = 0.038813
[INFO] [1789296442.543206095]: Temp compute time = 0.027802, average compute time = 0.037794
[INFO] [1789296442.663783683]: Temp compute time = 0.049981, average compute time = 0.038038
[INFO] [1789296442.760232580]: Temp compute time = 0.045985, average compute time = 0.037497
[INFO] [1789296442.863432938]: Temp compute time = 0.052657, average compute time = 0.037491
[INFO] [1789296442.954011428]: Temp compute time = 0.039993, average compute time = 0.036793
[INFO] [1789296443.067601247]: Temp compute time = 0.053084, average compute time = 0.037025
[INFO] [1789296443.153241923]: Temp compute time = 0.035166, average compute time = 0.035993
[INFO] [1789296443.263018341]: Temp compute time = 0.049359, average compute time = 0.036422
[INFO] [1789296443.367616207]: Temp compute time = 0.054165, average compute time = 0.036772
[INFO] [1789296443.463563151]: Temp compute time = 0.045478, average compute time = 0.037825
[INFO] [1789296443.569015941]: Temp compute time = 0.054951, average compute time = 0.038819
[INFO] [1789296443.661780100]: Temp compute time = 0.052291, average compute time = 0.039741
[INFO] [1789296443.776248594]: Temp compute time = 0.063799, average compute time = 0.041204
[INFO] [1789296443.871637678]: Temp compute time = 0.054815, average compute time = 0.043105
[INFO] [1789296443.973825011]: Temp compute time = 0.061496, average compute time = 0.045342
[INFO] [1789296444.062324173]: Temp compute time = 0.047623, average compute time = 0.046022
[INFO] [1789296444.162074856]: Temp compute time = 0.049399, average compute time = 0.046569
[INFO] [1789296444.266024941]: Temp compute time = 0.053572, average compute time = 0.046997
[INFO] [1789296444.372775057]: Temp compute time = 0.056362, average compute time = 0.048167
[INFO] [1789296444.468743752]: Temp compute time = 0.055439, average compute time = 0.048714
[INFO] [1789296444.575023845]: Temp compute time = 0.055723, average compute time = 0.050435
[INFO] [1789296444.666745675]: Temp compute time = 0.051078, average compute time = 0.051544
[INFO] [1789296444.765010890]: Temp compute time = 0.047826, average compute time = 0.051441
[INFO] [1789296444.876445034]: Temp compute time = 0.060905, average compute time = 0.052151
[INF[INFO] [1789296437.884300149]: M2.5 evaluator writes /home/jjm/??????/?????????????????????????????????????????????/marsim_ws/results/depth_cbf_m25_mid360/frames/A4_switch_front.csv; sole algorithm cloud input=/quad0_pcl_render_node/sensor_cloud; GT mode=A4_switch is evaluation-only.
terminate called after throwing an instance of 'boost::wrapexcept<boost::lock_error>'
  what():  boost: mutex lock failed in pthread_mutex_lock: Invalid argument
[INFO] [1789296438.399472317]: Published latched M2.5 map /home/jjm/??????/?????????????????????????????????????????????/marsim_ws/src/coni_mpc/test_data/depth_cbf_m25/A4_switch.pcd with 18360 points
WARNING: Package name "cascadePID" does not follow the naming conventions. It should start with a lower case letter and only contain lower case letters, digits, underscores, and dashes.
WARNING: Package name "cascadePID" does not follow the naming conventions. It should start with a lower case letter and only contain lower case letters, digits, underscores, and dashes.
[31m================================================================================REQUIRED process [depth_cbf_m25_trajectory-3] has died!
process has finished cleanly
log file: /home/jjm/.ros/log/cd794b1a-ade9-11f1-aae2-25bc297d88f9/depth_cbf_m25_trajectory-3*.log
Initiating shutdown!
================================================================================[0m
... logging to /home/jjm/.ros/log/cd794b1a-ade9-11f1-aae2-25bc297d88f9/roslaunch-jjm-393984.log
Checking log directory for disk usage. This may take a while.
Press Ctrl-C to interrupt
Done checking log file disk usage. Usage is <1GB.
]2;/home/jjm/桌面/小样本学习的去中心集群协同跟踪/marsim_ws/src/coni_mpc/launch/depth_cbf_m25.launch
[1mstarted roslaunch server http://jjm:41421/[0m

SUMMARY
========

PARAMETERS
 * /depth_cbf_m25_evaluator/car_odom_topic: /coni_mpc/car_odom
 * /depth_cbf_m25_evaluator/cloud_topic: /quad0_pcl_render...
 * /depth_cbf_m25_evaluator/debug_compare_world_cloud: True
 * /depth_cbf_m25_evaluator/debug_print_every_n_clouds: 20
 * /depth_cbf_m25_evaluator/debug_random_seed: 7
 * /depth_cbf_m25_evaluator/debug_sample_count: 3
 * /depth_cbf_m25_evaluator/debug_world_cloud_topic: /quad0_pcl_render...
 * /depth_cbf_m25_evaluator/extrinsics/rotation_BL: [1.0, 0.0, 0.0, 0...
 * /depth_cbf_m25_evaluator/extrinsics/translation_BL: [0.0, 0.0, 0.0]
 * /depth_cbf_m25_evaluator/filter/enable_ground_filter: False
 * /depth_cbf_m25_evaluator/filter/enable_voxel_filter: True
 * /depth_cbf_m25_evaluator/filter/ground_min_z_W: 0.1
 * /depth_cbf_m25_evaluator/filter/local_radius: 4.0
 * /depth_cbf_m25_evaluator/filter/max_range: 15.0
 * /depth_cbf_m25_evaluator/filter/min_range: 1.0
 * /depth_cbf_m25_evaluator/filter/voxel_leaf_size: 0.1
 * /depth_cbf_m25_evaluator/m25/gt_pcd: <...>
 * /depth_cbf_m25_evaluator/m25/max_pose_time_offset_sec: 0.025
 * /depth_cbf_m25_evaluator/m25/min_raylength: 1.0
 * /depth_cbf_m25_evaluator/m25/motion: front
 * /depth_cbf_m25_evaluator/m25/non_conservative_tolerance: 0.001
 * /depth_cbf_m25_evaluator/m25/result_root: <...>
 * /depth_cbf_m25_evaluator/m25/root_max_distance: 4.0
 * /depth_cbf_m25_evaluator/m25/root_samples: 160
 * /depth_cbf_m25_evaluator/m25/run_id: A4_switch_front
 * /depth_cbf_m25_evaluator/m25/scene: A4_switch
 * /depth_cbf_m25_evaluator/m25/vertical_fov_deg: 90.0
 * /depth_cbf_m25_evaluator/m25/yaw_fov_deg: 360.0
 * /depth_cbf_m25_evaluator/max_pose_time_offset_sec: 0.025
 * /depth_cbf_m25_evaluator/noninertial_frame_id: base_link
 * /depth_cbf_m25_evaluator/quad_odom_topic: /coni_mpc/quad_odom1
 * /depth_cbf_m25_evaluator/query_mesh/half_width_steps: 2
 * /depth_cbf_m25_evaluator/query_mesh/nearest_neighbor_max_distance: 3.47
 * /depth_cbf_m25_evaluator/query_mesh/spacing: 0.15
 * /depth_cbf_m25_evaluator/regression/local_cloud_topic: /depth_cbf_cloud_...
 * /depth_cbf_m25_evaluator/regression/log_every_n_fits: 20
 * /depth_cbf_m25_evaluator/regression/max_abs_error: 0.75
 * /depth_cbf_m25_evaluator/regression/max_condition_number: 1.0e8
 * /depth_cbf_m25_evaluator/regression/max_rmse: 0.25
 * /depth_cbf_m25_evaluator/regression/query_center_topic: /depth_cbf_cloud_...
 * /depth_cbf_m25_evaluator/regression/relative_rank_tolerance: 1e-10
 * /depth_cbf_m25_evaluator/regression/subscriber_queue_size: 5
 * /depth_cbf_m25_evaluator/regression/sync_queue_size: 10
 * /depth_cbf_m25_evaluator/safety/d_safe: 0.15
 * /depth_cbf_m25_evaluator/safety/delta_surface: 0.0
 * /depth_cbf_m25_evaluator/safety/r_uav: 0.15
 * /depth_cbf_m25_evaluator/subscriber_queue_size: 20
 * /depth_cbf_m25_evaluator/sync_queue_size: 40
 * /depth_cbf_m25_evaluator/sync_slop_sec: 0.025
 * /depth_cbf_m25_evaluator/world_frame_id: map
 * /depth_cbf_m25_map_pub/map_name: <...>
 * /depth_cbf_m25_trajectory/duration_sec: 5.0
 * /depth_cbf_m25_trajectory/motion: front
 * /depth_cbf_m25_trajectory/scene: A4_switch
 * /depth_cbf_m25_trajectory/warmup_sec: 2.0
 * /depth_cbf_m25_trajectory/yaw_offset_deg: 0.0
 * /quad0_pcl_render_node/collision_range: 0.3
 * /quad0_pcl_render_node/collisioncheck_enable: 0
 * /quad0_pcl_render_node/curvature_limit: 100.0
 * /quad0_pcl_render_node/downsample_res: 0.1
 * /quad0_pcl_render_node/drone_id: 0
 * /quad0_pcl_render_node/dyn_mode: 0
 * /quad0_pcl_render_node/dyn_velocity: 0.0
 * /quad0_pcl_render_node/dynobj_enable: 0
 * /quad0_pcl_render_node/dynobject_num: 0
 * /quad0_pcl_render_node/dynobject_size: 0.8
 * /quad0_pcl_render_node/estimation_rate: 10.0
 * /quad0_pcl_render_node/hash_cubesize: 5.0
 * /quad0_pcl_render_node/is_360lidar: 1
 * /quad0_pcl_render_node/livox_linestep: 1.4
 * /quad0_pcl_render_node/min_raylength: 1.0
 * /quad0_pcl_render_node/output_pcd: 0
 * /quad0_pcl_render_node/polar_resolution: 0.2
 * /quad0_pcl_render_node/quadrotor_name: m25_quad0
 * /quad0_pcl_render_node/sensing_horizon: 15.0
 * /quad0_pcl_render_node/sensing_rate: 10.0
 * /quad0_pcl_render_node/uav_num: 1
 * /quad0_pcl_render_node/use_avia_pattern: 0
 * /quad0_pcl_render_node/use_minicf_pattern: 1
 * /quad0_pcl_render_node/use_os128_pattern: 0
 * /quad0_pcl_render_node/use_uav_extra_model: 0
 * /quad0_pcl_render_node/use_vlp32_pattern: 0
 * /quad0_pcl_render_node/vertical_fov: 90.0
 * /quad0_pcl_render_node/yaw_fov: 360.0
 * /rosdistro: noetic
 * /rosversion: 1.17.4

NODES
  /
    depth_cbf_m25_evaluator (coni_mpc/depth_cbf_m25_evaluation_node)
    depth_cbf_m25_map_pub (coni_mpc/depth_cbf_m25_map_publisher_node)
    depth_cbf_m25_trajectory (coni_mpc/depth_cbf_m25_trajectory_node)
    quad0_pcl_render_node (local_sensing_node/pcl_render_node)

[1mROS_MASTER_URI=http://localhost:11311[0m
]2;/home/jjm/桌面/小样本学习的去中心集群协同跟踪/marsim_ws/src/coni_mpc/launch/depth_cbf_m25.launch http://localhost:11311
[1mprocess[depth_cbf_m25_map_pub-1]: started with pid [394030][0m
[1mprocess[quad0_pcl_render_node-2]: started with pid [394031][0m
[1mprocess[depth_cbf_m25_trajectory-3]: started with pid [394032][0m
[1mprocess[depth_cbf_m25_evaluator-4]: started with pid [394033][0m
[depth_cbf_m25_evaluator-4] killing on exit
[depth_cbf_m25_trajectory-3] killing on exit
[quad0_pcl_render_node-2] killing on exit
[depth_cbf_m25_map_pub-1] killing on exit
shutting down processing monitor...
... shutting down processing monitor complete
[1mdone[0m
