WARNING: Package name "cascadePID" does not follow the naming conventions. It should start with a lower case letter and only contain lower case letters, digits, underscores, and dashes.
[INFO] [1789296489.387379057]: drone_drawpoints_num = 4,4,2, Uav points num = 32

Found pkg_path = /home/jjm/桌面/小样本学习的去中心集群协同跟踪/marsim_ws/src/MARSIM/local_sensing/data/m25_quad0_time_consumption.txt

Found pkg_path = /home/jjm/桌面/小样本学习的去中心集群协同跟踪/marsim_ws/src/MARSIM/local_sensing/data/m25_quad0_collision_check_time_consumption.txt
[WARN] [1789296489.868607315]: Global Pointcloud received..
[WARN] [1789296490.296105624]: Normal compute finished.., mapsize = 276219
[INFO] [1789296492.436613794]: Temp compute time = 0.071169, average compute time = 0.073624
[INFO] [1789296492.523064761]: Temp compute time = 0.065775, average compute time = 0.074385
[INFO] [1789296492.643923240]: Temp compute time = 0.090255, average compute time = 0.074436
[INFO] [1789296492.705734875]: Temp compute time = 0.051214, average compute time = 0.074220
[INFO] [1789296492.822270564]: Temp compute time = 0.065899, average compute time = 0.073225
[INFO] [1789296492.901413587]: Temp compute time = 0.048523, average compute time = 0.073937
[INFO] [1789296493.019088289]: Temp compute time = 0.066944, average compute time = 0.073024
[INFO] [1789296493.150888532]: Temp compute time = 0.101179, average compute time = 0.074565
[INFO] [1789296493.248647757]: Temp compute time = 0.087104, average compute time = 0.074048
[INFO] [1789296493.343336102]: Temp compute time = 0.083670, average compute time = 0.076264
[INFO] [1789296493.415318314]: Temp compute time = 0.061247, average compute time = 0.075969
[INFO] [1789296493.544458896]: Temp compute time = 0.088534, average compute time = 0.075443
[INFO] [1789296493.601447907]: Temp compute time = 0.045956, average compute time = 0.074432
[INFO] [1789296493.736198240]: Temp compute time = 0.084046, average compute time = 0.074336
[INFO] [1789296493.824409386]: Temp compute time = 0.067450, average compute time = 0.075249
[INFO] [1789296493.892203240]: Temp compute time = 0.037278, average compute time = 0.072473
[INFO] [1789296494.046904393]: Temp compute time = 0.094172, average compute time = 0.073855
[INFO] [1789296494.114261220]: Temp compute time = 0.056682, average compute time = 0.071485
[INFO] [1789296494.252413024]: Temp compute time = 0.097528, average compute time = 0.073152
[INFO] [1789296494.332046432]: Temp compute time = 0.068969, average compute time = 0.073077
[INFO] [1789296494.441442007]: Temp compute time = 0.088698, average compute time = 0.072490
[INFO] [1789296494.527014032]: Temp compute time = 0.074910, average compute time = 0.072668
[INFO] [1789296494.669796965]: Temp compute time = 0.112061, average compute time = 0.074872
[INFO] [1789296494.745729032]: Temp compute time = 0.065259, average compute time = 0.073682
[INFO] [1789296494.832671665]: Temp compute time = 0.076240, average compute time = 0.074874
[INFO] [1789296494.950305703]: Temp compute time = 0.097017, average compute time = 0.076356
[INFO] [1789296495.025413111]: Temp compute time = 0.064347, average compute time = 0.077109
[INFO] [1789296495.159317595]: Temp compute time = 0.103351, average compute time = 0.078843
[INFO] [1789296495.256641401]: Temp compute time = 0.086630, average compute time = 0.078150
[INFO] [1789296495.338683780]: Temp compute time = 0.071111, average compute time = 0.077388
[INFO] [1789296495.424231542]: Temp compute time = 0.074688, average compute time = 0.076961
[INFO] [1789296495.568910883]: Temp compute time = 0.114119, average compute time = 0.079478
[INFO] [1789296495.668047583]: Temp compute time = 0.088517, average compute time = 0.079478
[INFO] [1789296495.733655104]: Temp compute time = 0.054987, average compute time = 0.079908
[INFO] [1789296495.860825161]: Temp compute time = 0.106363, average compute time = 0.080970
[INFO] [1789296495.940259642]: Temp compute time = 0.068675, average compute time = 0.081029
[INFO] [1789296496.045043792]: Temp compute time = 0.094248, average compute time = 0.083741
[INFO] [1789296496.148259571]: Temp compute time = 0.092595, average compute time = 0.083666
[INFO] [1789296496.243589527]: Temp compute time = 0.084704, average compute time = 0.085001
[INFO] [1789296496.327882229]: Temp compute time = 0.073667, average compute time = 0.083864
[INFO] [1789296496.448115999]: Temp compute time = 0.099591, average compute time = 0.085323
[INFO] [1789296496.522346413]: Temp compute time = 0.063590, average compute time = 0.084127
[INFO] [1789296496.655450413]: Temp compute time = 0.102283, average compute time = 0.085430
[INFO] [1789296496.728815677]: Temp compute time = 0.062691, average compute time = 0.083080
[INFterminate called after throwing an instance of 'boost::wrapexcept<boost::lock_error>'
  what():  boost: mutex lock failed in pthread_mutex_lock: Invalid argument
[INFO] [1789296489.855777513]: Published latched M2.5 map /home/jjm/??????/?????????????????????????????????????????????/marsim_ws/src/MARSIM/map_generator/resource/small_forest01cutoff.pcd with 281253 points
[INFO] [1789296489.392523455]: M2.5 evaluator writes /home/jjm/??????/?????????????????????????????????????????????/marsim_ws/results/depth_cbf_m25_mid360/frames/official_small_forest.csv; sole algorithm cloud input=/quad0_pcl_render_node/sensor_cloud; GT mode=official is evaluation-only.
WARNING: Package name "cascadePID" does not follow the naming conventions. It should start with a lower case letter and only contain lower case letters, digits, underscores, and dashes.
WARNING: Package name "cascadePID" does not follow the naming conventions. It should start with a lower case letter and only contain lower case letters, digits, underscores, and dashes.
[31m================================================================================REQUIRED process [depth_cbf_m25_trajectory-3] has died!
process has finished cleanly
log file: /home/jjm/.ros/log/cd794b1a-ade9-11f1-aae2-25bc297d88f9/depth_cbf_m25_trajectory-3*.log
Initiating shutdown!
================================================================================[0m
... logging to /home/jjm/.ros/log/cd794b1a-ade9-11f1-aae2-25bc297d88f9/roslaunch-jjm-394838.log
Checking log directory for disk usage. This may take a while.
Press Ctrl-C to interrupt
Done checking log file disk usage. Usage is <1GB.
]2;/home/jjm/桌面/小样本学习的去中心集群协同跟踪/marsim_ws/src/coni_mpc/launch/depth_cbf_m25.launch
[1mstarted roslaunch server http://jjm:39289/[0m

SUMMARY
========

PARAMETERS
 * /depth_cbf_m25_evaluator/car_odom_topic: /coni_mpc/car_odom
 * /depth_cbf_m25_evaluator/cloud_topic: /quad0_pcl_render...
 * /depth_cbf_m25_evaluator/debug_compare_world_cloud: True
 * /depth_cbf_m25_evaluator/debug_print_every_n_clouds: 20
 * /depth_cbf_m25_evaluator/debug_random_seed: 7
 * /depth_cbf_m25_evaluator/debug_sample_count: 3
 * /depth_cbf_m25_evaluator/debug_world_cloud_topic: /quad0_pcl_render...
 * /depth_cbf_m25_evaluator/extrinsics/rotation_BL: [1.0, 0.0, 0.0, 0...
 * /depth_cbf_m25_evaluator/extrinsics/translation_BL: [0.0, 0.0, 0.0]
 * /depth_cbf_m25_evaluator/filter/enable_ground_filter: False
 * /depth_cbf_m25_evaluator/filter/enable_voxel_filter: True
 * /depth_cbf_m25_evaluator/filter/ground_min_z_W: 0.1
 * /depth_cbf_m25_evaluator/filter/local_radius: 4.0
 * /depth_cbf_m25_evaluator/filter/max_range: 15.0
 * /depth_cbf_m25_evaluator/filter/min_range: 1.0
 * /depth_cbf_m25_evaluator/filter/voxel_leaf_size: 0.1
 * /depth_cbf_m25_evaluator/m25/gt_pcd: <...>
 * /depth_cbf_m25_evaluator/m25/max_pose_time_offset_sec: 0.025
 * /depth_cbf_m25_evaluator/m25/min_raylength: 1.0
 * /depth_cbf_m25_evaluator/m25/motion: official
 * /depth_cbf_m25_evaluator/m25/non_conservative_tolerance: 0.001
 * /depth_cbf_m25_evaluator/m25/result_root: <...>
 * /depth_cbf_m25_evaluator/m25/root_max_distance: 4.0
 * /depth_cbf_m25_evaluator/m25/root_samples: 160
 * /depth_cbf_m25_evaluator/m25/run_id: official_small_fo...
 * /depth_cbf_m25_evaluator/m25/scene: official
 * /depth_cbf_m25_evaluator/m25/vertical_fov_deg: 90.0
 * /depth_cbf_m25_evaluator/m25/yaw_fov_deg: 360.0
 * /depth_cbf_m25_evaluator/max_pose_time_offset_sec: 0.025
 * /depth_cbf_m25_evaluator/noninertial_frame_id: base_link
 * /depth_cbf_m25_evaluator/quad_odom_topic: /coni_mpc/quad_odom1
 * /depth_cbf_m25_evaluator/query_mesh/half_width_steps: 2
 * /depth_cbf_m25_evaluator/query_mesh/nearest_neighbor_max_distance: 3.47
 * /depth_cbf_m25_evaluator/query_mesh/spacing: 0.15
 * /depth_cbf_m25_evaluator/regression/local_cloud_topic: /depth_cbf_cloud_...
 * /depth_cbf_m25_evaluator/regression/log_every_n_fits: 20
 * /depth_cbf_m25_evaluator/regression/max_abs_error: 0.75
 * /depth_cbf_m25_evaluator/regression/max_condition_number: 1.0e8
 * /depth_cbf_m25_evaluator/regression/max_rmse: 0.25
 * /depth_cbf_m25_evaluator/regression/query_center_topic: /depth_cbf_cloud_...
 * /depth_cbf_m25_evaluator/regression/relative_rank_tolerance: 1e-10
 * /depth_cbf_m25_evaluator/regression/subscriber_queue_size: 5
 * /depth_cbf_m25_evaluator/regression/sync_queue_size: 10
 * /depth_cbf_m25_evaluator/safety/d_safe: 0.15
 * /depth_cbf_m25_evaluator/safety/delta_surface: 0.0
 * /depth_cbf_m25_evaluator/safety/r_uav: 0.15
 * /depth_cbf_m25_evaluator/subscriber_queue_size: 20
 * /depth_cbf_m25_evaluator/sync_queue_size: 40
 * /depth_cbf_m25_evaluator/sync_slop_sec: 0.025
 * /depth_cbf_m25_evaluator/world_frame_id: map
 * /depth_cbf_m25_map_pub/map_name: <...>
 * /depth_cbf_m25_trajectory/duration_sec: 5.0
 * /depth_cbf_m25_trajectory/motion: official
 * /depth_cbf_m25_trajectory/scene: official
 * /depth_cbf_m25_trajectory/warmup_sec: 2.0
 * /depth_cbf_m25_trajectory/yaw_offset_deg: 0.0
 * /quad0_pcl_render_node/collision_range: 0.3
 * /quad0_pcl_render_node/collisioncheck_enable: 0
 * /quad0_pcl_render_node/curvature_limit: 100.0
 * /quad0_pcl_render_node/downsample_res: 0.1
 * /quad0_pcl_render_node/drone_id: 0
 * /quad0_pcl_render_node/dyn_mode: 0
 * /quad0_pcl_render_node/dyn_velocity: 0.0
 * /quad0_pcl_render_node/dynobj_enable: 0
 * /quad0_pcl_render_node/dynobject_num: 0
 * /quad0_pcl_render_node/dynobject_size: 0.8
 * /quad0_pcl_render_node/estimation_rate: 10.0
 * /quad0_pcl_render_node/hash_cubesize: 5.0
 * /quad0_pcl_render_node/is_360lidar: 1
 * /quad0_pcl_render_node/livox_linestep: 1.4
 * /quad0_pcl_render_node/min_raylength: 1.0
 * /quad0_pcl_render_node/output_pcd: 0
 * /quad0_pcl_render_node/polar_resolution: 0.2
 * /quad0_pcl_render_node/quadrotor_name: m25_quad0
 * /quad0_pcl_render_node/sensing_horizon: 15.0
 * /quad0_pcl_render_node/sensing_rate: 10.0
 * /quad0_pcl_render_node/uav_num: 1
 * /quad0_pcl_render_node/use_avia_pattern: 0
 * /quad0_pcl_render_node/use_minicf_pattern: 1
 * /quad0_pcl_render_node/use_os128_pattern: 0
 * /quad0_pcl_render_node/use_uav_extra_model: 0
 * /quad0_pcl_render_node/use_vlp32_pattern: 0
 * /quad0_pcl_render_node/vertical_fov: 90.0
 * /quad0_pcl_render_node/yaw_fov: 360.0
 * /rosdistro: noetic
 * /rosversion: 1.17.4

NODES
  /
    depth_cbf_m25_evaluator (coni_mpc/depth_cbf_m25_evaluation_node)
    depth_cbf_m25_map_pub (coni_mpc/depth_cbf_m25_map_publisher_node)
    depth_cbf_m25_trajectory (coni_mpc/depth_cbf_m25_trajectory_node)
    quad0_pcl_render_node (local_sensing_node/pcl_render_node)

[1mROS_MASTER_URI=http://localhost:11311[0m
]2;/home/jjm/桌面/小样本学习的去中心集群协同跟踪/marsim_ws/src/coni_mpc/launch/depth_cbf_m25.launch http://localhost:11311
[1mprocess[depth_cbf_m25_map_pub-1]: started with pid [394881][0m
[1mprocess[quad0_pcl_render_node-2]: started with pid [394882][0m
[1mprocess[depth_cbf_m25_trajectory-3]: started with pid [394883][0m
[1mprocess[depth_cbf_m25_evaluator-4]: started with pid [394884][0m
[depth_cbf_m25_evaluator-4] killing on exit
[depth_cbf_m25_trajectory-3] killing on exit
[quad0_pcl_render_node-2] killing on exit
[depth_cbf_m25_map_pub-1] killing on exit
shutting down processing monitor...
... shutting down processing monitor complete
[1mdone[0m
