[INFO] [1789204671.052967304]: drone_drawpoints_num = 4,4,2, Uav points num = 32

Found pkg_path = /home/jjm/桌面/小样本学习的去中心集群协同跟踪/marsim_ws/src/MARSIM/local_sensing/data/m25_quad0_time_consumption.txt

Found pkg_path = /home/jjm/桌面/小样本学习的去中心集群协同跟踪/marsim_ws/src/MARSIM/local_sensing/data/m25_quad0_collision_check_time_consumption.txt
[WARN] [1789204671.521985749]: Global Pointcloud received..
Failed to find match for field 'intensity'.
[WARN] [1789204671.535262590]: Normal compute finished.., mapsize = 4961
[INFO] [1789204673.700004022]: Temp compute time = 0.037475, average compute time = 0.024828
[INFO] [1789204673.793741265]: Temp compute time = 0.033292, average compute time = 0.024648
[INFO] [1789204673.899208149]: Temp compute time = 0.034952, average compute time = 0.024701
[INFO] [1789204673.998796053]: Temp compute time = 0.039067, average compute time = 0.025547
[INFO] [1789204674.083551287]: Temp compute time = 0.024306, average compute time = 0.025128
[INFO] [1789204674.189861579]: Temp compute time = 0.025736, average compute time = 0.025564
[INFO] [1789204674.296659196]: Temp compute time = 0.036304, average compute time = 0.025796
[INFO] [1789204674.394823927]: Temp compute time = 0.037650, average compute time = 0.026544
[INFO] [1789204674.495319228]: Temp compute time = 0.040168, average compute time = 0.027731
[INFO] [1789204674.595195629]: Temp compute time = 0.039522, average compute time = 0.028222
[INFO] [1789204674.693802125]: Temp compute time = 0.038162, average compute time = 0.028851
[INFO] [1789204674.786840261]: Temp compute time = 0.022687, average compute time = 0.028839
[INFO] [1789204674.881765308]: Temp compute time = 0.024498, average compute time = 0.029117
[INFO] [1789204674.999065243]: Temp compute time = 0.036947, average compute time = 0.029920
[INFO] [1789204675.075475401]: Temp compute time = 0.015949, average compute time = 0.029594
[INFO] [1789204675.197429412]: Temp compute time = 0.037976, average compute time = 0.030510
[INFO] [1789204675.277417452]: Temp compute time = 0.019606, average compute time = 0.030528
[INFO] [1789204675.378238752]: Temp compute time = 0.020248, average compute time = 0.030348
[INFO] [1789204675.473138212]: Temp compute time = 0.014484, average compute time = 0.029941
[INFO] [1789204675.595231739]: Temp compute time = 0.036652, average compute time = 0.030801
[INFO] [1789204675.676398542]: Temp compute time = 0.020841, average compute time = 0.030311
[INFO] [1789204675.792721001]: Temp compute time = 0.035613, average compute time = 0.030222
[INFO] [1789204675.897567405]: Temp compute time = 0.034390, average compute time = 0.030274
[INFO] [1789204675.995399993]: Temp compute time = 0.037369, average compute time = 0.030389
[INFO] [1789204676.079494242]: Temp compute time = 0.023658, average compute time = 0.029656
[INFO] [1789204676.185151562]: Temp compute time = 0.025202, average compute time = 0.029698
[INFO] [1789204676.274705824]: Temp compute time = 0.019180, average compute time = 0.029386
[INFO] [1789204676.377241239]: Temp compute time = 0.021541, average compute time = 0.028683
[INFO] [1789204676.481518911]: Temp compute time = 0.023716, average compute time = 0.028020
[INFO] [1789204676.590007016]: Temp compute time = 0.028051, average compute time = 0.027443
[INFO] [1789204676.685187226]: Temp compute time = 0.024380, average compute time = 0.026721
[INFO] [1789204676.784451383]: Temp compute time = 0.028792, average compute time = 0.026275
[INFO] [1789204676.904828993]: Temp compute time = 0.040061, average compute time = 0.027103
[INFO] [1789204676.996561029]: Temp compute time = 0.041290, average compute time = 0.027902
[INFO] [1789204677.090707166]: Temp compute time = 0.033689, average compute time = 0.027747
[INFO] [1789204677.199767224]: Temp compute time = 0.038573, average compute time = 0.028824
[INFO] [1789204677.283158866]: Temp compute time = 0.022992, average compute time = 0.028111
[INFO] [1789204677.383851328]: Temp compute time = 0.020215, average compute time = 0.028140
[INFO] [1789204677.503331818]: Temp compute time = 0.039063, average compute time = 0.029036
[INFO] [1789204677.598732463]: Temp compute time = 0.035223, average compute time = 0.030023
[INFO] [1789204677.696588392]: Temp compute time = 0.037628, average compute time = 0.030070
[INFO] [1789204677.796285750]: Temp compute time = 0.039444, average compute time = 0.030956
[INFO] [1789204677.892018432]: Temp compute time = 0.035526, average compute time = 0.030952
[INFO] [1789204677.999749545]: Temp compute time = 0.037460, average compute time = 0.031098
[INF[INFO] [1789204671.026052706]: M2.5 evaluator writes /home/jjm/??????/????????????/code/??????/?????? VS ?????????/results/depth_cbf_m25/frames/A1_plane_fov.csv; sole algorithm cloud input=/quad0_pcl_render_node/sensor_cloud; GT mode=A1_plane is evaluation-only.
terminate called after throwing an instance of 'boost::wrapexcept<boost::lock_error>'
  what():  boost: mutex lock failed in pthread_mutex_lock: Invalid argument
[INFO] [1789204671.520522836]: Published latched M2.5 map /home/jjm/??????/????????????/code/??????/?????? VS ?????????/src/coni_mpc/test_data/depth_cbf_m25/A1_plane.pcd with 7701 points
WARNING: Package name "cascadePID" does not follow the naming conventions. It should start with a lower case letter and only contain lower case letters, digits, underscores, and dashes.
[31m================================================================================REQUIRED process [depth_cbf_m25_trajectory-3] has died!
process has finished cleanly
log file: /home/jjm/.ros/log/cd794b1a-ade9-11f1-aae2-25bc297d88f9/depth_cbf_m25_trajectory-3*.log
Initiating shutdown!
================================================================================[0m
... logging to /home/jjm/.ros/log/cd794b1a-ade9-11f1-aae2-25bc297d88f9/roslaunch-jjm-227356.log
Checking log directory for disk usage. This may take a while.
Press Ctrl-C to interrupt
Done checking log file disk usage. Usage is <1GB.
]2;/home/jjm/桌面/论文修改/code/仿真/惯性 VS 非惯性/src/coni_mpc/launch/depth_cbf_m25.launch
[1mstarted roslaunch server http://jjm:46017/[0m

SUMMARY
========

PARAMETERS
 * /depth_cbf_m25_evaluator/car_odom_topic: /coni_mpc/car_odom
 * /depth_cbf_m25_evaluator/cloud_topic: /quad0_pcl_render...
 * /depth_cbf_m25_evaluator/debug_compare_world_cloud: True
 * /depth_cbf_m25_evaluator/debug_print_every_n_clouds: 20
 * /depth_cbf_m25_evaluator/debug_random_seed: 7
 * /depth_cbf_m25_evaluator/debug_sample_count: 3
 * /depth_cbf_m25_evaluator/debug_world_cloud_topic: /quad0_pcl_render...
 * /depth_cbf_m25_evaluator/extrinsics/rotation_BL: [1.0, 0.0, 0.0, 0...
 * /depth_cbf_m25_evaluator/extrinsics/translation_BL: [0.0, 0.0, 0.0]
 * /depth_cbf_m25_evaluator/filter/enable_ground_filter: False
 * /depth_cbf_m25_evaluator/filter/enable_voxel_filter: True
 * /depth_cbf_m25_evaluator/filter/ground_min_z_W: 0.1
 * /depth_cbf_m25_evaluator/filter/local_radius: 4.0
 * /depth_cbf_m25_evaluator/filter/max_range: 30.0
 * /depth_cbf_m25_evaluator/filter/min_range: 1.0
 * /depth_cbf_m25_evaluator/filter/voxel_leaf_size: 0.1
 * /depth_cbf_m25_evaluator/m25/gt_pcd: <...>
 * /depth_cbf_m25_evaluator/m25/max_pose_time_offset_sec: 0.025
 * /depth_cbf_m25_evaluator/m25/min_raylength: 1.0
 * /depth_cbf_m25_evaluator/m25/motion: fov
 * /depth_cbf_m25_evaluator/m25/result_root: <...>
 * /depth_cbf_m25_evaluator/m25/root_max_distance: 4.0
 * /depth_cbf_m25_evaluator/m25/root_samples: 160
 * /depth_cbf_m25_evaluator/m25/run_id: A1_plane_fov
 * /depth_cbf_m25_evaluator/m25/scene: A1_plane
 * /depth_cbf_m25_evaluator/m25/vertical_fov_deg: 77.2
 * /depth_cbf_m25_evaluator/m25/yaw_fov_deg: 70.4
 * /depth_cbf_m25_evaluator/max_pose_time_offset_sec: 0.025
 * /depth_cbf_m25_evaluator/noninertial_frame_id: base_link
 * /depth_cbf_m25_evaluator/quad_odom_topic: /coni_mpc/quad_odom1
 * /depth_cbf_m25_evaluator/query_mesh/half_width_steps: 2
 * /depth_cbf_m25_evaluator/query_mesh/nearest_neighbor_max_distance: 3.47
 * /depth_cbf_m25_evaluator/query_mesh/spacing: 0.15
 * /depth_cbf_m25_evaluator/regression/local_cloud_topic: /depth_cbf_cloud_...
 * /depth_cbf_m25_evaluator/regression/log_every_n_fits: 20
 * /depth_cbf_m25_evaluator/regression/max_abs_error: 0.75
 * /depth_cbf_m25_evaluator/regression/max_condition_number: 1.0e8
 * /depth_cbf_m25_evaluator/regression/max_rmse: 0.25
 * /depth_cbf_m25_evaluator/regression/query_center_topic: /depth_cbf_cloud_...
 * /depth_cbf_m25_evaluator/regression/relative_rank_tolerance: 1e-10
 * /depth_cbf_m25_evaluator/regression/subscriber_queue_size: 5
 * /depth_cbf_m25_evaluator/regression/sync_queue_size: 10
 * /depth_cbf_m25_evaluator/safety/d_safe: 0.15
 * /depth_cbf_m25_evaluator/safety/delta_surface: 0.0
 * /depth_cbf_m25_evaluator/safety/r_uav: 0.15
 * /depth_cbf_m25_evaluator/subscriber_queue_size: 20
 * /depth_cbf_m25_evaluator/sync_queue_size: 40
 * /depth_cbf_m25_evaluator/sync_slop_sec: 0.025
 * /depth_cbf_m25_evaluator/world_frame_id: map
 * /depth_cbf_m25_map_pub/map_name: <...>
 * /depth_cbf_m25_trajectory/duration_sec: 5.0
 * /depth_cbf_m25_trajectory/motion: fov
 * /depth_cbf_m25_trajectory/scene: A1_plane
 * /depth_cbf_m25_trajectory/warmup_sec: 2.0
 * /depth_cbf_m25_trajectory/yaw_offset_deg: 0.0
 * /quad0_pcl_render_node/collision_range: 0.3
 * /quad0_pcl_render_node/collisioncheck_enable: 0
 * /quad0_pcl_render_node/curvature_limit: 100.0
 * /quad0_pcl_render_node/downsample_res: 0.1
 * /quad0_pcl_render_node/drone_id: 0
 * /quad0_pcl_render_node/dyn_mode: 0
 * /quad0_pcl_render_node/dyn_velocity: 0.0
 * /quad0_pcl_render_node/dynobj_enable: 0
 * /quad0_pcl_render_node/dynobject_num: 0
 * /quad0_pcl_render_node/dynobject_size: 0.8
 * /quad0_pcl_render_node/estimation_rate: 10.0
 * /quad0_pcl_render_node/hash_cubesize: 5.0
 * /quad0_pcl_render_node/is_360lidar: 0
 * /quad0_pcl_render_node/livox_linestep: 1.4
 * /quad0_pcl_render_node/min_raylength: 1.0
 * /quad0_pcl_render_node/output_pcd: 0
 * /quad0_pcl_render_node/polar_resolution: 0.2
 * /quad0_pcl_render_node/quadrotor_name: m25_quad0
 * /quad0_pcl_render_node/sensing_horizon: 30.0
 * /quad0_pcl_render_node/sensing_rate: 10.0
 * /quad0_pcl_render_node/uav_num: 1
 * /quad0_pcl_render_node/use_avia_pattern: 1
 * /quad0_pcl_render_node/use_minicf_pattern: 0
 * /quad0_pcl_render_node/use_uav_extra_model: 0
 * /quad0_pcl_render_node/use_vlp32_pattern: 0
 * /quad0_pcl_render_node/vertical_fov: 77.2
 * /quad0_pcl_render_node/yaw_fov: 70.4
 * /rosdistro: noetic
 * /rosversion: 1.17.4

NODES
  /
    depth_cbf_m25_evaluator (coni_mpc/depth_cbf_m25_evaluation_node)
    depth_cbf_m25_map_pub (coni_mpc/depth_cbf_m25_map_publisher_node)
    depth_cbf_m25_trajectory (coni_mpc/depth_cbf_m25_trajectory_node)
    quad0_pcl_render_node (local_sensing_node/pcl_render_node)

[1mROS_MASTER_URI=http://localhost:11311[0m
]2;/home/jjm/桌面/论文修改/code/仿真/惯性 VS 非惯性/src/coni_mpc/launch/depth_cbf_m25.launch http://localhost:11311
[1mprocess[depth_cbf_m25_map_pub-1]: started with pid [227397][0m
[1mprocess[quad0_pcl_render_node-2]: started with pid [227398][0m
[1mprocess[depth_cbf_m25_trajectory-3]: started with pid [227399][0m
[1mprocess[depth_cbf_m25_evaluator-4]: started with pid [227405][0m
[depth_cbf_m25_evaluator-4] killing on exit
[depth_cbf_m25_trajectory-3] killing on exit
[quad0_pcl_render_node-2] killing on exit
[depth_cbf_m25_map_pub-1] killing on exit
shutting down processing monitor...
... shutting down processing monitor complete
[1mdone[0m
