[INFO] [1789204913.814508374]: drone_drawpoints_num = 4,4,2, Uav points num = 32

Found pkg_path = /home/jjm/桌面/小样本学习的去中心集群协同跟踪/marsim_ws/src/MARSIM/local_sensing/data/m25_quad0_time_consumption.txt

Found pkg_path = /home/jjm/桌面/小样本学习的去中心集群协同跟踪/marsim_ws/src/MARSIM/local_sensing/data/m25_quad0_collision_check_time_consumption.txt
[WARN] [1789204914.293978625]: Global Pointcloud received..
Failed to find match for field 'intensity'.
[WARN] [1789204914.322741183]: Normal compute finished.., mapsize = 2706
[INFO] [1789204916.446750764]: Temp compute time = 0.023755, average compute time = 0.028749
[INFO] [1789204916.545489952]: Temp compute time = 0.028487, average compute time = 0.027827
[INFO] [1789204916.647252212]: Temp compute time = 0.021534, average compute time = 0.027934
[INFO] [1789204916.764392514]: Temp compute time = 0.046785, average compute time = 0.029112
[INFO] [1789204916.863753843]: Temp compute time = 0.039213, average compute time = 0.030151
[INFO] [1789204916.950538916]: Temp compute time = 0.026473, average compute time = 0.030548
[INFO] [1789204917.045900550]: Temp compute time = 0.024999, average compute time = 0.030499
[INFO] [1789204917.151774551]: Temp compute time = 0.025322, average compute time = 0.029738
[INFO] [1789204917.246595166]: Temp compute time = 0.024479, average compute time = 0.029947
[INFO] [1789204917.341027852]: Temp compute time = 0.014221, average compute time = 0.029608
[INFO] [1789204917.455865359]: Temp compute time = 0.028907, average compute time = 0.029084
[INFO] [1789204917.551287030]: Temp compute time = 0.024983, average compute time = 0.028531
[INFO] [1789204917.647711836]: Temp compute time = 0.025924, average compute time = 0.027745
[INFO] [1789204917.747769738]: Temp compute time = 0.029744, average compute time = 0.027926
[INFO] [1789204917.875919834]: Temp compute time = 0.057713, average compute time = 0.029500
[INFO] [1789204917.985085328]: Temp compute time = 0.058883, average compute time = 0.030284
[INFO] [1789204918.092689385]: Temp compute time = 0.067315, average compute time = 0.031768
[INFO] [1789204918.193861064]: Temp compute time = 0.070827, average compute time = 0.034304
[INFO] [1789204918.312373603]: Temp compute time = 0.088040, average compute time = 0.037387
[INFO] [1789204918.398639173]: Temp compute time = 0.075984, average compute time = 0.039488
[INFO] [1789204918.496473383]: Temp compute time = 0.077551, average compute time = 0.041959
[INFO] [1789204918.605120929]: Temp compute time = 0.078327, average compute time = 0.044558
[INFO] [1789204918.660326102]: Temp compute time = 0.034864, average compute time = 0.044861
[INFO] [1789204918.744191219]: Temp compute time = 0.023328, average compute time = 0.044947
[INFO] [1789204918.847033883]: Temp compute time = 0.022358, average compute time = 0.043784
[INFO] [1789204918.939299534]: Temp compute time = 0.022072, average compute time = 0.042967
[INFO] [1789204919.039000541]: Temp compute time = 0.019286, average compute time = 0.042625
[INFO] [1789204919.137798219]: Temp compute time = 0.017941, average compute time = 0.042289
[INFO] [1789204919.236400174]: Temp compute time = 0.016718, average compute time = 0.041879
[INFO] [1789204919.339233605]: Temp compute time = 0.019515, average compute time = 0.041643
[INFO] [1789204919.440469767]: Temp compute time = 0.020551, average compute time = 0.041944
[INFO] [1789204919.541086466]: Temp compute time = 0.020236, average compute time = 0.041531
[INFO] [1789204919.654527144]: Temp compute time = 0.033065, average compute time = 0.041916
[INFO] [1789204919.743492022]: Temp compute time = 0.018527, average compute time = 0.041564
[INFO] [1789204919.850034543]: Temp compute time = 0.025056, average compute time = 0.041341
[INFO] [1789204919.955461466]: Temp compute time = 0.035010, average compute time = 0.040260
[INFO] [1789204920.048013172]: Temp compute time = 0.022058, average compute time = 0.038506
[INFO] [1789204920.140706699]: Temp compute time = 0.022051, average compute time = 0.036351
[INFO] [1789204920.240590891]: Temp compute time = 0.019481, average compute time = 0.033906
[INFO] [1789204920.343202678]: Temp compute time = 0.022124, average compute time = 0.030767
[INFO] [1789204920.443856236]: Temp compute time = 0.019976, average compute time = 0.028100
[INFO] [1789204920.560045107]: Temp compute time = 0.035795, average compute time = 0.026111
[INFO] [1789204920.657010119]: Temp compute time = 0.036406, average compute time = 0.024115
[INFO] [1789204920.750349769]: Temp compute time = 0.032975, average compute time = 0.024025
[INF[INFO] [1789204914.285874012]: Published latched M2.5 map /home/jjm/??????/????????????/code/??????/?????? VS ?????????/src/coni_mpc/test_data/depth_cbf_m25/A2_cylinder.pcd with 9180 points
[INFO] [1789204913.790289582]: M2.5 evaluator writes /home/jjm/??????/????????????/code/??????/?????? VS ?????????/results/depth_cbf_m25/frames/A2_blind_r0p5.csv; sole algorithm cloud input=/quad0_pcl_render_node/sensor_cloud; GT mode=A2_cylinder is evaluation-only.
terminate called after throwing an instance of 'boost::wrapexcept<boost::lock_error>'
  what():  boost: mutex lock failed in pthread_mutex_lock: Invalid argument
WARNING: Package name "cascadePID" does not follow the naming conventions. It should start with a lower case letter and only contain lower case letters, digits, underscores, and dashes.
[31m================================================================================REQUIRED process [depth_cbf_m25_trajectory-3] has died!
process has finished cleanly
log file: /home/jjm/.ros/log/cd794b1a-ade9-11f1-aae2-25bc297d88f9/depth_cbf_m25_trajectory-3*.log
Initiating shutdown!
================================================================================[0m
... logging to /home/jjm/.ros/log/cd794b1a-ade9-11f1-aae2-25bc297d88f9/roslaunch-jjm-230750.log
Checking log directory for disk usage. This may take a while.
Press Ctrl-C to interrupt
Done checking log file disk usage. Usage is <1GB.
]2;/home/jjm/桌面/论文修改/code/仿真/惯性 VS 非惯性/src/coni_mpc/launch/depth_cbf_m25.launch
[1mstarted roslaunch server http://jjm:46787/[0m

SUMMARY
========

PARAMETERS
 * /depth_cbf_m25_evaluator/car_odom_topic: /coni_mpc/car_odom
 * /depth_cbf_m25_evaluator/cloud_topic: /quad0_pcl_render...
 * /depth_cbf_m25_evaluator/debug_compare_world_cloud: True
 * /depth_cbf_m25_evaluator/debug_print_every_n_clouds: 20
 * /depth_cbf_m25_evaluator/debug_random_seed: 7
 * /depth_cbf_m25_evaluator/debug_sample_count: 3
 * /depth_cbf_m25_evaluator/debug_world_cloud_topic: /quad0_pcl_render...
 * /depth_cbf_m25_evaluator/extrinsics/rotation_BL: [1.0, 0.0, 0.0, 0...
 * /depth_cbf_m25_evaluator/extrinsics/translation_BL: [0.0, 0.0, 0.0]
 * /depth_cbf_m25_evaluator/filter/enable_ground_filter: False
 * /depth_cbf_m25_evaluator/filter/enable_voxel_filter: True
 * /depth_cbf_m25_evaluator/filter/ground_min_z_W: 0.1
 * /depth_cbf_m25_evaluator/filter/local_radius: 4.0
 * /depth_cbf_m25_evaluator/filter/max_range: 30.0
 * /depth_cbf_m25_evaluator/filter/min_range: 0.5
 * /depth_cbf_m25_evaluator/filter/voxel_leaf_size: 0.1
 * /depth_cbf_m25_evaluator/m25/gt_pcd: <...>
 * /depth_cbf_m25_evaluator/m25/max_pose_time_offset_sec: 0.025
 * /depth_cbf_m25_evaluator/m25/min_raylength: 0.5
 * /depth_cbf_m25_evaluator/m25/motion: blind
 * /depth_cbf_m25_evaluator/m25/result_root: <...>
 * /depth_cbf_m25_evaluator/m25/root_max_distance: 4.0
 * /depth_cbf_m25_evaluator/m25/root_samples: 160
 * /depth_cbf_m25_evaluator/m25/run_id: A2_blind_r0p5
 * /depth_cbf_m25_evaluator/m25/scene: A2_cylinder
 * /depth_cbf_m25_evaluator/m25/vertical_fov_deg: 77.2
 * /depth_cbf_m25_evaluator/m25/yaw_fov_deg: 70.4
 * /depth_cbf_m25_evaluator/max_pose_time_offset_sec: 0.025
 * /depth_cbf_m25_evaluator/noninertial_frame_id: base_link
 * /depth_cbf_m25_evaluator/quad_odom_topic: /coni_mpc/quad_odom1
 * /depth_cbf_m25_evaluator/query_mesh/half_width_steps: 2
 * /depth_cbf_m25_evaluator/query_mesh/nearest_neighbor_max_distance: 3.47
 * /depth_cbf_m25_evaluator/query_mesh/spacing: 0.15
 * /depth_cbf_m25_evaluator/regression/local_cloud_topic: /depth_cbf_cloud_...
 * /depth_cbf_m25_evaluator/regression/log_every_n_fits: 20
 * /depth_cbf_m25_evaluator/regression/max_abs_error: 0.75
 * /depth_cbf_m25_evaluator/regression/max_condition_number: 1.0e8
 * /depth_cbf_m25_evaluator/regression/max_rmse: 0.25
 * /depth_cbf_m25_evaluator/regression/query_center_topic: /depth_cbf_cloud_...
 * /depth_cbf_m25_evaluator/regression/relative_rank_tolerance: 1e-10
 * /depth_cbf_m25_evaluator/regression/subscriber_queue_size: 5
 * /depth_cbf_m25_evaluator/regression/sync_queue_size: 10
 * /depth_cbf_m25_evaluator/safety/d_safe: 0.15
 * /depth_cbf_m25_evaluator/safety/delta_surface: 0.0
 * /depth_cbf_m25_evaluator/safety/r_uav: 0.15
 * /depth_cbf_m25_evaluator/subscriber_queue_size: 20
 * /depth_cbf_m25_evaluator/sync_queue_size: 40
 * /depth_cbf_m25_evaluator/sync_slop_sec: 0.025
 * /depth_cbf_m25_evaluator/world_frame_id: map
 * /depth_cbf_m25_map_pub/map_name: <...>
 * /depth_cbf_m25_trajectory/duration_sec: 5.0
 * /depth_cbf_m25_trajectory/motion: blind
 * /depth_cbf_m25_trajectory/scene: A2_cylinder
 * /depth_cbf_m25_trajectory/warmup_sec: 2.0
 * /depth_cbf_m25_trajectory/yaw_offset_deg: 0.0
 * /quad0_pcl_render_node/collision_range: 0.3
 * /quad0_pcl_render_node/collisioncheck_enable: 0
 * /quad0_pcl_render_node/curvature_limit: 100.0
 * /quad0_pcl_render_node/downsample_res: 0.1
 * /quad0_pcl_render_node/drone_id: 0
 * /quad0_pcl_render_node/dyn_mode: 0
 * /quad0_pcl_render_node/dyn_velocity: 0.0
 * /quad0_pcl_render_node/dynobj_enable: 0
 * /quad0_pcl_render_node/dynobject_num: 0
 * /quad0_pcl_render_node/dynobject_size: 0.8
 * /quad0_pcl_render_node/estimation_rate: 10.0
 * /quad0_pcl_render_node/hash_cubesize: 5.0
 * /quad0_pcl_render_node/is_360lidar: 0
 * /quad0_pcl_render_node/livox_linestep: 1.4
 * /quad0_pcl_render_node/min_raylength: 0.5
 * /quad0_pcl_render_node/output_pcd: 0
 * /quad0_pcl_render_node/polar_resolution: 0.2
 * /quad0_pcl_render_node/quadrotor_name: m25_quad0
 * /quad0_pcl_render_node/sensing_horizon: 30.0
 * /quad0_pcl_render_node/sensing_rate: 10.0
 * /quad0_pcl_render_node/uav_num: 1
 * /quad0_pcl_render_node/use_avia_pattern: 1
 * /quad0_pcl_render_node/use_minicf_pattern: 0
 * /quad0_pcl_render_node/use_uav_extra_model: 0
 * /quad0_pcl_render_node/use_vlp32_pattern: 0
 * /quad0_pcl_render_node/vertical_fov: 77.2
 * /quad0_pcl_render_node/yaw_fov: 70.4
 * /rosdistro: noetic
 * /rosversion: 1.17.4

NODES
  /
    depth_cbf_m25_evaluator (coni_mpc/depth_cbf_m25_evaluation_node)
    depth_cbf_m25_map_pub (coni_mpc/depth_cbf_m25_map_publisher_node)
    depth_cbf_m25_trajectory (coni_mpc/depth_cbf_m25_trajectory_node)
    quad0_pcl_render_node (local_sensing_node/pcl_render_node)

[1mROS_MASTER_URI=http://localhost:11311[0m
]2;/home/jjm/桌面/论文修改/code/仿真/惯性 VS 非惯性/src/coni_mpc/launch/depth_cbf_m25.launch http://localhost:11311
[1mprocess[depth_cbf_m25_map_pub-1]: started with pid [230791][0m
[1mprocess[quad0_pcl_render_node-2]: started with pid [230792][0m
[1mprocess[depth_cbf_m25_trajectory-3]: started with pid [230793][0m
[1mprocess[depth_cbf_m25_evaluator-4]: started with pid [230799][0m
[depth_cbf_m25_evaluator-4] killing on exit
[depth_cbf_m25_trajectory-3] killing on exit
[quad0_pcl_render_node-2] killing on exit
[depth_cbf_m25_map_pub-1] killing on exit
shutting down processing monitor...
... shutting down processing monitor complete
[1mdone[0m
