[INFO] [1789204905.017484457]: drone_drawpoints_num = 4,4,2, Uav points num = 32

Found pkg_path = /home/jjm/桌面/小样本学习的去中心集群协同跟踪/marsim_ws/src/MARSIM/local_sensing/data/m25_quad0_time_consumption.txt

Found pkg_path = /home/jjm/桌面/小样本学习的去中心集群协同跟踪/marsim_ws/src/MARSIM/local_sensing/data/m25_quad0_collision_check_time_consumption.txt
[WARN] [1789204905.496386268]: Global Pointcloud received..
Failed to find match for field 'intensity'.
[WARN] [1789204905.544166963]: Normal compute finished.., mapsize = 2706
[INFO] [1789204907.644413839]: Temp compute time = 0.017270, average compute time = 0.032936
[INFO] [1789204907.770560673]: Temp compute time = 0.043428, average compute time = 0.032816
[INFO] [1789204907.862062678]: Temp compute time = 0.041297, average compute time = 0.032926
[INFO] [1789204907.964664835]: Temp compute time = 0.042223, average compute time = 0.033013
[INFO] [1789204908.071687440]: Temp compute time = 0.046657, average compute time = 0.033470
[INFO] [1789204908.167201498]: Temp compute time = 0.045142, average compute time = 0.033672
[INFO] [1789204908.257421002]: Temp compute time = 0.029908, average compute time = 0.033274
[INFO] [1789204908.350553496]: Temp compute time = 0.022680, average compute time = 0.032638
[INFO] [1789204908.444881261]: Temp compute time = 0.023799, average compute time = 0.032687
[INFO] [1789204908.549734733]: Temp compute time = 0.024376, average compute time = 0.032603
[INFO] [1789204908.643387015]: Temp compute time = 0.023185, average compute time = 0.032699
[INFO] [1789204908.750295362]: Temp compute time = 0.026539, average compute time = 0.032994
[INFO] [1789204908.847003072]: Temp compute time = 0.026291, average compute time = 0.032210
[INFO] [1789204908.959722290]: Temp compute time = 0.032421, average compute time = 0.031920
[INFO] [1789204909.078205012]: Temp compute time = 0.058199, average compute time = 0.032917
[INFO] [1789204909.194602129]: Temp compute time = 0.066117, average compute time = 0.033966
[INFO] [1789204909.288425436]: Temp compute time = 0.063482, average compute time = 0.035199
[INFO] [1789204909.399503135]: Temp compute time = 0.070586, average compute time = 0.036687
[INFO] [1789204909.499115223]: Temp compute time = 0.079328, average compute time = 0.039367
[INFO] [1789204909.603519966]: Temp compute time = 0.084017, average compute time = 0.042419
[INFO] [1789204909.693323735]: Temp compute time = 0.069398, average compute time = 0.044588
[INFO] [1789204909.806792734]: Temp compute time = 0.083056, average compute time = 0.047720
[INFO] [1789204909.863431232]: Temp compute time = 0.036367, average compute time = 0.047384
[INFO] [1789204909.945603798]: Temp compute time = 0.021565, average compute time = 0.046445
[INFO] [1789204910.062013853]: Temp compute time = 0.035856, average compute time = 0.046141
[INFO] [1789204910.160648108]: Temp compute time = 0.038096, average compute time = 0.045734
[INFO] [1789204910.253501047]: Temp compute time = 0.032411, average compute time = 0.045127
[INFO] [1789204910.345682659]: Temp compute time = 0.021747, average compute time = 0.044739
[INFO] [1789204910.444112567]: Temp compute time = 0.018147, average compute time = 0.044523
[INFO] [1789204910.546106399]: Temp compute time = 0.020015, average compute time = 0.044343
[INFO] [1789204910.646340756]: Temp compute time = 0.019454, average compute time = 0.044108
[INFO] [1789204910.759878017]: Temp compute time = 0.032955, average compute time = 0.044574
[INFO] [1789204910.838267131]: Temp compute time = 0.018013, average compute time = 0.044168
[INFO] [1789204910.938467655]: Temp compute time = 0.018195, average compute time = 0.043782
[INFO] [1789204911.041608197]: Temp compute time = 0.021354, average compute time = 0.043255
[INFO] [1789204911.154355918]: Temp compute time = 0.032389, average compute time = 0.042026
[INFO] [1789204911.260236778]: Temp compute time = 0.035352, average compute time = 0.040561
[INFO] [1789204911.338898222]: Temp compute time = 0.018201, average compute time = 0.038405
[INFO] [1789204911.443224555]: Temp compute time = 0.022539, average compute time = 0.036117
[INFO] [1789204911.548631706]: Temp compute time = 0.024608, average compute time = 0.033511
[INFO] [1789204911.652945448]: Temp compute time = 0.023895, average compute time = 0.030648
[INFO] [1789204911.741210265]: Temp compute time = 0.017992, average compute time = 0.028200
[INFO] [1789204911.839028057]: Temp compute time = 0.015801, average compute time = 0.024998
[INFO] [1789204911.946847431]: Temp compute time = 0.023536, average compute time = 0.024387
[INF[INFO] [1789204905.490082202]: Published latched M2.5 map /home/jjm/??????/????????????/code/??????/?????? VS ?????????/src/coni_mpc/test_data/depth_cbf_m25/A2_cylinder.pcd with 9180 points
[INFO] [1789204904.994976378]: M2.5 evaluator writes /home/jjm/??????/????????????/code/??????/?????? VS ?????????/results/depth_cbf_m25/frames/A2_blind_r1p0.csv; sole algorithm cloud input=/quad0_pcl_render_node/sensor_cloud; GT mode=A2_cylinder is evaluation-only.
terminate called after throwing an instance of 'boost::wrapexcept<boost::lock_error>'
  what():  boost: mutex lock failed in pthread_mutex_lock: Invalid argument
WARNING: Package name "cascadePID" does not follow the naming conventions. It should start with a lower case letter and only contain lower case letters, digits, underscores, and dashes.
[31m================================================================================REQUIRED process [depth_cbf_m25_trajectory-3] has died!
process has finished cleanly
log file: /home/jjm/.ros/log/cd794b1a-ade9-11f1-aae2-25bc297d88f9/depth_cbf_m25_trajectory-3*.log
Initiating shutdown!
================================================================================[0m
... logging to /home/jjm/.ros/log/cd794b1a-ade9-11f1-aae2-25bc297d88f9/roslaunch-jjm-230633.log
Checking log directory for disk usage. This may take a while.
Press Ctrl-C to interrupt
Done checking log file disk usage. Usage is <1GB.
]2;/home/jjm/桌面/论文修改/code/仿真/惯性 VS 非惯性/src/coni_mpc/launch/depth_cbf_m25.launch
[1mstarted roslaunch server http://jjm:38745/[0m

SUMMARY
========

PARAMETERS
 * /depth_cbf_m25_evaluator/car_odom_topic: /coni_mpc/car_odom
 * /depth_cbf_m25_evaluator/cloud_topic: /quad0_pcl_render...
 * /depth_cbf_m25_evaluator/debug_compare_world_cloud: True
 * /depth_cbf_m25_evaluator/debug_print_every_n_clouds: 20
 * /depth_cbf_m25_evaluator/debug_random_seed: 7
 * /depth_cbf_m25_evaluator/debug_sample_count: 3
 * /depth_cbf_m25_evaluator/debug_world_cloud_topic: /quad0_pcl_render...
 * /depth_cbf_m25_evaluator/extrinsics/rotation_BL: [1.0, 0.0, 0.0, 0...
 * /depth_cbf_m25_evaluator/extrinsics/translation_BL: [0.0, 0.0, 0.0]
 * /depth_cbf_m25_evaluator/filter/enable_ground_filter: False
 * /depth_cbf_m25_evaluator/filter/enable_voxel_filter: True
 * /depth_cbf_m25_evaluator/filter/ground_min_z_W: 0.1
 * /depth_cbf_m25_evaluator/filter/local_radius: 4.0
 * /depth_cbf_m25_evaluator/filter/max_range: 30.0
 * /depth_cbf_m25_evaluator/filter/min_range: 1.0
 * /depth_cbf_m25_evaluator/filter/voxel_leaf_size: 0.1
 * /depth_cbf_m25_evaluator/m25/gt_pcd: <...>
 * /depth_cbf_m25_evaluator/m25/max_pose_time_offset_sec: 0.025
 * /depth_cbf_m25_evaluator/m25/min_raylength: 1.0
 * /depth_cbf_m25_evaluator/m25/motion: blind
 * /depth_cbf_m25_evaluator/m25/result_root: <...>
 * /depth_cbf_m25_evaluator/m25/root_max_distance: 4.0
 * /depth_cbf_m25_evaluator/m25/root_samples: 160
 * /depth_cbf_m25_evaluator/m25/run_id: A2_blind_r1p0
 * /depth_cbf_m25_evaluator/m25/scene: A2_cylinder
 * /depth_cbf_m25_evaluator/m25/vertical_fov_deg: 77.2
 * /depth_cbf_m25_evaluator/m25/yaw_fov_deg: 70.4
 * /depth_cbf_m25_evaluator/max_pose_time_offset_sec: 0.025
 * /depth_cbf_m25_evaluator/noninertial_frame_id: base_link
 * /depth_cbf_m25_evaluator/quad_odom_topic: /coni_mpc/quad_odom1
 * /depth_cbf_m25_evaluator/query_mesh/half_width_steps: 2
 * /depth_cbf_m25_evaluator/query_mesh/nearest_neighbor_max_distance: 3.47
 * /depth_cbf_m25_evaluator/query_mesh/spacing: 0.15
 * /depth_cbf_m25_evaluator/regression/local_cloud_topic: /depth_cbf_cloud_...
 * /depth_cbf_m25_evaluator/regression/log_every_n_fits: 20
 * /depth_cbf_m25_evaluator/regression/max_abs_error: 0.75
 * /depth_cbf_m25_evaluator/regression/max_condition_number: 1.0e8
 * /depth_cbf_m25_evaluator/regression/max_rmse: 0.25
 * /depth_cbf_m25_evaluator/regression/query_center_topic: /depth_cbf_cloud_...
 * /depth_cbf_m25_evaluator/regression/relative_rank_tolerance: 1e-10
 * /depth_cbf_m25_evaluator/regression/subscriber_queue_size: 5
 * /depth_cbf_m25_evaluator/regression/sync_queue_size: 10
 * /depth_cbf_m25_evaluator/safety/d_safe: 0.15
 * /depth_cbf_m25_evaluator/safety/delta_surface: 0.0
 * /depth_cbf_m25_evaluator/safety/r_uav: 0.15
 * /depth_cbf_m25_evaluator/subscriber_queue_size: 20
 * /depth_cbf_m25_evaluator/sync_queue_size: 40
 * /depth_cbf_m25_evaluator/sync_slop_sec: 0.025
 * /depth_cbf_m25_evaluator/world_frame_id: map
 * /depth_cbf_m25_map_pub/map_name: <...>
 * /depth_cbf_m25_trajectory/duration_sec: 5.0
 * /depth_cbf_m25_trajectory/motion: blind
 * /depth_cbf_m25_trajectory/scene: A2_cylinder
 * /depth_cbf_m25_trajectory/warmup_sec: 2.0
 * /depth_cbf_m25_trajectory/yaw_offset_deg: 0.0
 * /quad0_pcl_render_node/collision_range: 0.3
 * /quad0_pcl_render_node/collisioncheck_enable: 0
 * /quad0_pcl_render_node/curvature_limit: 100.0
 * /quad0_pcl_render_node/downsample_res: 0.1
 * /quad0_pcl_render_node/drone_id: 0
 * /quad0_pcl_render_node/dyn_mode: 0
 * /quad0_pcl_render_node/dyn_velocity: 0.0
 * /quad0_pcl_render_node/dynobj_enable: 0
 * /quad0_pcl_render_node/dynobject_num: 0
 * /quad0_pcl_render_node/dynobject_size: 0.8
 * /quad0_pcl_render_node/estimation_rate: 10.0
 * /quad0_pcl_render_node/hash_cubesize: 5.0
 * /quad0_pcl_render_node/is_360lidar: 0
 * /quad0_pcl_render_node/livox_linestep: 1.4
 * /quad0_pcl_render_node/min_raylength: 1.0
 * /quad0_pcl_render_node/output_pcd: 0
 * /quad0_pcl_render_node/polar_resolution: 0.2
 * /quad0_pcl_render_node/quadrotor_name: m25_quad0
 * /quad0_pcl_render_node/sensing_horizon: 30.0
 * /quad0_pcl_render_node/sensing_rate: 10.0
 * /quad0_pcl_render_node/uav_num: 1
 * /quad0_pcl_render_node/use_avia_pattern: 1
 * /quad0_pcl_render_node/use_minicf_pattern: 0
 * /quad0_pcl_render_node/use_uav_extra_model: 0
 * /quad0_pcl_render_node/use_vlp32_pattern: 0
 * /quad0_pcl_render_node/vertical_fov: 77.2
 * /quad0_pcl_render_node/yaw_fov: 70.4
 * /rosdistro: noetic
 * /rosversion: 1.17.4

NODES
  /
    depth_cbf_m25_evaluator (coni_mpc/depth_cbf_m25_evaluation_node)
    depth_cbf_m25_map_pub (coni_mpc/depth_cbf_m25_map_publisher_node)
    depth_cbf_m25_trajectory (coni_mpc/depth_cbf_m25_trajectory_node)
    quad0_pcl_render_node (local_sensing_node/pcl_render_node)

[1mROS_MASTER_URI=http://localhost:11311[0m
]2;/home/jjm/桌面/论文修改/code/仿真/惯性 VS 非惯性/src/coni_mpc/launch/depth_cbf_m25.launch http://localhost:11311
[1mprocess[depth_cbf_m25_map_pub-1]: started with pid [230674][0m
[1mprocess[quad0_pcl_render_node-2]: started with pid [230675][0m
[1mprocess[depth_cbf_m25_trajectory-3]: started with pid [230676][0m
[1mprocess[depth_cbf_m25_evaluator-4]: started with pid [230682][0m
[depth_cbf_m25_evaluator-4] killing on exit
[depth_cbf_m25_trajectory-3] killing on exit
[quad0_pcl_render_node-2] killing on exit
[depth_cbf_m25_map_pub-1] killing on exit
shutting down processing monitor...
... shutting down processing monitor complete
[1mdone[0m
