[INFO] [1789205323.238654247]: drone_drawpoints_num = 4,4,2, Uav points num = 32

Found pkg_path = /home/jjm/桌面/小样本学习的去中心集群协同跟踪/marsim_ws/src/MARSIM/local_sensing/data/m25_quad0_time_consumption.txt

Found pkg_path = /home/jjm/桌面/小样本学习的去中心集群协同跟踪/marsim_ws/src/MARSIM/local_sensing/data/m25_quad0_collision_check_time_consumption.txt
[WARN] [1789205323.707561571]: Global Pointcloud received..
[WARN] [1789205323.738895687]: Normal compute finished.., mapsize = 4961
[INFO] [1789205325.863500789]: Temp compute time = 0.018934, average compute time = 0.021738
[INFO] [1789205325.965762787]: Temp compute time = 0.021344, average compute time = 0.021847
[INFO] [1789205326.065362005]: Temp compute time = 0.019256, average compute time = 0.021793
[INFO] [1789205326.165510613]: Temp compute time = 0.019378, average compute time = 0.021578
[INFO] [1789205326.266806480]: Temp compute time = 0.020540, average compute time = 0.021470
[INFO] [1789205326.370052745]: Temp compute time = 0.022896, average compute time = 0.021648
[INFO] [1789205326.487451290]: Temp compute time = 0.036879, average compute time = 0.022536
[INFO] [1789205326.580429939]: Temp compute time = 0.032491, average compute time = 0.023019
[INFO] [1789205326.675671457]: Temp compute time = 0.034856, average compute time = 0.023687
[INFO] [1789205326.764029659]: Temp compute time = 0.017949, average compute time = 0.023495
[INFO] [1789205326.866024373]: Temp compute time = 0.019869, average compute time = 0.023309
[INFO] [1789205326.967968364]: Temp compute time = 0.021394, average compute time = 0.022551
[INFO] [1789205327.068854428]: Temp compute time = 0.020545, average compute time = 0.022602
[INFO] [1789205327.168820233]: Temp compute time = 0.019675, average compute time = 0.022546
[INFO] [1789205327.295191695]: Temp compute time = 0.045998, average compute time = 0.023644
[INFO] [1789205327.378176219]: Temp compute time = 0.032603, average compute time = 0.024233
[INFO] [1789205327.467920073]: Temp compute time = 0.019382, average compute time = 0.023939
[INFO] [1789205327.568634051]: Temp compute time = 0.020156, average compute time = 0.023918
[INFO] [1789205327.676064718]: Temp compute time = 0.027105, average compute time = 0.024316
[INFO] [1789205327.786848803]: Temp compute time = 0.040352, average compute time = 0.025286
[INFO] [1789205327.884818126]: Temp compute time = 0.037685, average compute time = 0.026156
[INFO] [1789205327.975615623]: Temp compute time = 0.030436, average compute time = 0.026704
[INFO] [1789205328.085709761]: Temp compute time = 0.039753, average compute time = 0.027581
[INFO] [1789205328.182993826]: Temp compute time = 0.036781, average compute time = 0.028415
[INFO] [1789205328.262996236]: Temp compute time = 0.019707, average compute time = 0.028431
[INFO] [1789205328.379048925]: Temp compute time = 0.035607, average compute time = 0.029149
[INFO] [1789205328.467657910]: Temp compute time = 0.018254, average compute time = 0.028927
[INFO] [1789205328.567678185]: Temp compute time = 0.018254, average compute time = 0.028041
[INFO] [1789205328.671701407]: Temp compute time = 0.022131, average compute time = 0.027547
[INFO] [1789205328.763386030]: Temp compute time = 0.021190, average compute time = 0.026897
[INFO] [1789205328.878450901]: Temp compute time = 0.034704, average compute time = 0.027694
[INFO] [1789205328.985138719]: Temp compute time = 0.036195, average compute time = 0.028472
[INFO] [1789205329.078498165]: Temp compute time = 0.032893, average compute time = 0.029019
[INFO] [1789205329.169656309]: Temp compute time = 0.020699, average compute time = 0.029027
[INFO] [1789205329.270534691]: Temp compute time = 0.020337, average compute time = 0.029058
[INFO] [1789205329.362111612]: Temp compute time = 0.021134, average compute time = 0.027874
[INFO] [1789205329.462789697]: Temp compute time = 0.020385, average compute time = 0.027292
[INFO] [1789205329.564982250]: Temp compute time = 0.021749, average compute time = 0.027405
[INFO] [1789205329.669698573]: Temp compute time = 0.024278, average compute time = 0.027601
[INFO] [1789205329.771908816]: Temp compute time = 0.021569, average compute time = 0.027338
[INFO] [1789205329.867704427]: Temp compute time = 0.025346, average compute time = 0.026623
[INFO] [1789205329.982542423]: Temp compute time = 0.034324, average compute time = 0.026463
[INFO] [1789205330.067096880]: Temp compute time = 0.024125, average compute time = 0.026163
[INFO] [1789205330.187372503]: Temp compute time = 0.039766, average compute time = 0.026163
[INF[INFO] [1789205323.212271466]: M2.5 evaluator writes /home/jjm/??????/????????????/code/??????/?????? VS ?????????/results/depth_cbf_m25/frames/A1_plane_parallel.csv; sole algorithm cloud input=/quad0_pcl_render_node/sensor_cloud; GT mode=A1_plane is evaluation-only.
[INFO] [1789205323.704925324]: Published latched M2.5 map /home/jjm/??????/????????????/code/??????/?????? VS ?????????/src/coni_mpc/test_data/depth_cbf_m25/A1_plane.pcd with 7701 points
terminate called after throwing an instance of 'boost::wrapexcept<boost::lock_error>'
  what():  boost: mutex lock failed in pthread_mutex_lock: Invalid argument
WARNING: Package name "cascadePID" does not follow the naming conventions. It should start with a lower case letter and only contain lower case letters, digits, underscores, and dashes.
[31m================================================================================REQUIRED process [depth_cbf_m25_trajectory-3] has died!
process has finished cleanly
log file: /home/jjm/.ros/log/cd794b1a-ade9-11f1-aae2-25bc297d88f9/depth_cbf_m25_trajectory-3*.log
Initiating shutdown!
================================================================================[0m
... logging to /home/jjm/.ros/log/cd794b1a-ade9-11f1-aae2-25bc297d88f9/roslaunch-jjm-235502.log
Checking log directory for disk usage. This may take a while.
Press Ctrl-C to interrupt
Done checking log file disk usage. Usage is <1GB.
]2;/home/jjm/桌面/论文修改/code/仿真/惯性 VS 非惯性/src/coni_mpc/launch/depth_cbf_m25.launch
[1mstarted roslaunch server http://jjm:36819/[0m

SUMMARY
========

PARAMETERS
 * /depth_cbf_m25_evaluator/car_odom_topic: /coni_mpc/car_odom
 * /depth_cbf_m25_evaluator/cloud_topic: /quad0_pcl_render...
 * /depth_cbf_m25_evaluator/debug_compare_world_cloud: True
 * /depth_cbf_m25_evaluator/debug_print_every_n_clouds: 20
 * /depth_cbf_m25_evaluator/debug_random_seed: 7
 * /depth_cbf_m25_evaluator/debug_sample_count: 3
 * /depth_cbf_m25_evaluator/debug_world_cloud_topic: /quad0_pcl_render...
 * /depth_cbf_m25_evaluator/extrinsics/rotation_BL: [1.0, 0.0, 0.0, 0...
 * /depth_cbf_m25_evaluator/extrinsics/translation_BL: [0.0, 0.0, 0.0]
 * /depth_cbf_m25_evaluator/filter/enable_ground_filter: False
 * /depth_cbf_m25_evaluator/filter/enable_voxel_filter: True
 * /depth_cbf_m25_evaluator/filter/ground_min_z_W: 0.1
 * /depth_cbf_m25_evaluator/filter/local_radius: 4.0
 * /depth_cbf_m25_evaluator/filter/max_range: 30.0
 * /depth_cbf_m25_evaluator/filter/min_range: 1.0
 * /depth_cbf_m25_evaluator/filter/voxel_leaf_size: 0.1
 * /depth_cbf_m25_evaluator/m25/gt_pcd: <...>
 * /depth_cbf_m25_evaluator/m25/max_pose_time_offset_sec: 0.025
 * /depth_cbf_m25_evaluator/m25/min_raylength: 1.0
 * /depth_cbf_m25_evaluator/m25/motion: parallel
 * /depth_cbf_m25_evaluator/m25/non_conservative_tolerance: 0.001
 * /depth_cbf_m25_evaluator/m25/result_root: <...>
 * /depth_cbf_m25_evaluator/m25/root_max_distance: 4.0
 * /depth_cbf_m25_evaluator/m25/root_samples: 160
 * /depth_cbf_m25_evaluator/m25/run_id: A1_plane_parallel
 * /depth_cbf_m25_evaluator/m25/scene: A1_plane
 * /depth_cbf_m25_evaluator/m25/vertical_fov_deg: 77.2
 * /depth_cbf_m25_evaluator/m25/yaw_fov_deg: 70.4
 * /depth_cbf_m25_evaluator/max_pose_time_offset_sec: 0.025
 * /depth_cbf_m25_evaluator/noninertial_frame_id: base_link
 * /depth_cbf_m25_evaluator/quad_odom_topic: /coni_mpc/quad_odom1
 * /depth_cbf_m25_evaluator/query_mesh/half_width_steps: 2
 * /depth_cbf_m25_evaluator/query_mesh/nearest_neighbor_max_distance: 3.47
 * /depth_cbf_m25_evaluator/query_mesh/spacing: 0.15
 * /depth_cbf_m25_evaluator/regression/local_cloud_topic: /depth_cbf_cloud_...
 * /depth_cbf_m25_evaluator/regression/log_every_n_fits: 20
 * /depth_cbf_m25_evaluator/regression/max_abs_error: 0.75
 * /depth_cbf_m25_evaluator/regression/max_condition_number: 1.0e8
 * /depth_cbf_m25_evaluator/regression/max_rmse: 0.25
 * /depth_cbf_m25_evaluator/regression/query_center_topic: /depth_cbf_cloud_...
 * /depth_cbf_m25_evaluator/regression/relative_rank_tolerance: 1e-10
 * /depth_cbf_m25_evaluator/regression/subscriber_queue_size: 5
 * /depth_cbf_m25_evaluator/regression/sync_queue_size: 10
 * /depth_cbf_m25_evaluator/safety/d_safe: 0.15
 * /depth_cbf_m25_evaluator/safety/delta_surface: 0.0
 * /depth_cbf_m25_evaluator/safety/r_uav: 0.15
 * /depth_cbf_m25_evaluator/subscriber_queue_size: 20
 * /depth_cbf_m25_evaluator/sync_queue_size: 40
 * /depth_cbf_m25_evaluator/sync_slop_sec: 0.025
 * /depth_cbf_m25_evaluator/world_frame_id: map
 * /depth_cbf_m25_map_pub/map_name: <...>
 * /depth_cbf_m25_trajectory/duration_sec: 5.0
 * /depth_cbf_m25_trajectory/motion: parallel
 * /depth_cbf_m25_trajectory/scene: A1_plane
 * /depth_cbf_m25_trajectory/warmup_sec: 2.0
 * /depth_cbf_m25_trajectory/yaw_offset_deg: 0.0
 * /quad0_pcl_render_node/collision_range: 0.3
 * /quad0_pcl_render_node/collisioncheck_enable: 0
 * /quad0_pcl_render_node/curvature_limit: 100.0
 * /quad0_pcl_render_node/downsample_res: 0.1
 * /quad0_pcl_render_node/drone_id: 0
 * /quad0_pcl_render_node/dyn_mode: 0
 * /quad0_pcl_render_node/dyn_velocity: 0.0
 * /quad0_pcl_render_node/dynobj_enable: 0
 * /quad0_pcl_render_node/dynobject_num: 0
 * /quad0_pcl_render_node/dynobject_size: 0.8
 * /quad0_pcl_render_node/estimation_rate: 10.0
 * /quad0_pcl_render_node/hash_cubesize: 5.0
 * /quad0_pcl_render_node/is_360lidar: 0
 * /quad0_pcl_render_node/livox_linestep: 1.4
 * /quad0_pcl_render_node/min_raylength: 1.0
 * /quad0_pcl_render_node/output_pcd: 0
 * /quad0_pcl_render_node/polar_resolution: 0.2
 * /quad0_pcl_render_node/quadrotor_name: m25_quad0
 * /quad0_pcl_render_node/sensing_horizon: 30.0
 * /quad0_pcl_render_node/sensing_rate: 10.0
 * /quad0_pcl_render_node/uav_num: 1
 * /quad0_pcl_render_node/use_avia_pattern: 1
 * /quad0_pcl_render_node/use_minicf_pattern: 0
 * /quad0_pcl_render_node/use_uav_extra_model: 0
 * /quad0_pcl_render_node/use_vlp32_pattern: 0
 * /quad0_pcl_render_node/vertical_fov: 77.2
 * /quad0_pcl_render_node/yaw_fov: 70.4
 * /rosdistro: noetic
 * /rosversion: 1.17.4

NODES
  /
    depth_cbf_m25_evaluator (coni_mpc/depth_cbf_m25_evaluation_node)
    depth_cbf_m25_map_pub (coni_mpc/depth_cbf_m25_map_publisher_node)
    depth_cbf_m25_trajectory (coni_mpc/depth_cbf_m25_trajectory_node)
    quad0_pcl_render_node (local_sensing_node/pcl_render_node)

[1mROS_MASTER_URI=http://localhost:11311[0m
]2;/home/jjm/桌面/论文修改/code/仿真/惯性 VS 非惯性/src/coni_mpc/launch/depth_cbf_m25.launch http://localhost:11311
[1mprocess[depth_cbf_m25_map_pub-1]: started with pid [235543][0m
[1mprocess[quad0_pcl_render_node-2]: started with pid [235544][0m
[1mprocess[depth_cbf_m25_trajectory-3]: started with pid [235545][0m
[1mprocess[depth_cbf_m25_evaluator-4]: started with pid [235551][0m
[depth_cbf_m25_evaluator-4] killing on exit
[depth_cbf_m25_trajectory-3] killing on exit
[quad0_pcl_render_node-2] killing on exit
[depth_cbf_m25_map_pub-1] killing on exit
shutting down processing monitor...
... shutting down processing monitor complete
[1mdone[0m
