[INFO] [1789205340.681559782]: drone_drawpoints_num = 4,4,2, Uav points num = 32

Found pkg_path = /home/jjm/桌面/小样本学习的去中心集群协同跟踪/marsim_ws/src/MARSIM/local_sensing/data/m25_quad0_time_consumption.txt

Found pkg_path = /home/jjm/桌面/小样本学习的去中心集群协同跟踪/marsim_ws/src/MARSIM/local_sensing/data/m25_quad0_collision_check_time_consumption.txt
[WARN] [1789205341.150648143]: Global Pointcloud received..
[WARN] [1789205341.174089448]: Normal compute finished.., mapsize = 4961
[INFO] [1789205343.308022433]: Temp compute time = 0.019485, average compute time = 0.019867
[INFO] [1789205343.410963456]: Temp compute time = 0.022258, average compute time = 0.019834
[INFO] [1789205343.511159227]: Temp compute time = 0.019852, average compute time = 0.019871
[INFO] [1789205343.611630247]: Temp compute time = 0.020100, average compute time = 0.019982
[INFO] [1789205343.712161844]: Temp compute time = 0.020200, average compute time = 0.020417
[INFO] [1789205343.813687803]: Temp compute time = 0.021167, average compute time = 0.020494
[INFO] [1789205343.904097597]: Temp compute time = 0.020087, average compute time = 0.020484
[INFO] [1789205344.010154601]: Temp compute time = 0.025825, average compute time = 0.021209
[INFO] [1789205344.109948061]: Temp compute time = 0.019444, average compute time = 0.021217
[INFO] [1789205344.210719583]: Temp compute time = 0.020181, average compute time = 0.020526
[INFO] [1789205344.310923377]: Temp compute time = 0.019843, average compute time = 0.020669
[INFO] [1789205344.410130302]: Temp compute time = 0.018629, average compute time = 0.020756
[INFO] [1789205344.512359960]: Temp compute time = 0.020963, average compute time = 0.020695
[INFO] [1789205344.614736026]: Temp compute time = 0.021921, average compute time = 0.021213
[INFO] [1789205344.706663606]: Temp compute time = 0.021600, average compute time = 0.021190
[INFO] [1789205344.805457958]: Temp compute time = 0.018476, average compute time = 0.021130
[INFO] [1789205344.909114163]: Temp compute time = 0.022160, average compute time = 0.021319
[INFO] [1789205345.011817834]: Temp compute time = 0.022331, average compute time = 0.021504
[INFO] [1789205345.109192469]: Temp compute time = 0.017106, average compute time = 0.020702
[INFO] [1789205345.217083271]: Temp compute time = 0.024872, average compute time = 0.021013
[INFO] [1789205345.310967904]: Temp compute time = 0.023262, average compute time = 0.020941
[INFO] [1789205345.409638886]: Temp compute time = 0.018409, average compute time = 0.020890
[INFO] [1789205345.511413113]: Temp compute time = 0.020079, average compute time = 0.020786
[INFO] [1789205345.613492835]: Temp compute time = 0.021776, average compute time = 0.020878
[INFO] [1789205345.720092940]: Temp compute time = 0.036316, average compute time = 0.021650
[INFO] [1789205345.811384418]: Temp compute time = 0.021057, average compute time = 0.021691
[INFO] [1789205345.912372787]: Temp compute time = 0.020749, average compute time = 0.021671
[INFO] [1789205346.010486252]: Temp compute time = 0.017852, average compute time = 0.021564
[INFO] [1789205346.111303197]: Temp compute time = 0.018629, average compute time = 0.021222
[INFO] [1789205346.213059824]: Temp compute time = 0.020336, average compute time = 0.021264
[INFO] [1789205346.314468593]: Temp compute time = 0.020904, average compute time = 0.021299
[INFO] [1789205346.407461747]: Temp compute time = 0.022470, average compute time = 0.021424
[INFO] [1789205346.508264937]: Temp compute time = 0.020499, average compute time = 0.021513
[INFO] [1789205346.607865725]: Temp compute time = 0.019328, average compute time = 0.021435
[INFO] [1789205346.706973736]: Temp compute time = 0.018424, average compute time = 0.021268
[INFO] [1789205346.813611370]: Temp compute time = 0.025048, average compute time = 0.021432
[INFO] [1789205346.904083006]: Temp compute time = 0.020085, average compute time = 0.021509
[INFO] [1789205347.004113247]: Temp compute time = 0.019531, average compute time = 0.021384
[INFO] [1789205347.104987502]: Temp compute time = 0.020439, average compute time = 0.021294
[INFO] [1789205347.204520394]: Temp compute time = 0.018919, average compute time = 0.021380
[INFO] [1789205347.307022798]: Temp compute time = 0.021557, average compute time = 0.021222
[INFO] [1789205347.407104283]: Temp compute time = 0.019723, average compute time = 0.021054
[INFO] [1789205347.506524545]: Temp compute time = 0.019032, average compute time = 0.021083
[INFO] [1789205347.604971716]: Temp compute time = 0.017558, average compute time = 0.020963
[INF[INFO] [1789205340.653791301]: M2.5 evaluator writes /home/jjm/??????/????????????/code/??????/?????? VS ?????????/results/depth_cbf_m25/frames/A1_plane_switching.csv; sole algorithm cloud input=/quad0_pcl_render_node/sensor_cloud; GT mode=A1_plane is evaluation-only.
terminate called after throwing an instance of 'boost::wrapexcept<boost::lock_error>'
  what():  boost: mutex lock failed in pthread_mutex_lock: Invalid argument
[INFO] [1789205341.147441900]: Published latched M2.5 map /home/jjm/??????/????????????/code/??????/?????? VS ?????????/src/coni_mpc/test_data/depth_cbf_m25/A1_plane.pcd with 7701 points
WARNING: Package name "cascadePID" does not follow the naming conventions. It should start with a lower case letter and only contain lower case letters, digits, underscores, and dashes.
[31m================================================================================REQUIRED process [depth_cbf_m25_trajectory-3] has died!
process has finished cleanly
log file: /home/jjm/.ros/log/cd794b1a-ade9-11f1-aae2-25bc297d88f9/depth_cbf_m25_trajectory-3*.log
Initiating shutdown!
================================================================================[0m
... logging to /home/jjm/.ros/log/cd794b1a-ade9-11f1-aae2-25bc297d88f9/roslaunch-jjm-235734.log
Checking log directory for disk usage. This may take a while.
Press Ctrl-C to interrupt
Done checking log file disk usage. Usage is <1GB.
]2;/home/jjm/桌面/论文修改/code/仿真/惯性 VS 非惯性/src/coni_mpc/launch/depth_cbf_m25.launch
[1mstarted roslaunch server http://jjm:38597/[0m

SUMMARY
========

PARAMETERS
 * /depth_cbf_m25_evaluator/car_odom_topic: /coni_mpc/car_odom
 * /depth_cbf_m25_evaluator/cloud_topic: /quad0_pcl_render...
 * /depth_cbf_m25_evaluator/debug_compare_world_cloud: True
 * /depth_cbf_m25_evaluator/debug_print_every_n_clouds: 20
 * /depth_cbf_m25_evaluator/debug_random_seed: 7
 * /depth_cbf_m25_evaluator/debug_sample_count: 3
 * /depth_cbf_m25_evaluator/debug_world_cloud_topic: /quad0_pcl_render...
 * /depth_cbf_m25_evaluator/extrinsics/rotation_BL: [1.0, 0.0, 0.0, 0...
 * /depth_cbf_m25_evaluator/extrinsics/translation_BL: [0.0, 0.0, 0.0]
 * /depth_cbf_m25_evaluator/filter/enable_ground_filter: False
 * /depth_cbf_m25_evaluator/filter/enable_voxel_filter: True
 * /depth_cbf_m25_evaluator/filter/ground_min_z_W: 0.1
 * /depth_cbf_m25_evaluator/filter/local_radius: 4.0
 * /depth_cbf_m25_evaluator/filter/max_range: 30.0
 * /depth_cbf_m25_evaluator/filter/min_range: 1.0
 * /depth_cbf_m25_evaluator/filter/voxel_leaf_size: 0.1
 * /depth_cbf_m25_evaluator/m25/gt_pcd: <...>
 * /depth_cbf_m25_evaluator/m25/max_pose_time_offset_sec: 0.025
 * /depth_cbf_m25_evaluator/m25/min_raylength: 1.0
 * /depth_cbf_m25_evaluator/m25/motion: switching
 * /depth_cbf_m25_evaluator/m25/non_conservative_tolerance: 0.001
 * /depth_cbf_m25_evaluator/m25/result_root: <...>
 * /depth_cbf_m25_evaluator/m25/root_max_distance: 4.0
 * /depth_cbf_m25_evaluator/m25/root_samples: 160
 * /depth_cbf_m25_evaluator/m25/run_id: A1_plane_switching
 * /depth_cbf_m25_evaluator/m25/scene: A1_plane
 * /depth_cbf_m25_evaluator/m25/vertical_fov_deg: 77.2
 * /depth_cbf_m25_evaluator/m25/yaw_fov_deg: 70.4
 * /depth_cbf_m25_evaluator/max_pose_time_offset_sec: 0.025
 * /depth_cbf_m25_evaluator/noninertial_frame_id: base_link
 * /depth_cbf_m25_evaluator/quad_odom_topic: /coni_mpc/quad_odom1
 * /depth_cbf_m25_evaluator/query_mesh/half_width_steps: 2
 * /depth_cbf_m25_evaluator/query_mesh/nearest_neighbor_max_distance: 3.47
 * /depth_cbf_m25_evaluator/query_mesh/spacing: 0.15
 * /depth_cbf_m25_evaluator/regression/local_cloud_topic: /depth_cbf_cloud_...
 * /depth_cbf_m25_evaluator/regression/log_every_n_fits: 20
 * /depth_cbf_m25_evaluator/regression/max_abs_error: 0.75
 * /depth_cbf_m25_evaluator/regression/max_condition_number: 1.0e8
 * /depth_cbf_m25_evaluator/regression/max_rmse: 0.25
 * /depth_cbf_m25_evaluator/regression/query_center_topic: /depth_cbf_cloud_...
 * /depth_cbf_m25_evaluator/regression/relative_rank_tolerance: 1e-10
 * /depth_cbf_m25_evaluator/regression/subscriber_queue_size: 5
 * /depth_cbf_m25_evaluator/regression/sync_queue_size: 10
 * /depth_cbf_m25_evaluator/safety/d_safe: 0.15
 * /depth_cbf_m25_evaluator/safety/delta_surface: 0.0
 * /depth_cbf_m25_evaluator/safety/r_uav: 0.15
 * /depth_cbf_m25_evaluator/subscriber_queue_size: 20
 * /depth_cbf_m25_evaluator/sync_queue_size: 40
 * /depth_cbf_m25_evaluator/sync_slop_sec: 0.025
 * /depth_cbf_m25_evaluator/world_frame_id: map
 * /depth_cbf_m25_map_pub/map_name: <...>
 * /depth_cbf_m25_trajectory/duration_sec: 5.0
 * /depth_cbf_m25_trajectory/motion: switching
 * /depth_cbf_m25_trajectory/scene: A1_plane
 * /depth_cbf_m25_trajectory/warmup_sec: 2.0
 * /depth_cbf_m25_trajectory/yaw_offset_deg: 0.0
 * /quad0_pcl_render_node/collision_range: 0.3
 * /quad0_pcl_render_node/collisioncheck_enable: 0
 * /quad0_pcl_render_node/curvature_limit: 100.0
 * /quad0_pcl_render_node/downsample_res: 0.1
 * /quad0_pcl_render_node/drone_id: 0
 * /quad0_pcl_render_node/dyn_mode: 0
 * /quad0_pcl_render_node/dyn_velocity: 0.0
 * /quad0_pcl_render_node/dynobj_enable: 0
 * /quad0_pcl_render_node/dynobject_num: 0
 * /quad0_pcl_render_node/dynobject_size: 0.8
 * /quad0_pcl_render_node/estimation_rate: 10.0
 * /quad0_pcl_render_node/hash_cubesize: 5.0
 * /quad0_pcl_render_node/is_360lidar: 0
 * /quad0_pcl_render_node/livox_linestep: 1.4
 * /quad0_pcl_render_node/min_raylength: 1.0
 * /quad0_pcl_render_node/output_pcd: 0
 * /quad0_pcl_render_node/polar_resolution: 0.2
 * /quad0_pcl_render_node/quadrotor_name: m25_quad0
 * /quad0_pcl_render_node/sensing_horizon: 30.0
 * /quad0_pcl_render_node/sensing_rate: 10.0
 * /quad0_pcl_render_node/uav_num: 1
 * /quad0_pcl_render_node/use_avia_pattern: 1
 * /quad0_pcl_render_node/use_minicf_pattern: 0
 * /quad0_pcl_render_node/use_uav_extra_model: 0
 * /quad0_pcl_render_node/use_vlp32_pattern: 0
 * /quad0_pcl_render_node/vertical_fov: 77.2
 * /quad0_pcl_render_node/yaw_fov: 70.4
 * /rosdistro: noetic
 * /rosversion: 1.17.4

NODES
  /
    depth_cbf_m25_evaluator (coni_mpc/depth_cbf_m25_evaluation_node)
    depth_cbf_m25_map_pub (coni_mpc/depth_cbf_m25_map_publisher_node)
    depth_cbf_m25_trajectory (coni_mpc/depth_cbf_m25_trajectory_node)
    quad0_pcl_render_node (local_sensing_node/pcl_render_node)

[1mROS_MASTER_URI=http://localhost:11311[0m
]2;/home/jjm/桌面/论文修改/code/仿真/惯性 VS 非惯性/src/coni_mpc/launch/depth_cbf_m25.launch http://localhost:11311
[1mprocess[depth_cbf_m25_map_pub-1]: started with pid [235775][0m
[1mprocess[quad0_pcl_render_node-2]: started with pid [235776][0m
[1mprocess[depth_cbf_m25_trajectory-3]: started with pid [235777][0m
[1mprocess[depth_cbf_m25_evaluator-4]: started with pid [235783][0m
[depth_cbf_m25_evaluator-4] killing on exit
[depth_cbf_m25_trajectory-3] killing on exit
[quad0_pcl_render_node-2] killing on exit
[depth_cbf_m25_map_pub-1] killing on exit
shutting down processing monitor...
... shutting down processing monitor complete
[1mdone[0m
