[INFO] [1789205314.509474742]: drone_drawpoints_num = 4,4,2, Uav points num = 32

Found pkg_path = /home/jjm/桌面/小样本学习的去中心集群协同跟踪/marsim_ws/src/MARSIM/local_sensing/data/m25_quad0_time_consumption.txt

Found pkg_path = /home/jjm/桌面/小样本学习的去中心集群协同跟踪/marsim_ws/src/MARSIM/local_sensing/data/m25_quad0_collision_check_time_consumption.txt
[WARN] [1789205314.986618896]: Global Pointcloud received..
[WARN] [1789205314.998904118]: Normal compute finished.., mapsize = 4961
[INFO] [1789205317.140109476]: Temp compute time = 0.020621, average compute time = 0.023561
[INFO] [1789205317.241611445]: Temp compute time = 0.021193, average compute time = 0.022795
[INFO] [1789205317.349722680]: Temp compute time = 0.037648, average compute time = 0.023208
[INFO] [1789205317.449610772]: Temp compute time = 0.029618, average compute time = 0.023228
[INFO] [1789205317.536201682]: Temp compute time = 0.016305, average compute time = 0.022647
[INFO] [1789205317.648628596]: Temp compute time = 0.028704, average compute time = 0.023062
[INFO] [1789205317.735016276]: Temp compute time = 0.016047, average compute time = 0.023062
[INFO] [1789205317.838232358]: Temp compute time = 0.019171, average compute time = 0.022967
[INFO] [1789205317.948457783]: Temp compute time = 0.029505, average compute time = 0.023085
[INFO] [1789205318.048965829]: Temp compute time = 0.030189, average compute time = 0.023549
[INFO] [1789205318.139634606]: Temp compute time = 0.020309, average compute time = 0.023472
[INFO] [1789205318.239674857]: Temp compute time = 0.019696, average compute time = 0.023635
[INFO] [1789205318.344105443]: Temp compute time = 0.024116, average compute time = 0.023743
[INFO] [1789205318.431961998]: Temp compute time = 0.017586, average compute time = 0.023736
[INFO] [1789205318.535432437]: Temp compute time = 0.020986, average compute time = 0.023784
[INFO] [1789205318.626765047]: Temp compute time = 0.010946, average compute time = 0.022741
[INFO] [1789205318.733752878]: Temp compute time = 0.018008, average compute time = 0.022604
[INFO] [1789205318.844615883]: Temp compute time = 0.028864, average compute time = 0.022594
[INFO] [1789205318.944387898]: Temp compute time = 0.029394, average compute time = 0.023169
[INFO] [1789205319.038440830]: Temp compute time = 0.023469, average compute time = 0.023453
[INFO] [1789205319.149719055]: Temp compute time = 0.030929, average compute time = 0.023491
[INFO] [1789205319.251590586]: Temp compute time = 0.031568, average compute time = 0.024012
[INFO] [1789205319.344032101]: Temp compute time = 0.031994, average compute time = 0.024526
[INFO] [1789205319.448696125]: Temp compute time = 0.034323, average compute time = 0.024368
[INFO] [1789205319.548921081]: Temp compute time = 0.029930, average compute time = 0.024383
[INFO] [1789205319.641760481]: Temp compute time = 0.022519, average compute time = 0.024679
[INFO] [1789205319.726753891]: Temp compute time = 0.014455, average compute time = 0.024000
[INFO] [1789205319.835878803]: Temp compute time = 0.023490, average compute time = 0.024355
[INFO] [1789205319.932891331]: Temp compute time = 0.016750, average compute time = 0.024239
[INFO] [1789205320.048128914]: Temp compute time = 0.031947, average compute time = 0.024356
[INFO] [1789205320.136835253]: Temp compute time = 0.018325, average compute time = 0.023791
[INFO] [1789205320.240559671]: Temp compute time = 0.022123, average compute time = 0.023877
[INFO] [1789205320.341140457]: Temp compute time = 0.020062, average compute time = 0.023894
[INFO] [1789205320.438181271]: Temp compute time = 0.016721, average compute time = 0.023542
[INFO] [1789205320.544724079]: Temp compute time = 0.023268, average compute time = 0.023813
[INFO] [1789205320.638102832]: Temp compute time = 0.023048, average compute time = 0.023911
[INFO] [1789205320.734001168]: Temp compute time = 0.015636, average compute time = 0.024134
[INFO] [1789205320.856428496]: Temp compute time = 0.037919, average compute time = 0.025082
[INFO] [1789205320.948056452]: Temp compute time = 0.031322, average compute time = 0.025200
[INFO] [1789205321.038120151]: Temp compute time = 0.019703, average compute time = 0.024738
[INFO] [1789205321.150904242]: Temp compute time = 0.032387, average compute time = 0.025163
[INFO] [1789205321.243528825]: Temp compute time = 0.022073, average compute time = 0.024741
[INFO] [1789205321.343346063]: Temp compute time = 0.029532, average compute time = 0.024644
[INFO] [1789205321.448143164]: Temp compute time = 0.034530, average compute time = 0.024765
[INF[INFO] [1789205314.976724236]: Published latched M2.5 map /home/jjm/??????/????????????/code/??????/?????? VS ?????????/src/coni_mpc/test_data/depth_cbf_m25/A1_plane.pcd with 7701 points
[INFO] [1789205314.483211520]: M2.5 evaluator writes /home/jjm/??????/????????????/code/??????/?????? VS ?????????/results/depth_cbf_m25/frames/A1_plane_front.csv; sole algorithm cloud input=/quad0_pcl_render_node/sensor_cloud; GT mode=A1_plane is evaluation-only.
terminate called after throwing an instance of 'boost::wrapexcept<boost::lock_error>'
  what():  boost: mutex lock failed in pthread_mutex_lock: Invalid argument
WARNING: Package name "cascadePID" does not follow the naming conventions. It should start with a lower case letter and only contain lower case letters, digits, underscores, and dashes.
[31m================================================================================REQUIRED process [depth_cbf_m25_trajectory-3] has died!
process has finished cleanly
log file: /home/jjm/.ros/log/cd794b1a-ade9-11f1-aae2-25bc297d88f9/depth_cbf_m25_trajectory-3*.log
Initiating shutdown!
================================================================================[0m
... logging to /home/jjm/.ros/log/cd794b1a-ade9-11f1-aae2-25bc297d88f9/roslaunch-jjm-235359.log
Checking log directory for disk usage. This may take a while.
Press Ctrl-C to interrupt
Done checking log file disk usage. Usage is <1GB.
]2;/home/jjm/桌面/论文修改/code/仿真/惯性 VS 非惯性/src/coni_mpc/launch/depth_cbf_m25.launch
[1mstarted roslaunch server http://jjm:37455/[0m

SUMMARY
========

PARAMETERS
 * /depth_cbf_m25_evaluator/car_odom_topic: /coni_mpc/car_odom
 * /depth_cbf_m25_evaluator/cloud_topic: /quad0_pcl_render...
 * /depth_cbf_m25_evaluator/debug_compare_world_cloud: True
 * /depth_cbf_m25_evaluator/debug_print_every_n_clouds: 20
 * /depth_cbf_m25_evaluator/debug_random_seed: 7
 * /depth_cbf_m25_evaluator/debug_sample_count: 3
 * /depth_cbf_m25_evaluator/debug_world_cloud_topic: /quad0_pcl_render...
 * /depth_cbf_m25_evaluator/extrinsics/rotation_BL: [1.0, 0.0, 0.0, 0...
 * /depth_cbf_m25_evaluator/extrinsics/translation_BL: [0.0, 0.0, 0.0]
 * /depth_cbf_m25_evaluator/filter/enable_ground_filter: False
 * /depth_cbf_m25_evaluator/filter/enable_voxel_filter: True
 * /depth_cbf_m25_evaluator/filter/ground_min_z_W: 0.1
 * /depth_cbf_m25_evaluator/filter/local_radius: 4.0
 * /depth_cbf_m25_evaluator/filter/max_range: 30.0
 * /depth_cbf_m25_evaluator/filter/min_range: 1.0
 * /depth_cbf_m25_evaluator/filter/voxel_leaf_size: 0.1
 * /depth_cbf_m25_evaluator/m25/gt_pcd: <...>
 * /depth_cbf_m25_evaluator/m25/max_pose_time_offset_sec: 0.025
 * /depth_cbf_m25_evaluator/m25/min_raylength: 1.0
 * /depth_cbf_m25_evaluator/m25/motion: front
 * /depth_cbf_m25_evaluator/m25/non_conservative_tolerance: 0.001
 * /depth_cbf_m25_evaluator/m25/result_root: <...>
 * /depth_cbf_m25_evaluator/m25/root_max_distance: 4.0
 * /depth_cbf_m25_evaluator/m25/root_samples: 160
 * /depth_cbf_m25_evaluator/m25/run_id: A1_plane_front
 * /depth_cbf_m25_evaluator/m25/scene: A1_plane
 * /depth_cbf_m25_evaluator/m25/vertical_fov_deg: 77.2
 * /depth_cbf_m25_evaluator/m25/yaw_fov_deg: 70.4
 * /depth_cbf_m25_evaluator/max_pose_time_offset_sec: 0.025
 * /depth_cbf_m25_evaluator/noninertial_frame_id: base_link
 * /depth_cbf_m25_evaluator/quad_odom_topic: /coni_mpc/quad_odom1
 * /depth_cbf_m25_evaluator/query_mesh/half_width_steps: 2
 * /depth_cbf_m25_evaluator/query_mesh/nearest_neighbor_max_distance: 3.47
 * /depth_cbf_m25_evaluator/query_mesh/spacing: 0.15
 * /depth_cbf_m25_evaluator/regression/local_cloud_topic: /depth_cbf_cloud_...
 * /depth_cbf_m25_evaluator/regression/log_every_n_fits: 20
 * /depth_cbf_m25_evaluator/regression/max_abs_error: 0.75
 * /depth_cbf_m25_evaluator/regression/max_condition_number: 1.0e8
 * /depth_cbf_m25_evaluator/regression/max_rmse: 0.25
 * /depth_cbf_m25_evaluator/regression/query_center_topic: /depth_cbf_cloud_...
 * /depth_cbf_m25_evaluator/regression/relative_rank_tolerance: 1e-10
 * /depth_cbf_m25_evaluator/regression/subscriber_queue_size: 5
 * /depth_cbf_m25_evaluator/regression/sync_queue_size: 10
 * /depth_cbf_m25_evaluator/safety/d_safe: 0.15
 * /depth_cbf_m25_evaluator/safety/delta_surface: 0.0
 * /depth_cbf_m25_evaluator/safety/r_uav: 0.15
 * /depth_cbf_m25_evaluator/subscriber_queue_size: 20
 * /depth_cbf_m25_evaluator/sync_queue_size: 40
 * /depth_cbf_m25_evaluator/sync_slop_sec: 0.025
 * /depth_cbf_m25_evaluator/world_frame_id: map
 * /depth_cbf_m25_map_pub/map_name: <...>
 * /depth_cbf_m25_trajectory/duration_sec: 5.0
 * /depth_cbf_m25_trajectory/motion: front
 * /depth_cbf_m25_trajectory/scene: A1_plane
 * /depth_cbf_m25_trajectory/warmup_sec: 2.0
 * /depth_cbf_m25_trajectory/yaw_offset_deg: 0.0
 * /quad0_pcl_render_node/collision_range: 0.3
 * /quad0_pcl_render_node/collisioncheck_enable: 0
 * /quad0_pcl_render_node/curvature_limit: 100.0
 * /quad0_pcl_render_node/downsample_res: 0.1
 * /quad0_pcl_render_node/drone_id: 0
 * /quad0_pcl_render_node/dyn_mode: 0
 * /quad0_pcl_render_node/dyn_velocity: 0.0
 * /quad0_pcl_render_node/dynobj_enable: 0
 * /quad0_pcl_render_node/dynobject_num: 0
 * /quad0_pcl_render_node/dynobject_size: 0.8
 * /quad0_pcl_render_node/estimation_rate: 10.0
 * /quad0_pcl_render_node/hash_cubesize: 5.0
 * /quad0_pcl_render_node/is_360lidar: 0
 * /quad0_pcl_render_node/livox_linestep: 1.4
 * /quad0_pcl_render_node/min_raylength: 1.0
 * /quad0_pcl_render_node/output_pcd: 0
 * /quad0_pcl_render_node/polar_resolution: 0.2
 * /quad0_pcl_render_node/quadrotor_name: m25_quad0
 * /quad0_pcl_render_node/sensing_horizon: 30.0
 * /quad0_pcl_render_node/sensing_rate: 10.0
 * /quad0_pcl_render_node/uav_num: 1
 * /quad0_pcl_render_node/use_avia_pattern: 1
 * /quad0_pcl_render_node/use_minicf_pattern: 0
 * /quad0_pcl_render_node/use_uav_extra_model: 0
 * /quad0_pcl_render_node/use_vlp32_pattern: 0
 * /quad0_pcl_render_node/vertical_fov: 77.2
 * /quad0_pcl_render_node/yaw_fov: 70.4
 * /rosdistro: noetic
 * /rosversion: 1.17.4

NODES
  /
    depth_cbf_m25_evaluator (coni_mpc/depth_cbf_m25_evaluation_node)
    depth_cbf_m25_map_pub (coni_mpc/depth_cbf_m25_map_publisher_node)
    depth_cbf_m25_trajectory (coni_mpc/depth_cbf_m25_trajectory_node)
    quad0_pcl_render_node (local_sensing_node/pcl_render_node)

[1mROS_MASTER_URI=http://localhost:11311[0m
]2;/home/jjm/桌面/论文修改/code/仿真/惯性 VS 非惯性/src/coni_mpc/launch/depth_cbf_m25.launch http://localhost:11311
[1mprocess[depth_cbf_m25_map_pub-1]: started with pid [235400][0m
[1mprocess[quad0_pcl_render_node-2]: started with pid [235401][0m
[1mprocess[depth_cbf_m25_trajectory-3]: started with pid [235402][0m
[1mprocess[depth_cbf_m25_evaluator-4]: started with pid [235408][0m
[depth_cbf_m25_evaluator-4] killing on exit
[depth_cbf_m25_trajectory-3] killing on exit
[quad0_pcl_render_node-2] killing on exit
[depth_cbf_m25_map_pub-1] killing on exit
shutting down processing monitor...
... shutting down processing monitor complete
[1mdone[0m
