[INFO] [1789205332.056705511]: drone_drawpoints_num = 4,4,2, Uav points num = 32

Found pkg_path = /home/jjm/桌面/小样本学习的去中心集群协同跟踪/marsim_ws/src/MARSIM/local_sensing/data/m25_quad0_time_consumption.txt

Found pkg_path = /home/jjm/桌面/小样本学习的去中心集群协同跟踪/marsim_ws/src/MARSIM/local_sensing/data/m25_quad0_collision_check_time_consumption.txt
[WARN] [1789205332.525663378]: Global Pointcloud received..
[WARN] [1789205332.549781453]: Normal compute finished.., mapsize = 4961
[INFO] [1789205334.694014706]: Temp compute time = 0.029015, average compute time = 0.022569
[INFO] [1789205334.795897850]: Temp compute time = 0.031485, average compute time = 0.022854
[INFO] [1789205334.885844881]: Temp compute time = 0.019540, average compute time = 0.022768
[INFO] [1789205334.995441629]: Temp compute time = 0.029084, average compute time = 0.023140
[INFO] [1789205335.093676285]: Temp compute time = 0.027579, average compute time = 0.023650
[INFO] [1789205335.194966984]: Temp compute time = 0.030938, average compute time = 0.023752
[INFO] [1789205335.284349075]: Temp compute time = 0.018834, average compute time = 0.023841
[INFO] [1789205335.383494150]: Temp compute time = 0.018015, average compute time = 0.023684
[INFO] [1789205335.480949511]: Temp compute time = 0.015557, average compute time = 0.023436
[INFO] [1789205335.598485633]: Temp compute time = 0.033102, average compute time = 0.024268
[INFO] [1789205335.699528836]: Temp compute time = 0.030727, average compute time = 0.024354
[INFO] [1789205335.788971482]: Temp compute time = 0.029106, average compute time = 0.024732
[INFO] [1789205335.895370310]: Temp compute time = 0.035928, average compute time = 0.024956
[INFO] [1789205335.990974132]: Temp compute time = 0.025172, average compute time = 0.025182
[INFO] [1789205336.098157291]: Temp compute time = 0.036606, average compute time = 0.026017
[INFO] [1789205336.197859571]: Temp compute time = 0.029128, average compute time = 0.025941
[INFO] [1789205336.284857600]: Temp compute time = 0.016671, average compute time = 0.025407
[INFO] [1789205336.385774045]: Temp compute time = 0.017569, average compute time = 0.025491
[INFO] [1789205336.488860802]: Temp compute time = 0.020717, average compute time = 0.025700
[INFO] [1789205336.576774734]: Temp compute time = 0.017603, average compute time = 0.025687
[INFO] [1789205336.688666187]: Temp compute time = 0.029272, average compute time = 0.025793
[INFO] [1789205336.777188229]: Temp compute time = 0.018003, average compute time = 0.025269
[INFO] [1789205336.876350070]: Temp compute time = 0.017289, average compute time = 0.024592
[INFO] [1789205336.992551196]: Temp compute time = 0.033474, average compute time = 0.025256
[INFO] [1789205337.083317046]: Temp compute time = 0.020233, average compute time = 0.024835
[INFO] [1789205337.196755119]: Temp compute time = 0.033067, average compute time = 0.025096
[INFO] [1789205337.287407408]: Temp compute time = 0.020072, average compute time = 0.024578
[INFO] [1789205337.388395064]: Temp compute time = 0.020485, average compute time = 0.024657
[INFO] [1789205337.510248636]: Temp compute time = 0.041447, average compute time = 0.025773
[INFO] [1789205337.594868151]: Temp compute time = 0.033995, average compute time = 0.026651
[INFO] [1789205337.685731828]: Temp compute time = 0.020321, average compute time = 0.026042
[INFO] [1789205337.781021605]: Temp compute time = 0.014893, average compute time = 0.025288
[INFO] [1789205337.892874867]: Temp compute time = 0.026717, average compute time = 0.025174
[INFO] [1789205337.982958737]: Temp compute time = 0.019626, average compute time = 0.024398
[INFO] [1789205338.087294393]: Temp compute time = 0.023936, average compute time = 0.024339
[INFO] [1789205338.185760868]: Temp compute time = 0.018121, average compute time = 0.023459
[INFO] [1789205338.283909746]: Temp compute time = 0.016314, average compute time = 0.022849
[INFO] [1789205338.389883367]: Temp compute time = 0.022262, average compute time = 0.023115
[INFO] [1789205338.493902672]: Temp compute time = 0.033619, average compute time = 0.023879
[INFO] [1789205338.581740630]: Temp compute time = 0.017411, average compute time = 0.023722
[INFO] [1789205338.683413924]: Temp compute time = 0.019074, average compute time = 0.023792
[INFO] [1789205338.781665957]: Temp compute time = 0.017374, average compute time = 0.023225
[INFO] [1789205338.884320654]: Temp compute time = 0.019996, average compute time = 0.023320
[INFO] [1789205338.982811782]: Temp compute time = 0.018093, average compute time = 0.023358
[INF[INFO] [1789205332.029325880]: M2.5 evaluator writes /home/jjm/??????/????????????/code/??????/?????? VS ?????????/results/depth_cbf_m25/frames/A1_plane_oblique.csv; sole algorithm cloud input=/quad0_pcl_render_node/sensor_cloud; GT mode=A1_plane is evaluation-only.
terminate called after throwing an instance of 'boost::wrapexcept<boost::lock_error>'
  what():  boost: mutex lock failed in pthread_mutex_lock: Invalid argument
[INFO] [1789205332.523099983]: Published latched M2.5 map /home/jjm/??????/????????????/code/??????/?????? VS ?????????/src/coni_mpc/test_data/depth_cbf_m25/A1_plane.pcd with 7701 points
WARNING: Package name "cascadePID" does not follow the naming conventions. It should start with a lower case letter and only contain lower case letters, digits, underscores, and dashes.
[31m================================================================================REQUIRED process [depth_cbf_m25_trajectory-3] has died!
process has finished cleanly
log file: /home/jjm/.ros/log/cd794b1a-ade9-11f1-aae2-25bc297d88f9/depth_cbf_m25_trajectory-3*.log
Initiating shutdown!
================================================================================[0m
... logging to /home/jjm/.ros/log/cd794b1a-ade9-11f1-aae2-25bc297d88f9/roslaunch-jjm-235614.log
Checking log directory for disk usage. This may take a while.
Press Ctrl-C to interrupt
Done checking log file disk usage. Usage is <1GB.
]2;/home/jjm/桌面/论文修改/code/仿真/惯性 VS 非惯性/src/coni_mpc/launch/depth_cbf_m25.launch
[1mstarted roslaunch server http://jjm:37953/[0m

SUMMARY
========

PARAMETERS
 * /depth_cbf_m25_evaluator/car_odom_topic: /coni_mpc/car_odom
 * /depth_cbf_m25_evaluator/cloud_topic: /quad0_pcl_render...
 * /depth_cbf_m25_evaluator/debug_compare_world_cloud: True
 * /depth_cbf_m25_evaluator/debug_print_every_n_clouds: 20
 * /depth_cbf_m25_evaluator/debug_random_seed: 7
 * /depth_cbf_m25_evaluator/debug_sample_count: 3
 * /depth_cbf_m25_evaluator/debug_world_cloud_topic: /quad0_pcl_render...
 * /depth_cbf_m25_evaluator/extrinsics/rotation_BL: [1.0, 0.0, 0.0, 0...
 * /depth_cbf_m25_evaluator/extrinsics/translation_BL: [0.0, 0.0, 0.0]
 * /depth_cbf_m25_evaluator/filter/enable_ground_filter: False
 * /depth_cbf_m25_evaluator/filter/enable_voxel_filter: True
 * /depth_cbf_m25_evaluator/filter/ground_min_z_W: 0.1
 * /depth_cbf_m25_evaluator/filter/local_radius: 4.0
 * /depth_cbf_m25_evaluator/filter/max_range: 30.0
 * /depth_cbf_m25_evaluator/filter/min_range: 1.0
 * /depth_cbf_m25_evaluator/filter/voxel_leaf_size: 0.1
 * /depth_cbf_m25_evaluator/m25/gt_pcd: <...>
 * /depth_cbf_m25_evaluator/m25/max_pose_time_offset_sec: 0.025
 * /depth_cbf_m25_evaluator/m25/min_raylength: 1.0
 * /depth_cbf_m25_evaluator/m25/motion: oblique
 * /depth_cbf_m25_evaluator/m25/non_conservative_tolerance: 0.001
 * /depth_cbf_m25_evaluator/m25/result_root: <...>
 * /depth_cbf_m25_evaluator/m25/root_max_distance: 4.0
 * /depth_cbf_m25_evaluator/m25/root_samples: 160
 * /depth_cbf_m25_evaluator/m25/run_id: A1_plane_oblique
 * /depth_cbf_m25_evaluator/m25/scene: A1_plane
 * /depth_cbf_m25_evaluator/m25/vertical_fov_deg: 77.2
 * /depth_cbf_m25_evaluator/m25/yaw_fov_deg: 70.4
 * /depth_cbf_m25_evaluator/max_pose_time_offset_sec: 0.025
 * /depth_cbf_m25_evaluator/noninertial_frame_id: base_link
 * /depth_cbf_m25_evaluator/quad_odom_topic: /coni_mpc/quad_odom1
 * /depth_cbf_m25_evaluator/query_mesh/half_width_steps: 2
 * /depth_cbf_m25_evaluator/query_mesh/nearest_neighbor_max_distance: 3.47
 * /depth_cbf_m25_evaluator/query_mesh/spacing: 0.15
 * /depth_cbf_m25_evaluator/regression/local_cloud_topic: /depth_cbf_cloud_...
 * /depth_cbf_m25_evaluator/regression/log_every_n_fits: 20
 * /depth_cbf_m25_evaluator/regression/max_abs_error: 0.75
 * /depth_cbf_m25_evaluator/regression/max_condition_number: 1.0e8
 * /depth_cbf_m25_evaluator/regression/max_rmse: 0.25
 * /depth_cbf_m25_evaluator/regression/query_center_topic: /depth_cbf_cloud_...
 * /depth_cbf_m25_evaluator/regression/relative_rank_tolerance: 1e-10
 * /depth_cbf_m25_evaluator/regression/subscriber_queue_size: 5
 * /depth_cbf_m25_evaluator/regression/sync_queue_size: 10
 * /depth_cbf_m25_evaluator/safety/d_safe: 0.15
 * /depth_cbf_m25_evaluator/safety/delta_surface: 0.0
 * /depth_cbf_m25_evaluator/safety/r_uav: 0.15
 * /depth_cbf_m25_evaluator/subscriber_queue_size: 20
 * /depth_cbf_m25_evaluator/sync_queue_size: 40
 * /depth_cbf_m25_evaluator/sync_slop_sec: 0.025
 * /depth_cbf_m25_evaluator/world_frame_id: map
 * /depth_cbf_m25_map_pub/map_name: <...>
 * /depth_cbf_m25_trajectory/duration_sec: 5.0
 * /depth_cbf_m25_trajectory/motion: oblique
 * /depth_cbf_m25_trajectory/scene: A1_plane
 * /depth_cbf_m25_trajectory/warmup_sec: 2.0
 * /depth_cbf_m25_trajectory/yaw_offset_deg: 0.0
 * /quad0_pcl_render_node/collision_range: 0.3
 * /quad0_pcl_render_node/collisioncheck_enable: 0
 * /quad0_pcl_render_node/curvature_limit: 100.0
 * /quad0_pcl_render_node/downsample_res: 0.1
 * /quad0_pcl_render_node/drone_id: 0
 * /quad0_pcl_render_node/dyn_mode: 0
 * /quad0_pcl_render_node/dyn_velocity: 0.0
 * /quad0_pcl_render_node/dynobj_enable: 0
 * /quad0_pcl_render_node/dynobject_num: 0
 * /quad0_pcl_render_node/dynobject_size: 0.8
 * /quad0_pcl_render_node/estimation_rate: 10.0
 * /quad0_pcl_render_node/hash_cubesize: 5.0
 * /quad0_pcl_render_node/is_360lidar: 0
 * /quad0_pcl_render_node/livox_linestep: 1.4
 * /quad0_pcl_render_node/min_raylength: 1.0
 * /quad0_pcl_render_node/output_pcd: 0
 * /quad0_pcl_render_node/polar_resolution: 0.2
 * /quad0_pcl_render_node/quadrotor_name: m25_quad0
 * /quad0_pcl_render_node/sensing_horizon: 30.0
 * /quad0_pcl_render_node/sensing_rate: 10.0
 * /quad0_pcl_render_node/uav_num: 1
 * /quad0_pcl_render_node/use_avia_pattern: 1
 * /quad0_pcl_render_node/use_minicf_pattern: 0
 * /quad0_pcl_render_node/use_uav_extra_model: 0
 * /quad0_pcl_render_node/use_vlp32_pattern: 0
 * /quad0_pcl_render_node/vertical_fov: 77.2
 * /quad0_pcl_render_node/yaw_fov: 70.4
 * /rosdistro: noetic
 * /rosversion: 1.17.4

NODES
  /
    depth_cbf_m25_evaluator (coni_mpc/depth_cbf_m25_evaluation_node)
    depth_cbf_m25_map_pub (coni_mpc/depth_cbf_m25_map_publisher_node)
    depth_cbf_m25_trajectory (coni_mpc/depth_cbf_m25_trajectory_node)
    quad0_pcl_render_node (local_sensing_node/pcl_render_node)

[1mROS_MASTER_URI=http://localhost:11311[0m
]2;/home/jjm/桌面/论文修改/code/仿真/惯性 VS 非惯性/src/coni_mpc/launch/depth_cbf_m25.launch http://localhost:11311
[1mprocess[depth_cbf_m25_map_pub-1]: started with pid [235655][0m
[1mprocess[quad0_pcl_render_node-2]: started with pid [235656][0m
[1mprocess[depth_cbf_m25_trajectory-3]: started with pid [235658][0m
[1mprocess[depth_cbf_m25_evaluator-4]: started with pid [235663][0m
[depth_cbf_m25_evaluator-4] killing on exit
[depth_cbf_m25_trajectory-3] killing on exit
[quad0_pcl_render_node-2] killing on exit
[depth_cbf_m25_map_pub-1] killing on exit
shutting down processing monitor...
... shutting down processing monitor complete
[1mdone[0m
