[INFO] [1789205357.995617895]: drone_drawpoints_num = 4,4,2, Uav points num = 32

Found pkg_path = /home/jjm/桌面/小样本学习的去中心集群协同跟踪/marsim_ws/src/MARSIM/local_sensing/data/m25_quad0_time_consumption.txt

Found pkg_path = /home/jjm/桌面/小样本学习的去中心集群协同跟踪/marsim_ws/src/MARSIM/local_sensing/data/m25_quad0_collision_check_time_consumption.txt
[WARN] [1789205358.474761086]: Global Pointcloud received..
[WARN] [1789205358.492780768]: Normal compute finished.., mapsize = 2706
[INFO] [1789205360.625791118]: Temp compute time = 0.022901, average compute time = 0.025258
[INFO] [1789205360.729411625]: Temp compute time = 0.023114, average compute time = 0.024598
[INFO] [1789205360.822543063]: Temp compute time = 0.022718, average compute time = 0.024197
[INFO] [1789205360.926073170]: Temp compute time = 0.023058, average compute time = 0.023565
[INFO] [1789205361.019974458]: Temp compute time = 0.013568, average compute time = 0.022727
[INFO] [1789205361.127269039]: Temp compute time = 0.020866, average compute time = 0.022793
[INFO] [1789205361.235684070]: Temp compute time = 0.037999, average compute time = 0.023596
[INFO] [1789205361.342401019]: Temp compute time = 0.036338, average compute time = 0.024223
[INFO] [1789205361.443189635]: Temp compute time = 0.040328, average compute time = 0.024595
[INFO] [1789205361.524333612]: Temp compute time = 0.020916, average compute time = 0.024538
[INFO] [1789205361.630028553]: Temp compute time = 0.025233, average compute time = 0.024719
[INFO] [1789205361.732263704]: Temp compute time = 0.031727, average compute time = 0.024650
[INFO] [1789205361.824253745]: Temp compute time = 0.021771, average compute time = 0.024238
[INFO] [1789205361.926723935]: Temp compute time = 0.022141, average compute time = 0.024310
[INFO] [1789205362.032150081]: Temp compute time = 0.025241, average compute time = 0.024440
[INFO] [1789205362.142204164]: Temp compute time = 0.039877, average compute time = 0.025363
[INFO] [1789205362.247228061]: Temp compute time = 0.044812, average compute time = 0.026565
[INFO] [1789205362.351839551]: Temp compute time = 0.044485, average compute time = 0.027600
[INFO] [1789205362.442508242]: Temp compute time = 0.040488, average compute time = 0.028384
[INFO] [1789205362.513457264]: Temp compute time = 0.010842, average compute time = 0.028017
[INFO] [1789205362.618228031]: Temp compute time = 0.015607, average compute time = 0.027811
[INFO] [1789205362.717469868]: Temp compute time = 0.014848, average compute time = 0.027428
[INFO] [1789205362.830822731]: Temp compute time = 0.028154, average compute time = 0.027668
[INFO] [1789205362.920209087]: Temp compute time = 0.019205, average compute time = 0.027500
[INFO] [1789205363.043517310]: Temp compute time = 0.042398, average compute time = 0.028421
[INFO] [1789205363.147829757]: Temp compute time = 0.043871, average compute time = 0.029864
[INFO] [1789205363.224250143]: Temp compute time = 0.026087, average compute time = 0.030113
[INFO] [1789205363.325928332]: Temp compute time = 0.021411, average compute time = 0.029323
[INFO] [1789205363.425850980]: Temp compute time = 0.019790, average compute time = 0.028535
[INFO] [1789205363.524490049]: Temp compute time = 0.018417, average compute time = 0.027492
[INFO] [1789205363.631230226]: Temp compute time = 0.025128, average compute time = 0.027692
[INFO] [1789205363.739418065]: Temp compute time = 0.037839, average compute time = 0.028292
[INFO] [1789205363.825039022]: Temp compute time = 0.025228, average compute time = 0.027983
[INFO] [1789205363.941557362]: Temp compute time = 0.036110, average compute time = 0.028666
[INFO] [1789205364.039753398]: Temp compute time = 0.037924, average compute time = 0.029417
[INFO] [1789205364.108539036]: Temp compute time = 0.008594, average compute time = 0.028624
[INFO] [1789205364.223785332]: Temp compute time = 0.023806, average compute time = 0.027859
[INFO] [1789205364.329895951]: Temp compute time = 0.025653, average compute time = 0.026947
[INFO] [1789205364.427529603]: Temp compute time = 0.027172, average compute time = 0.026122
[INFO] [1789205364.512098891]: Temp compute time = 0.014178, average compute time = 0.024870
[INFO] [1789205364.624423752]: Temp compute time = 0.026457, average compute time = 0.025613
[INFO] [1789205364.725781187]: Temp compute time = 0.020883, average compute time = 0.025864
[INFO] [1789205364.828316897]: Temp compute time = 0.022266, average compute time = 0.026218
[INFO] [1789205364.938173441]: Temp compute time = 0.039265, average compute time = 0.026747
[INF[INFO] [1789205357.973090197]: M2.5 evaluator writes /home/jjm/??????/????????????/code/??????/?????? VS ?????????/results/depth_cbf_m25/frames/A2_cylinder_parallel.csv; sole algorithm cloud input=/quad0_pcl_render_node/sensor_cloud; GT mode=A2_cylinder is evaluation-only.
[INFO] [1789205358.469732967]: Published latched M2.5 map /home/jjm/??????/????????????/code/??????/?????? VS ?????????/src/coni_mpc/test_data/depth_cbf_m25/A2_cylinder.pcd with 9180 points
terminate called after throwing an instance of 'boost::wrapexcept<boost::lock_error>'
  what():  boost: mutex lock failed in pthread_mutex_lock: Invalid argument
WARNING: Package name "cascadePID" does not follow the naming conventions. It should start with a lower case letter and only contain lower case letters, digits, underscores, and dashes.
[31m================================================================================REQUIRED process [depth_cbf_m25_trajectory-3] has died!
process has finished cleanly
log file: /home/jjm/.ros/log/cd794b1a-ade9-11f1-aae2-25bc297d88f9/depth_cbf_m25_trajectory-3*.log
Initiating shutdown!
================================================================================[0m
... logging to /home/jjm/.ros/log/cd794b1a-ade9-11f1-aae2-25bc297d88f9/roslaunch-jjm-236000.log
Checking log directory for disk usage. This may take a while.
Press Ctrl-C to interrupt
Done checking log file disk usage. Usage is <1GB.
]2;/home/jjm/桌面/论文修改/code/仿真/惯性 VS 非惯性/src/coni_mpc/launch/depth_cbf_m25.launch
[1mstarted roslaunch server http://jjm:40499/[0m

SUMMARY
========

PARAMETERS
 * /depth_cbf_m25_evaluator/car_odom_topic: /coni_mpc/car_odom
 * /depth_cbf_m25_evaluator/cloud_topic: /quad0_pcl_render...
 * /depth_cbf_m25_evaluator/debug_compare_world_cloud: True
 * /depth_cbf_m25_evaluator/debug_print_every_n_clouds: 20
 * /depth_cbf_m25_evaluator/debug_random_seed: 7
 * /depth_cbf_m25_evaluator/debug_sample_count: 3
 * /depth_cbf_m25_evaluator/debug_world_cloud_topic: /quad0_pcl_render...
 * /depth_cbf_m25_evaluator/extrinsics/rotation_BL: [1.0, 0.0, 0.0, 0...
 * /depth_cbf_m25_evaluator/extrinsics/translation_BL: [0.0, 0.0, 0.0]
 * /depth_cbf_m25_evaluator/filter/enable_ground_filter: False
 * /depth_cbf_m25_evaluator/filter/enable_voxel_filter: True
 * /depth_cbf_m25_evaluator/filter/ground_min_z_W: 0.1
 * /depth_cbf_m25_evaluator/filter/local_radius: 4.0
 * /depth_cbf_m25_evaluator/filter/max_range: 30.0
 * /depth_cbf_m25_evaluator/filter/min_range: 1.0
 * /depth_cbf_m25_evaluator/filter/voxel_leaf_size: 0.1
 * /depth_cbf_m25_evaluator/m25/gt_pcd: <...>
 * /depth_cbf_m25_evaluator/m25/max_pose_time_offset_sec: 0.025
 * /depth_cbf_m25_evaluator/m25/min_raylength: 1.0
 * /depth_cbf_m25_evaluator/m25/motion: parallel
 * /depth_cbf_m25_evaluator/m25/non_conservative_tolerance: 0.001
 * /depth_cbf_m25_evaluator/m25/result_root: <...>
 * /depth_cbf_m25_evaluator/m25/root_max_distance: 4.0
 * /depth_cbf_m25_evaluator/m25/root_samples: 160
 * /depth_cbf_m25_evaluator/m25/run_id: A2_cylinder_parallel
 * /depth_cbf_m25_evaluator/m25/scene: A2_cylinder
 * /depth_cbf_m25_evaluator/m25/vertical_fov_deg: 77.2
 * /depth_cbf_m25_evaluator/m25/yaw_fov_deg: 70.4
 * /depth_cbf_m25_evaluator/max_pose_time_offset_sec: 0.025
 * /depth_cbf_m25_evaluator/noninertial_frame_id: base_link
 * /depth_cbf_m25_evaluator/quad_odom_topic: /coni_mpc/quad_odom1
 * /depth_cbf_m25_evaluator/query_mesh/half_width_steps: 2
 * /depth_cbf_m25_evaluator/query_mesh/nearest_neighbor_max_distance: 3.47
 * /depth_cbf_m25_evaluator/query_mesh/spacing: 0.15
 * /depth_cbf_m25_evaluator/regression/local_cloud_topic: /depth_cbf_cloud_...
 * /depth_cbf_m25_evaluator/regression/log_every_n_fits: 20
 * /depth_cbf_m25_evaluator/regression/max_abs_error: 0.75
 * /depth_cbf_m25_evaluator/regression/max_condition_number: 1.0e8
 * /depth_cbf_m25_evaluator/regression/max_rmse: 0.25
 * /depth_cbf_m25_evaluator/regression/query_center_topic: /depth_cbf_cloud_...
 * /depth_cbf_m25_evaluator/regression/relative_rank_tolerance: 1e-10
 * /depth_cbf_m25_evaluator/regression/subscriber_queue_size: 5
 * /depth_cbf_m25_evaluator/regression/sync_queue_size: 10
 * /depth_cbf_m25_evaluator/safety/d_safe: 0.15
 * /depth_cbf_m25_evaluator/safety/delta_surface: 0.0
 * /depth_cbf_m25_evaluator/safety/r_uav: 0.15
 * /depth_cbf_m25_evaluator/subscriber_queue_size: 20
 * /depth_cbf_m25_evaluator/sync_queue_size: 40
 * /depth_cbf_m25_evaluator/sync_slop_sec: 0.025
 * /depth_cbf_m25_evaluator/world_frame_id: map
 * /depth_cbf_m25_map_pub/map_name: <...>
 * /depth_cbf_m25_trajectory/duration_sec: 5.0
 * /depth_cbf_m25_trajectory/motion: parallel
 * /depth_cbf_m25_trajectory/scene: A2_cylinder
 * /depth_cbf_m25_trajectory/warmup_sec: 2.0
 * /depth_cbf_m25_trajectory/yaw_offset_deg: 0.0
 * /quad0_pcl_render_node/collision_range: 0.3
 * /quad0_pcl_render_node/collisioncheck_enable: 0
 * /quad0_pcl_render_node/curvature_limit: 100.0
 * /quad0_pcl_render_node/downsample_res: 0.1
 * /quad0_pcl_render_node/drone_id: 0
 * /quad0_pcl_render_node/dyn_mode: 0
 * /quad0_pcl_render_node/dyn_velocity: 0.0
 * /quad0_pcl_render_node/dynobj_enable: 0
 * /quad0_pcl_render_node/dynobject_num: 0
 * /quad0_pcl_render_node/dynobject_size: 0.8
 * /quad0_pcl_render_node/estimation_rate: 10.0
 * /quad0_pcl_render_node/hash_cubesize: 5.0
 * /quad0_pcl_render_node/is_360lidar: 0
 * /quad0_pcl_render_node/livox_linestep: 1.4
 * /quad0_pcl_render_node/min_raylength: 1.0
 * /quad0_pcl_render_node/output_pcd: 0
 * /quad0_pcl_render_node/polar_resolution: 0.2
 * /quad0_pcl_render_node/quadrotor_name: m25_quad0
 * /quad0_pcl_render_node/sensing_horizon: 30.0
 * /quad0_pcl_render_node/sensing_rate: 10.0
 * /quad0_pcl_render_node/uav_num: 1
 * /quad0_pcl_render_node/use_avia_pattern: 1
 * /quad0_pcl_render_node/use_minicf_pattern: 0
 * /quad0_pcl_render_node/use_uav_extra_model: 0
 * /quad0_pcl_render_node/use_vlp32_pattern: 0
 * /quad0_pcl_render_node/vertical_fov: 77.2
 * /quad0_pcl_render_node/yaw_fov: 70.4
 * /rosdistro: noetic
 * /rosversion: 1.17.4

NODES
  /
    depth_cbf_m25_evaluator (coni_mpc/depth_cbf_m25_evaluation_node)
    depth_cbf_m25_map_pub (coni_mpc/depth_cbf_m25_map_publisher_node)
    depth_cbf_m25_trajectory (coni_mpc/depth_cbf_m25_trajectory_node)
    quad0_pcl_render_node (local_sensing_node/pcl_render_node)

[1mROS_MASTER_URI=http://localhost:11311[0m
]2;/home/jjm/桌面/论文修改/code/仿真/惯性 VS 非惯性/src/coni_mpc/launch/depth_cbf_m25.launch http://localhost:11311
[1mprocess[depth_cbf_m25_map_pub-1]: started with pid [236041][0m
[1mprocess[quad0_pcl_render_node-2]: started with pid [236042][0m
[1mprocess[depth_cbf_m25_trajectory-3]: started with pid [236043][0m
[1mprocess[depth_cbf_m25_evaluator-4]: started with pid [236049][0m
[depth_cbf_m25_evaluator-4] killing on exit
[depth_cbf_m25_trajectory-3] killing on exit
[quad0_pcl_render_node-2] killing on exit
[depth_cbf_m25_map_pub-1] killing on exit
shutting down processing monitor...
... shutting down processing monitor complete
[1mdone[0m
