[INFO] [1789205349.207250695]: drone_drawpoints_num = 4,4,2, Uav points num = 32

Found pkg_path = /home/jjm/桌面/小样本学习的去中心集群协同跟踪/marsim_ws/src/MARSIM/local_sensing/data/m25_quad0_time_consumption.txt

Found pkg_path = /home/jjm/桌面/小样本学习的去中心集群协同跟踪/marsim_ws/src/MARSIM/local_sensing/data/m25_quad0_collision_check_time_consumption.txt
[WARN] [1789205349.686095155]: Global Pointcloud received..
[WARN] [1789205349.704709551]: Normal compute finished.., mapsize = 2706
[INFO] [1789205351.846787834]: Temp compute time = 0.033962, average compute time = 0.031774
[INFO] [1789205351.952978595]: Temp compute time = 0.035821, average compute time = 0.031537
[INFO] [1789205352.029515233]: Temp compute time = 0.016174, average compute time = 0.030489
[INFO] [1789205352.135633506]: Temp compute time = 0.022269, average compute time = 0.029901
[INFO] [1789205352.253265863]: Temp compute time = 0.037320, average compute time = 0.030198
[INFO] [1789205352.354179416]: Temp compute time = 0.040244, average compute time = 0.030500
[INFO] [1789205352.436341022]: Temp compute time = 0.021570, average compute time = 0.029666
[INFO] [1789205352.555252710]: Temp compute time = 0.038513, average compute time = 0.029875
[INFO] [1789205352.648937509]: Temp compute time = 0.033324, average compute time = 0.030606
[INFO] [1789205352.732044530]: Temp compute time = 0.022631, average compute time = 0.029995
[INFO] [1789205352.836230008]: Temp compute time = 0.023646, average compute time = 0.029240
[INFO] [1789205352.951774974]: Temp compute time = 0.035257, average compute time = 0.029410
[INFO] [1789205353.030879603]: Temp compute time = 0.018730, average compute time = 0.028746
[INFO] [1789205353.150124195]: Temp compute time = 0.037787, average compute time = 0.029311
[INFO] [1789205353.250608569]: Temp compute time = 0.040065, average compute time = 0.029721
[INFO] [1789205353.332411170]: Temp compute time = 0.021235, average compute time = 0.029827
[INFO] [1789205353.434793802]: Temp compute time = 0.022059, average compute time = 0.029435
[INFO] [1789205353.538129310]: Temp compute time = 0.022901, average compute time = 0.029450
[INFO] [1789205353.638581367]: Temp compute time = 0.020231, average compute time = 0.029134
[INFO] [1789205353.739798734]: Temp compute time = 0.020987, average compute time = 0.028521
[INFO] [1789205353.832522737]: Temp compute time = 0.022581, average compute time = 0.027967
[INFO] [1789205353.935506055]: Temp compute time = 0.022839, average compute time = 0.027437
[INFO] [1789205354.056911006]: Temp compute time = 0.041159, average compute time = 0.027692
[INFO] [1789205354.160532825]: Temp compute time = 0.043454, average compute time = 0.028991
[INFO] [1789205354.253451953]: Temp compute time = 0.042780, average compute time = 0.029967
[INFO] [1789205354.356383260]: Temp compute time = 0.042585, average compute time = 0.030218
[INFO] [1789205354.462468352]: Temp compute time = 0.045953, average compute time = 0.030490
[INFO] [1789205354.547364288]: Temp compute time = 0.034747, average compute time = 0.031117
[INFO] [1789205354.645443297]: Temp compute time = 0.027895, average compute time = 0.030612
[INFO] [1789205354.740612699]: Temp compute time = 0.024854, average compute time = 0.030208
[INFO] [1789205354.830620999]: Temp compute time = 0.019843, average compute time = 0.030076
[INFO] [1789205354.935796123]: Temp compute time = 0.025018, average compute time = 0.030141
[INFO] [1789205355.066796888]: Temp compute time = 0.050845, average compute time = 0.030883
[INFO] [1789205355.164738367]: Temp compute time = 0.047658, average compute time = 0.032261
[INFO] [1789205355.265248571]: Temp compute time = 0.050330, average compute time = 0.032858
[INFO] [1789205355.367920135]: Temp compute time = 0.052395, average compute time = 0.033445
[INFO] [1789205355.467523820]: Temp compute time = 0.049484, average compute time = 0.034790
[INFO] [1789205355.563828143]: Temp compute time = 0.046033, average compute time = 0.035932
[INFO] [1789205355.664563753]: Temp compute time = 0.050498, average compute time = 0.037246
[INFO] [1789205355.764110173]: Temp compute time = 0.049401, average compute time = 0.038635
[INFO] [1789205355.863878483]: Temp compute time = 0.049635, average compute time = 0.039999
[INFO] [1789205355.962510741]: Temp compute time = 0.048491, average compute time = 0.041233
[INFO] [1789205356.062563894]: Temp compute time = 0.049901, average compute time = 0.042522
[INFO] [1789205356.158921491]: Temp compute time = 0.046237, average compute time = 0.042764
[INF[INFO] [1789205349.677488685]: Published latched M2.5 map /home/jjm/??????/????????????/code/??????/?????? VS ?????????/src/coni_mpc/test_data/depth_cbf_m25/A2_cylinder.pcd with 9180 points
[INFO] [1789205349.181235208]: M2.5 evaluator writes /home/jjm/??????/????????????/code/??????/?????? VS ?????????/results/depth_cbf_m25/frames/A2_cylinder_front.csv; sole algorithm cloud input=/quad0_pcl_render_node/sensor_cloud; GT mode=A2_cylinder is evaluation-only.
terminate called after throwing an instance of 'boost::wrapexcept<boost::lock_error>'
  what():  boost: mutex lock failed in pthread_mutex_lock: Invalid argument
WARNING: Package name "cascadePID" does not follow the naming conventions. It should start with a lower case letter and only contain lower case letters, digits, underscores, and dashes.
[31m================================================================================REQUIRED process [depth_cbf_m25_trajectory-3] has died!
process has finished cleanly
log file: /home/jjm/.ros/log/cd794b1a-ade9-11f1-aae2-25bc297d88f9/depth_cbf_m25_trajectory-3*.log
Initiating shutdown!
================================================================================[0m
... logging to /home/jjm/.ros/log/cd794b1a-ade9-11f1-aae2-25bc297d88f9/roslaunch-jjm-235859.log
Checking log directory for disk usage. This may take a while.
Press Ctrl-C to interrupt
Done checking log file disk usage. Usage is <1GB.
]2;/home/jjm/桌面/论文修改/code/仿真/惯性 VS 非惯性/src/coni_mpc/launch/depth_cbf_m25.launch
[1mstarted roslaunch server http://jjm:46331/[0m

SUMMARY
========

PARAMETERS
 * /depth_cbf_m25_evaluator/car_odom_topic: /coni_mpc/car_odom
 * /depth_cbf_m25_evaluator/cloud_topic: /quad0_pcl_render...
 * /depth_cbf_m25_evaluator/debug_compare_world_cloud: True
 * /depth_cbf_m25_evaluator/debug_print_every_n_clouds: 20
 * /depth_cbf_m25_evaluator/debug_random_seed: 7
 * /depth_cbf_m25_evaluator/debug_sample_count: 3
 * /depth_cbf_m25_evaluator/debug_world_cloud_topic: /quad0_pcl_render...
 * /depth_cbf_m25_evaluator/extrinsics/rotation_BL: [1.0, 0.0, 0.0, 0...
 * /depth_cbf_m25_evaluator/extrinsics/translation_BL: [0.0, 0.0, 0.0]
 * /depth_cbf_m25_evaluator/filter/enable_ground_filter: False
 * /depth_cbf_m25_evaluator/filter/enable_voxel_filter: True
 * /depth_cbf_m25_evaluator/filter/ground_min_z_W: 0.1
 * /depth_cbf_m25_evaluator/filter/local_radius: 4.0
 * /depth_cbf_m25_evaluator/filter/max_range: 30.0
 * /depth_cbf_m25_evaluator/filter/min_range: 1.0
 * /depth_cbf_m25_evaluator/filter/voxel_leaf_size: 0.1
 * /depth_cbf_m25_evaluator/m25/gt_pcd: <...>
 * /depth_cbf_m25_evaluator/m25/max_pose_time_offset_sec: 0.025
 * /depth_cbf_m25_evaluator/m25/min_raylength: 1.0
 * /depth_cbf_m25_evaluator/m25/motion: front
 * /depth_cbf_m25_evaluator/m25/non_conservative_tolerance: 0.001
 * /depth_cbf_m25_evaluator/m25/result_root: <...>
 * /depth_cbf_m25_evaluator/m25/root_max_distance: 4.0
 * /depth_cbf_m25_evaluator/m25/root_samples: 160
 * /depth_cbf_m25_evaluator/m25/run_id: A2_cylinder_front
 * /depth_cbf_m25_evaluator/m25/scene: A2_cylinder
 * /depth_cbf_m25_evaluator/m25/vertical_fov_deg: 77.2
 * /depth_cbf_m25_evaluator/m25/yaw_fov_deg: 70.4
 * /depth_cbf_m25_evaluator/max_pose_time_offset_sec: 0.025
 * /depth_cbf_m25_evaluator/noninertial_frame_id: base_link
 * /depth_cbf_m25_evaluator/quad_odom_topic: /coni_mpc/quad_odom1
 * /depth_cbf_m25_evaluator/query_mesh/half_width_steps: 2
 * /depth_cbf_m25_evaluator/query_mesh/nearest_neighbor_max_distance: 3.47
 * /depth_cbf_m25_evaluator/query_mesh/spacing: 0.15
 * /depth_cbf_m25_evaluator/regression/local_cloud_topic: /depth_cbf_cloud_...
 * /depth_cbf_m25_evaluator/regression/log_every_n_fits: 20
 * /depth_cbf_m25_evaluator/regression/max_abs_error: 0.75
 * /depth_cbf_m25_evaluator/regression/max_condition_number: 1.0e8
 * /depth_cbf_m25_evaluator/regression/max_rmse: 0.25
 * /depth_cbf_m25_evaluator/regression/query_center_topic: /depth_cbf_cloud_...
 * /depth_cbf_m25_evaluator/regression/relative_rank_tolerance: 1e-10
 * /depth_cbf_m25_evaluator/regression/subscriber_queue_size: 5
 * /depth_cbf_m25_evaluator/regression/sync_queue_size: 10
 * /depth_cbf_m25_evaluator/safety/d_safe: 0.15
 * /depth_cbf_m25_evaluator/safety/delta_surface: 0.0
 * /depth_cbf_m25_evaluator/safety/r_uav: 0.15
 * /depth_cbf_m25_evaluator/subscriber_queue_size: 20
 * /depth_cbf_m25_evaluator/sync_queue_size: 40
 * /depth_cbf_m25_evaluator/sync_slop_sec: 0.025
 * /depth_cbf_m25_evaluator/world_frame_id: map
 * /depth_cbf_m25_map_pub/map_name: <...>
 * /depth_cbf_m25_trajectory/duration_sec: 5.0
 * /depth_cbf_m25_trajectory/motion: front
 * /depth_cbf_m25_trajectory/scene: A2_cylinder
 * /depth_cbf_m25_trajectory/warmup_sec: 2.0
 * /depth_cbf_m25_trajectory/yaw_offset_deg: 0.0
 * /quad0_pcl_render_node/collision_range: 0.3
 * /quad0_pcl_render_node/collisioncheck_enable: 0
 * /quad0_pcl_render_node/curvature_limit: 100.0
 * /quad0_pcl_render_node/downsample_res: 0.1
 * /quad0_pcl_render_node/drone_id: 0
 * /quad0_pcl_render_node/dyn_mode: 0
 * /quad0_pcl_render_node/dyn_velocity: 0.0
 * /quad0_pcl_render_node/dynobj_enable: 0
 * /quad0_pcl_render_node/dynobject_num: 0
 * /quad0_pcl_render_node/dynobject_size: 0.8
 * /quad0_pcl_render_node/estimation_rate: 10.0
 * /quad0_pcl_render_node/hash_cubesize: 5.0
 * /quad0_pcl_render_node/is_360lidar: 0
 * /quad0_pcl_render_node/livox_linestep: 1.4
 * /quad0_pcl_render_node/min_raylength: 1.0
 * /quad0_pcl_render_node/output_pcd: 0
 * /quad0_pcl_render_node/polar_resolution: 0.2
 * /quad0_pcl_render_node/quadrotor_name: m25_quad0
 * /quad0_pcl_render_node/sensing_horizon: 30.0
 * /quad0_pcl_render_node/sensing_rate: 10.0
 * /quad0_pcl_render_node/uav_num: 1
 * /quad0_pcl_render_node/use_avia_pattern: 1
 * /quad0_pcl_render_node/use_minicf_pattern: 0
 * /quad0_pcl_render_node/use_uav_extra_model: 0
 * /quad0_pcl_render_node/use_vlp32_pattern: 0
 * /quad0_pcl_render_node/vertical_fov: 77.2
 * /quad0_pcl_render_node/yaw_fov: 70.4
 * /rosdistro: noetic
 * /rosversion: 1.17.4

NODES
  /
    depth_cbf_m25_evaluator (coni_mpc/depth_cbf_m25_evaluation_node)
    depth_cbf_m25_map_pub (coni_mpc/depth_cbf_m25_map_publisher_node)
    depth_cbf_m25_trajectory (coni_mpc/depth_cbf_m25_trajectory_node)
    quad0_pcl_render_node (local_sensing_node/pcl_render_node)

[1mROS_MASTER_URI=http://localhost:11311[0m
]2;/home/jjm/桌面/论文修改/code/仿真/惯性 VS 非惯性/src/coni_mpc/launch/depth_cbf_m25.launch http://localhost:11311
[1mprocess[depth_cbf_m25_map_pub-1]: started with pid [235907][0m
[1mprocess[quad0_pcl_render_node-2]: started with pid [235908][0m
[1mprocess[depth_cbf_m25_trajectory-3]: started with pid [235909][0m
[1mprocess[depth_cbf_m25_evaluator-4]: started with pid [235915][0m
[depth_cbf_m25_evaluator-4] killing on exit
[depth_cbf_m25_trajectory-3] killing on exit
[quad0_pcl_render_node-2] killing on exit
[depth_cbf_m25_map_pub-1] killing on exit
shutting down processing monitor...
... shutting down processing monitor complete
[1mdone[0m
