[INFO] [1789205375.449805890]: drone_drawpoints_num = 4,4,2, Uav points num = 32

Found pkg_path = /home/jjm/桌面/小样本学习的去中心集群协同跟踪/marsim_ws/src/MARSIM/local_sensing/data/m25_quad0_time_consumption.txt

Found pkg_path = /home/jjm/桌面/小样本学习的去中心集群协同跟踪/marsim_ws/src/MARSIM/local_sensing/data/m25_quad0_collision_check_time_consumption.txt
[WARN] [1789205375.929055489]: Global Pointcloud received..
[WARN] [1789205375.949183554]: Normal compute finished.., mapsize = 2706
[INFO] [1789205378.079208817]: Temp compute time = 0.023427, average compute time = 0.026101
[INFO] [1789205378.184450716]: Temp compute time = 0.024962, average compute time = 0.025623
[INFO] [1789205378.295741972]: Temp compute time = 0.041049, average compute time = 0.026876
[INFO] [1789205378.398774581]: Temp compute time = 0.042681, average compute time = 0.028051
[INFO] [1789205378.482948279]: Temp compute time = 0.023914, average compute time = 0.027838
[INFO] [1789205378.589728073]: Temp compute time = 0.036571, average compute time = 0.027918
[INFO] [1789205378.680662809]: Temp compute time = 0.020247, average compute time = 0.028272
[INFO] [1789205378.784775357]: Temp compute time = 0.023765, average compute time = 0.028190
[INFO] [1789205378.875965414]: Temp compute time = 0.020772, average compute time = 0.027670
[INFO] [1789205378.980665546]: Temp compute time = 0.024331, average compute time = 0.027177
[INFO] [1789205379.074960774]: Temp compute time = 0.013847, average compute time = 0.027001
[INFO] [1789205379.180881510]: Temp compute time = 0.019750, average compute time = 0.026390
[INFO] [1789205379.282107756]: Temp compute time = 0.020863, average compute time = 0.026692
[INFO] [1789205379.393136562]: Temp compute time = 0.040769, average compute time = 0.027710
[INFO] [1789205379.493033200]: Temp compute time = 0.039710, average compute time = 0.028094
[INFO] [1789205379.593187889]: Temp compute time = 0.039987, average compute time = 0.028982
[INFO] [1789205379.695967344]: Temp compute time = 0.042580, average compute time = 0.029413
[INFO] [1789205379.785956197]: Temp compute time = 0.029633, average compute time = 0.029032
[INFO] [1789205379.900899926]: Temp compute time = 0.044629, average compute time = 0.029295
[INFO] [1789205379.980424210]: Temp compute time = 0.019213, average compute time = 0.029298
[INFO] [1789205380.082043708]: Temp compute time = 0.020940, average compute time = 0.029221
[INFO] [1789205380.179527638]: Temp compute time = 0.027173, average compute time = 0.029399
[INFO] [1789205380.281219938]: Temp compute time = 0.021528, average compute time = 0.029236
[INFO] [1789205380.385042640]: Temp compute time = 0.023438, average compute time = 0.028397
[INFO] [1789205380.475468889]: Temp compute time = 0.020274, average compute time = 0.027330
[INFO] [1789205380.577582781]: Temp compute time = 0.021703, average compute time = 0.027225
[INFO] [1789205380.679183820]: Temp compute time = 0.021400, average compute time = 0.026502
[INFO] [1789205380.800417721]: Temp compute time = 0.040761, average compute time = 0.027479
[INFO] [1789205380.903802450]: Temp compute time = 0.043064, average compute time = 0.028398
[INFO] [1789205380.975730418]: Temp compute time = 0.021570, average compute time = 0.028436
[INFO] [1789205381.080710179]: Temp compute time = 0.024635, average compute time = 0.028451
[INFO] [1789205381.186368036]: Temp compute time = 0.025091, average compute time = 0.028986
[INFO] [1789205381.285295373]: Temp compute time = 0.028176, average compute time = 0.029387
[INFO] [1789205381.373041117]: Temp compute time = 0.017413, average compute time = 0.029223
[INFO] [1789205381.478819975]: Temp compute time = 0.023172, average compute time = 0.028385
[INFO] [1789205381.578827546]: Temp compute time = 0.019629, average compute time = 0.027429
[INFO] [1789205381.694247891]: Temp compute time = 0.035027, average compute time = 0.027193
[INFO] [1789205381.789840334]: Temp compute time = 0.035150, average compute time = 0.026839
[INFO] [1789205381.900357990]: Temp compute time = 0.040092, average compute time = 0.027337
[INFO] [1789205381.999513350]: Temp compute time = 0.038724, average compute time = 0.027056
[INFO] [1789205382.094774682]: Temp compute time = 0.034770, average compute time = 0.027797
[INFO] [1789205382.187048773]: Temp compute time = 0.031882, average compute time = 0.028318
[INFO] [1789205382.274116632]: Temp compute time = 0.016680, average compute time = 0.027818
[INFO] [1789205382.375602687]: Temp compute time = 0.018147, average compute time = 0.027657
[INFterminate called after throwing an instance of 'boost::wrapexcept<boost::lock_error>'
  what():  boost: mutex lock failed in pthread_mutex_lock: Invalid argument
[INFO] [1789205375.921272524]: Published latched M2.5 map /home/jjm/??????/????????????/code/??????/?????? VS ?????????/src/coni_mpc/test_data/depth_cbf_m25/A2_cylinder.pcd with 9180 points
[INFO] [1789205375.425272722]: M2.5 evaluator writes /home/jjm/??????/????????????/code/??????/?????? VS ?????????/results/depth_cbf_m25/frames/A2_cylinder_switching.csv; sole algorithm cloud input=/quad0_pcl_render_node/sensor_cloud; GT mode=A2_cylinder is evaluation-only.
WARNING: Package name "cascadePID" does not follow the naming conventions. It should start with a lower case letter and only contain lower case letters, digits, underscores, and dashes.
[31m================================================================================REQUIRED process [depth_cbf_m25_trajectory-3] has died!
process has finished cleanly
log file: /home/jjm/.ros/log/cd794b1a-ade9-11f1-aae2-25bc297d88f9/depth_cbf_m25_trajectory-3*.log
Initiating shutdown!
================================================================================[0m
... logging to /home/jjm/.ros/log/cd794b1a-ade9-11f1-aae2-25bc297d88f9/roslaunch-jjm-236282.log
Checking log directory for disk usage. This may take a while.
Press Ctrl-C to interrupt
Done checking log file disk usage. Usage is <1GB.
]2;/home/jjm/桌面/论文修改/code/仿真/惯性 VS 非惯性/src/coni_mpc/launch/depth_cbf_m25.launch
[1mstarted roslaunch server http://jjm:43483/[0m

SUMMARY
========

PARAMETERS
 * /depth_cbf_m25_evaluator/car_odom_topic: /coni_mpc/car_odom
 * /depth_cbf_m25_evaluator/cloud_topic: /quad0_pcl_render...
 * /depth_cbf_m25_evaluator/debug_compare_world_cloud: True
 * /depth_cbf_m25_evaluator/debug_print_every_n_clouds: 20
 * /depth_cbf_m25_evaluator/debug_random_seed: 7
 * /depth_cbf_m25_evaluator/debug_sample_count: 3
 * /depth_cbf_m25_evaluator/debug_world_cloud_topic: /quad0_pcl_render...
 * /depth_cbf_m25_evaluator/extrinsics/rotation_BL: [1.0, 0.0, 0.0, 0...
 * /depth_cbf_m25_evaluator/extrinsics/translation_BL: [0.0, 0.0, 0.0]
 * /depth_cbf_m25_evaluator/filter/enable_ground_filter: False
 * /depth_cbf_m25_evaluator/filter/enable_voxel_filter: True
 * /depth_cbf_m25_evaluator/filter/ground_min_z_W: 0.1
 * /depth_cbf_m25_evaluator/filter/local_radius: 4.0
 * /depth_cbf_m25_evaluator/filter/max_range: 30.0
 * /depth_cbf_m25_evaluator/filter/min_range: 1.0
 * /depth_cbf_m25_evaluator/filter/voxel_leaf_size: 0.1
 * /depth_cbf_m25_evaluator/m25/gt_pcd: <...>
 * /depth_cbf_m25_evaluator/m25/max_pose_time_offset_sec: 0.025
 * /depth_cbf_m25_evaluator/m25/min_raylength: 1.0
 * /depth_cbf_m25_evaluator/m25/motion: switching
 * /depth_cbf_m25_evaluator/m25/non_conservative_tolerance: 0.001
 * /depth_cbf_m25_evaluator/m25/result_root: <...>
 * /depth_cbf_m25_evaluator/m25/root_max_distance: 4.0
 * /depth_cbf_m25_evaluator/m25/root_samples: 160
 * /depth_cbf_m25_evaluator/m25/run_id: A2_cylinder_switc...
 * /depth_cbf_m25_evaluator/m25/scene: A2_cylinder
 * /depth_cbf_m25_evaluator/m25/vertical_fov_deg: 77.2
 * /depth_cbf_m25_evaluator/m25/yaw_fov_deg: 70.4
 * /depth_cbf_m25_evaluator/max_pose_time_offset_sec: 0.025
 * /depth_cbf_m25_evaluator/noninertial_frame_id: base_link
 * /depth_cbf_m25_evaluator/quad_odom_topic: /coni_mpc/quad_odom1
 * /depth_cbf_m25_evaluator/query_mesh/half_width_steps: 2
 * /depth_cbf_m25_evaluator/query_mesh/nearest_neighbor_max_distance: 3.47
 * /depth_cbf_m25_evaluator/query_mesh/spacing: 0.15
 * /depth_cbf_m25_evaluator/regression/local_cloud_topic: /depth_cbf_cloud_...
 * /depth_cbf_m25_evaluator/regression/log_every_n_fits: 20
 * /depth_cbf_m25_evaluator/regression/max_abs_error: 0.75
 * /depth_cbf_m25_evaluator/regression/max_condition_number: 1.0e8
 * /depth_cbf_m25_evaluator/regression/max_rmse: 0.25
 * /depth_cbf_m25_evaluator/regression/query_center_topic: /depth_cbf_cloud_...
 * /depth_cbf_m25_evaluator/regression/relative_rank_tolerance: 1e-10
 * /depth_cbf_m25_evaluator/regression/subscriber_queue_size: 5
 * /depth_cbf_m25_evaluator/regression/sync_queue_size: 10
 * /depth_cbf_m25_evaluator/safety/d_safe: 0.15
 * /depth_cbf_m25_evaluator/safety/delta_surface: 0.0
 * /depth_cbf_m25_evaluator/safety/r_uav: 0.15
 * /depth_cbf_m25_evaluator/subscriber_queue_size: 20
 * /depth_cbf_m25_evaluator/sync_queue_size: 40
 * /depth_cbf_m25_evaluator/sync_slop_sec: 0.025
 * /depth_cbf_m25_evaluator/world_frame_id: map
 * /depth_cbf_m25_map_pub/map_name: <...>
 * /depth_cbf_m25_trajectory/duration_sec: 5.0
 * /depth_cbf_m25_trajectory/motion: switching
 * /depth_cbf_m25_trajectory/scene: A2_cylinder
 * /depth_cbf_m25_trajectory/warmup_sec: 2.0
 * /depth_cbf_m25_trajectory/yaw_offset_deg: 0.0
 * /quad0_pcl_render_node/collision_range: 0.3
 * /quad0_pcl_render_node/collisioncheck_enable: 0
 * /quad0_pcl_render_node/curvature_limit: 100.0
 * /quad0_pcl_render_node/downsample_res: 0.1
 * /quad0_pcl_render_node/drone_id: 0
 * /quad0_pcl_render_node/dyn_mode: 0
 * /quad0_pcl_render_node/dyn_velocity: 0.0
 * /quad0_pcl_render_node/dynobj_enable: 0
 * /quad0_pcl_render_node/dynobject_num: 0
 * /quad0_pcl_render_node/dynobject_size: 0.8
 * /quad0_pcl_render_node/estimation_rate: 10.0
 * /quad0_pcl_render_node/hash_cubesize: 5.0
 * /quad0_pcl_render_node/is_360lidar: 0
 * /quad0_pcl_render_node/livox_linestep: 1.4
 * /quad0_pcl_render_node/min_raylength: 1.0
 * /quad0_pcl_render_node/output_pcd: 0
 * /quad0_pcl_render_node/polar_resolution: 0.2
 * /quad0_pcl_render_node/quadrotor_name: m25_quad0
 * /quad0_pcl_render_node/sensing_horizon: 30.0
 * /quad0_pcl_render_node/sensing_rate: 10.0
 * /quad0_pcl_render_node/uav_num: 1
 * /quad0_pcl_render_node/use_avia_pattern: 1
 * /quad0_pcl_render_node/use_minicf_pattern: 0
 * /quad0_pcl_render_node/use_uav_extra_model: 0
 * /quad0_pcl_render_node/use_vlp32_pattern: 0
 * /quad0_pcl_render_node/vertical_fov: 77.2
 * /quad0_pcl_render_node/yaw_fov: 70.4
 * /rosdistro: noetic
 * /rosversion: 1.17.4

NODES
  /
    depth_cbf_m25_evaluator (coni_mpc/depth_cbf_m25_evaluation_node)
    depth_cbf_m25_map_pub (coni_mpc/depth_cbf_m25_map_publisher_node)
    depth_cbf_m25_trajectory (coni_mpc/depth_cbf_m25_trajectory_node)
    quad0_pcl_render_node (local_sensing_node/pcl_render_node)

[1mROS_MASTER_URI=http://localhost:11311[0m
]2;/home/jjm/桌面/论文修改/code/仿真/惯性 VS 非惯性/src/coni_mpc/launch/depth_cbf_m25.launch http://localhost:11311
[1mprocess[depth_cbf_m25_map_pub-1]: started with pid [236324][0m
[1mprocess[quad0_pcl_render_node-2]: started with pid [236325][0m
[1mprocess[depth_cbf_m25_trajectory-3]: started with pid [236326][0m
[1mprocess[depth_cbf_m25_evaluator-4]: started with pid [236332][0m
[depth_cbf_m25_evaluator-4] killing on exit
[depth_cbf_m25_trajectory-3] killing on exit
[quad0_pcl_render_node-2] killing on exit
[depth_cbf_m25_map_pub-1] killing on exit
shutting down processing monitor...
... shutting down processing monitor complete
[1mdone[0m
