[INFO] [1789205453.351578343]: drone_drawpoints_num = 4,4,2, Uav points num = 32

Found pkg_path = /home/jjm/桌面/小样本学习的去中心集群协同跟踪/marsim_ws/src/MARSIM/local_sensing/data/m25_quad0_time_consumption.txt

Found pkg_path = /home/jjm/桌面/小样本学习的去中心集群协同跟踪/marsim_ws/src/MARSIM/local_sensing/data/m25_quad0_collision_check_time_consumption.txt
[WARN] [1789205453.830507146]: Global Pointcloud received..
[WARN] [1789205453.849783918]: Normal compute finished.., mapsize = 2706
[INFO] [1789205455.972040589]: Temp compute time = 0.011880, average compute time = 0.012052
[INFO] [1789205456.072997215]: Temp compute time = 0.012876, average compute time = 0.012086
[INFO] [1789205456.173267872]: Temp compute time = 0.013120, average compute time = 0.012260
[INFO] [1789205456.274601366]: Temp compute time = 0.014482, average compute time = 0.012265
[INFO] [1789205456.374852675]: Temp compute time = 0.014697, average compute time = 0.012416
[INFO] [1789205456.477641765]: Temp compute time = 0.017359, average compute time = 0.012816
[INFO] [1789205456.575314285]: Temp compute time = 0.015181, average compute time = 0.012950
[INFO] [1789205456.680578489]: Temp compute time = 0.020454, average compute time = 0.013345
[INFO] [1789205456.781670498]: Temp compute time = 0.020697, average compute time = 0.013619
[INFO] [1789205456.887152009]: Temp compute time = 0.025140, average compute time = 0.014103
[INFO] [1789205456.973004128]: Temp compute time = 0.015532, average compute time = 0.014194
[INFO] [1789205457.090919145]: Temp compute time = 0.033310, average compute time = 0.015244
[INFO] [1789205457.175359882]: Temp compute time = 0.014159, average compute time = 0.015371
[INFO] [1789205457.278747379]: Temp compute time = 0.017554, average compute time = 0.015658
[INFO] [1789205457.379738196]: Temp compute time = 0.018386, average compute time = 0.015942
[INFO] [1789205457.479100387]: Temp compute time = 0.017917, average compute time = 0.016316
[INFO] [1789205457.581873848]: Temp compute time = 0.020643, average compute time = 0.016726
[INFO] [1789205457.680394580]: Temp compute time = 0.018119, average compute time = 0.016993
[INFO] [1789205457.783878687]: Temp compute time = 0.021589, average compute time = 0.017447
[INFO] [1789205457.892733183]: Temp compute time = 0.038367, average compute time = 0.018721
[INFO] [1789205458.003764527]: Temp compute time = 0.040763, average compute time = 0.020106
[INFO] [1789205458.086443852]: Temp compute time = 0.032462, average compute time = 0.021086
[INFO] [1789205458.171652963]: Temp compute time = 0.014940, average compute time = 0.021184
[INFO] [1789205458.269674838]: Temp compute time = 0.013051, average compute time = 0.021181
[INFO] [1789205458.375251137]: Temp compute time = 0.018498, average compute time = 0.021372
[INFO] [1789205458.472344144]: Temp compute time = 0.015733, average compute time = 0.021422
[INFO] [1789205458.589482671]: Temp compute time = 0.032774, average compute time = 0.022156
[INFO] [1789205458.688242022]: Temp compute time = 0.028318, average compute time = 0.022781
[INFO] [1789205458.778217718]: Temp compute time = 0.019749, average compute time = 0.022748
[INFO] [1789205458.873946032]: Temp compute time = 0.015467, average compute time = 0.022499
[INFO] [1789205458.978214020]: Temp compute time = 0.019729, average compute time = 0.022241
[INFO] [1789205459.074112963]: Temp compute time = 0.015625, average compute time = 0.022245
[INFO] [1789205459.168245569]: Temp compute time = 0.009802, average compute time = 0.021126
[INFO] [1789205459.273183360]: Temp compute time = 0.014611, average compute time = 0.021147
[INFO] [1789205459.370225551]: Temp compute time = 0.011744, average compute time = 0.020871
[INFO] [1789205459.468803095]: Temp compute time = 0.010338, average compute time = 0.020488
[INFO] [1789205459.569745906]: Temp compute time = 0.011267, average compute time = 0.020171
[INFO] [1789205459.671004615]: Temp compute time = 0.012363, average compute time = 0.019777
[INFO] [1789205459.766860558]: Temp compute time = 0.008383, average compute time = 0.019313
[INFO] [1789205459.868816143]: Temp compute time = 0.010210, average compute time = 0.018771
[INFO] [1789205459.961878771]: Temp compute time = 0.003453, average compute time = 0.017109
[INFO] [1789205460.062587840]: Temp compute time = 0.004158, average compute time = 0.015366
[INFO] [1789205460.162837197]: Temp compute time = 0.004408, average compute time = 0.014030
[INFO] [1789205460.267406385]: Temp compute time = 0.008912, average compute time = 0.013743
[INF[INFO] [1789205453.327115312]: M2.5 evaluator writes /home/jjm/??????/????????????/code/??????/?????? VS ?????????/results/depth_cbf_m25/frames/A2_cylinder_fov.csv; sole algorithm cloud input=/quad0_pcl_render_node/sensor_cloud; GT mode=A2_cylinder is evaluation-only.
[INFO] [1789205453.824719671]: Published latched M2.5 map /home/jjm/??????/????????????/code/??????/?????? VS ?????????/src/coni_mpc/test_data/depth_cbf_m25/A2_cylinder.pcd with 9180 points
terminate called after throwing an instance of 'boost::wrapexcept<boost::lock_error>'
  what():  boost: mutex lock failed in pthread_mutex_lock: Invalid argument
WARNING: Package name "cascadePID" does not follow the naming conventions. It should start with a lower case letter and only contain lower case letters, digits, underscores, and dashes.
[31m================================================================================REQUIRED process [depth_cbf_m25_trajectory-3] has died!
process has finished cleanly
log file: /home/jjm/.ros/log/cd794b1a-ade9-11f1-aae2-25bc297d88f9/depth_cbf_m25_trajectory-3*.log
Initiating shutdown!
================================================================================[0m
... logging to /home/jjm/.ros/log/cd794b1a-ade9-11f1-aae2-25bc297d88f9/roslaunch-jjm-237600.log
Checking log directory for disk usage. This may take a while.
Press Ctrl-C to interrupt
Done checking log file disk usage. Usage is <1GB.
]2;/home/jjm/桌面/论文修改/code/仿真/惯性 VS 非惯性/src/coni_mpc/launch/depth_cbf_m25.launch
[1mstarted roslaunch server http://jjm:45507/[0m

SUMMARY
========

PARAMETERS
 * /depth_cbf_m25_evaluator/car_odom_topic: /coni_mpc/car_odom
 * /depth_cbf_m25_evaluator/cloud_topic: /quad0_pcl_render...
 * /depth_cbf_m25_evaluator/debug_compare_world_cloud: True
 * /depth_cbf_m25_evaluator/debug_print_every_n_clouds: 20
 * /depth_cbf_m25_evaluator/debug_random_seed: 7
 * /depth_cbf_m25_evaluator/debug_sample_count: 3
 * /depth_cbf_m25_evaluator/debug_world_cloud_topic: /quad0_pcl_render...
 * /depth_cbf_m25_evaluator/extrinsics/rotation_BL: [1.0, 0.0, 0.0, 0...
 * /depth_cbf_m25_evaluator/extrinsics/translation_BL: [0.0, 0.0, 0.0]
 * /depth_cbf_m25_evaluator/filter/enable_ground_filter: False
 * /depth_cbf_m25_evaluator/filter/enable_voxel_filter: True
 * /depth_cbf_m25_evaluator/filter/ground_min_z_W: 0.1
 * /depth_cbf_m25_evaluator/filter/local_radius: 4.0
 * /depth_cbf_m25_evaluator/filter/max_range: 30.0
 * /depth_cbf_m25_evaluator/filter/min_range: 1.0
 * /depth_cbf_m25_evaluator/filter/voxel_leaf_size: 0.1
 * /depth_cbf_m25_evaluator/m25/gt_pcd: <...>
 * /depth_cbf_m25_evaluator/m25/max_pose_time_offset_sec: 0.025
 * /depth_cbf_m25_evaluator/m25/min_raylength: 1.0
 * /depth_cbf_m25_evaluator/m25/motion: fov
 * /depth_cbf_m25_evaluator/m25/non_conservative_tolerance: 0.001
 * /depth_cbf_m25_evaluator/m25/result_root: <...>
 * /depth_cbf_m25_evaluator/m25/root_max_distance: 4.0
 * /depth_cbf_m25_evaluator/m25/root_samples: 160
 * /depth_cbf_m25_evaluator/m25/run_id: A2_cylinder_fov
 * /depth_cbf_m25_evaluator/m25/scene: A2_cylinder
 * /depth_cbf_m25_evaluator/m25/vertical_fov_deg: 77.2
 * /depth_cbf_m25_evaluator/m25/yaw_fov_deg: 70.4
 * /depth_cbf_m25_evaluator/max_pose_time_offset_sec: 0.025
 * /depth_cbf_m25_evaluator/noninertial_frame_id: base_link
 * /depth_cbf_m25_evaluator/quad_odom_topic: /coni_mpc/quad_odom1
 * /depth_cbf_m25_evaluator/query_mesh/half_width_steps: 2
 * /depth_cbf_m25_evaluator/query_mesh/nearest_neighbor_max_distance: 3.47
 * /depth_cbf_m25_evaluator/query_mesh/spacing: 0.15
 * /depth_cbf_m25_evaluator/regression/local_cloud_topic: /depth_cbf_cloud_...
 * /depth_cbf_m25_evaluator/regression/log_every_n_fits: 20
 * /depth_cbf_m25_evaluator/regression/max_abs_error: 0.75
 * /depth_cbf_m25_evaluator/regression/max_condition_number: 1.0e8
 * /depth_cbf_m25_evaluator/regression/max_rmse: 0.25
 * /depth_cbf_m25_evaluator/regression/query_center_topic: /depth_cbf_cloud_...
 * /depth_cbf_m25_evaluator/regression/relative_rank_tolerance: 1e-10
 * /depth_cbf_m25_evaluator/regression/subscriber_queue_size: 5
 * /depth_cbf_m25_evaluator/regression/sync_queue_size: 10
 * /depth_cbf_m25_evaluator/safety/d_safe: 0.15
 * /depth_cbf_m25_evaluator/safety/delta_surface: 0.0
 * /depth_cbf_m25_evaluator/safety/r_uav: 0.15
 * /depth_cbf_m25_evaluator/subscriber_queue_size: 20
 * /depth_cbf_m25_evaluator/sync_queue_size: 40
 * /depth_cbf_m25_evaluator/sync_slop_sec: 0.025
 * /depth_cbf_m25_evaluator/world_frame_id: map
 * /depth_cbf_m25_map_pub/map_name: <...>
 * /depth_cbf_m25_trajectory/duration_sec: 5.0
 * /depth_cbf_m25_trajectory/motion: fov
 * /depth_cbf_m25_trajectory/scene: A2_cylinder
 * /depth_cbf_m25_trajectory/warmup_sec: 2.0
 * /depth_cbf_m25_trajectory/yaw_offset_deg: 0.0
 * /quad0_pcl_render_node/collision_range: 0.3
 * /quad0_pcl_render_node/collisioncheck_enable: 0
 * /quad0_pcl_render_node/curvature_limit: 100.0
 * /quad0_pcl_render_node/downsample_res: 0.1
 * /quad0_pcl_render_node/drone_id: 0
 * /quad0_pcl_render_node/dyn_mode: 0
 * /quad0_pcl_render_node/dyn_velocity: 0.0
 * /quad0_pcl_render_node/dynobj_enable: 0
 * /quad0_pcl_render_node/dynobject_num: 0
 * /quad0_pcl_render_node/dynobject_size: 0.8
 * /quad0_pcl_render_node/estimation_rate: 10.0
 * /quad0_pcl_render_node/hash_cubesize: 5.0
 * /quad0_pcl_render_node/is_360lidar: 0
 * /quad0_pcl_render_node/livox_linestep: 1.4
 * /quad0_pcl_render_node/min_raylength: 1.0
 * /quad0_pcl_render_node/output_pcd: 0
 * /quad0_pcl_render_node/polar_resolution: 0.2
 * /quad0_pcl_render_node/quadrotor_name: m25_quad0
 * /quad0_pcl_render_node/sensing_horizon: 30.0
 * /quad0_pcl_render_node/sensing_rate: 10.0
 * /quad0_pcl_render_node/uav_num: 1
 * /quad0_pcl_render_node/use_avia_pattern: 1
 * /quad0_pcl_render_node/use_minicf_pattern: 0
 * /quad0_pcl_render_node/use_uav_extra_model: 0
 * /quad0_pcl_render_node/use_vlp32_pattern: 0
 * /quad0_pcl_render_node/vertical_fov: 77.2
 * /quad0_pcl_render_node/yaw_fov: 70.4
 * /rosdistro: noetic
 * /rosversion: 1.17.4

NODES
  /
    depth_cbf_m25_evaluator (coni_mpc/depth_cbf_m25_evaluation_node)
    depth_cbf_m25_map_pub (coni_mpc/depth_cbf_m25_map_publisher_node)
    depth_cbf_m25_trajectory (coni_mpc/depth_cbf_m25_trajectory_node)
    quad0_pcl_render_node (local_sensing_node/pcl_render_node)

[1mROS_MASTER_URI=http://localhost:11311[0m
]2;/home/jjm/桌面/论文修改/code/仿真/惯性 VS 非惯性/src/coni_mpc/launch/depth_cbf_m25.launch http://localhost:11311
[1mprocess[depth_cbf_m25_map_pub-1]: started with pid [237641][0m
[1mprocess[quad0_pcl_render_node-2]: started with pid [237642][0m
[1mprocess[depth_cbf_m25_trajectory-3]: started with pid [237643][0m
[1mprocess[depth_cbf_m25_evaluator-4]: started with pid [237649][0m
[depth_cbf_m25_evaluator-4] killing on exit
[depth_cbf_m25_trajectory-3] killing on exit
[quad0_pcl_render_node-2] killing on exit
[depth_cbf_m25_map_pub-1] killing on exit
shutting down processing monitor...
... shutting down processing monitor complete
[1mdone[0m
