[INFO] [1789205401.669093281]: drone_drawpoints_num = 4,4,2, Uav points num = 32

Found pkg_path = /home/jjm/桌面/小样本学习的去中心集群协同跟踪/marsim_ws/src/MARSIM/local_sensing/data/m25_quad0_time_consumption.txt

Found pkg_path = /home/jjm/桌面/小样本学习的去中心集群协同跟踪/marsim_ws/src/MARSIM/local_sensing/data/m25_quad0_collision_check_time_consumption.txt
[WARN] [1789205402.148113188]: Global Pointcloud received..
[WARN] [1789205402.162559653]: Normal compute finished.., mapsize = 5781
[INFO] [1789205404.299941001]: Temp compute time = 0.022157, average compute time = 0.026245
[INFO] [1789205404.412249078]: Temp compute time = 0.031858, average compute time = 0.026154
[INFO] [1789205404.506743440]: Temp compute time = 0.034005, average compute time = 0.026332
[INFO] [1789205404.603270696]: Temp compute time = 0.026020, average compute time = 0.026229
[INFO] [1789205404.694792985]: Temp compute time = 0.020996, average compute time = 0.026327
[INFO] [1789205404.795802589]: Temp compute time = 0.020695, average compute time = 0.025755
[INFO] [1789205404.908335080]: Temp compute time = 0.032000, average compute time = 0.025845
[INFO] [1789205405.011258369]: Temp compute time = 0.032543, average compute time = 0.025822
[INFO] [1789205405.102623375]: Temp compute time = 0.030964, average compute time = 0.025787
[INFO] [1789205405.183909085]: Temp compute time = 0.010988, average compute time = 0.025744
[INFO] [1789205405.284550382]: Temp compute time = 0.011621, average compute time = 0.024951
[INFO] [1789205405.393236244]: Temp compute time = 0.020129, average compute time = 0.024473
[INFO] [1789205405.491061117]: Temp compute time = 0.017453, average compute time = 0.024330
[INFO] [1789205405.591378009]: Temp compute time = 0.017770, average compute time = 0.023494
[INFO] [1789205405.692025887]: Temp compute time = 0.018283, average compute time = 0.022965
[INFO] [1789205405.791726169]: Temp compute time = 0.018103, average compute time = 0.022391
[INFO] [1789205405.891043949]: Temp compute time = 0.017445, average compute time = 0.021806
[INFO] [1789205405.984085917]: Temp compute time = 0.010514, average compute time = 0.021394
[INFO] [1789205406.094643171]: Temp compute time = 0.021025, average compute time = 0.020978
[INFO] [1789205406.208727340]: Temp compute time = 0.033670, average compute time = 0.021987
[INFO] [1789205406.315326008]: Temp compute time = 0.036245, average compute time = 0.023070
[INFO] [1789205406.407487509]: Temp compute time = 0.031838, average compute time = 0.023532
[INFO] [1789205406.502194082]: Temp compute time = 0.024225, average compute time = 0.023168
[INFO] [1789205406.608029880]: Temp compute time = 0.035440, average compute time = 0.023236
[INFO] [1789205406.708141618]: Temp compute time = 0.029858, average compute time = 0.023419
[INFO] [1789205406.799255466]: Temp compute time = 0.020767, average compute time = 0.023408
[INFO] [1789205406.898750287]: Temp compute time = 0.019134, average compute time = 0.023334
[INFO] [1789205407.003349525]: Temp compute time = 0.023738, average compute time = 0.022941
[INFO] [1789205407.091708094]: Temp compute time = 0.018081, average compute time = 0.022252
[INFO] [1789205407.200077485]: Temp compute time = 0.026472, average compute time = 0.022038
[INFO] [1789205407.320307436]: Temp compute time = 0.039899, average compute time = 0.023415
[INFO] [1789205407.413443932]: Temp compute time = 0.032641, average compute time = 0.024416
[INFO] [1789205407.494126374]: Temp compute time = 0.020369, average compute time = 0.024427
[INFO] [1789205407.596766711]: Temp compute time = 0.022341, average compute time = 0.024660
[INFO] [1789205407.697337878]: Temp compute time = 0.020231, average compute time = 0.024777
[INFO] [1789205407.799179245]: Temp compute time = 0.021300, average compute time = 0.024921
[INFO] [1789205407.908049626]: Temp compute time = 0.028451, average compute time = 0.025414
[INFO] [1789205408.014634903]: Temp compute time = 0.036351, average compute time = 0.026314
[INFO] [1789205408.110435186]: Temp compute time = 0.035438, average compute time = 0.027501
[INFO] [1789205408.201179805]: Temp compute time = 0.020373, average compute time = 0.027470
[INFO] [1789205408.310375204]: Temp compute time = 0.038731, average compute time = 0.027711
[INFO] [1789205408.415431016]: Temp compute time = 0.034797, average compute time = 0.027642
[INFO] [1789205408.513590989]: Temp compute time = 0.037673, average compute time = 0.027920
[INFO] [1789205408.611450837]: Temp compute time = 0.037562, average compute time = 0.028555
[INF[INFO] [1789205401.645158834]: M2.5 evaluator writes /home/jjm/??????/????????????/code/??????/?????? VS ?????????/results/depth_cbf_m25/frames/A3_corner_oblique.csv; sole algorithm cloud input=/quad0_pcl_render_node/sensor_cloud; GT mode=A3_corner is evaluation-only.
terminate called after throwing an instance of 'boost::wrapexcept<boost::lock_error>'
  what():  boost: mutex lock failed in pthread_mutex_lock: Invalid argument
[INFO] [1789205402.139780864]: Published latched M2.5 map /home/jjm/??????/????????????/code/??????/?????? VS ?????????/src/coni_mpc/test_data/depth_cbf_m25/A3_corner.pcd with 9078 points
WARNING: Package name "cascadePID" does not follow the naming conventions. It should start with a lower case letter and only contain lower case letters, digits, underscores, and dashes.
[31m================================================================================REQUIRED process [depth_cbf_m25_trajectory-3] has died!
process has finished cleanly
log file: /home/jjm/.ros/log/cd794b1a-ade9-11f1-aae2-25bc297d88f9/depth_cbf_m25_trajectory-3*.log
Initiating shutdown!
================================================================================[0m
... logging to /home/jjm/.ros/log/cd794b1a-ade9-11f1-aae2-25bc297d88f9/roslaunch-jjm-236716.log
Checking log directory for disk usage. This may take a while.
Press Ctrl-C to interrupt
Done checking log file disk usage. Usage is <1GB.
]2;/home/jjm/桌面/论文修改/code/仿真/惯性 VS 非惯性/src/coni_mpc/launch/depth_cbf_m25.launch
[1mstarted roslaunch server http://jjm:40915/[0m

SUMMARY
========

PARAMETERS
 * /depth_cbf_m25_evaluator/car_odom_topic: /coni_mpc/car_odom
 * /depth_cbf_m25_evaluator/cloud_topic: /quad0_pcl_render...
 * /depth_cbf_m25_evaluator/debug_compare_world_cloud: True
 * /depth_cbf_m25_evaluator/debug_print_every_n_clouds: 20
 * /depth_cbf_m25_evaluator/debug_random_seed: 7
 * /depth_cbf_m25_evaluator/debug_sample_count: 3
 * /depth_cbf_m25_evaluator/debug_world_cloud_topic: /quad0_pcl_render...
 * /depth_cbf_m25_evaluator/extrinsics/rotation_BL: [1.0, 0.0, 0.0, 0...
 * /depth_cbf_m25_evaluator/extrinsics/translation_BL: [0.0, 0.0, 0.0]
 * /depth_cbf_m25_evaluator/filter/enable_ground_filter: False
 * /depth_cbf_m25_evaluator/filter/enable_voxel_filter: True
 * /depth_cbf_m25_evaluator/filter/ground_min_z_W: 0.1
 * /depth_cbf_m25_evaluator/filter/local_radius: 4.0
 * /depth_cbf_m25_evaluator/filter/max_range: 30.0
 * /depth_cbf_m25_evaluator/filter/min_range: 1.0
 * /depth_cbf_m25_evaluator/filter/voxel_leaf_size: 0.1
 * /depth_cbf_m25_evaluator/m25/gt_pcd: <...>
 * /depth_cbf_m25_evaluator/m25/max_pose_time_offset_sec: 0.025
 * /depth_cbf_m25_evaluator/m25/min_raylength: 1.0
 * /depth_cbf_m25_evaluator/m25/motion: oblique
 * /depth_cbf_m25_evaluator/m25/non_conservative_tolerance: 0.001
 * /depth_cbf_m25_evaluator/m25/result_root: <...>
 * /depth_cbf_m25_evaluator/m25/root_max_distance: 4.0
 * /depth_cbf_m25_evaluator/m25/root_samples: 160
 * /depth_cbf_m25_evaluator/m25/run_id: A3_corner_oblique
 * /depth_cbf_m25_evaluator/m25/scene: A3_corner
 * /depth_cbf_m25_evaluator/m25/vertical_fov_deg: 77.2
 * /depth_cbf_m25_evaluator/m25/yaw_fov_deg: 70.4
 * /depth_cbf_m25_evaluator/max_pose_time_offset_sec: 0.025
 * /depth_cbf_m25_evaluator/noninertial_frame_id: base_link
 * /depth_cbf_m25_evaluator/quad_odom_topic: /coni_mpc/quad_odom1
 * /depth_cbf_m25_evaluator/query_mesh/half_width_steps: 2
 * /depth_cbf_m25_evaluator/query_mesh/nearest_neighbor_max_distance: 3.47
 * /depth_cbf_m25_evaluator/query_mesh/spacing: 0.15
 * /depth_cbf_m25_evaluator/regression/local_cloud_topic: /depth_cbf_cloud_...
 * /depth_cbf_m25_evaluator/regression/log_every_n_fits: 20
 * /depth_cbf_m25_evaluator/regression/max_abs_error: 0.75
 * /depth_cbf_m25_evaluator/regression/max_condition_number: 1.0e8
 * /depth_cbf_m25_evaluator/regression/max_rmse: 0.25
 * /depth_cbf_m25_evaluator/regression/query_center_topic: /depth_cbf_cloud_...
 * /depth_cbf_m25_evaluator/regression/relative_rank_tolerance: 1e-10
 * /depth_cbf_m25_evaluator/regression/subscriber_queue_size: 5
 * /depth_cbf_m25_evaluator/regression/sync_queue_size: 10
 * /depth_cbf_m25_evaluator/safety/d_safe: 0.15
 * /depth_cbf_m25_evaluator/safety/delta_surface: 0.0
 * /depth_cbf_m25_evaluator/safety/r_uav: 0.15
 * /depth_cbf_m25_evaluator/subscriber_queue_size: 20
 * /depth_cbf_m25_evaluator/sync_queue_size: 40
 * /depth_cbf_m25_evaluator/sync_slop_sec: 0.025
 * /depth_cbf_m25_evaluator/world_frame_id: map
 * /depth_cbf_m25_map_pub/map_name: <...>
 * /depth_cbf_m25_trajectory/duration_sec: 5.0
 * /depth_cbf_m25_trajectory/motion: oblique
 * /depth_cbf_m25_trajectory/scene: A3_corner
 * /depth_cbf_m25_trajectory/warmup_sec: 2.0
 * /depth_cbf_m25_trajectory/yaw_offset_deg: 0.0
 * /quad0_pcl_render_node/collision_range: 0.3
 * /quad0_pcl_render_node/collisioncheck_enable: 0
 * /quad0_pcl_render_node/curvature_limit: 100.0
 * /quad0_pcl_render_node/downsample_res: 0.1
 * /quad0_pcl_render_node/drone_id: 0
 * /quad0_pcl_render_node/dyn_mode: 0
 * /quad0_pcl_render_node/dyn_velocity: 0.0
 * /quad0_pcl_render_node/dynobj_enable: 0
 * /quad0_pcl_render_node/dynobject_num: 0
 * /quad0_pcl_render_node/dynobject_size: 0.8
 * /quad0_pcl_render_node/estimation_rate: 10.0
 * /quad0_pcl_render_node/hash_cubesize: 5.0
 * /quad0_pcl_render_node/is_360lidar: 0
 * /quad0_pcl_render_node/livox_linestep: 1.4
 * /quad0_pcl_render_node/min_raylength: 1.0
 * /quad0_pcl_render_node/output_pcd: 0
 * /quad0_pcl_render_node/polar_resolution: 0.2
 * /quad0_pcl_render_node/quadrotor_name: m25_quad0
 * /quad0_pcl_render_node/sensing_horizon: 30.0
 * /quad0_pcl_render_node/sensing_rate: 10.0
 * /quad0_pcl_render_node/uav_num: 1
 * /quad0_pcl_render_node/use_avia_pattern: 1
 * /quad0_pcl_render_node/use_minicf_pattern: 0
 * /quad0_pcl_render_node/use_uav_extra_model: 0
 * /quad0_pcl_render_node/use_vlp32_pattern: 0
 * /quad0_pcl_render_node/vertical_fov: 77.2
 * /quad0_pcl_render_node/yaw_fov: 70.4
 * /rosdistro: noetic
 * /rosversion: 1.17.4

NODES
  /
    depth_cbf_m25_evaluator (coni_mpc/depth_cbf_m25_evaluation_node)
    depth_cbf_m25_map_pub (coni_mpc/depth_cbf_m25_map_publisher_node)
    depth_cbf_m25_trajectory (coni_mpc/depth_cbf_m25_trajectory_node)
    quad0_pcl_render_node (local_sensing_node/pcl_render_node)

[1mROS_MASTER_URI=http://localhost:11311[0m
]2;/home/jjm/桌面/论文修改/code/仿真/惯性 VS 非惯性/src/coni_mpc/launch/depth_cbf_m25.launch http://localhost:11311
[1mprocess[depth_cbf_m25_map_pub-1]: started with pid [236759][0m
[1mprocess[quad0_pcl_render_node-2]: started with pid [236760][0m
[1mprocess[depth_cbf_m25_trajectory-3]: started with pid [236761][0m
[1mprocess[depth_cbf_m25_evaluator-4]: started with pid [236767][0m
[depth_cbf_m25_evaluator-4] killing on exit
[depth_cbf_m25_trajectory-3] killing on exit
[quad0_pcl_render_node-2] killing on exit
[depth_cbf_m25_map_pub-1] killing on exit
shutting down processing monitor...
... shutting down processing monitor complete
[1mdone[0m
