[INFO] [1789205410.297970558]: drone_drawpoints_num = 4,4,2, Uav points num = 32

Found pkg_path = /home/jjm/桌面/小样本学习的去中心集群协同跟踪/marsim_ws/src/MARSIM/local_sensing/data/m25_quad0_time_consumption.txt

Found pkg_path = /home/jjm/桌面/小样本学习的去中心集群协同跟踪/marsim_ws/src/MARSIM/local_sensing/data/m25_quad0_collision_check_time_consumption.txt
[WARN] [1789205410.777205398]: Global Pointcloud received..
[WARN] [1789205410.804311361]: Normal compute finished.., mapsize = 5781
[INFO] [1789205412.933734118]: Temp compute time = 0.033261, average compute time = 0.024284
[INFO] [1789205413.022774972]: Temp compute time = 0.018589, average compute time = 0.024086
[INFO] [1789205413.134700498]: Temp compute time = 0.030428, average compute time = 0.024103
[INFO] [1789205413.226879959]: Temp compute time = 0.021840, average compute time = 0.024632
[INFO] [1789205413.327364750]: Temp compute time = 0.020181, average compute time = 0.025006
[INFO] [1789205413.427438264]: Temp compute time = 0.019681, average compute time = 0.024437
[INFO] [1789205413.539696380]: Temp compute time = 0.031805, average compute time = 0.025301
[INFO] [1789205413.629880422]: Temp compute time = 0.029544, average compute time = 0.025659
[INFO] [1789205413.731210091]: Temp compute time = 0.030917, average compute time = 0.025574
[INFO] [1789205413.821884427]: Temp compute time = 0.020194, average compute time = 0.025041
[INFO] [1789205413.924120360]: Temp compute time = 0.021807, average compute time = 0.024893
[INFO] [1789205414.022270338]: Temp compute time = 0.017555, average compute time = 0.024158
[INFO] [1789205414.127472480]: Temp compute time = 0.022669, average compute time = 0.024264
[INFO] [1789205414.227222915]: Temp compute time = 0.019410, average compute time = 0.024698
[INFO] [1789205414.337722883]: Temp compute time = 0.029926, average compute time = 0.024527
[INFO] [1789205414.427066195]: Temp compute time = 0.019039, average compute time = 0.024014
[INFO] [1789205414.541456060]: Temp compute time = 0.033417, average compute time = 0.024229
[INFO] [1789205414.626314990]: Temp compute time = 0.024484, average compute time = 0.024096
[INFO] [1789205414.737149758]: Temp compute time = 0.030321, average compute time = 0.024508
[INFO] [1789205414.831913160]: Temp compute time = 0.024395, average compute time = 0.024736
[INFO] [1789205414.923426448]: Temp compute time = 0.020918, average compute time = 0.024780
[INFO] [1789205415.027141998]: Temp compute time = 0.023140, average compute time = 0.024298
[INFO] [1789205415.118845091]: Temp compute time = 0.011319, average compute time = 0.023952
[INFO] [1789205415.221133691]: Temp compute time = 0.013623, average compute time = 0.023152
[INFO] [1789205415.339584975]: Temp compute time = 0.032014, average compute time = 0.023636
[INFO] [1789205415.429323607]: Temp compute time = 0.019442, average compute time = 0.023601
[INFO] [1789205415.529994763]: Temp compute time = 0.020088, average compute time = 0.023620
[INFO] [1789205415.620587836]: Temp compute time = 0.020249, average compute time = 0.023070
[INFO] [1789205415.723499133]: Temp compute time = 0.022530, average compute time = 0.022736
[INFO] [1789205415.825732988]: Temp compute time = 0.022011, average compute time = 0.022312
[INFO] [1789205415.925706973]: Temp compute time = 0.019549, average compute time = 0.022281
[INFO] [1789205416.039588447]: Temp compute time = 0.033345, average compute time = 0.022831
[INFO] [1789205416.124775353]: Temp compute time = 0.014788, average compute time = 0.022699
[INFO] [1789205416.231482623]: Temp compute time = 0.021539, average compute time = 0.022645
[INFO] [1789205416.337678311]: Temp compute time = 0.035795, average compute time = 0.023425
[INFO] [1789205416.429801210]: Temp compute time = 0.021739, average compute time = 0.023035
[INFO] [1789205416.524341780]: Temp compute time = 0.024063, average compute time = 0.023275
[INFO] [1789205416.626432680]: Temp compute time = 0.021495, average compute time = 0.022707
[INFO] [1789205416.744371805]: Temp compute time = 0.037267, average compute time = 0.023316
[INFO] [1789205416.829920907]: Temp compute time = 0.025051, average compute time = 0.023065
[INFO] [1789205416.923759090]: Temp compute time = 0.023457, average compute time = 0.023020
[INFO] [1789205417.037800883]: Temp compute time = 0.033767, average compute time = 0.023632
[INFO] [1789205417.148318275]: Temp compute time = 0.040097, average compute time = 0.024439
[INFO] [1789205417.246745419]: Temp compute time = 0.038032, average compute time = 0.025711
[INF[INFO] [1789205410.273406871]: M2.5 evaluator writes /home/jjm/??????/????????????/code/??????/?????? VS ?????????/results/depth_cbf_m25/frames/A3_corner_switching.csv; sole algorithm cloud input=/quad0_pcl_render_node/sensor_cloud; GT mode=A3_corner is evaluation-only.
terminate called after throwing an instance of 'boost::wrapexcept<boost::lock_error>'
  what():  boost: mutex lock failed in pthread_mutex_lock: Invalid argument
[INFO] [1789205410.767974014]: Published latched M2.5 map /home/jjm/??????/????????????/code/??????/?????? VS ?????????/src/coni_mpc/test_data/depth_cbf_m25/A3_corner.pcd with 9078 points
WARNING: Package name "cascadePID" does not follow the naming conventions. It should start with a lower case letter and only contain lower case letters, digits, underscores, and dashes.
[31m================================================================================REQUIRED process [depth_cbf_m25_trajectory-3] has died!
process has finished cleanly
log file: /home/jjm/.ros/log/cd794b1a-ade9-11f1-aae2-25bc297d88f9/depth_cbf_m25_trajectory-3*.log
Initiating shutdown!
================================================================================[0m
... logging to /home/jjm/.ros/log/cd794b1a-ade9-11f1-aae2-25bc297d88f9/roslaunch-jjm-236873.log
Checking log directory for disk usage. This may take a while.
Press Ctrl-C to interrupt
Done checking log file disk usage. Usage is <1GB.
]2;/home/jjm/桌面/论文修改/code/仿真/惯性 VS 非惯性/src/coni_mpc/launch/depth_cbf_m25.launch
[1mstarted roslaunch server http://jjm:36527/[0m

SUMMARY
========

PARAMETERS
 * /depth_cbf_m25_evaluator/car_odom_topic: /coni_mpc/car_odom
 * /depth_cbf_m25_evaluator/cloud_topic: /quad0_pcl_render...
 * /depth_cbf_m25_evaluator/debug_compare_world_cloud: True
 * /depth_cbf_m25_evaluator/debug_print_every_n_clouds: 20
 * /depth_cbf_m25_evaluator/debug_random_seed: 7
 * /depth_cbf_m25_evaluator/debug_sample_count: 3
 * /depth_cbf_m25_evaluator/debug_world_cloud_topic: /quad0_pcl_render...
 * /depth_cbf_m25_evaluator/extrinsics/rotation_BL: [1.0, 0.0, 0.0, 0...
 * /depth_cbf_m25_evaluator/extrinsics/translation_BL: [0.0, 0.0, 0.0]
 * /depth_cbf_m25_evaluator/filter/enable_ground_filter: False
 * /depth_cbf_m25_evaluator/filter/enable_voxel_filter: True
 * /depth_cbf_m25_evaluator/filter/ground_min_z_W: 0.1
 * /depth_cbf_m25_evaluator/filter/local_radius: 4.0
 * /depth_cbf_m25_evaluator/filter/max_range: 30.0
 * /depth_cbf_m25_evaluator/filter/min_range: 1.0
 * /depth_cbf_m25_evaluator/filter/voxel_leaf_size: 0.1
 * /depth_cbf_m25_evaluator/m25/gt_pcd: <...>
 * /depth_cbf_m25_evaluator/m25/max_pose_time_offset_sec: 0.025
 * /depth_cbf_m25_evaluator/m25/min_raylength: 1.0
 * /depth_cbf_m25_evaluator/m25/motion: switching
 * /depth_cbf_m25_evaluator/m25/non_conservative_tolerance: 0.001
 * /depth_cbf_m25_evaluator/m25/result_root: <...>
 * /depth_cbf_m25_evaluator/m25/root_max_distance: 4.0
 * /depth_cbf_m25_evaluator/m25/root_samples: 160
 * /depth_cbf_m25_evaluator/m25/run_id: A3_corner_switching
 * /depth_cbf_m25_evaluator/m25/scene: A3_corner
 * /depth_cbf_m25_evaluator/m25/vertical_fov_deg: 77.2
 * /depth_cbf_m25_evaluator/m25/yaw_fov_deg: 70.4
 * /depth_cbf_m25_evaluator/max_pose_time_offset_sec: 0.025
 * /depth_cbf_m25_evaluator/noninertial_frame_id: base_link
 * /depth_cbf_m25_evaluator/quad_odom_topic: /coni_mpc/quad_odom1
 * /depth_cbf_m25_evaluator/query_mesh/half_width_steps: 2
 * /depth_cbf_m25_evaluator/query_mesh/nearest_neighbor_max_distance: 3.47
 * /depth_cbf_m25_evaluator/query_mesh/spacing: 0.15
 * /depth_cbf_m25_evaluator/regression/local_cloud_topic: /depth_cbf_cloud_...
 * /depth_cbf_m25_evaluator/regression/log_every_n_fits: 20
 * /depth_cbf_m25_evaluator/regression/max_abs_error: 0.75
 * /depth_cbf_m25_evaluator/regression/max_condition_number: 1.0e8
 * /depth_cbf_m25_evaluator/regression/max_rmse: 0.25
 * /depth_cbf_m25_evaluator/regression/query_center_topic: /depth_cbf_cloud_...
 * /depth_cbf_m25_evaluator/regression/relative_rank_tolerance: 1e-10
 * /depth_cbf_m25_evaluator/regression/subscriber_queue_size: 5
 * /depth_cbf_m25_evaluator/regression/sync_queue_size: 10
 * /depth_cbf_m25_evaluator/safety/d_safe: 0.15
 * /depth_cbf_m25_evaluator/safety/delta_surface: 0.0
 * /depth_cbf_m25_evaluator/safety/r_uav: 0.15
 * /depth_cbf_m25_evaluator/subscriber_queue_size: 20
 * /depth_cbf_m25_evaluator/sync_queue_size: 40
 * /depth_cbf_m25_evaluator/sync_slop_sec: 0.025
 * /depth_cbf_m25_evaluator/world_frame_id: map
 * /depth_cbf_m25_map_pub/map_name: <...>
 * /depth_cbf_m25_trajectory/duration_sec: 5.0
 * /depth_cbf_m25_trajectory/motion: switching
 * /depth_cbf_m25_trajectory/scene: A3_corner
 * /depth_cbf_m25_trajectory/warmup_sec: 2.0
 * /depth_cbf_m25_trajectory/yaw_offset_deg: 0.0
 * /quad0_pcl_render_node/collision_range: 0.3
 * /quad0_pcl_render_node/collisioncheck_enable: 0
 * /quad0_pcl_render_node/curvature_limit: 100.0
 * /quad0_pcl_render_node/downsample_res: 0.1
 * /quad0_pcl_render_node/drone_id: 0
 * /quad0_pcl_render_node/dyn_mode: 0
 * /quad0_pcl_render_node/dyn_velocity: 0.0
 * /quad0_pcl_render_node/dynobj_enable: 0
 * /quad0_pcl_render_node/dynobject_num: 0
 * /quad0_pcl_render_node/dynobject_size: 0.8
 * /quad0_pcl_render_node/estimation_rate: 10.0
 * /quad0_pcl_render_node/hash_cubesize: 5.0
 * /quad0_pcl_render_node/is_360lidar: 0
 * /quad0_pcl_render_node/livox_linestep: 1.4
 * /quad0_pcl_render_node/min_raylength: 1.0
 * /quad0_pcl_render_node/output_pcd: 0
 * /quad0_pcl_render_node/polar_resolution: 0.2
 * /quad0_pcl_render_node/quadrotor_name: m25_quad0
 * /quad0_pcl_render_node/sensing_horizon: 30.0
 * /quad0_pcl_render_node/sensing_rate: 10.0
 * /quad0_pcl_render_node/uav_num: 1
 * /quad0_pcl_render_node/use_avia_pattern: 1
 * /quad0_pcl_render_node/use_minicf_pattern: 0
 * /quad0_pcl_render_node/use_uav_extra_model: 0
 * /quad0_pcl_render_node/use_vlp32_pattern: 0
 * /quad0_pcl_render_node/vertical_fov: 77.2
 * /quad0_pcl_render_node/yaw_fov: 70.4
 * /rosdistro: noetic
 * /rosversion: 1.17.4

NODES
  /
    depth_cbf_m25_evaluator (coni_mpc/depth_cbf_m25_evaluation_node)
    depth_cbf_m25_map_pub (coni_mpc/depth_cbf_m25_map_publisher_node)
    depth_cbf_m25_trajectory (coni_mpc/depth_cbf_m25_trajectory_node)
    quad0_pcl_render_node (local_sensing_node/pcl_render_node)

[1mROS_MASTER_URI=http://localhost:11311[0m
]2;/home/jjm/桌面/论文修改/code/仿真/惯性 VS 非惯性/src/coni_mpc/launch/depth_cbf_m25.launch http://localhost:11311
[1mprocess[depth_cbf_m25_map_pub-1]: started with pid [236916][0m
[1mprocess[quad0_pcl_render_node-2]: started with pid [236917][0m
[1mprocess[depth_cbf_m25_trajectory-3]: started with pid [236919][0m
[1mprocess[depth_cbf_m25_evaluator-4]: started with pid [236924][0m
[depth_cbf_m25_evaluator-4] killing on exit
[depth_cbf_m25_trajectory-3] killing on exit
[quad0_pcl_render_node-2] killing on exit
[depth_cbf_m25_map_pub-1] killing on exit
shutting down processing monitor...
... shutting down processing monitor complete
[1mdone[0m
