[INFO] [1789205436.141680492]: drone_drawpoints_num = 4,4,2, Uav points num = 32

Found pkg_path = /home/jjm/桌面/小样本学习的去中心集群协同跟踪/marsim_ws/src/MARSIM/local_sensing/data/m25_quad0_time_consumption.txt

Found pkg_path = /home/jjm/桌面/小样本学习的去中心集群协同跟踪/marsim_ws/src/MARSIM/local_sensing/data/m25_quad0_collision_check_time_consumption.txt
[WARN] [1789205436.633124005]: Global Pointcloud received..
[WARN] [1789205436.663622094]: Normal compute finished.., mapsize = 4756
[INFO] [1789205438.768097110]: Temp compute time = 0.017751, average compute time = 0.025391
[INFO] [1789205438.885554335]: Temp compute time = 0.035301, average compute time = 0.025977
[INFO] [1789205438.969132249]: Temp compute time = 0.023204, average compute time = 0.025326
[INFO] [1789205439.068154971]: Temp compute time = 0.018662, average compute time = 0.025337
[INFO] [1789205439.177622954]: Temp compute time = 0.028094, average compute time = 0.026162
[INFO] [1789205439.268887467]: Temp compute time = 0.020758, average compute time = 0.026719
[INFO] [1789205439.390485418]: Temp compute time = 0.041074, average compute time = 0.027974
[INFO] [1789205439.474767132]: Temp compute time = 0.023889, average compute time = 0.027585
[INFO] [1789205439.582358470]: Temp compute time = 0.037239, average compute time = 0.027790
[INFO] [1789205439.672720029]: Temp compute time = 0.020054, average compute time = 0.027830
[INFO] [1789205439.787703661]: Temp compute time = 0.034718, average compute time = 0.028001
[INFO] [1789205439.883819594]: Temp compute time = 0.035780, average compute time = 0.028228
[INFO] [1789205439.980291195]: Temp compute time = 0.026088, average compute time = 0.027904
[INFO] [1789205440.086819210]: Temp compute time = 0.036140, average compute time = 0.028120
[INFO] [1789205440.170980229]: Temp compute time = 0.023744, average compute time = 0.027537
[INFO] [1789205440.267849112]: Temp compute time = 0.016316, average compute time = 0.027586
[INFO] [1789205440.382271140]: Temp compute time = 0.030834, average compute time = 0.027242
[INFO] [1789205440.483454002]: Temp compute time = 0.030741, average compute time = 0.027521
[INFO] [1789205440.579931884]: Temp compute time = 0.026099, average compute time = 0.028002
[INFO] [1789205440.680684442]: Temp compute time = 0.030426, average compute time = 0.028008
[INFO] [1789205440.778139092]: Temp compute time = 0.027062, average compute time = 0.027808
[INFO] [1789205440.878848812]: Temp compute time = 0.030243, average compute time = 0.028403
[INFO] [1789205440.984564828]: Temp compute time = 0.035408, average compute time = 0.028408
[INFO] [1789205441.064086018]: Temp compute time = 0.019144, average compute time = 0.028215
[INFO] [1789205441.163595512]: Temp compute time = 0.018648, average compute time = 0.028214
[INFO] [1789205441.285320205]: Temp compute time = 0.040396, average compute time = 0.028800
[INFO] [1789205441.383781830]: Temp compute time = 0.038138, average compute time = 0.029628
[INFO] [1789205441.472825100]: Temp compute time = 0.018697, average compute time = 0.028562
[INFO] [1789205441.581972338]: Temp compute time = 0.027821, average compute time = 0.028749
[INFO] [1789205441.690061855]: Temp compute time = 0.037653, average compute time = 0.028769
[INFO] [1789205441.791072449]: Temp compute time = 0.040620, average compute time = 0.029748
[INFO] [1789205441.891364623]: Temp compute time = 0.039887, average compute time = 0.029995
[INFO] [1789205441.983333078]: Temp compute time = 0.031724, average compute time = 0.029801
[INFO] [1789205442.092795804]: Temp compute time = 0.038997, average compute time = 0.030416
[INFO] [1789205442.188915667]: Temp compute time = 0.035796, average compute time = 0.030400
[INFO] [1789205442.266175942]: Temp compute time = 0.016918, average compute time = 0.030075
[INFO] [1789205442.383781515]: Temp compute time = 0.034451, average compute time = 0.030938
[INFO] [1789205442.469954585]: Temp compute time = 0.015989, average compute time = 0.030231
[INFO] [1789205442.567398206]: Temp compute time = 0.013453, average compute time = 0.029408
[INFO] [1789205442.675710735]: Temp compute time = 0.021730, average compute time = 0.029200
[INFO] [1789205442.770429519]: Temp compute time = 0.024451, average compute time = 0.028916
[INFO] [1789205442.867622004]: Temp compute time = 0.016961, average compute time = 0.028435
[INFO] [1789205442.987381568]: Temp compute time = 0.036707, average compute time = 0.028742
[INFO] [1789205443.078320640]: Temp compute time = 0.030715, average compute time = 0.028519
[INF[INFO] [1789205436.627569247]: Published latched M2.5 map /home/jjm/??????/????????????/code/??????/?????? VS ?????????/src/coni_mpc/test_data/depth_cbf_m25/A4_switch.pcd with 18360 points
[INFO] [1789205436.119160220]: M2.5 evaluator writes /home/jjm/??????/????????????/code/??????/?????? VS ?????????/results/depth_cbf_m25/frames/A4_switch_oblique.csv; sole algorithm cloud input=/quad0_pcl_render_node/sensor_cloud; GT mode=A4_switch is evaluation-only.
terminate called after throwing an instance of 'boost::wrapexcept<boost::lock_error>'
  what():  boost: mutex lock failed in pthread_mutex_lock: Invalid argument
WARNING: Package name "cascadePID" does not follow the naming conventions. It should start with a lower case letter and only contain lower case letters, digits, underscores, and dashes.
[31m================================================================================REQUIRED process [depth_cbf_m25_trajectory-3] has died!
process has finished cleanly
log file: /home/jjm/.ros/log/cd794b1a-ade9-11f1-aae2-25bc297d88f9/depth_cbf_m25_trajectory-3*.log
Initiating shutdown!
================================================================================[0m
... logging to /home/jjm/.ros/log/cd794b1a-ade9-11f1-aae2-25bc297d88f9/roslaunch-jjm-237307.log
Checking log directory for disk usage. This may take a while.
Press Ctrl-C to interrupt
Done checking log file disk usage. Usage is <1GB.
]2;/home/jjm/桌面/论文修改/code/仿真/惯性 VS 非惯性/src/coni_mpc/launch/depth_cbf_m25.launch
[1mstarted roslaunch server http://jjm:42719/[0m

SUMMARY
========

PARAMETERS
 * /depth_cbf_m25_evaluator/car_odom_topic: /coni_mpc/car_odom
 * /depth_cbf_m25_evaluator/cloud_topic: /quad0_pcl_render...
 * /depth_cbf_m25_evaluator/debug_compare_world_cloud: True
 * /depth_cbf_m25_evaluator/debug_print_every_n_clouds: 20
 * /depth_cbf_m25_evaluator/debug_random_seed: 7
 * /depth_cbf_m25_evaluator/debug_sample_count: 3
 * /depth_cbf_m25_evaluator/debug_world_cloud_topic: /quad0_pcl_render...
 * /depth_cbf_m25_evaluator/extrinsics/rotation_BL: [1.0, 0.0, 0.0, 0...
 * /depth_cbf_m25_evaluator/extrinsics/translation_BL: [0.0, 0.0, 0.0]
 * /depth_cbf_m25_evaluator/filter/enable_ground_filter: False
 * /depth_cbf_m25_evaluator/filter/enable_voxel_filter: True
 * /depth_cbf_m25_evaluator/filter/ground_min_z_W: 0.1
 * /depth_cbf_m25_evaluator/filter/local_radius: 4.0
 * /depth_cbf_m25_evaluator/filter/max_range: 30.0
 * /depth_cbf_m25_evaluator/filter/min_range: 1.0
 * /depth_cbf_m25_evaluator/filter/voxel_leaf_size: 0.1
 * /depth_cbf_m25_evaluator/m25/gt_pcd: <...>
 * /depth_cbf_m25_evaluator/m25/max_pose_time_offset_sec: 0.025
 * /depth_cbf_m25_evaluator/m25/min_raylength: 1.0
 * /depth_cbf_m25_evaluator/m25/motion: oblique
 * /depth_cbf_m25_evaluator/m25/non_conservative_tolerance: 0.001
 * /depth_cbf_m25_evaluator/m25/result_root: <...>
 * /depth_cbf_m25_evaluator/m25/root_max_distance: 4.0
 * /depth_cbf_m25_evaluator/m25/root_samples: 160
 * /depth_cbf_m25_evaluator/m25/run_id: A4_switch_oblique
 * /depth_cbf_m25_evaluator/m25/scene: A4_switch
 * /depth_cbf_m25_evaluator/m25/vertical_fov_deg: 77.2
 * /depth_cbf_m25_evaluator/m25/yaw_fov_deg: 70.4
 * /depth_cbf_m25_evaluator/max_pose_time_offset_sec: 0.025
 * /depth_cbf_m25_evaluator/noninertial_frame_id: base_link
 * /depth_cbf_m25_evaluator/quad_odom_topic: /coni_mpc/quad_odom1
 * /depth_cbf_m25_evaluator/query_mesh/half_width_steps: 2
 * /depth_cbf_m25_evaluator/query_mesh/nearest_neighbor_max_distance: 3.47
 * /depth_cbf_m25_evaluator/query_mesh/spacing: 0.15
 * /depth_cbf_m25_evaluator/regression/local_cloud_topic: /depth_cbf_cloud_...
 * /depth_cbf_m25_evaluator/regression/log_every_n_fits: 20
 * /depth_cbf_m25_evaluator/regression/max_abs_error: 0.75
 * /depth_cbf_m25_evaluator/regression/max_condition_number: 1.0e8
 * /depth_cbf_m25_evaluator/regression/max_rmse: 0.25
 * /depth_cbf_m25_evaluator/regression/query_center_topic: /depth_cbf_cloud_...
 * /depth_cbf_m25_evaluator/regression/relative_rank_tolerance: 1e-10
 * /depth_cbf_m25_evaluator/regression/subscriber_queue_size: 5
 * /depth_cbf_m25_evaluator/regression/sync_queue_size: 10
 * /depth_cbf_m25_evaluator/safety/d_safe: 0.15
 * /depth_cbf_m25_evaluator/safety/delta_surface: 0.0
 * /depth_cbf_m25_evaluator/safety/r_uav: 0.15
 * /depth_cbf_m25_evaluator/subscriber_queue_size: 20
 * /depth_cbf_m25_evaluator/sync_queue_size: 40
 * /depth_cbf_m25_evaluator/sync_slop_sec: 0.025
 * /depth_cbf_m25_evaluator/world_frame_id: map
 * /depth_cbf_m25_map_pub/map_name: <...>
 * /depth_cbf_m25_trajectory/duration_sec: 5.0
 * /depth_cbf_m25_trajectory/motion: oblique
 * /depth_cbf_m25_trajectory/scene: A4_switch
 * /depth_cbf_m25_trajectory/warmup_sec: 2.0
 * /depth_cbf_m25_trajectory/yaw_offset_deg: 0.0
 * /quad0_pcl_render_node/collision_range: 0.3
 * /quad0_pcl_render_node/collisioncheck_enable: 0
 * /quad0_pcl_render_node/curvature_limit: 100.0
 * /quad0_pcl_render_node/downsample_res: 0.1
 * /quad0_pcl_render_node/drone_id: 0
 * /quad0_pcl_render_node/dyn_mode: 0
 * /quad0_pcl_render_node/dyn_velocity: 0.0
 * /quad0_pcl_render_node/dynobj_enable: 0
 * /quad0_pcl_render_node/dynobject_num: 0
 * /quad0_pcl_render_node/dynobject_size: 0.8
 * /quad0_pcl_render_node/estimation_rate: 10.0
 * /quad0_pcl_render_node/hash_cubesize: 5.0
 * /quad0_pcl_render_node/is_360lidar: 0
 * /quad0_pcl_render_node/livox_linestep: 1.4
 * /quad0_pcl_render_node/min_raylength: 1.0
 * /quad0_pcl_render_node/output_pcd: 0
 * /quad0_pcl_render_node/polar_resolution: 0.2
 * /quad0_pcl_render_node/quadrotor_name: m25_quad0
 * /quad0_pcl_render_node/sensing_horizon: 30.0
 * /quad0_pcl_render_node/sensing_rate: 10.0
 * /quad0_pcl_render_node/uav_num: 1
 * /quad0_pcl_render_node/use_avia_pattern: 1
 * /quad0_pcl_render_node/use_minicf_pattern: 0
 * /quad0_pcl_render_node/use_uav_extra_model: 0
 * /quad0_pcl_render_node/use_vlp32_pattern: 0
 * /quad0_pcl_render_node/vertical_fov: 77.2
 * /quad0_pcl_render_node/yaw_fov: 70.4
 * /rosdistro: noetic
 * /rosversion: 1.17.4

NODES
  /
    depth_cbf_m25_evaluator (coni_mpc/depth_cbf_m25_evaluation_node)
    depth_cbf_m25_map_pub (coni_mpc/depth_cbf_m25_map_publisher_node)
    depth_cbf_m25_trajectory (coni_mpc/depth_cbf_m25_trajectory_node)
    quad0_pcl_render_node (local_sensing_node/pcl_render_node)

[1mROS_MASTER_URI=http://localhost:11311[0m
]2;/home/jjm/桌面/论文修改/code/仿真/惯性 VS 非惯性/src/coni_mpc/launch/depth_cbf_m25.launch http://localhost:11311
[1mprocess[depth_cbf_m25_map_pub-1]: started with pid [237352][0m
[1mprocess[quad0_pcl_render_node-2]: started with pid [237353][0m
[1mprocess[depth_cbf_m25_trajectory-3]: started with pid [237354][0m
[1mprocess[depth_cbf_m25_evaluator-4]: started with pid [237361][0m
[depth_cbf_m25_evaluator-4] killing on exit
[depth_cbf_m25_trajectory-3] killing on exit
[quad0_pcl_render_node-2] killing on exit
[depth_cbf_m25_map_pub-1] killing on exit
shutting down processing monitor...
... shutting down processing monitor complete
[1mdone[0m
