[INFO] [1789205418.937192153]: drone_drawpoints_num = 4,4,2, Uav points num = 32

Found pkg_path = /home/jjm/桌面/小样本学习的去中心集群协同跟踪/marsim_ws/src/MARSIM/local_sensing/data/m25_quad0_time_consumption.txt

Found pkg_path = /home/jjm/桌面/小样本学习的去中心集群协同跟踪/marsim_ws/src/MARSIM/local_sensing/data/m25_quad0_collision_check_time_consumption.txt
[WARN] [1789205419.427284881]: Global Pointcloud received..
[WARN] [1789205419.452141148]: Normal compute finished.., mapsize = 4756
[INFO] [1789205421.576256972]: Temp compute time = 0.031476, average compute time = 0.022472
[INFO] [1789205421.659889517]: Temp compute time = 0.013386, average compute time = 0.021880
[INFO] [1789205421.776014034]: Temp compute time = 0.029456, average compute time = 0.022888
[INFO] [1789205421.870676744]: Temp compute time = 0.024157, average compute time = 0.022513
[INFO] [1789205421.971164398]: Temp compute time = 0.030199, average compute time = 0.023010
[INFO] [1789205422.072053671]: Temp compute time = 0.030508, average compute time = 0.023251
[INFO] [1789205422.163967536]: Temp compute time = 0.021489, average compute time = 0.023106
[INFO] [1789205422.252834035]: Temp compute time = 0.008601, average compute time = 0.022961
[INFO] [1789205422.368757335]: Temp compute time = 0.024464, average compute time = 0.023061
[INFO] [1789205422.483311981]: Temp compute time = 0.034132, average compute time = 0.024185
[INFO] [1789205422.577707239]: Temp compute time = 0.034052, average compute time = 0.024254
[INFO] [1789205422.667685570]: Temp compute time = 0.019522, average compute time = 0.024424
[INFO] [1789205422.779794205]: Temp compute time = 0.031698, average compute time = 0.024804
[INFO] [1789205422.859894175]: Temp compute time = 0.019584, average compute time = 0.024122
[INFO] [1789205422.957488200]: Temp compute time = 0.017113, average compute time = 0.023636
[INFO] [1789205423.053929042]: Temp compute time = 0.013579, average compute time = 0.022866
[INFO] [1789205423.154068946]: Temp compute time = 0.013806, average compute time = 0.022761
[INFO] [1789205423.254496854]: Temp compute time = 0.014215, average compute time = 0.021946
[INFO] [1789205423.372197981]: Temp compute time = 0.031917, average compute time = 0.022725
[INFO] [1789205423.475683075]: Temp compute time = 0.033099, average compute time = 0.023438
[INFO] [1789205423.569874602]: Temp compute time = 0.023880, average compute time = 0.023825
[INFO] [1789205423.676888401]: Temp compute time = 0.036626, average compute time = 0.024071
[INFO] [1789205423.765078427]: Temp compute time = 0.017818, average compute time = 0.024282
[INFO] [1789205423.869277296]: Temp compute time = 0.021900, average compute time = 0.023922
[INFO] [1789205423.980650547]: Temp compute time = 0.040859, average compute time = 0.024717
[INFO] [1789205424.068389768]: Temp compute time = 0.027389, average compute time = 0.024583
[INFO] [1789205424.166218669]: Temp compute time = 0.017524, average compute time = 0.023965
[INFO] [1789205424.280885600]: Temp compute time = 0.032157, average compute time = 0.024473
[INFO] [1789205424.378985386]: Temp compute time = 0.037850, average compute time = 0.025866
[INFO] [1789205424.471716953]: Temp compute time = 0.022263, average compute time = 0.025761
[INFO] [1789205424.564944274]: Temp compute time = 0.022729, average compute time = 0.025218
[INFO] [1789205424.682937367]: Temp compute time = 0.037722, average compute time = 0.025393
[INFO] [1789205424.780967411]: Temp compute time = 0.037516, average compute time = 0.026250
[INFO] [1789205424.879305077]: Temp compute time = 0.037965, average compute time = 0.026548
[INFO] [1789205424.963653449]: Temp compute time = 0.013992, average compute time = 0.026282
[INFO] [1789205425.070899518]: Temp compute time = 0.021324, average compute time = 0.026482
[INFO] [1789205425.165930615]: Temp compute time = 0.024772, average compute time = 0.027015
[INFO] [1789205425.270645361]: Temp compute time = 0.024335, average compute time = 0.027517
[INFO] [1789205425.379690768]: Temp compute time = 0.038801, average compute time = 0.028688
[INFO] [1789205425.482297656]: Temp compute time = 0.042360, average compute time = 0.029185
[INFO] [1789205425.585867422]: Temp compute time = 0.043230, average compute time = 0.029667
[INFO] [1789205425.668700925]: Temp compute time = 0.022663, average compute time = 0.029609
[INFO] [1789205425.786496293]: Temp compute time = 0.037554, average compute time = 0.029653
[INFO] [1789205425.865570315]: Temp compute time = 0.018925, average compute time = 0.029706
[INF[INFO] [1789205418.912419934]: M2.5 evaluator writes /home/jjm/??????/????????????/code/??????/?????? VS ?????????/results/depth_cbf_m25/frames/A4_switch_front.csv; sole algorithm cloud input=/quad0_pcl_render_node/sensor_cloud; GT mode=A4_switch is evaluation-only.
terminate called after throwing an instance of 'boost::wrapexcept<boost::lock_error>'
  what():  boost: mutex lock failed in pthread_mutex_lock: Invalid argument
[INFO] [1789205419.423424223]: Published latched M2.5 map /home/jjm/??????/????????????/code/??????/?????? VS ?????????/src/coni_mpc/test_data/depth_cbf_m25/A4_switch.pcd with 18360 points
WARNING: Package name "cascadePID" does not follow the naming conventions. It should start with a lower case letter and only contain lower case letters, digits, underscores, and dashes.
[31m================================================================================REQUIRED process [depth_cbf_m25_trajectory-3] has died!
process has finished cleanly
log file: /home/jjm/.ros/log/cd794b1a-ade9-11f1-aae2-25bc297d88f9/depth_cbf_m25_trajectory-3*.log
Initiating shutdown!
================================================================================[0m
... logging to /home/jjm/.ros/log/cd794b1a-ade9-11f1-aae2-25bc297d88f9/roslaunch-jjm-237029.log
Checking log directory for disk usage. This may take a while.
Press Ctrl-C to interrupt
Done checking log file disk usage. Usage is <1GB.
]2;/home/jjm/桌面/论文修改/code/仿真/惯性 VS 非惯性/src/coni_mpc/launch/depth_cbf_m25.launch
[1mstarted roslaunch server http://jjm:42495/[0m

SUMMARY
========

PARAMETERS
 * /depth_cbf_m25_evaluator/car_odom_topic: /coni_mpc/car_odom
 * /depth_cbf_m25_evaluator/cloud_topic: /quad0_pcl_render...
 * /depth_cbf_m25_evaluator/debug_compare_world_cloud: True
 * /depth_cbf_m25_evaluator/debug_print_every_n_clouds: 20
 * /depth_cbf_m25_evaluator/debug_random_seed: 7
 * /depth_cbf_m25_evaluator/debug_sample_count: 3
 * /depth_cbf_m25_evaluator/debug_world_cloud_topic: /quad0_pcl_render...
 * /depth_cbf_m25_evaluator/extrinsics/rotation_BL: [1.0, 0.0, 0.0, 0...
 * /depth_cbf_m25_evaluator/extrinsics/translation_BL: [0.0, 0.0, 0.0]
 * /depth_cbf_m25_evaluator/filter/enable_ground_filter: False
 * /depth_cbf_m25_evaluator/filter/enable_voxel_filter: True
 * /depth_cbf_m25_evaluator/filter/ground_min_z_W: 0.1
 * /depth_cbf_m25_evaluator/filter/local_radius: 4.0
 * /depth_cbf_m25_evaluator/filter/max_range: 30.0
 * /depth_cbf_m25_evaluator/filter/min_range: 1.0
 * /depth_cbf_m25_evaluator/filter/voxel_leaf_size: 0.1
 * /depth_cbf_m25_evaluator/m25/gt_pcd: <...>
 * /depth_cbf_m25_evaluator/m25/max_pose_time_offset_sec: 0.025
 * /depth_cbf_m25_evaluator/m25/min_raylength: 1.0
 * /depth_cbf_m25_evaluator/m25/motion: front
 * /depth_cbf_m25_evaluator/m25/non_conservative_tolerance: 0.001
 * /depth_cbf_m25_evaluator/m25/result_root: <...>
 * /depth_cbf_m25_evaluator/m25/root_max_distance: 4.0
 * /depth_cbf_m25_evaluator/m25/root_samples: 160
 * /depth_cbf_m25_evaluator/m25/run_id: A4_switch_front
 * /depth_cbf_m25_evaluator/m25/scene: A4_switch
 * /depth_cbf_m25_evaluator/m25/vertical_fov_deg: 77.2
 * /depth_cbf_m25_evaluator/m25/yaw_fov_deg: 70.4
 * /depth_cbf_m25_evaluator/max_pose_time_offset_sec: 0.025
 * /depth_cbf_m25_evaluator/noninertial_frame_id: base_link
 * /depth_cbf_m25_evaluator/quad_odom_topic: /coni_mpc/quad_odom1
 * /depth_cbf_m25_evaluator/query_mesh/half_width_steps: 2
 * /depth_cbf_m25_evaluator/query_mesh/nearest_neighbor_max_distance: 3.47
 * /depth_cbf_m25_evaluator/query_mesh/spacing: 0.15
 * /depth_cbf_m25_evaluator/regression/local_cloud_topic: /depth_cbf_cloud_...
 * /depth_cbf_m25_evaluator/regression/log_every_n_fits: 20
 * /depth_cbf_m25_evaluator/regression/max_abs_error: 0.75
 * /depth_cbf_m25_evaluator/regression/max_condition_number: 1.0e8
 * /depth_cbf_m25_evaluator/regression/max_rmse: 0.25
 * /depth_cbf_m25_evaluator/regression/query_center_topic: /depth_cbf_cloud_...
 * /depth_cbf_m25_evaluator/regression/relative_rank_tolerance: 1e-10
 * /depth_cbf_m25_evaluator/regression/subscriber_queue_size: 5
 * /depth_cbf_m25_evaluator/regression/sync_queue_size: 10
 * /depth_cbf_m25_evaluator/safety/d_safe: 0.15
 * /depth_cbf_m25_evaluator/safety/delta_surface: 0.0
 * /depth_cbf_m25_evaluator/safety/r_uav: 0.15
 * /depth_cbf_m25_evaluator/subscriber_queue_size: 20
 * /depth_cbf_m25_evaluator/sync_queue_size: 40
 * /depth_cbf_m25_evaluator/sync_slop_sec: 0.025
 * /depth_cbf_m25_evaluator/world_frame_id: map
 * /depth_cbf_m25_map_pub/map_name: <...>
 * /depth_cbf_m25_trajectory/duration_sec: 5.0
 * /depth_cbf_m25_trajectory/motion: front
 * /depth_cbf_m25_trajectory/scene: A4_switch
 * /depth_cbf_m25_trajectory/warmup_sec: 2.0
 * /depth_cbf_m25_trajectory/yaw_offset_deg: 0.0
 * /quad0_pcl_render_node/collision_range: 0.3
 * /quad0_pcl_render_node/collisioncheck_enable: 0
 * /quad0_pcl_render_node/curvature_limit: 100.0
 * /quad0_pcl_render_node/downsample_res: 0.1
 * /quad0_pcl_render_node/drone_id: 0
 * /quad0_pcl_render_node/dyn_mode: 0
 * /quad0_pcl_render_node/dyn_velocity: 0.0
 * /quad0_pcl_render_node/dynobj_enable: 0
 * /quad0_pcl_render_node/dynobject_num: 0
 * /quad0_pcl_render_node/dynobject_size: 0.8
 * /quad0_pcl_render_node/estimation_rate: 10.0
 * /quad0_pcl_render_node/hash_cubesize: 5.0
 * /quad0_pcl_render_node/is_360lidar: 0
 * /quad0_pcl_render_node/livox_linestep: 1.4
 * /quad0_pcl_render_node/min_raylength: 1.0
 * /quad0_pcl_render_node/output_pcd: 0
 * /quad0_pcl_render_node/polar_resolution: 0.2
 * /quad0_pcl_render_node/quadrotor_name: m25_quad0
 * /quad0_pcl_render_node/sensing_horizon: 30.0
 * /quad0_pcl_render_node/sensing_rate: 10.0
 * /quad0_pcl_render_node/uav_num: 1
 * /quad0_pcl_render_node/use_avia_pattern: 1
 * /quad0_pcl_render_node/use_minicf_pattern: 0
 * /quad0_pcl_render_node/use_uav_extra_model: 0
 * /quad0_pcl_render_node/use_vlp32_pattern: 0
 * /quad0_pcl_render_node/vertical_fov: 77.2
 * /quad0_pcl_render_node/yaw_fov: 70.4
 * /rosdistro: noetic
 * /rosversion: 1.17.4

NODES
  /
    depth_cbf_m25_evaluator (coni_mpc/depth_cbf_m25_evaluation_node)
    depth_cbf_m25_map_pub (coni_mpc/depth_cbf_m25_map_publisher_node)
    depth_cbf_m25_trajectory (coni_mpc/depth_cbf_m25_trajectory_node)
    quad0_pcl_render_node (local_sensing_node/pcl_render_node)

[1mROS_MASTER_URI=http://localhost:11311[0m
]2;/home/jjm/桌面/论文修改/code/仿真/惯性 VS 非惯性/src/coni_mpc/launch/depth_cbf_m25.launch http://localhost:11311
[1mprocess[depth_cbf_m25_map_pub-1]: started with pid [237070][0m
[1mprocess[quad0_pcl_render_node-2]: started with pid [237071][0m
[1mprocess[depth_cbf_m25_trajectory-3]: started with pid [237072][0m
[1mprocess[depth_cbf_m25_evaluator-4]: started with pid [237078][0m
[depth_cbf_m25_evaluator-4] killing on exit
[depth_cbf_m25_trajectory-3] killing on exit
[quad0_pcl_render_node-2] killing on exit
[depth_cbf_m25_map_pub-1] killing on exit
shutting down processing monitor...
... shutting down processing monitor complete
[1mdone[0m
