[INFO] [1789205444.842136809]: drone_drawpoints_num = 4,4,2, Uav points num = 32

Found pkg_path = /home/jjm/桌面/小样本学习的去中心集群协同跟踪/marsim_ws/src/MARSIM/local_sensing/data/m25_quad0_time_consumption.txt

Found pkg_path = /home/jjm/桌面/小样本学习的去中心集群协同跟踪/marsim_ws/src/MARSIM/local_sensing/data/m25_quad0_collision_check_time_consumption.txt
[WARN] [1789205445.341443816]: Global Pointcloud received..
[WARN] [1789205445.365879008]: Normal compute finished.., mapsize = 4756
[INFO] [1789205447.490719190]: Temp compute time = 0.036792, average compute time = 0.026336
[INFO] [1789205447.588095886]: Temp compute time = 0.037028, average compute time = 0.027202
[INFO] [1789205447.683392936]: Temp compute time = 0.034939, average compute time = 0.027253
[INFO] [1789205447.789088923]: Temp compute time = 0.035354, average compute time = 0.027370
[INFO] [1789205447.883615263]: Temp compute time = 0.034198, average compute time = 0.027330
[INFO] [1789205447.989599775]: Temp compute time = 0.035561, average compute time = 0.028616
[INFO] [1789205448.069619083]: Temp compute time = 0.019647, average compute time = 0.027871
[INFO] [1789205448.180398149]: Temp compute time = 0.030415, average compute time = 0.028725
[INFO] [1789205448.274117433]: Temp compute time = 0.023245, average compute time = 0.029366
[INFO] [1789205448.363400595]: Temp compute time = 0.018724, average compute time = 0.029724
[INFO] [1789205448.485728709]: Temp compute time = 0.041051, average compute time = 0.030637
[INFO] [1789205448.584087394]: Temp compute time = 0.037850, average compute time = 0.030715
[INFO] [1789205448.679157029]: Temp compute time = 0.034620, average compute time = 0.031698
[INFO] [1789205448.785085193]: Temp compute time = 0.035515, average compute time = 0.031881
[INFO] [1789205448.872678184]: Temp compute time = 0.027263, average compute time = 0.031574
[INFO] [1789205448.985831944]: Temp compute time = 0.032907, average compute time = 0.031431
[INFO] [1789205449.077667073]: Temp compute time = 0.031485, average compute time = 0.031216
[INFO] [1789205449.178252886]: Temp compute time = 0.030208, average compute time = 0.030981
[INFO] [1789205449.264434519]: Temp compute time = 0.015745, average compute time = 0.030935
[INFO] [1789205449.378595257]: Temp compute time = 0.029903, average compute time = 0.031389
[INFO] [1789205449.481548809]: Temp compute time = 0.032619, average compute time = 0.031194
[INFO] [1789205449.581932982]: Temp compute time = 0.029989, average compute time = 0.030870
[INFO] [1789205449.669574908]: Temp compute time = 0.017190, average compute time = 0.029925
[INFO] [1789205449.768115689]: Temp compute time = 0.015772, average compute time = 0.029012
[INFO] [1789205449.887861445]: Temp compute time = 0.035490, average compute time = 0.029019
[INFO] [1789205449.979857607]: Temp compute time = 0.031590, average compute time = 0.028895
[INFO] [1789205450.082468043]: Temp compute time = 0.032129, average compute time = 0.028731
[INFO] [1789205450.169300083]: Temp compute time = 0.016320, average compute time = 0.028573
[INFO] [1789205450.269599005]: Temp compute time = 0.016754, average compute time = 0.027922
[INFO] [1789205450.377759695]: Temp compute time = 0.024816, average compute time = 0.027997
[INFO] [1789205450.480503773]: Temp compute time = 0.032410, average compute time = 0.028649
[INFO] [1789205450.572437075]: Temp compute time = 0.021527, average compute time = 0.027719
[INFO] [1789205450.678736585]: Temp compute time = 0.026008, average compute time = 0.027155
[INFO] [1789205450.778219016]: Temp compute time = 0.029163, average compute time = 0.026895
[INFO] [1789205450.874521285]: Temp compute time = 0.025823, average compute time = 0.026434
[INFO] [1789205450.965229804]: Temp compute time = 0.020310, average compute time = 0.026103
[INFO] [1789205451.065803407]: Temp compute time = 0.020217, average compute time = 0.025498
[INFO] [1789205451.158166997]: Temp compute time = 0.012078, average compute time = 0.024574
[INFO] [1789205451.267974056]: Temp compute time = 0.021778, average compute time = 0.024173
[INFO] [1789205451.382402433]: Temp compute time = 0.033937, average compute time = 0.025039
[INFO] [1789205451.488204191]: Temp compute time = 0.035277, average compute time = 0.025295
[INFO] [1789205451.577661999]: Temp compute time = 0.029064, average compute time = 0.025126
[INFO] [1789205451.684233007]: Temp compute time = 0.035910, average compute time = 0.025408
[INFO] [1789205451.783471895]: Temp compute time = 0.038767, average compute time = 0.026435
[INF[INFO] [1789205445.330461852]: Published latched M2.5 map /home/jjm/??????/????????????/code/??????/?????? VS ?????????/src/coni_mpc/test_data/depth_cbf_m25/A4_switch.pcd with 18360 points
[INFO] [1789205444.822640052]: M2.5 evaluator writes /home/jjm/??????/????????????/code/??????/?????? VS ?????????/results/depth_cbf_m25/frames/A4_switch_switching.csv; sole algorithm cloud input=/quad0_pcl_render_node/sensor_cloud; GT mode=A4_switch is evaluation-only.
terminate called after throwing an instance of 'boost::wrapexcept<boost::lock_error>'
  what():  boost: mutex lock failed in pthread_mutex_lock: Invalid argument
WARNING: Package name "cascadePID" does not follow the naming conventions. It should start with a lower case letter and only contain lower case letters, digits, underscores, and dashes.
[31m================================================================================REQUIRED process [depth_cbf_m25_trajectory-3] has died!
process has finished cleanly
log file: /home/jjm/.ros/log/cd794b1a-ade9-11f1-aae2-25bc297d88f9/depth_cbf_m25_trajectory-3*.log
Initiating shutdown!
================================================================================[0m
... logging to /home/jjm/.ros/log/cd794b1a-ade9-11f1-aae2-25bc297d88f9/roslaunch-jjm-237474.log
Checking log directory for disk usage. This may take a while.
Press Ctrl-C to interrupt
Done checking log file disk usage. Usage is <1GB.
]2;/home/jjm/桌面/论文修改/code/仿真/惯性 VS 非惯性/src/coni_mpc/launch/depth_cbf_m25.launch
[1mstarted roslaunch server http://jjm:43121/[0m

SUMMARY
========

PARAMETERS
 * /depth_cbf_m25_evaluator/car_odom_topic: /coni_mpc/car_odom
 * /depth_cbf_m25_evaluator/cloud_topic: /quad0_pcl_render...
 * /depth_cbf_m25_evaluator/debug_compare_world_cloud: True
 * /depth_cbf_m25_evaluator/debug_print_every_n_clouds: 20
 * /depth_cbf_m25_evaluator/debug_random_seed: 7
 * /depth_cbf_m25_evaluator/debug_sample_count: 3
 * /depth_cbf_m25_evaluator/debug_world_cloud_topic: /quad0_pcl_render...
 * /depth_cbf_m25_evaluator/extrinsics/rotation_BL: [1.0, 0.0, 0.0, 0...
 * /depth_cbf_m25_evaluator/extrinsics/translation_BL: [0.0, 0.0, 0.0]
 * /depth_cbf_m25_evaluator/filter/enable_ground_filter: False
 * /depth_cbf_m25_evaluator/filter/enable_voxel_filter: True
 * /depth_cbf_m25_evaluator/filter/ground_min_z_W: 0.1
 * /depth_cbf_m25_evaluator/filter/local_radius: 4.0
 * /depth_cbf_m25_evaluator/filter/max_range: 30.0
 * /depth_cbf_m25_evaluator/filter/min_range: 1.0
 * /depth_cbf_m25_evaluator/filter/voxel_leaf_size: 0.1
 * /depth_cbf_m25_evaluator/m25/gt_pcd: <...>
 * /depth_cbf_m25_evaluator/m25/max_pose_time_offset_sec: 0.025
 * /depth_cbf_m25_evaluator/m25/min_raylength: 1.0
 * /depth_cbf_m25_evaluator/m25/motion: switching
 * /depth_cbf_m25_evaluator/m25/non_conservative_tolerance: 0.001
 * /depth_cbf_m25_evaluator/m25/result_root: <...>
 * /depth_cbf_m25_evaluator/m25/root_max_distance: 4.0
 * /depth_cbf_m25_evaluator/m25/root_samples: 160
 * /depth_cbf_m25_evaluator/m25/run_id: A4_switch_switching
 * /depth_cbf_m25_evaluator/m25/scene: A4_switch
 * /depth_cbf_m25_evaluator/m25/vertical_fov_deg: 77.2
 * /depth_cbf_m25_evaluator/m25/yaw_fov_deg: 70.4
 * /depth_cbf_m25_evaluator/max_pose_time_offset_sec: 0.025
 * /depth_cbf_m25_evaluator/noninertial_frame_id: base_link
 * /depth_cbf_m25_evaluator/quad_odom_topic: /coni_mpc/quad_odom1
 * /depth_cbf_m25_evaluator/query_mesh/half_width_steps: 2
 * /depth_cbf_m25_evaluator/query_mesh/nearest_neighbor_max_distance: 3.47
 * /depth_cbf_m25_evaluator/query_mesh/spacing: 0.15
 * /depth_cbf_m25_evaluator/regression/local_cloud_topic: /depth_cbf_cloud_...
 * /depth_cbf_m25_evaluator/regression/log_every_n_fits: 20
 * /depth_cbf_m25_evaluator/regression/max_abs_error: 0.75
 * /depth_cbf_m25_evaluator/regression/max_condition_number: 1.0e8
 * /depth_cbf_m25_evaluator/regression/max_rmse: 0.25
 * /depth_cbf_m25_evaluator/regression/query_center_topic: /depth_cbf_cloud_...
 * /depth_cbf_m25_evaluator/regression/relative_rank_tolerance: 1e-10
 * /depth_cbf_m25_evaluator/regression/subscriber_queue_size: 5
 * /depth_cbf_m25_evaluator/regression/sync_queue_size: 10
 * /depth_cbf_m25_evaluator/safety/d_safe: 0.15
 * /depth_cbf_m25_evaluator/safety/delta_surface: 0.0
 * /depth_cbf_m25_evaluator/safety/r_uav: 0.15
 * /depth_cbf_m25_evaluator/subscriber_queue_size: 20
 * /depth_cbf_m25_evaluator/sync_queue_size: 40
 * /depth_cbf_m25_evaluator/sync_slop_sec: 0.025
 * /depth_cbf_m25_evaluator/world_frame_id: map
 * /depth_cbf_m25_map_pub/map_name: <...>
 * /depth_cbf_m25_trajectory/duration_sec: 5.0
 * /depth_cbf_m25_trajectory/motion: switching
 * /depth_cbf_m25_trajectory/scene: A4_switch
 * /depth_cbf_m25_trajectory/warmup_sec: 2.0
 * /depth_cbf_m25_trajectory/yaw_offset_deg: 0.0
 * /quad0_pcl_render_node/collision_range: 0.3
 * /quad0_pcl_render_node/collisioncheck_enable: 0
 * /quad0_pcl_render_node/curvature_limit: 100.0
 * /quad0_pcl_render_node/downsample_res: 0.1
 * /quad0_pcl_render_node/drone_id: 0
 * /quad0_pcl_render_node/dyn_mode: 0
 * /quad0_pcl_render_node/dyn_velocity: 0.0
 * /quad0_pcl_render_node/dynobj_enable: 0
 * /quad0_pcl_render_node/dynobject_num: 0
 * /quad0_pcl_render_node/dynobject_size: 0.8
 * /quad0_pcl_render_node/estimation_rate: 10.0
 * /quad0_pcl_render_node/hash_cubesize: 5.0
 * /quad0_pcl_render_node/is_360lidar: 0
 * /quad0_pcl_render_node/livox_linestep: 1.4
 * /quad0_pcl_render_node/min_raylength: 1.0
 * /quad0_pcl_render_node/output_pcd: 0
 * /quad0_pcl_render_node/polar_resolution: 0.2
 * /quad0_pcl_render_node/quadrotor_name: m25_quad0
 * /quad0_pcl_render_node/sensing_horizon: 30.0
 * /quad0_pcl_render_node/sensing_rate: 10.0
 * /quad0_pcl_render_node/uav_num: 1
 * /quad0_pcl_render_node/use_avia_pattern: 1
 * /quad0_pcl_render_node/use_minicf_pattern: 0
 * /quad0_pcl_render_node/use_uav_extra_model: 0
 * /quad0_pcl_render_node/use_vlp32_pattern: 0
 * /quad0_pcl_render_node/vertical_fov: 77.2
 * /quad0_pcl_render_node/yaw_fov: 70.4
 * /rosdistro: noetic
 * /rosversion: 1.17.4

NODES
  /
    depth_cbf_m25_evaluator (coni_mpc/depth_cbf_m25_evaluation_node)
    depth_cbf_m25_map_pub (coni_mpc/depth_cbf_m25_map_publisher_node)
    depth_cbf_m25_trajectory (coni_mpc/depth_cbf_m25_trajectory_node)
    quad0_pcl_render_node (local_sensing_node/pcl_render_node)

[1mROS_MASTER_URI=http://localhost:11311[0m
]2;/home/jjm/桌面/论文修改/code/仿真/惯性 VS 非惯性/src/coni_mpc/launch/depth_cbf_m25.launch http://localhost:11311
[1mprocess[depth_cbf_m25_map_pub-1]: started with pid [237515][0m
[1mprocess[quad0_pcl_render_node-2]: started with pid [237516][0m
[1mprocess[depth_cbf_m25_trajectory-3]: started with pid [237517][0m
[1mprocess[depth_cbf_m25_evaluator-4]: started with pid [237523][0m
[depth_cbf_m25_evaluator-4] killing on exit
[depth_cbf_m25_trajectory-3] killing on exit
[quad0_pcl_render_node-2] killing on exit
[depth_cbf_m25_map_pub-1] killing on exit
shutting down processing monitor...
... shutting down processing monitor complete
[1mdone[0m
