[INFO] [1789205427.525196969]: drone_drawpoints_num = 4,4,2, Uav points num = 32

Found pkg_path = /home/jjm/桌面/小样本学习的去中心集群协同跟踪/marsim_ws/src/MARSIM/local_sensing/data/m25_quad0_time_consumption.txt

Found pkg_path = /home/jjm/桌面/小样本学习的去中心集群协同跟踪/marsim_ws/src/MARSIM/local_sensing/data/m25_quad0_collision_check_time_consumption.txt
[WARN] [1789205428.024509214]: Global Pointcloud received..
[WARN] [1789205428.038894561]: Normal compute finished.., mapsize = 4756
[INFO] [1789205430.153905360]: Temp compute time = 0.016886, average compute time = 0.024904
[INFO] [1789205430.275607360]: Temp compute time = 0.038565, average compute time = 0.025941
[INFO] [1789205430.375902792]: Temp compute time = 0.040020, average compute time = 0.027111
[INFO] [1789205430.481970913]: Temp compute time = 0.045732, average compute time = 0.028268
[INFO] [1789205430.573875986]: Temp compute time = 0.041586, average compute time = 0.028696
[INFO] [1789205430.674111077]: Temp compute time = 0.039847, average compute time = 0.028953
[INFO] [1789205430.774128038]: Temp compute time = 0.039724, average compute time = 0.030075
[INFO] [1789205430.868898745]: Temp compute time = 0.034514, average compute time = 0.030367
[INFO] [1789205430.965088746]: Temp compute time = 0.035948, average compute time = 0.031313
[INFO] [1789205431.060405751]: Temp compute time = 0.024920, average compute time = 0.030796
[INFO] [1789205431.150467584]: Temp compute time = 0.019733, average compute time = 0.030063
[INFO] [1789205431.254746150]: Temp compute time = 0.023999, average compute time = 0.030750
[INFO] [1789205431.370734548]: Temp compute time = 0.035590, average compute time = 0.031871
[INFO] [1789205431.447173593]: Temp compute time = 0.016038, average compute time = 0.031692
[INFO] [1789205431.567548663]: Temp compute time = 0.036342, average compute time = 0.032050
[INFO] [1789205431.664949633]: Temp compute time = 0.037098, average compute time = 0.033015
[INFO] [1789205431.767122683]: Temp compute time = 0.031708, average compute time = 0.033679
[INFO] [1789205431.857212241]: Temp compute time = 0.029588, average compute time = 0.033174
[INFO] [1789205431.957373902]: Temp compute time = 0.029603, average compute time = 0.032900
[INFO] [1789205432.042929350]: Temp compute time = 0.015166, average compute time = 0.031852
[INFO] [1789205432.136295165]: Temp compute time = 0.008551, average compute time = 0.030531
[INFO] [1789205432.237101970]: Temp compute time = 0.009356, average compute time = 0.030173
[INFO] [1789205432.345322990]: Temp compute time = 0.017546, average compute time = 0.029172
[INFO] [1789205432.465779684]: Temp compute time = 0.037902, average compute time = 0.029071
[INFO] [1789205432.571833048]: Temp compute time = 0.035704, average compute time = 0.028593
[INFO] [1789205432.670253815]: Temp compute time = 0.038054, average compute time = 0.028425
[INFO] [1789205432.765402677]: Temp compute time = 0.034840, average compute time = 0.028187
[INFO] [1789205432.872153167]: Temp compute time = 0.036330, average compute time = 0.028025
[INFO] [1789205432.957536467]: Temp compute time = 0.024852, average compute time = 0.027565
[INFO] [1789205433.067355762]: Temp compute time = 0.039505, average compute time = 0.027735
[INFO] [1789205433.139464681]: Temp compute time = 0.011774, average compute time = 0.027109
[INFO] [1789205433.253768422]: Temp compute time = 0.025980, average compute time = 0.027406
[INFO] [1789205433.353863979]: Temp compute time = 0.019741, average compute time = 0.027203
[INFO] [1789205433.461422266]: Temp compute time = 0.027207, average compute time = 0.026804
[INFO] [1789205433.571785252]: Temp compute time = 0.039973, average compute time = 0.027944
[INFO] [1789205433.672583713]: Temp compute time = 0.040401, average compute time = 0.028137
[INFO] [1789205433.765358472]: Temp compute time = 0.032383, average compute time = 0.027913
[INFO] [1789205433.869239707]: Temp compute time = 0.033462, average compute time = 0.027996
[INFO] [1789205433.955479080]: Temp compute time = 0.025928, average compute time = 0.027822
[INFO] [1789205434.074224106]: Temp compute time = 0.038266, average compute time = 0.028234
[INFO] [1789205434.165665296]: Temp compute time = 0.031191, average compute time = 0.028997
[INFO] [1789205434.261218909]: Temp compute time = 0.025203, average compute time = 0.029790
[INFO] [1789205434.351049165]: Temp compute time = 0.019352, average compute time = 0.030266
[INFO] [1789205434.455654001]: Temp compute time = 0.023795, average compute time = 0.030564
[INF[INFO] [1789205428.013148217]: Published latched M2.5 map /home/jjm/??????/????????????/code/??????/?????? VS ?????????/src/coni_mpc/test_data/depth_cbf_m25/A4_switch.pcd with 18360 points
[INFO] [1789205427.501753545]: M2.5 evaluator writes /home/jjm/??????/????????????/code/??????/?????? VS ?????????/results/depth_cbf_m25/frames/A4_switch_parallel.csv; sole algorithm cloud input=/quad0_pcl_render_node/sensor_cloud; GT mode=A4_switch is evaluation-only.
terminate called after throwing an instance of 'boost::wrapexcept<boost::lock_error>'
  what():  boost: mutex lock failed in pthread_mutex_lock: Invalid argument
WARNING: Package name "cascadePID" does not follow the naming conventions. It should start with a lower case letter and only contain lower case letters, digits, underscores, and dashes.
[31m================================================================================REQUIRED process [depth_cbf_m25_trajectory-3] has died!
process has finished cleanly
log file: /home/jjm/.ros/log/cd794b1a-ade9-11f1-aae2-25bc297d88f9/depth_cbf_m25_trajectory-3*.log
Initiating shutdown!
================================================================================[0m
... logging to /home/jjm/.ros/log/cd794b1a-ade9-11f1-aae2-25bc297d88f9/roslaunch-jjm-237169.log
Checking log directory for disk usage. This may take a while.
Press Ctrl-C to interrupt
Done checking log file disk usage. Usage is <1GB.
]2;/home/jjm/桌面/论文修改/code/仿真/惯性 VS 非惯性/src/coni_mpc/launch/depth_cbf_m25.launch
[1mstarted roslaunch server http://jjm:45205/[0m

SUMMARY
========

PARAMETERS
 * /depth_cbf_m25_evaluator/car_odom_topic: /coni_mpc/car_odom
 * /depth_cbf_m25_evaluator/cloud_topic: /quad0_pcl_render...
 * /depth_cbf_m25_evaluator/debug_compare_world_cloud: True
 * /depth_cbf_m25_evaluator/debug_print_every_n_clouds: 20
 * /depth_cbf_m25_evaluator/debug_random_seed: 7
 * /depth_cbf_m25_evaluator/debug_sample_count: 3
 * /depth_cbf_m25_evaluator/debug_world_cloud_topic: /quad0_pcl_render...
 * /depth_cbf_m25_evaluator/extrinsics/rotation_BL: [1.0, 0.0, 0.0, 0...
 * /depth_cbf_m25_evaluator/extrinsics/translation_BL: [0.0, 0.0, 0.0]
 * /depth_cbf_m25_evaluator/filter/enable_ground_filter: False
 * /depth_cbf_m25_evaluator/filter/enable_voxel_filter: True
 * /depth_cbf_m25_evaluator/filter/ground_min_z_W: 0.1
 * /depth_cbf_m25_evaluator/filter/local_radius: 4.0
 * /depth_cbf_m25_evaluator/filter/max_range: 30.0
 * /depth_cbf_m25_evaluator/filter/min_range: 1.0
 * /depth_cbf_m25_evaluator/filter/voxel_leaf_size: 0.1
 * /depth_cbf_m25_evaluator/m25/gt_pcd: <...>
 * /depth_cbf_m25_evaluator/m25/max_pose_time_offset_sec: 0.025
 * /depth_cbf_m25_evaluator/m25/min_raylength: 1.0
 * /depth_cbf_m25_evaluator/m25/motion: parallel
 * /depth_cbf_m25_evaluator/m25/non_conservative_tolerance: 0.001
 * /depth_cbf_m25_evaluator/m25/result_root: <...>
 * /depth_cbf_m25_evaluator/m25/root_max_distance: 4.0
 * /depth_cbf_m25_evaluator/m25/root_samples: 160
 * /depth_cbf_m25_evaluator/m25/run_id: A4_switch_parallel
 * /depth_cbf_m25_evaluator/m25/scene: A4_switch
 * /depth_cbf_m25_evaluator/m25/vertical_fov_deg: 77.2
 * /depth_cbf_m25_evaluator/m25/yaw_fov_deg: 70.4
 * /depth_cbf_m25_evaluator/max_pose_time_offset_sec: 0.025
 * /depth_cbf_m25_evaluator/noninertial_frame_id: base_link
 * /depth_cbf_m25_evaluator/quad_odom_topic: /coni_mpc/quad_odom1
 * /depth_cbf_m25_evaluator/query_mesh/half_width_steps: 2
 * /depth_cbf_m25_evaluator/query_mesh/nearest_neighbor_max_distance: 3.47
 * /depth_cbf_m25_evaluator/query_mesh/spacing: 0.15
 * /depth_cbf_m25_evaluator/regression/local_cloud_topic: /depth_cbf_cloud_...
 * /depth_cbf_m25_evaluator/regression/log_every_n_fits: 20
 * /depth_cbf_m25_evaluator/regression/max_abs_error: 0.75
 * /depth_cbf_m25_evaluator/regression/max_condition_number: 1.0e8
 * /depth_cbf_m25_evaluator/regression/max_rmse: 0.25
 * /depth_cbf_m25_evaluator/regression/query_center_topic: /depth_cbf_cloud_...
 * /depth_cbf_m25_evaluator/regression/relative_rank_tolerance: 1e-10
 * /depth_cbf_m25_evaluator/regression/subscriber_queue_size: 5
 * /depth_cbf_m25_evaluator/regression/sync_queue_size: 10
 * /depth_cbf_m25_evaluator/safety/d_safe: 0.15
 * /depth_cbf_m25_evaluator/safety/delta_surface: 0.0
 * /depth_cbf_m25_evaluator/safety/r_uav: 0.15
 * /depth_cbf_m25_evaluator/subscriber_queue_size: 20
 * /depth_cbf_m25_evaluator/sync_queue_size: 40
 * /depth_cbf_m25_evaluator/sync_slop_sec: 0.025
 * /depth_cbf_m25_evaluator/world_frame_id: map
 * /depth_cbf_m25_map_pub/map_name: <...>
 * /depth_cbf_m25_trajectory/duration_sec: 5.0
 * /depth_cbf_m25_trajectory/motion: parallel
 * /depth_cbf_m25_trajectory/scene: A4_switch
 * /depth_cbf_m25_trajectory/warmup_sec: 2.0
 * /depth_cbf_m25_trajectory/yaw_offset_deg: 0.0
 * /quad0_pcl_render_node/collision_range: 0.3
 * /quad0_pcl_render_node/collisioncheck_enable: 0
 * /quad0_pcl_render_node/curvature_limit: 100.0
 * /quad0_pcl_render_node/downsample_res: 0.1
 * /quad0_pcl_render_node/drone_id: 0
 * /quad0_pcl_render_node/dyn_mode: 0
 * /quad0_pcl_render_node/dyn_velocity: 0.0
 * /quad0_pcl_render_node/dynobj_enable: 0
 * /quad0_pcl_render_node/dynobject_num: 0
 * /quad0_pcl_render_node/dynobject_size: 0.8
 * /quad0_pcl_render_node/estimation_rate: 10.0
 * /quad0_pcl_render_node/hash_cubesize: 5.0
 * /quad0_pcl_render_node/is_360lidar: 0
 * /quad0_pcl_render_node/livox_linestep: 1.4
 * /quad0_pcl_render_node/min_raylength: 1.0
 * /quad0_pcl_render_node/output_pcd: 0
 * /quad0_pcl_render_node/polar_resolution: 0.2
 * /quad0_pcl_render_node/quadrotor_name: m25_quad0
 * /quad0_pcl_render_node/sensing_horizon: 30.0
 * /quad0_pcl_render_node/sensing_rate: 10.0
 * /quad0_pcl_render_node/uav_num: 1
 * /quad0_pcl_render_node/use_avia_pattern: 1
 * /quad0_pcl_render_node/use_minicf_pattern: 0
 * /quad0_pcl_render_node/use_uav_extra_model: 0
 * /quad0_pcl_render_node/use_vlp32_pattern: 0
 * /quad0_pcl_render_node/vertical_fov: 77.2
 * /quad0_pcl_render_node/yaw_fov: 70.4
 * /rosdistro: noetic
 * /rosversion: 1.17.4

NODES
  /
    depth_cbf_m25_evaluator (coni_mpc/depth_cbf_m25_evaluation_node)
    depth_cbf_m25_map_pub (coni_mpc/depth_cbf_m25_map_publisher_node)
    depth_cbf_m25_trajectory (coni_mpc/depth_cbf_m25_trajectory_node)
    quad0_pcl_render_node (local_sensing_node/pcl_render_node)

[1mROS_MASTER_URI=http://localhost:11311[0m
]2;/home/jjm/桌面/论文修改/code/仿真/惯性 VS 非惯性/src/coni_mpc/launch/depth_cbf_m25.launch http://localhost:11311
[1mprocess[depth_cbf_m25_map_pub-1]: started with pid [237210][0m
[1mprocess[quad0_pcl_render_node-2]: started with pid [237211][0m
[1mprocess[depth_cbf_m25_trajectory-3]: started with pid [237212][0m
[1mprocess[depth_cbf_m25_evaluator-4]: started with pid [237218][0m
[depth_cbf_m25_evaluator-4] killing on exit
[depth_cbf_m25_trajectory-3] killing on exit
[quad0_pcl_render_node-2] killing on exit
[depth_cbf_m25_map_pub-1] killing on exit
shutting down processing monitor...
... shutting down processing monitor complete
[1mdone[0m
